
> progress-tracker@0.0.0 test
> vitest


[1m[46m RUN [49m[22m [36mv4.0.8 [39m[90m/Users/andrewspruce/Code/progress-tracker[39m

[90mstdout[2m | backend/src/tests/portfolios.test.js[2m > [22m[2mPortfolio Management API Tests
[22m[39m✅ Cleaned up user roles

[90mstdout[2m | backend/src/tests/portfolios.test.js[2m > [22m[2mPortfolio Management API Tests
[22m[39m✅ Cleaned up user roles

[90mstdout[2m | backend/src/tests/metric-periods.test.js[2m > [22m[2mMetric Periods API Tests
[22m[39m✅ Cleaned up user roles

[90mstdout[2m | backend/src/tests/consistency-report.test.js[2m > [22m[2mConsistency Report API Tests
[22m[39m✅ Cleaned up user roles

[90mstdout[2m | backend/src/tests/consistency-report.test.js[2m > [22m[2mConsistency Report API Tests
[22m[39m✅ Cleaned up user roles

[90mstdout[2m | backend/src/tests/page-analytics.test.js[2m > [22m[2mPage Analytics and Heatmap Tests
[22m[39m✅ Cleaned up user roles

[90mstdout[2m | backend/src/tests/metric-periods.test.js[2m > [22m[2mMetric Periods API Tests
[22m[39m✅ Cleaned up user roles

[90mstdout[2m | backend/src/tests/metrics.test.js[2m > [22m[2mMetrics API Tests
[22m[39m✅ Cleaned up user roles

[90mstdout[2m | backend/src/tests/metrics.test.js[2m > [22m[2mMetrics API Tests
[22m[39m✅ Cleaned up user roles

[90mstdout[2m | backend/src/tests/metrics.test.js[2m > [22m[2mMetrics API Tests
[22m[39m✅ Created project_links table

[90mstdout[2m | backend/src/tests/metrics.test.js[2m > [22m[2mMetrics API Tests
[22m[39m✅ Created portfolios table

[90mstdout[2m | backend/src/tests/metrics.test.js[2m > [22m[2mMetrics API Tests
[22m[39m✅ Added tolerance columns to metrics table

[90mstdout[2m | backend/src/tests/portfolios.test.js[2m > [22m[2mPortfolio Management API Tests
[22m[39m✅ Created project_links table

[90mstdout[2m | backend/src/tests/feedback.test.js[2m > [22m[2mFeedback API Tests
[22m[39m✅ Cleaned up user roles

[90mstdout[2m | backend/src/tests/metrics.test.js[2m > [22m[2mMetrics API Tests
[22m[39m✅ Added metric_type column to metrics table

[90mstdout[2m | backend/src/tests/page-analytics.test.js[2m > [22m[2mPage Analytics and Heatmap Tests
[22m[39m✅ Cleaned up user roles

[90mstdout[2m | backend/src/tests/portfolios.test.js[2m > [22m[2mPortfolio Management API Tests
[22m[39m✅ Added tolerance columns to metrics table

[90mstdout[2m | backend/src/tests/metrics.test.js[2m > [22m[2mMetrics API Tests
[22m[39m✅ Created feedback table

[90mstdout[2m | backend/src/tests/metrics.test.js[2m > [22m[2mMetrics API Tests
[22m[39m✅ Added display_order column to metrics table

[90mstdout[2m | backend/src/tests/metrics.test.js[2m > [22m[2mMetrics API Tests
[22m[39m✅ Created page_views table

[90mstdout[2m | backend/src/tests/metrics.test.js[2m > [22m[2mMetrics API Tests
[22m[39m✅ Added commentary column to metric_periods table

[90mstdout[2m | backend/src/tests/metrics.test.js[2m > [22m[2mMetrics API Tests
[22m[39m✅ Created project_links table

[90mstdout[2m | backend/src/tests/metrics.test.js[2m > [22m[2mMetrics API Tests
[22m[39m✅ Created recovery_plans table

[90mstdout[2m | backend/src/tests/metrics.test.js[2m > [22m[2mMetrics API Tests
[22m[39m✅ Created spaces table

[90mstdout[2m | backend/src/tests/metrics.test.js[2m > [22m[2mMetrics API Tests
[22m[39m✅ Added date columns to projects table

[90mstdout[2m | backend/src/tests/metrics.test.js[2m > [22m[2mMetrics API Tests
[22m[39m✅ Created index for space_id in portfolios

[90mstdout[2m | backend/src/tests/metrics.test.js[2m > [22m[2mMetrics API Tests
[22m[39m✅ Created portfolios table

[90mstdout[2m | backend/src/tests/metrics.test.js[2m > [22m[2mMetrics API Tests
[22m[39m✅ Added portfolio_id column to projects table

[90mstdout[2m | backend/src/tests/metrics.test.js[2m > [22m[2mMetrics API Tests
[22m[39m✅ Created project_dependencies table

[90mstdout[2m | backend/src/tests/metrics.test.js[2m > [22m[2mMetrics API Tests
[22m[39m✅ Added secondary_pm column to projects table

[90mstdout[2m | backend/src/tests/metrics.test.js[2m > [22m[2mMetrics API Tests
[22m[39m✅ Created indexes for project_dependencies

[90mstdout[2m | backend/src/tests/metrics.test.js[2m > [22m[2mMetrics API Tests
[22m[39m✅ Created milestones table

[90mstdout[2m | backend/src/tests/metrics.test.js[2m > [22m[2mMetrics API Tests
[22m[39m✅ Created index for milestones

[90mstdout[2m | backend/src/tests/metrics.test.js[2m > [22m[2mMetrics API Tests
[22m[39m✅ Created feedback table

[90mstdout[2m | backend/src/tests/metrics.test.js[2m > [22m[2mMetrics API Tests
[22m[39m✅ Created performance indexes

[90mstdout[2m | backend/src/tests/metrics.test.js[2m > [22m[2mMetrics API Tests
[22m[39m📦 Seeding Illustrative Examples Portfolio...
ℹ️  Illustrative Examples portfolio already exists, skipping seed

[90mstdout[2m | backend/src/tests/metrics.test.js[2m > [22m[2mMetrics API Tests
[22m[39m✅ Database ready at backend/data/progress-tracker.db

[90mstdout[2m | backend/src/tests/metric-periods.test.js[2m > [22m[2mMetric Periods API Tests
[22m[39m✅ Added tolerance columns to metrics table

[90mstdout[2m | backend/src/tests/metric-periods.test.js[2m > [22m[2mMetric Periods API Tests
[22m[39m✅ Created project_links table

[90mstdout[2m | backend/src/tests/metric-periods.test.js[2m > [22m[2mMetric Periods API Tests
[22m[39m✅ Added metric_type column to metrics table

[90mstdout[2m | backend/src/tests/metric-periods.test.js[2m > [22m[2mMetric Periods API Tests
[22m[39m✅ Created portfolios table

[90mstdout[2m | backend/src/tests/metric-periods.test.js[2m > [22m[2mMetric Periods API Tests
[22m[39m✅ Added display_order column to metrics table

[90mstdout[2m | backend/src/tests/metric-periods.test.js[2m > [22m[2mMetric Periods API Tests
[22m[39m✅ Added commentary column to metric_periods table

[90mstdout[2m | backend/src/tests/metric-periods.test.js[2m > [22m[2mMetric Periods API Tests
[22m[39m✅ Created feedback table

[90mstdout[2m | backend/src/tests/metric-periods.test.js[2m > [22m[2mMetric Periods API Tests
[22m[39m✅ Created project_links table

[90mstdout[2m | backend/src/tests/metric-periods.test.js[2m > [22m[2mMetric Periods API Tests
[22m[39m✅ Added date columns to projects table

[90mstdout[2m | backend/src/tests/metric-periods.test.js[2m > [22m[2mMetric Periods API Tests
[22m[39m✅ Created portfolios table

[90mstdout[2m | backend/src/tests/metric-periods.test.js[2m > [22m[2mMetric Periods API Tests
[22m[39m✅ Added portfolio_id column to projects table

[90mstdout[2m | backend/src/tests/metric-periods.test.js[2m > [22m[2mMetric Periods API Tests
[22m[39m✅ Created page_views table

[90mstdout[2m | backend/src/tests/metric-periods.test.js[2m > [22m[2mMetric Periods API Tests
[22m[39m✅ Added secondary_pm column to projects table

[90mstdout[2m | backend/src/tests/metric-periods.test.js[2m > [22m[2mMetric Periods API Tests
[22m[39m✅ Created recovery_plans table

[90mstdout[2m | backend/src/tests/metric-periods.test.js[2m > [22m[2mMetric Periods API Tests
[22m[39m✅ Created spaces table

[90mstdout[2m | backend/src/tests/metric-periods.test.js[2m > [22m[2mMetric Periods API Tests
[22m[39m✅ Created feedback table

[90mstdout[2m | backend/src/tests/metric-periods.test.js[2m > [22m[2mMetric Periods API Tests
[22m[39m✅ Created index for space_id in portfolios

[90mstdout[2m | backend/src/tests/metric-periods.test.js[2m > [22m[2mMetric Periods API Tests
[22m[39m✅ Created project_dependencies table

[90mstdout[2m | backend/src/tests/metric-periods.test.js[2m > [22m[2mMetric Periods API Tests
[22m[39m✅ Created indexes for project_dependencies

[90mstdout[2m | backend/src/tests/metric-periods.test.js[2m > [22m[2mMetric Periods API Tests
[22m[39m✅ Created milestones table

[90mstdout[2m | backend/src/tests/metric-periods.test.js[2m > [22m[2mMetric Periods API Tests
[22m[39m✅ Created index for milestones

[90mstdout[2m | backend/src/tests/metric-periods.test.js[2m > [22m[2mMetric Periods API Tests
[22m[39m✅ Created performance indexes

[90mstdout[2m | backend/src/tests/consistency-report.test.js[2m > [22m[2mConsistency Report API Tests
[22m[39m✅ Added tolerance columns to metrics table

[90mstdout[2m | backend/src/tests/consistency-report.test.js[2m > [22m[2mConsistency Report API Tests
[22m[39m✅ Created project_links table

[90mstdout[2m | backend/src/tests/consistency-report.test.js[2m > [22m[2mConsistency Report API Tests
[22m[39m✅ Added metric_type column to metrics table

[90mstdout[2m | backend/src/tests/consistency-report.test.js[2m > [22m[2mConsistency Report API Tests
[22m[39m✅ Created portfolios table

[90mstdout[2m | backend/src/tests/consistency-report.test.js[2m > [22m[2mConsistency Report API Tests
[22m[39m✅ Added display_order column to metrics table

[90mstdout[2m | backend/src/tests/consistency-report.test.js[2m > [22m[2mConsistency Report API Tests
[22m[39m✅ Added commentary column to metric_periods table

[90mstdout[2m | backend/src/tests/consistency-report.test.js[2m > [22m[2mConsistency Report API Tests
[22m[39m✅ Created feedback table

[90mstdout[2m | backend/src/tests/consistency-report.test.js[2m > [22m[2mConsistency Report API Tests
[22m[39m✅ Created project_links table

[90mstdout[2m | backend/src/tests/consistency-report.test.js[2m > [22m[2mConsistency Report API Tests
[22m[39m✅ Added date columns to projects table

[90mstdout[2m | backend/src/tests/consistency-report.test.js[2m > [22m[2mConsistency Report API Tests
[22m[39m✅ Created portfolios table

[90mstdout[2m | backend/src/tests/consistency-report.test.js[2m > [22m[2mConsistency Report API Tests
[22m[39m✅ Added portfolio_id column to projects table

[90mstdout[2m | backend/src/tests/consistency-report.test.js[2m > [22m[2mConsistency Report API Tests
[22m[39m✅ Created page_views table

[90mstdout[2m | backend/src/tests/consistency-report.test.js[2m > [22m[2mConsistency Report API Tests
[22m[39m✅ Added secondary_pm column to projects table

[90mstdout[2m | backend/src/tests/consistency-report.test.js[2m > [22m[2mConsistency Report API Tests
[22m[39m✅ Created recovery_plans table

[90mstdout[2m | backend/src/tests/consistency-report.test.js[2m > [22m[2mConsistency Report API Tests
[22m[39m✅ Created spaces table

[90mstdout[2m | backend/src/tests/consistency-report.test.js[2m > [22m[2mConsistency Report API Tests
[22m[39m✅ Created feedback table

[90mstdout[2m | backend/src/tests/consistency-report.test.js[2m > [22m[2mConsistency Report API Tests
[22m[39m✅ Created index for space_id in portfolios

[90mstdout[2m | backend/src/tests/consistency-report.test.js[2m > [22m[2mConsistency Report API Tests
[22m[39m✅ Created project_dependencies table

[90mstdout[2m | backend/src/tests/consistency-report.test.js[2m > [22m[2mConsistency Report API Tests
[22m[39m✅ Created indexes for project_dependencies

[90mstdout[2m | backend/src/tests/consistency-report.test.js[2m > [22m[2mConsistency Report API Tests
[22m[39m✅ Created milestones table

[90mstdout[2m | backend/src/tests/consistency-report.test.js[2m > [22m[2mConsistency Report API Tests
[22m[39m✅ Created index for milestones

[90mstdout[2m | backend/src/tests/consistency-report.test.js[2m > [22m[2mConsistency Report API Tests
[22m[39m✅ Created performance indexes

[90mstdout[2m | backend/src/tests/page-analytics.test.js[2m > [22m[2mPage Analytics and Heatmap Tests
[22m[39m✅ Added tolerance columns to metrics table

[90mstdout[2m | backend/src/tests/page-analytics.test.js[2m > [22m[2mPage Analytics and Heatmap Tests
[22m[39m✅ Added metric_type column to metrics table

[90mstdout[2m | backend/src/tests/page-analytics.test.js[2m > [22m[2mPage Analytics and Heatmap Tests
[22m[39m✅ Created project_links table

[90mstdout[2m | backend/src/tests/page-analytics.test.js[2m > [22m[2mPage Analytics and Heatmap Tests
[22m[39m✅ Added display_order column to metrics table

[90mstdout[2m | backend/src/tests/page-analytics.test.js[2m > [22m[2mPage Analytics and Heatmap Tests
[22m[39m✅ Created portfolios table

[90mstdout[2m | backend/src/tests/page-analytics.test.js[2m > [22m[2mPage Analytics and Heatmap Tests
[22m[39m✅ Added commentary column to metric_periods table

[90mstdout[2m | backend/src/tests/page-analytics.test.js[2m > [22m[2mPage Analytics and Heatmap Tests
[22m[39m✅ Created project_links table

[90mstdout[2m | backend/src/tests/page-analytics.test.js[2m > [22m[2mPage Analytics and Heatmap Tests
[22m[39m✅ Created feedback table

[90mstdout[2m | backend/src/tests/page-analytics.test.js[2m > [22m[2mPage Analytics and Heatmap Tests
[22m[39m✅ Added date columns to projects table

[90mstdout[2m | backend/src/tests/page-analytics.test.js[2m > [22m[2mPage Analytics and Heatmap Tests
[22m[39m✅ Created portfolios table

[90mstdout[2m | backend/src/tests/page-analytics.test.js[2m > [22m[2mPage Analytics and Heatmap Tests
[22m[39m✅ Added portfolio_id column to projects table

[90mstdout[2m | backend/src/tests/page-analytics.test.js[2m > [22m[2mPage Analytics and Heatmap Tests
[22m[39m✅ Added secondary_pm column to projects table

[90mstdout[2m | backend/src/tests/page-analytics.test.js[2m > [22m[2mPage Analytics and Heatmap Tests
[22m[39m✅ Created page_views table

[90mstdout[2m | backend/src/tests/page-analytics.test.js[2m > [22m[2mPage Analytics and Heatmap Tests
[22m[39m✅ Created feedback table

[90mstdout[2m | backend/src/tests/page-analytics.test.js[2m > [22m[2mPage Analytics and Heatmap Tests
[22m[39m✅ Created recovery_plans table

[90mstdout[2m | backend/src/tests/page-analytics.test.js[2m > [22m[2mPage Analytics and Heatmap Tests
[22m[39m✅ Created spaces table

[90mstdout[2m | backend/src/tests/page-analytics.test.js[2m > [22m[2mPage Analytics and Heatmap Tests
[22m[39m✅ Created index for space_id in portfolios

[90mstdout[2m | backend/src/tests/page-analytics.test.js[2m > [22m[2mPage Analytics and Heatmap Tests
[22m[39m✅ Created project_dependencies table

[90mstdout[2m | backend/src/tests/page-analytics.test.js[2m > [22m[2mPage Analytics and Heatmap Tests
[22m[39m✅ Created indexes for project_dependencies

[90mstdout[2m | backend/src/tests/page-analytics.test.js[2m > [22m[2mPage Analytics and Heatmap Tests
[22m[39m✅ Created milestones table

[90mstdout[2m | backend/src/tests/page-analytics.test.js[2m > [22m[2mPage Analytics and Heatmap Tests
[22m[39m✅ Created index for milestones

[90mstdout[2m | backend/src/tests/page-analytics.test.js[2m > [22m[2mPage Analytics and Heatmap Tests
[22m[39m✅ Migrated feedback to text-only format

[90mstdout[2m | backend/src/tests/page-analytics.test.js[2m > [22m[2mPage Analytics and Heatmap Tests
[22m[39m✅ Created performance indexes

[90mstdout[2m | backend/src/tests/page-analytics.test.js[2m > [22m[2mPage Analytics and Heatmap Tests
[22m[39m📦 Seeding Illustrative Examples Portfolio...
ℹ️  Illustrative Examples portfolio already exists, skipping seed

[90mstdout[2m | backend/src/tests/page-analytics.test.js[2m > [22m[2mPage Analytics and Heatmap Tests
[22m[39m✅ Database ready at backend/data/progress-tracker.db

[90mstdout[2m | backend/src/tests/page-analytics.test.js[2m > [22m[2mPage Analytics and Heatmap Tests
[22m[39m✅ Added project_id to feedback table

[90mstdout[2m | backend/src/tests/page-analytics.test.js[2m > [22m[2mPage Analytics and Heatmap Tests
[22m[39m✅ Created page_views table

[90mstdout[2m | backend/src/tests/page-analytics.test.js[2m > [22m[2mPage Analytics and Heatmap Tests
[22m[39m✅ Added load_time_ms column to page_views

[90mstdout[2m | backend/src/tests/page-analytics.test.js[2m > [22m[2mPage Analytics and Heatmap Tests
[22m[39m✅ Created recovery_plans table

[90mstdout[2m | backend/src/tests/page-analytics.test.js[2m > [22m[2mPage Analytics and Heatmap Tests
[22m[39m✅ Created spaces table

[90mstdout[2m | backend/src/tests/page-analytics.test.js[2m > [22m[2mPage Analytics and Heatmap Tests
[22m[39m✅ Added space_id column to portfolios table

[90mstdout[2m | backend/src/tests/page-analytics.test.js[2m > [22m[2mPage Analytics and Heatmap Tests
[22m[39m✅ Added default_space_id column to users table

[90mstdout[2m | backend/src/tests/page-analytics.test.js[2m > [22m[2mPage Analytics and Heatmap Tests
[22m[39m✅ Created index for space_id in portfolios

[90mstdout[2m | backend/src/tests/page-analytics.test.js[2m > [22m[2mPage Analytics and Heatmap Tests
[22m[39m✅ Created project_dependencies table

[90mstdout[2m | backend/src/tests/page-analytics.test.js[2m > [22m[2mPage Analytics and Heatmap Tests
[22m[39m✅ Created indexes for project_dependencies

[90mstdout[2m | backend/src/tests/page-analytics.test.js[2m > [22m[2mPage Analytics and Heatmap Tests
[22m[39m✅ Created milestones table

[90mstdout[2m | backend/src/tests/page-analytics.test.js[2m > [22m[2mPage Analytics and Heatmap Tests
[22m[39m✅ Created index for milestones

[90mstdout[2m | backend/src/tests/page-analytics.test.js[2m > [22m[2mPage Analytics and Heatmap Tests
[22m[39m✅ Created performance indexes

[90mstdout[2m | backend/src/tests/page-analytics.test.js[2m > [22m[2mPage Analytics and Heatmap Tests
[22m[39m📦 Seeding Illustrative Examples Portfolio...
ℹ️  Illustrative Examples portfolio already exists, skipping seed

[90mstdout[2m | backend/src/tests/page-analytics.test.js[2m > [22m[2mPage Analytics and Heatmap Tests
[22m[39m✅ Database ready at backend/data/progress-tracker.db

[90mstdout[2m | backend/src/tests/portfolios.test.js[2m > [22m[2mPortfolio Management API Tests
[22m[39m✅ Created portfolios table

[90mstdout[2m | backend/src/tests/portfolios.test.js[2m > [22m[2mPortfolio Management API Tests
[22m[39m✅ Added metric_type column to metrics table

[90mstdout[2m | backend/src/tests/portfolios.test.js[2m > [22m[2mPortfolio Management API Tests
[22m[39m✅ Added display_order column to metrics table

[90mstdout[2m | backend/src/tests/portfolios.test.js[2m > [22m[2mPortfolio Management API Tests
[22m[39m✅ Added commentary column to metric_periods table

[90mstdout[2m | backend/src/tests/portfolios.test.js[2m > [22m[2mPortfolio Management API Tests
[22m[39m✅ Created feedback table

[90mstdout[2m | backend/src/tests/portfolios.test.js[2m > [22m[2mPortfolio Management API Tests
[22m[39m✅ Created project_links table

[90mstdout[2m | backend/src/tests/portfolios.test.js[2m > [22m[2mPortfolio Management API Tests
[22m[39m✅ Added date columns to projects table

[90mstdout[2m | backend/src/tests/portfolios.test.js[2m > [22m[2mPortfolio Management API Tests
[22m[39m✅ Created portfolios table

[90mstdout[2m | backend/src/tests/portfolios.test.js[2m > [22m[2mPortfolio Management API Tests
[22m[39m✅ Created page_views table

[90mstdout[2m | backend/src/tests/portfolios.test.js[2m > [22m[2mPortfolio Management API Tests
[22m[39m✅ Added portfolio_id column to projects table

[90mstdout[2m | backend/src/tests/portfolios.test.js[2m > [22m[2mPortfolio Management API Tests
[22m[39m✅ Created recovery_plans table

[90mstdout[2m | backend/src/tests/portfolios.test.js[2m > [22m[2mPortfolio Management API Tests
[22m[39m✅ Created spaces table

[90mstdout[2m | backend/src/tests/portfolios.test.js[2m > [22m[2mPortfolio Management API Tests
[22m[39m✅ Added secondary_pm column to projects table

[90mstdout[2m | backend/src/tests/portfolios.test.js[2m > [22m[2mPortfolio Management API Tests
[22m[39m✅ Created index for space_id in portfolios

[90mstdout[2m | backend/src/tests/portfolios.test.js[2m > [22m[2mPortfolio Management API Tests
[22m[39m✅ Created feedback table

[90mstdout[2m | backend/src/tests/portfolios.test.js[2m > [22m[2mPortfolio Management API Tests
[22m[39m✅ Created project_dependencies table

[90mstdout[2m | backend/src/tests/portfolios.test.js[2m > [22m[2mPortfolio Management API Tests
[22m[39m✅ Created indexes for project_dependencies

[90mstdout[2m | backend/src/tests/portfolios.test.js[2m > [22m[2mPortfolio Management API Tests
[22m[39m✅ Created milestones table

[90mstdout[2m | backend/src/tests/portfolios.test.js[2m > [22m[2mPortfolio Management API Tests
[22m[39m✅ Created index for milestones

[90mstdout[2m | backend/src/tests/portfolios.test.js[2m > [22m[2mPortfolio Management API Tests
[22m[39m✅ Created performance indexes

[90mstdout[2m | backend/src/tests/portfolios.test.js[2m > [22m[2mPortfolio Management API Tests
[22m[39m📦 Seeding Illustrative Examples Portfolio...
ℹ️  Illustrative Examples portfolio already exists, skipping seed

[90mstdout[2m | backend/src/tests/portfolios.test.js[2m > [22m[2mPortfolio Management API Tests
[22m[39m✅ Database ready at backend/data/progress-tracker.db

[90mstdout[2m | backend/src/tests/portfolios.test.js[2m > [22m[2mPortfolio Management API Tests
[22m[39m✅ Migrated feedback to text-only format

[90mstdout[2m | backend/src/tests/portfolios.test.js[2m > [22m[2mPortfolio Management API Tests
[22m[39m✅ Added project_id to feedback table

[90mstdout[2m | backend/src/tests/portfolios.test.js[2m > [22m[2mPortfolio Management API Tests
[22m[39m✅ Created page_views table

[90mstdout[2m | backend/src/tests/portfolios.test.js[2m > [22m[2mPortfolio Management API Tests
[22m[39m✅ Added load_time_ms column to page_views

[90mstdout[2m | backend/src/tests/portfolios.test.js[2m > [22m[2mPortfolio Management API Tests
[22m[39m✅ Created recovery_plans table

[90mstdout[2m | backend/src/tests/portfolios.test.js[2m > [22m[2mPortfolio Management API Tests
[22m[39m✅ Created spaces table

[90mstdout[2m | backend/src/tests/portfolios.test.js[2m > [22m[2mPortfolio Management API Tests
[22m[39m✅ Added space_id column to portfolios table

[90mstdout[2m | backend/src/tests/portfolios.test.js[2m > [22m[2mPortfolio Management API Tests
[22m[39m✅ Added default_space_id column to users table

[90mstdout[2m | backend/src/tests/portfolios.test.js[2m > [22m[2mPortfolio Management API Tests
[22m[39m✅ Created index for space_id in portfolios

[90mstdout[2m | backend/src/tests/portfolios.test.js[2m > [22m[2mPortfolio Management API Tests
[22m[39m✅ Created project_dependencies table

[90mstdout[2m | backend/src/tests/portfolios.test.js[2m > [22m[2mPortfolio Management API Tests
[22m[39m✅ Created indexes for project_dependencies

[90mstdout[2m | backend/src/tests/portfolios.test.js[2m > [22m[2mPortfolio Management API Tests
[22m[39m✅ Created milestones table

[90mstdout[2m | backend/src/tests/portfolios.test.js[2m > [22m[2mPortfolio Management API Tests
[22m[39m✅ Created index for milestones

[90mstdout[2m | backend/src/tests/portfolios.test.js[2m > [22m[2mPortfolio Management API Tests
[22m[39m✅ Created performance indexes

[90mstdout[2m | backend/src/tests/portfolios.test.js[2m > [22m[2mPortfolio Management API Tests
[22m[39m📦 Seeding Illustrative Examples Portfolio...
ℹ️  Illustrative Examples portfolio already exists, skipping seed

[90mstdout[2m | backend/src/tests/portfolios.test.js[2m > [22m[2mPortfolio Management API Tests
[22m[39m✅ Database ready at backend/data/progress-tracker.db

[90mstdout[2m | backend/src/tests/feedback.test.js[2m > [22m[2mFeedback API Tests
[22m[39m✅ Cleaned up user roles

[90mstdout[2m | backend/src/tests/feedback.test.js[2m > [22m[2mFeedback API Tests
[22m[39m✅ Added tolerance columns to metrics table

[90mstdout[2m | backend/src/tests/feedback.test.js[2m > [22m[2mFeedback API Tests
[22m[39m✅ Added metric_type column to metrics table

[90mstdout[2m | backend/src/tests/feedback.test.js[2m > [22m[2mFeedback API Tests
[22m[39m✅ Created project_links table

[90mstdout[2m | backend/src/tests/feedback.test.js[2m > [22m[2mFeedback API Tests
[22m[39m✅ Created portfolios table

[90mstdout[2m | backend/src/tests/feedback.test.js[2m > [22m[2mFeedback API Tests
[22m[39m✅ Added display_order column to metrics table

[90mstdout[2m | backend/src/tests/feedback.test.js[2m > [22m[2mFeedback API Tests
[22m[39m✅ Added commentary column to metric_periods table

[90mstdout[2m | backend/src/tests/feedback.test.js[2m > [22m[2mFeedback API Tests
[22m[39m✅ Created project_links table

[90mstdout[2m | backend/src/tests/feedback.test.js[2m > [22m[2mFeedback API Tests
[22m[39m✅ Created feedback table

[90mstdout[2m | backend/src/tests/feedback.test.js[2m > [22m[2mFeedback API Tests
[22m[39m✅ Added date columns to projects table

[90mstdout[2m | backend/src/tests/feedback.test.js[2m > [22m[2mFeedback API Tests
[22m[39m✅ Created portfolios table

[90mstdout[2m | backend/src/tests/feedback.test.js[2m > [22m[2mFeedback API Tests
[22m[39m✅ Added portfolio_id column to projects table

[90mstdout[2m | backend/src/tests/feedback.test.js[2m > [22m[2mFeedback API Tests
[22m[39m✅ Created page_views table

[90mstdout[2m | backend/src/tests/feedback.test.js[2m > [22m[2mFeedback API Tests
[22m[39m✅ Added secondary_pm column to projects table

[90mstdout[2m | backend/src/tests/feedback.test.js[2m > [22m[2mFeedback API Tests
[22m[39m✅ Created recovery_plans table

[90mstdout[2m | backend/src/tests/feedback.test.js[2m > [22m[2mFeedback API Tests
[22m[39m✅ Created spaces table

[90mstdout[2m | backend/src/tests/feedback.test.js[2m > [22m[2mFeedback API Tests
[22m[39m✅ Created feedback table

[90mstdout[2m | backend/src/tests/feedback.test.js[2m > [22m[2mFeedback API Tests
[22m[39m✅ Created index for space_id in portfolios

[90mstdout[2m | backend/src/tests/feedback.test.js[2m > [22m[2mFeedback API Tests
[22m[39m✅ Created project_dependencies table

[90mstdout[2m | backend/src/tests/feedback.test.js[2m > [22m[2mFeedback API Tests
[22m[39m✅ Created indexes for project_dependencies

[90mstdout[2m | backend/src/tests/feedback.test.js[2m > [22m[2mFeedback API Tests
[22m[39m✅ Created milestones table

[90mstdout[2m | backend/src/tests/feedback.test.js[2m > [22m[2mFeedback API Tests
[22m[39m✅ Created index for milestones

[90mstdout[2m | backend/src/tests/feedback.test.js[2m > [22m[2mFeedback API Tests
[22m[39m✅ Created performance indexes

[90mstdout[2m | backend/src/tests/feedback.test.js[2m > [22m[2mFeedback API Tests
[22m[39m📦 Seeding Illustrative Examples Portfolio...
ℹ️  Illustrative Examples portfolio already exists, skipping seed

[90mstdout[2m | backend/src/tests/feedback.test.js[2m > [22m[2mFeedback API Tests
[22m[39m✅ Database ready at backend/data/progress-tracker.db

[90mstdout[2m | backend/src/tests/feedback.test.js[2m > [22m[2mFeedback API Tests
[22m[39m✅ Migrated feedback to text-only format

[90mstdout[2m | backend/src/tests/feedback.test.js[2m > [22m[2mFeedback API Tests
[22m[39m✅ Added project_id to feedback table

[90mstdout[2m | backend/src/tests/feedback.test.js[2m > [22m[2mFeedback API Tests
[22m[39m✅ Created page_views table

[90mstdout[2m | backend/src/tests/feedback.test.js[2m > [22m[2mFeedback API Tests
[22m[39m✅ Added load_time_ms column to page_views

[90mstdout[2m | backend/src/tests/feedback.test.js[2m > [22m[2mFeedback API Tests
[22m[39m✅ Created recovery_plans table

[90mstdout[2m | backend/src/tests/metrics.test.js[2m > [22m[2mMetrics API Tests
[22m[39m✅ Migrated feedback to text-only format

[90mstdout[2m | backend/src/tests/metrics.test.js[2m > [22m[2mMetrics API Tests
[22m[39m✅ Added project_id to feedback table

[90mstdout[2m | backend/src/tests/feedback.test.js[2m > [22m[2mFeedback API Tests
[22m[39m✅ Created spaces table

[90mstdout[2m | backend/src/tests/feedback.test.js[2m > [22m[2mFeedback API Tests
[22m[39m✅ Added space_id column to portfolios table

[90mstdout[2m | backend/src/tests/metrics.test.js[2m > [22m[2mMetrics API Tests
[22m[39m✅ Created page_views table

[90mstdout[2m | backend/src/tests/feedback.test.js[2m > [22m[2mFeedback API Tests
[22m[39m✅ Added default_space_id column to users table

[90mstdout[2m | backend/src/tests/feedback.test.js[2m > [22m[2mFeedback API Tests
[22m[39m✅ Created index for space_id in portfolios

[90mstdout[2m | backend/src/tests/feedback.test.js[2m > [22m[2mFeedback API Tests
[22m[39m✅ Created project_dependencies table

[90mstdout[2m | backend/src/tests/feedback.test.js[2m > [22m[2mFeedback API Tests
[22m[39m✅ Created indexes for project_dependencies

[90mstdout[2m | backend/src/tests/metrics.test.js[2m > [22m[2mMetrics API Tests
[22m[39m✅ Added load_time_ms column to page_views

[90mstdout[2m | backend/src/tests/feedback.test.js[2m > [22m[2mFeedback API Tests
[22m[39m✅ Created milestones table

[90mstdout[2m | backend/src/tests/feedback.test.js[2m > [22m[2mFeedback API Tests
[22m[39m✅ Created index for milestones

[90mstdout[2m | backend/src/tests/feedback.test.js[2m > [22m[2mFeedback API Tests
[22m[39m✅ Created performance indexes

[90mstdout[2m | backend/src/tests/feedback.test.js[2m > [22m[2mFeedback API Tests
[22m[39m📦 Seeding Illustrative Examples Portfolio...
ℹ️  Illustrative Examples portfolio already exists, skipping seed

[90mstdout[2m | backend/src/tests/feedback.test.js[2m > [22m[2mFeedback API Tests
[22m[39m✅ Database ready at backend/data/progress-tracker.db

[90mstdout[2m | backend/src/tests/consistency-report.test.js[2m > [22m[2mConsistency Report API Tests
[22m[39m📦 Seeding Illustrative Examples Portfolio...
ℹ️  Illustrative Examples portfolio already exists, skipping seed

[90mstdout[2m | backend/src/tests/consistency-report.test.js[2m > [22m[2mConsistency Report API Tests
[22m[39m✅ Database ready at backend/data/progress-tracker.db

[90mstdout[2m | backend/src/tests/metric-periods.test.js[2m > [22m[2mMetric Periods API Tests
[22m[39m📦 Seeding Illustrative Examples Portfolio...
ℹ️  Illustrative Examples portfolio already exists, skipping seed

[90mstdout[2m | backend/src/tests/metric-periods.test.js[2m > [22m[2mMetric Periods API Tests
[22m[39m✅ Database ready at backend/data/progress-tracker.db

[90mstdout[2m | backend/src/tests/metric-periods.test.js[2m > [22m[2mMetric Periods API Tests
[22m[39m✅ Migrated feedback to text-only format

[90mstdout[2m | backend/src/tests/metric-periods.test.js[2m > [22m[2mMetric Periods API Tests
[22m[39m✅ Added project_id to feedback table

[90mstdout[2m | backend/src/tests/metric-periods.test.js[2m > [22m[2mMetric Periods API Tests
[22m[39m✅ Created page_views table

[90mstdout[2m | backend/src/tests/consistency-report.test.js[2m > [22m[2mConsistency Report API Tests
[22m[39m✅ Migrated feedback to text-only format

[90mstdout[2m | backend/src/tests/metric-periods.test.js[2m > [22m[2mMetric Periods API Tests
[22m[39m✅ Added load_time_ms column to page_views

[90mstdout[2m | backend/src/tests/metric-periods.test.js[2m > [22m[2mMetric Periods API Tests
[22m[39m✅ Created recovery_plans table

[90mstdout[2m | backend/src/tests/metric-periods.test.js[2m > [22m[2mMetric Periods API Tests
[22m[39m✅ Created spaces table

[90mstdout[2m | backend/src/tests/metric-periods.test.js[2m > [22m[2mMetric Periods API Tests
[22m[39m✅ Added space_id column to portfolios table

[90mstdout[2m | backend/src/tests/metric-periods.test.js[2m > [22m[2mMetric Periods API Tests
[22m[39m✅ Added default_space_id column to users table

[90mstdout[2m | backend/src/tests/metric-periods.test.js[2m > [22m[2mMetric Periods API Tests
[22m[39m✅ Created index for space_id in portfolios

[90mstdout[2m | backend/src/tests/metric-periods.test.js[2m > [22m[2mMetric Periods API Tests
[22m[39m✅ Created project_dependencies table

[90mstdout[2m | backend/src/tests/metric-periods.test.js[2m > [22m[2mMetric Periods API Tests
[22m[39m✅ Created indexes for project_dependencies

[90mstdout[2m | backend/src/tests/metric-periods.test.js[2m > [22m[2mMetric Periods API Tests
[22m[39m✅ Created milestones table

[90mstdout[2m | backend/src/tests/metric-periods.test.js[2m > [22m[2mMetric Periods API Tests
[22m[39m✅ Created index for milestones

[90mstdout[2m | backend/src/tests/metric-periods.test.js[2m > [22m[2mMetric Periods API Tests
[22m[39m✅ Created performance indexes

[90mstdout[2m | backend/src/tests/metric-periods.test.js[2m > [22m[2mMetric Periods API Tests
[22m[39m📦 Seeding Illustrative Examples Portfolio...
ℹ️  Illustrative Examples portfolio already exists, skipping seed

[90mstdout[2m | backend/src/tests/metric-periods.test.js[2m > [22m[2mMetric Periods API Tests
[22m[39m✅ Database ready at backend/data/progress-tracker.db

[90mstdout[2m | backend/src/tests/consistency-report.test.js[2m > [22m[2mConsistency Report API Tests
[22m[39m✅ Added project_id to feedback table

[90mstdout[2m | backend/src/tests/consistency-report.test.js[2m > [22m[2mConsistency Report API Tests
[22m[39m✅ Created page_views table

[90mstdout[2m | backend/src/tests/consistency-report.test.js[2m > [22m[2mConsistency Report API Tests
[22m[39m✅ Added load_time_ms column to page_views

[90mstdout[2m | backend/src/tests/consistency-report.test.js[2m > [22m[2mConsistency Report API Tests
[22m[39m✅ Created recovery_plans table

[90mstdout[2m | backend/src/tests/consistency-report.test.js[2m > [22m[2mConsistency Report API Tests
[22m[39m✅ Created spaces table

[90mstdout[2m | backend/src/tests/consistency-report.test.js[2m > [22m[2mConsistency Report API Tests
[22m[39m✅ Added space_id column to portfolios table

[90mstdout[2m | backend/src/tests/consistency-report.test.js[2m > [22m[2mConsistency Report API Tests
[22m[39m✅ Added default_space_id column to users table

[90mstdout[2m | backend/src/tests/consistency-report.test.js[2m > [22m[2mConsistency Report API Tests
[22m[39m✅ Created index for space_id in portfolios

[90mstdout[2m | backend/src/tests/consistency-report.test.js[2m > [22m[2mConsistency Report API Tests
[22m[39m✅ Created project_dependencies table

[90mstdout[2m | backend/src/tests/consistency-report.test.js[2m > [22m[2mConsistency Report API Tests
[22m[39m✅ Created indexes for project_dependencies

[90mstdout[2m | backend/src/tests/consistency-report.test.js[2m > [22m[2mConsistency Report API Tests
[22m[39m✅ Created milestones table

[90mstdout[2m | backend/src/tests/consistency-report.test.js[2m > [22m[2mConsistency Report API Tests
[22m[39m✅ Created index for milestones

[90mstdout[2m | backend/src/tests/consistency-report.test.js[2m > [22m[2mConsistency Report API Tests
[22m[39m✅ Created performance indexes

[90mstdout[2m | backend/src/tests/consistency-report.test.js[2m > [22m[2mConsistency Report API Tests
[22m[39m📦 Seeding Illustrative Examples Portfolio...
ℹ️  Illustrative Examples portfolio already exists, skipping seed

[90mstdout[2m | backend/src/tests/consistency-report.test.js[2m > [22m[2mConsistency Report API Tests
[22m[39m✅ Database ready at backend/data/progress-tracker.db

[90mstdout[2m | backend/src/tests/metrics.test.js[2m > [22m[2mMetrics API Tests
[22m[39m✅ Created recovery_plans table

[90mstdout[2m | backend/src/tests/metrics.test.js[2m > [22m[2mMetrics API Tests
[22m[39m✅ Created spaces table

[90mstdout[2m | backend/src/tests/metrics.test.js[2m > [22m[2mMetrics API Tests
[22m[39m✅ Added space_id column to portfolios table

[90mstdout[2m | backend/src/tests/metrics.test.js[2m > [22m[2mMetrics API Tests
[22m[39mGranted permission to initiative manager "Admin User" (user 1) for project 1

[90mstdout[2m | backend/src/tests/metrics.test.js[2m > [22m[2mMetrics API Tests
[22m[39m✅ Added default_space_id column to users table

[90mstdout[2m | backend/src/tests/metrics.test.js[2m > [22m[2mMetrics API Tests
[22m[39m✅ Created index for space_id in portfolios

[90mstdout[2m | backend/src/tests/metrics.test.js[2m > [22m[2mMetrics API Tests[2m > [22m[2mPOST /api/projects/:projectId/metrics[2m > [22m[2mshould create a metric
[22m[39m✅ Created project_dependencies table

[90mstdout[2m | backend/src/tests/metrics.test.js[2m > [22m[2mMetrics API Tests[2m > [22m[2mPOST /api/projects/:projectId/metrics[2m > [22m[2mshould create a metric
[22m[39m✅ Created indexes for project_dependencies

[90mstdout[2m | backend/src/tests/metrics.test.js[2m > [22m[2mMetrics API Tests[2m > [22m[2mPOST /api/projects/:projectId/metrics[2m > [22m[2mshould create a metric
[22m[39mCreating metric: {
  projectId: [32m'1'[39m,
  name: [32m'Test Metric'[39m,
  description: [90mundefined[39m,
  owner_id: [33m1[39m,
  start_date: [32m'2024-01-01'[39m,
  end_date: [32m'2024-12-31'[39m,
  frequency: [32m'monthly'[39m,
  progression_type: [32m'linear'[39m,
  final_target: [33m100[39m
}

[90mstdout[2m | backend/src/tests/metrics.test.js[2m > [22m[2mMetrics API Tests[2m > [22m[2mPOST /api/projects/:projectId/metrics[2m > [22m[2mshould create a metric
[22m[39m✅ Created milestones table

[90mstdout[2m | backend/src/tests/metrics.test.js[2m > [22m[2mMetrics API Tests[2m > [22m[2mPOST /api/projects/:projectId/metrics[2m > [22m[2mshould create a metric
[22m[39mMetric created with ID: [33m1[39m
Generating periods...

[90mstdout[2m | backend/src/tests/metrics.test.js[2m > [22m[2mMetrics API Tests[2m > [22m[2mPOST /api/projects/:projectId/metrics[2m > [22m[2mshould create a metric
[22m[39m✅ Created index for milestones

[90mstdout[2m | backend/src/tests/metrics.test.js[2m > [22m[2mMetrics API Tests[2m > [22m[2mPOST /api/projects/:projectId/metrics[2m > [22m[2mshould create a metric
[22m[39m✅ Created performance indexes

[90mstdout[2m | backend/src/tests/metrics.test.js[2m > [22m[2mMetrics API Tests[2m > [22m[2mPOST /api/projects/:projectId/metrics[2m > [22m[2mshould create a metric
[22m[39m📦 Seeding Illustrative Examples Portfolio...
ℹ️  Illustrative Examples portfolio already exists, skipping seed

[90mstdout[2m | backend/src/tests/metrics.test.js[2m > [22m[2mMetrics API Tests[2m > [22m[2mPOST /api/projects/:projectId/metrics[2m > [22m[2mshould create a metric
[22m[39m✅ Database ready at backend/data/progress-tracker.db

[90mstdout[2m | backend/src/tests/metrics.test.js[2m > [22m[2mMetrics API Tests[2m > [22m[2mPOST /api/projects/:projectId/metrics[2m > [22m[2mshould create a metric
[22m[39mPeriods generated successfully

[90mstdout[2m | backend/src/tests/metrics.test.js[2m > [22m[2mMetrics API Tests[2m > [22m[2mPOST /api/projects/:projectId/metrics[2m > [22m[2mshould create metric with all schedule parameters and auto-generate periods
[22m[39mCreating metric: {
  projectId: [32m'1'[39m,
  name: [32m'Comprehensive Metric'[39m,
  description: [90mundefined[39m,
  owner_id: [33m1[39m,
  start_date: [32m'2024-01-31'[39m,
  end_date: [32m'2024-06-30'[39m,
  frequency: [32m'monthly'[39m,
  progression_type: [32m's-curve'[39m,
  final_target: [33m200[39m
}

[90mstdout[2m | backend/src/tests/metrics.test.js[2m > [22m[2mMetrics API Tests[2m > [22m[2mPOST /api/projects/:projectId/metrics[2m > [22m[2mshould create metric with all schedule parameters and auto-generate periods
[22m[39mMetric created with ID: [33m2[39m
Generating periods...

[90mstdout[2m | backend/src/tests/metrics.test.js[2m > [22m[2mMetrics API Tests[2m > [22m[2mPOST /api/projects/:projectId/metrics[2m > [22m[2mshould create metric with all schedule parameters and auto-generate periods
[22m[39mPeriods generated successfully

[90mstdout[2m | backend/src/tests/metrics.test.js[2m > [22m[2mMetrics API Tests[2m > [22m[2mPOST /api/projects/:projectId/metrics[2m > [22m[2mshould create metric with quarterly frequency and correct period count
[22m[39m✅ Cleaned up user roles

[90mstdout[2m | backend/src/tests/metrics.test.js[2m > [22m[2mMetrics API Tests[2m > [22m[2mPOST /api/projects/:projectId/metrics[2m > [22m[2mshould create metric with quarterly frequency and correct period count
[22m[39mCreating metric: {
  projectId: [32m'1'[39m,
  name: [32m'Quarterly Metric'[39m,
  description: [90mundefined[39m,
  owner_id: [33m1[39m,
  start_date: [32m'2024-01-01'[39m,
  end_date: [32m'2024-12-31'[39m,
  frequency: [32m'quarterly'[39m,
  progression_type: [32m'linear'[39m,
  final_target: [33m80[39m
}

[90mstdout[2m | backend/src/tests/metrics.test.js[2m > [22m[2mMetrics API Tests[2m > [22m[2mPOST /api/projects/:projectId/metrics[2m > [22m[2mshould create metric with quarterly frequency and correct period count
[22m[39m✅ Created project_links table

[90mstdout[2m | backend/src/tests/metrics.test.js[2m > [22m[2mMetrics API Tests[2m > [22m[2mPOST /api/projects/:projectId/metrics[2m > [22m[2mshould create metric with quarterly frequency and correct period count
[22m[39mMetric created with ID: [33m3[39m
Generating periods...

[90mstdout[2m | backend/src/tests/metrics.test.js[2m > [22m[2mMetrics API Tests[2m > [22m[2mPOST /api/projects/:projectId/metrics[2m > [22m[2mshould create metric with quarterly frequency and correct period count
[22m[39m✅ Created portfolios table

[90mstdout[2m | backend/src/tests/metrics.test.js[2m > [22m[2mMetrics API Tests[2m > [22m[2mPOST /api/projects/:projectId/metrics[2m > [22m[2mshould create metric with quarterly frequency and correct period count
[22m[39m✅ Created feedback table

[90mstdout[2m | backend/src/tests/metrics.test.js[2m > [22m[2mMetrics API Tests[2m > [22m[2mPOST /api/projects/:projectId/metrics[2m > [22m[2mshould create metric with quarterly frequency and correct period count
[22m[39mPeriods generated successfully

[90mstdout[2m | backend/src/tests/metrics.test.js[2m > [22m[2mMetrics API Tests[2m > [22m[2mPOST /api/projects/:projectId/metrics[2m > [22m[2mshould create metric with quarterly frequency and correct period count
[22m[39m✅ Created page_views table

[90mstdout[2m | backend/src/tests/metrics.test.js[2m > [22m[2mMetrics API Tests[2m > [22m[2mPOST /api/projects/:projectId/metrics[2m > [22m[2mshould create metric with exponential progression type
[22m[39m✅ Created recovery_plans table

[90mstdout[2m | backend/src/tests/metrics.test.js[2m > [22m[2mMetrics API Tests[2m > [22m[2mPOST /api/projects/:projectId/metrics[2m > [22m[2mshould create metric with exponential progression type
[22m[39m✅ Created spaces table

[90mstdout[2m | backend/src/tests/metrics.test.js[2m > [22m[2mMetrics API Tests[2m > [22m[2mPOST /api/projects/:projectId/metrics[2m > [22m[2mshould create metric with exponential progression type
[22m[39m✅ Cleaned up user roles

[90mstdout[2m | backend/src/tests/metrics.test.js[2m > [22m[2mMetrics API Tests[2m > [22m[2mPOST /api/projects/:projectId/metrics[2m > [22m[2mshould create metric with exponential progression type
[22m[39m✅ Created index for space_id in portfolios

[90mstdout[2m | backend/src/tests/metrics.test.js[2m > [22m[2mMetrics API Tests[2m > [22m[2mPOST /api/projects/:projectId/metrics[2m > [22m[2mshould create metric with exponential progression type
[22m[39mCreating metric: {
  projectId: [32m'1'[39m,
  name: [32m'Exponential Metric'[39m,
  description: [90mundefined[39m,
  owner_id: [33m1[39m,
  start_date: [32m'2024-01-01'[39m,
  end_date: [32m'2024-06-30'[39m,
  frequency: [32m'monthly'[39m,
  progression_type: [32m'exponential'[39m,
  final_target: [33m100[39m
}

[90mstdout[2m | backend/src/tests/metrics.test.js[2m > [22m[2mMetrics API Tests[2m > [22m[2mPOST /api/projects/:projectId/metrics[2m > [22m[2mshould create metric with exponential progression type
[22m[39mMetric created with ID: [33m4[39m
Generating periods...

[90mstdout[2m | backend/src/tests/metrics.test.js[2m > [22m[2mMetrics API Tests[2m > [22m[2mPOST /api/projects/:projectId/metrics[2m > [22m[2mshould create metric with exponential progression type
[22m[39m✅ Created project_dependencies table

[90mstdout[2m | backend/src/tests/metrics.test.js[2m > [22m[2mMetrics API Tests[2m > [22m[2mPOST /api/projects/:projectId/metrics[2m > [22m[2mshould create metric with exponential progression type
[22m[39m✅ Created project_links table

[90mstdout[2m | backend/src/tests/metrics.test.js[2m > [22m[2mMetrics API Tests[2m > [22m[2mPOST /api/projects/:projectId/metrics[2m > [22m[2mshould create metric with exponential progression type
[22m[39m✅ Created indexes for project_dependencies

[90mstdout[2m | backend/src/tests/metrics.test.js[2m > [22m[2mMetrics API Tests[2m > [22m[2mPOST /api/projects/:projectId/metrics[2m > [22m[2mshould create metric with exponential progression type
[22m[39m✅ Created milestones table

[90mstdout[2m | backend/src/tests/metrics.test.js[2m > [22m[2mMetrics API Tests[2m > [22m[2mPOST /api/projects/:projectId/metrics[2m > [22m[2mshould create metric with exponential progression type
[22m[39m✅ Created portfolios table

[90mstdout[2m | backend/src/tests/metrics.test.js[2m > [22m[2mMetrics API Tests[2m > [22m[2mPOST /api/projects/:projectId/metrics[2m > [22m[2mshould create metric with exponential progression type
[22m[39m✅ Created index for milestones

[90mstdout[2m | backend/src/tests/metrics.test.js[2m > [22m[2mMetrics API Tests[2m > [22m[2mPOST /api/projects/:projectId/metrics[2m > [22m[2mshould create metric with exponential progression type
[22m[39m✅ Created performance indexes

[90mstdout[2m | backend/src/tests/metrics.test.js[2m > [22m[2mMetrics API Tests[2m > [22m[2mPOST /api/projects/:projectId/metrics[2m > [22m[2mshould create metric with exponential progression type
[22m[39m✅ Created feedback table

[90mstdout[2m | backend/src/tests/metrics.test.js[2m > [22m[2mMetrics API Tests[2m > [22m[2mPOST /api/projects/:projectId/metrics[2m > [22m[2mshould create metric with exponential progression type
[22m[39m📦 Seeding Illustrative Examples Portfolio...
ℹ️  Illustrative Examples portfolio already exists, skipping seed

[90mstdout[2m | backend/src/tests/metrics.test.js[2m > [22m[2mMetrics API Tests[2m > [22m[2mPOST /api/projects/:projectId/metrics[2m > [22m[2mshould create metric with exponential progression type
[22m[39m✅ Database ready at backend/data/progress-tracker.db

[90mstdout[2m | backend/src/tests/metrics.test.js[2m > [22m[2mMetrics API Tests[2m > [22m[2mPOST /api/projects/:projectId/metrics[2m > [22m[2mshould create metric with exponential progression type
[22m[39mPeriods generated successfully

[90mstdout[2m | backend/src/tests/metrics.test.js[2m > [22m[2mMetrics API Tests[2m > [22m[2mPOST /api/projects/:projectId/metrics[2m > [22m[2mshould create metric with exponential progression type
[22m[39m✅ Created page_views table

[90mstdout[2m | backend/src/tests/metrics.test.js[2m > [22m[2mMetrics API Tests[2m > [22m[2mPOST /api/projects/:projectId/metrics[2m > [22m[2mshould create metric with logarithmic progression type
[22m[39m✅ Cleaned up user roles

[90mstdout[2m | backend/src/tests/metrics.test.js[2m > [22m[2mMetrics API Tests[2m > [22m[2mPOST /api/projects/:projectId/metrics[2m > [22m[2mshould create metric with logarithmic progression type
[22m[39m✅ Created recovery_plans table

[90mstdout[2m | backend/src/tests/metrics.test.js[2m > [22m[2mMetrics API Tests[2m > [22m[2mPOST /api/projects/:projectId/metrics[2m > [22m[2mshould create metric with logarithmic progression type
[22m[39m✅ Created spaces table

[90mstdout[2m | backend/src/tests/metrics.test.js[2m > [22m[2mMetrics API Tests[2m > [22m[2mPOST /api/projects/:projectId/metrics[2m > [22m[2mshould create metric with logarithmic progression type
[22m[39mCreating metric: {
  projectId: [32m'1'[39m,
  name: [32m'Logarithmic Metric'[39m,
  description: [90mundefined[39m,
  owner_id: [33m1[39m,
  start_date: [32m'2024-01-01'[39m,
  end_date: [32m'2024-06-30'[39m,
  frequency: [32m'monthly'[39m,
  progression_type: [32m'logarithmic'[39m,
  final_target: [33m100[39m
}

[90mstdout[2m | backend/src/tests/metrics.test.js[2m > [22m[2mMetrics API Tests[2m > [22m[2mPOST /api/projects/:projectId/metrics[2m > [22m[2mshould create metric with logarithmic progression type
[22m[39m✅ Created index for space_id in portfolios

[90mstdout[2m | backend/src/tests/metrics.test.js[2m > [22m[2mMetrics API Tests[2m > [22m[2mPOST /api/projects/:projectId/metrics[2m > [22m[2mshould create metric with logarithmic progression type
[22m[39mMetric created with ID: [33m5[39m
Generating periods...

[90mstdout[2m | backend/src/tests/metrics.test.js[2m > [22m[2mMetrics API Tests[2m > [22m[2mPOST /api/projects/:projectId/metrics[2m > [22m[2mshould create metric with logarithmic progression type
[22m[39m✅ Created project_links table

[90mstdout[2m | backend/src/tests/metrics.test.js[2m > [22m[2mMetrics API Tests[2m > [22m[2mPOST /api/projects/:projectId/metrics[2m > [22m[2mshould create metric with logarithmic progression type
[22m[39m✅ Created project_dependencies table

[90mstdout[2m | backend/src/tests/metrics.test.js[2m > [22m[2mMetrics API Tests[2m > [22m[2mPOST /api/projects/:projectId/metrics[2m > [22m[2mshould create metric with logarithmic progression type
[22m[39m✅ Created portfolios table

[90mstdout[2m | backend/src/tests/metrics.test.js[2m > [22m[2mMetrics API Tests[2m > [22m[2mPOST /api/projects/:projectId/metrics[2m > [22m[2mshould create metric with logarithmic progression type
[22m[39m✅ Created indexes for project_dependencies

[90mstdout[2m | backend/src/tests/metrics.test.js[2m > [22m[2mMetrics API Tests[2m > [22m[2mPOST /api/projects/:projectId/metrics[2m > [22m[2mshould create metric with logarithmic progression type
[22m[39m✅ Created milestones table

[90mstdout[2m | backend/src/tests/metrics.test.js[2m > [22m[2mMetrics API Tests[2m > [22m[2mPOST /api/projects/:projectId/metrics[2m > [22m[2mshould create metric with logarithmic progression type
[22m[39m✅ Created index for milestones

[90mstdout[2m | backend/src/tests/metrics.test.js[2m > [22m[2mMetrics API Tests[2m > [22m[2mPOST /api/projects/:projectId/metrics[2m > [22m[2mshould create metric with logarithmic progression type
[22m[39m✅ Created feedback table

[90mstdout[2m | backend/src/tests/metrics.test.js[2m > [22m[2mMetrics API Tests[2m > [22m[2mPOST /api/projects/:projectId/metrics[2m > [22m[2mshould create metric with logarithmic progression type
[22m[39m✅ Created performance indexes

[90mstdout[2m | backend/src/tests/metrics.test.js[2m > [22m[2mMetrics API Tests[2m > [22m[2mPOST /api/projects/:projectId/metrics[2m > [22m[2mshould create metric with logarithmic progression type
[22m[39mPeriods generated successfully

[90mstdout[2m | backend/src/tests/metrics.test.js[2m > [22m[2mMetrics API Tests[2m > [22m[2mPOST /api/projects/:projectId/metrics[2m > [22m[2mshould create metric with logarithmic progression type
[22m[39m📦 Seeding Illustrative Examples Portfolio...
ℹ️  Illustrative Examples portfolio already exists, skipping seed

[90mstdout[2m | backend/src/tests/metrics.test.js[2m > [22m[2mMetrics API Tests[2m > [22m[2mPOST /api/projects/:projectId/metrics[2m > [22m[2mshould create metric with logarithmic progression type
[22m[39m✅ Database ready at backend/data/progress-tracker.db

[90mstdout[2m | backend/src/tests/metrics.test.js[2m > [22m[2mMetrics API Tests[2m > [22m[2mPOST /api/projects/:projectId/metrics[2m > [22m[2mshould create metric with logarithmic progression type
[22m[39m✅ Created page_views table

[90mstdout[2m | backend/src/tests/metrics.test.js[2m > [22m[2mMetrics API Tests[2m > [22m[2mPOST /api/projects/:projectId/metrics[2m > [22m[2mshould create metric with fortnightly frequency
[22m[39m✅ Cleaned up user roles

[90mstdout[2m | backend/src/tests/metrics.test.js[2m > [22m[2mMetrics API Tests[2m > [22m[2mPOST /api/projects/:projectId/metrics[2m > [22m[2mshould create metric with fortnightly frequency
[22m[39m✅ Created recovery_plans table

[90mstdout[2m | backend/src/tests/metrics.test.js[2m > [22m[2mMetrics API Tests[2m > [22m[2mPOST /api/projects/:projectId/metrics[2m > [22m[2mshould create metric with fortnightly frequency
[22m[39m✅ Created spaces table

[90mstdout[2m | backend/src/tests/metrics.test.js[2m > [22m[2mMetrics API Tests[2m > [22m[2mPOST /api/projects/:projectId/metrics[2m > [22m[2mshould create metric with fortnightly frequency
[22m[39mCreating metric: {
  projectId: [32m'1'[39m,
  name: [32m'Fortnightly Metric'[39m,
  description: [90mundefined[39m,
  owner_id: [33m1[39m,
  start_date: [32m'2024-01-01'[39m,
  end_date: [32m'2024-03-31'[39m,
  frequency: [32m'fortnightly'[39m,
  progression_type: [32m'linear'[39m,
  final_target: [33m100[39m
}

[90mstdout[2m | backend/src/tests/metrics.test.js[2m > [22m[2mMetrics API Tests[2m > [22m[2mPOST /api/projects/:projectId/metrics[2m > [22m[2mshould create metric with fortnightly frequency
[22m[39mMetric created with ID: [33m6[39m
Generating periods...

[90mstdout[2m | backend/src/tests/metrics.test.js[2m > [22m[2mMetrics API Tests[2m > [22m[2mPOST /api/projects/:projectId/metrics[2m > [22m[2mshould create metric with fortnightly frequency
[22m[39m✅ Created index for space_id in portfolios

[90mstdout[2m | backend/src/tests/metrics.test.js[2m > [22m[2mMetrics API Tests[2m > [22m[2mPOST /api/projects/:projectId/metrics[2m > [22m[2mshould create metric with fortnightly frequency
[22m[39m✅ Created project_links table

[90mstdout[2m | backend/src/tests/metrics.test.js[2m > [22m[2mMetrics API Tests[2m > [22m[2mPOST /api/projects/:projectId/metrics[2m > [22m[2mshould create metric with fortnightly frequency
[22m[39m✅ Created project_dependencies table

[90mstdout[2m | backend/src/tests/metrics.test.js[2m > [22m[2mMetrics API Tests[2m > [22m[2mPOST /api/projects/:projectId/metrics[2m > [22m[2mshould create metric with fortnightly frequency
[22m[39m✅ Created portfolios table

[90mstdout[2m | backend/src/tests/metrics.test.js[2m > [22m[2mMetrics API Tests[2m > [22m[2mPOST /api/projects/:projectId/metrics[2m > [22m[2mshould create metric with fortnightly frequency
[22m[39m✅ Created indexes for project_dependencies

[90mstdout[2m | backend/src/tests/metrics.test.js[2m > [22m[2mMetrics API Tests[2m > [22m[2mPOST /api/projects/:projectId/metrics[2m > [22m[2mshould create metric with fortnightly frequency
[22m[39m✅ Created milestones table

[90mstdout[2m | backend/src/tests/metrics.test.js[2m > [22m[2mMetrics API Tests[2m > [22m[2mPOST /api/projects/:projectId/metrics[2m > [22m[2mshould create metric with fortnightly frequency
[22m[39m✅ Created index for milestones

[90mstdout[2m | backend/src/tests/metrics.test.js[2m > [22m[2mMetrics API Tests[2m > [22m[2mPOST /api/projects/:projectId/metrics[2m > [22m[2mshould create metric with fortnightly frequency
[22m[39m✅ Created feedback table

[90mstdout[2m | backend/src/tests/metrics.test.js[2m > [22m[2mMetrics API Tests[2m > [22m[2mPOST /api/projects/:projectId/metrics[2m > [22m[2mshould create metric with fortnightly frequency
[22m[39m✅ Created performance indexes

[90mstdout[2m | backend/src/tests/metrics.test.js[2m > [22m[2mMetrics API Tests[2m > [22m[2mPOST /api/projects/:projectId/metrics[2m > [22m[2mshould create metric with fortnightly frequency
[22m[39mPeriods generated successfully

[90mstdout[2m | backend/src/tests/metrics.test.js[2m > [22m[2mMetrics API Tests[2m > [22m[2mPOST /api/projects/:projectId/metrics[2m > [22m[2mshould create metric with fortnightly frequency
[22m[39m📦 Seeding Illustrative Examples Portfolio...
ℹ️  Illustrative Examples portfolio already exists, skipping seed

[90mstdout[2m | backend/src/tests/metrics.test.js[2m > [22m[2mMetrics API Tests[2m > [22m[2mPOST /api/projects/:projectId/metrics[2m > [22m[2mshould create metric with fortnightly frequency
[22m[39m✅ Database ready at backend/data/progress-tracker.db

[90mstdout[2m | backend/src/tests/metrics.test.js[2m > [22m[2mMetrics API Tests[2m > [22m[2mPOST /api/projects/:projectId/metrics[2m > [22m[2mshould create metric with fortnightly frequency
[22m[39m✅ Created page_views table

[90mstdout[2m | backend/src/tests/metrics.test.js[2m > [22m[2mMetrics API Tests[2m > [22m[2mPOST /api/projects/:projectId/metrics[2m > [22m[2mshould create metric with weekly frequency
[22m[39m✅ Created recovery_plans table

[90mstdout[2m | backend/src/tests/metrics.test.js[2m > [22m[2mMetrics API Tests[2m > [22m[2mPOST /api/projects/:projectId/metrics[2m > [22m[2mshould create metric with weekly frequency
[22m[39m✅ Cleaned up user roles

[90mstdout[2m | backend/src/tests/metrics.test.js[2m > [22m[2mMetrics API Tests[2m > [22m[2mPOST /api/projects/:projectId/metrics[2m > [22m[2mshould create metric with weekly frequency
[22m[39m✅ Created spaces table

[90mstdout[2m | backend/src/tests/metrics.test.js[2m > [22m[2mMetrics API Tests[2m > [22m[2mPOST /api/projects/:projectId/metrics[2m > [22m[2mshould create metric with weekly frequency
[22m[39m✅ Created index for space_id in portfolios

[90mstdout[2m | backend/src/tests/metrics.test.js[2m > [22m[2mMetrics API Tests[2m > [22m[2mPOST /api/projects/:projectId/metrics[2m > [22m[2mshould create metric with weekly frequency
[22m[39mCreating metric: {
  projectId: [32m'1'[39m,
  name: [32m'Weekly Metric'[39m,
  description: [90mundefined[39m,
  owner_id: [33m1[39m,
  start_date: [32m'2024-01-01'[39m,
  end_date: [32m'2024-01-31'[39m,
  frequency: [32m'weekly'[39m,
  progression_type: [32m'linear'[39m,
  final_target: [33m100[39m
}

[90mstdout[2m | backend/src/tests/metrics.test.js[2m > [22m[2mMetrics API Tests[2m > [22m[2mPOST /api/projects/:projectId/metrics[2m > [22m[2mshould create metric with weekly frequency
[22m[39mMetric created with ID: [33m7[39m
Generating periods...

[90mstdout[2m | backend/src/tests/metrics.test.js[2m > [22m[2mMetrics API Tests[2m > [22m[2mPOST /api/projects/:projectId/metrics[2m > [22m[2mshould create metric with weekly frequency
[22m[39m✅ Created project_links table

[90mstdout[2m | backend/src/tests/metrics.test.js[2m > [22m[2mMetrics API Tests[2m > [22m[2mPOST /api/projects/:projectId/metrics[2m > [22m[2mshould create metric with weekly frequency
[22m[39m✅ Created project_dependencies table

[90mstdout[2m | backend/src/tests/metrics.test.js[2m > [22m[2mMetrics API Tests[2m > [22m[2mPOST /api/projects/:projectId/metrics[2m > [22m[2mshould create metric with weekly frequency
[22m[39m✅ Created portfolios table

[90mstdout[2m | backend/src/tests/metrics.test.js[2m > [22m[2mMetrics API Tests[2m > [22m[2mPOST /api/projects/:projectId/metrics[2m > [22m[2mshould create metric with weekly frequency
[22m[39m✅ Created indexes for project_dependencies

[90mstdout[2m | backend/src/tests/metrics.test.js[2m > [22m[2mMetrics API Tests[2m > [22m[2mPOST /api/projects/:projectId/metrics[2m > [22m[2mshould create metric with weekly frequency
[22m[39m✅ Created milestones table

[90mstdout[2m | backend/src/tests/metrics.test.js[2m > [22m[2mMetrics API Tests[2m > [22m[2mPOST /api/projects/:projectId/metrics[2m > [22m[2mshould create metric with weekly frequency
[22m[39m✅ Created index for milestones

[90mstdout[2m | backend/src/tests/metrics.test.js[2m > [22m[2mMetrics API Tests[2m > [22m[2mPOST /api/projects/:projectId/metrics[2m > [22m[2mshould create metric with weekly frequency
[22m[39m✅ Created feedback table

[90mstdout[2m | backend/src/tests/metrics.test.js[2m > [22m[2mMetrics API Tests[2m > [22m[2mPOST /api/projects/:projectId/metrics[2m > [22m[2mshould create metric with weekly frequency
[22m[39mPeriods generated successfully

[90mstdout[2m | backend/src/tests/metrics.test.js[2m > [22m[2mMetrics API Tests[2m > [22m[2mPOST /api/projects/:projectId/metrics[2m > [22m[2mshould create metric with weekly frequency
[22m[39m✅ Created performance indexes

[90mstdout[2m | backend/src/tests/metrics.test.js[2m > [22m[2mMetrics API Tests[2m > [22m[2mPOST /api/projects/:projectId/metrics[2m > [22m[2mshould create metric with weekly frequency
[22m[39m📦 Seeding Illustrative Examples Portfolio...
ℹ️  Illustrative Examples portfolio already exists, skipping seed

[90mstdout[2m | backend/src/tests/metrics.test.js[2m > [22m[2mMetrics API Tests[2m > [22m[2mPOST /api/projects/:projectId/metrics[2m > [22m[2mshould create metric with weekly frequency
[22m[39m✅ Database ready at backend/data/progress-tracker.db

[90mstdout[2m | backend/src/tests/metrics.test.js[2m > [22m[2mMetrics API Tests[2m > [22m[2mPOST /api/projects/:projectId/metrics[2m > [22m[2mshould create metric with weekly frequency
[22m[39m✅ Created page_views table

[90mstdout[2m | backend/src/tests/metrics.test.js[2m > [22m[2mMetrics API Tests[2m > [22m[2mPOST /api/projects/:projectId/metrics[2m > [22m[2mshould support adding interim periods with off-schedule dates
[22m[39m✅ Cleaned up user roles

[90mstdout[2m | backend/src/tests/metrics.test.js[2m > [22m[2mMetrics API Tests[2m > [22m[2mPOST /api/projects/:projectId/metrics[2m > [22m[2mshould support adding interim periods with off-schedule dates
[22m[39m✅ Created recovery_plans table

[90mstdout[2m | backend/src/tests/metrics.test.js[2m > [22m[2mMetrics API Tests[2m > [22m[2mPOST /api/projects/:projectId/metrics[2m > [22m[2mshould support adding interim periods with off-schedule dates
[22m[39m✅ Created spaces table

[90mstdout[2m | backend/src/tests/metrics.test.js[2m > [22m[2mMetrics API Tests[2m > [22m[2mPOST /api/projects/:projectId/metrics[2m > [22m[2mshould support adding interim periods with off-schedule dates
[22m[39mCreating metric: {
  projectId: [32m'1'[39m,
  name: [32m'Monthly Metric with Interim Periods'[39m,
  description: [90mundefined[39m,
  owner_id: [33m1[39m,
  start_date: [32m'2024-01-01'[39m,
  end_date: [32m'2024-03-31'[39m,
  frequency: [32m'monthly'[39m,
  progression_type: [32m'linear'[39m,
  final_target: [33m100[39m
}

[90mstdout[2m | backend/src/tests/consistency-report.test.js[2m > [22m[2mConsistency Report API Tests[2m > [22m[2mSingle Metric Detection
[22m[39mCreating metric: {
  projectId: [32m'1'[39m,
  name: [32m'Only Metric'[39m,
  description: [90mundefined[39m,
  owner_id: [90mundefined[39m,
  start_date: [32m'2025-01-01'[39m,
  end_date: [32m'2025-12-31'[39m,
  frequency: [32m'monthly'[39m,
  progression_type: [32m'linear'[39m,
  final_target: [33m100[39m
}

[90mstdout[2m | backend/src/tests/metrics.test.js[2m > [22m[2mMetrics API Tests[2m > [22m[2mPOST /api/projects/:projectId/metrics[2m > [22m[2mshould support adding interim periods with off-schedule dates
[22m[39mMetric created with ID: [33m8[39m
Generating periods...

[90mstdout[2m | backend/src/tests/metrics.test.js[2m > [22m[2mMetrics API Tests[2m > [22m[2mPOST /api/projects/:projectId/metrics[2m > [22m[2mshould support adding interim periods with off-schedule dates
[22m[39m✅ Created index for space_id in portfolios

[90mstdout[2m | backend/src/tests/metrics.test.js[2m > [22m[2mMetrics API Tests[2m > [22m[2mPOST /api/projects/:projectId/metrics[2m > [22m[2mshould support adding interim periods with off-schedule dates
[22m[39m✅ Created project_links table

[90mstdout[2m | backend/src/tests/consistency-report.test.js[2m > [22m[2mConsistency Report API Tests[2m > [22m[2mSingle Metric Detection
[22m[39mMetric created with ID: [33m1[39m
Generating periods...

[90mstdout[2m | backend/src/tests/metrics.test.js[2m > [22m[2mMetrics API Tests[2m > [22m[2mPOST /api/projects/:projectId/metrics[2m > [22m[2mshould support adding interim periods with off-schedule dates
[22m[39m✅ Created portfolios table

[90mstdout[2m | backend/src/tests/metrics.test.js[2m > [22m[2mMetrics API Tests[2m > [22m[2mPOST /api/projects/:projectId/metrics[2m > [22m[2mshould support adding interim periods with off-schedule dates
[22m[39m✅ Created project_dependencies table

[90mstdout[2m | backend/src/tests/metrics.test.js[2m > [22m[2mMetrics API Tests[2m > [22m[2mPOST /api/projects/:projectId/metrics[2m > [22m[2mshould support adding interim periods with off-schedule dates
[22m[39mPeriods generated successfully

[90mstdout[2m | backend/src/tests/metrics.test.js[2m > [22m[2mMetrics API Tests[2m > [22m[2mPOST /api/projects/:projectId/metrics[2m > [22m[2mshould support adding interim periods with off-schedule dates
[22m[39m✅ Created indexes for project_dependencies

[90mstdout[2m | backend/src/tests/consistency-report.test.js[2m > [22m[2mConsistency Report API Tests[2m > [22m[2mSingle Metric Detection
[22m[39mPeriods generated successfully

[90mstdout[2m | backend/src/tests/metrics.test.js[2m > [22m[2mMetrics API Tests[2m > [22m[2mPOST /api/projects/:projectId/metrics[2m > [22m[2mshould support adding interim periods with off-schedule dates
[22m[39m✅ Created milestones table

[90mstdout[2m | backend/src/tests/metrics.test.js[2m > [22m[2mMetrics API Tests[2m > [22m[2mPOST /api/projects/:projectId/metrics[2m > [22m[2mshould support adding interim periods with off-schedule dates
[22m[39m✅ Created feedback table

[90mstdout[2m | backend/src/tests/metrics.test.js[2m > [22m[2mMetrics API Tests[2m > [22m[2mPOST /api/projects/:projectId/metrics[2m > [22m[2mshould support adding interim periods with off-schedule dates
[22m[39m✅ Created index for milestones

[90mstdout[2m | backend/src/tests/metrics.test.js[2m > [22m[2mMetrics API Tests[2m > [22m[2mPOST /api/projects/:projectId/metrics[2m > [22m[2mshould support adding interim periods with off-schedule dates
[22m[39m✅ Created performance indexes

[90mstdout[2m | backend/src/tests/metrics.test.js[2m > [22m[2mMetrics API Tests[2m > [22m[2mPOST /api/projects/:projectId/metrics[2m > [22m[2mshould support adding interim periods with off-schedule dates
[22m[39m✅ Cleaned up user roles

[90mstdout[2m | backend/src/tests/metrics.test.js[2m > [22m[2mMetrics API Tests[2m > [22m[2mPOST /api/projects/:projectId/metrics[2m > [22m[2mshould support adding interim periods with off-schedule dates
[22m[39m📦 Seeding Illustrative Examples Portfolio...
ℹ️  Illustrative Examples portfolio already exists, skipping seed

[90mstdout[2m | backend/src/tests/metrics.test.js[2m > [22m[2mMetrics API Tests[2m > [22m[2mPOST /api/projects/:projectId/metrics[2m > [22m[2mshould support adding interim periods with off-schedule dates
[22m[39m✅ Database ready at backend/data/progress-tracker.db

[90mstdout[2m | backend/src/tests/metrics.test.js[2m > [22m[2mMetrics API Tests[2m > [22m[2mPOST /api/projects/:projectId/metrics[2m > [22m[2mshould support adding interim periods with off-schedule dates
[22m[39m✅ Created page_views table

[90mstdout[2m | backend/src/tests/metric-periods.test.js[2m > [22m[2mMetric Periods API Tests
[22m[39mCreating metric: {
  projectId: [32m'1'[39m,
  name: [32m'Test Metric'[39m,
  description: [90mundefined[39m,
  owner_id: [90mundefined[39m,
  start_date: [32m'2025-01-01'[39m,
  end_date: [32m'2025-12-31'[39m,
  frequency: [32m'monthly'[39m,
  progression_type: [32m'linear'[39m,
  final_target: [33m100[39m
}

[90mstdout[2m | backend/src/tests/consistency-report.test.js[2m > [22m[2mConsistency Report API Tests[2m > [22m[2mNo Lead Metrics Detection
[22m[39mCreating metric: {
  projectId: [32m'2'[39m,
  name: [32m'Lag Metric 1'[39m,
  description: [90mundefined[39m,
  owner_id: [90mundefined[39m,
  start_date: [32m'2025-01-01'[39m,
  end_date: [32m'2025-06-30'[39m,
  frequency: [32m'monthly'[39m,
  progression_type: [32m'linear'[39m,
  final_target: [33m50[39m
}

[90mstdout[2m | backend/src/tests/consistency-report.test.js[2m > [22m[2mConsistency Report API Tests[2m > [22m[2mNo Lead Metrics Detection
[22m[39mMetric created with ID: [33m2[39m
Generating periods...

[90mstdout[2m | backend/src/tests/metric-periods.test.js[2m > [22m[2mMetric Periods API Tests
[22m[39mMetric created with ID: [33m1[39m
Generating periods...

[90mstdout[2m | backend/src/tests/metrics.test.js[2m > [22m[2mMetrics API Tests[2m > [22m[2mPOST /api/projects/:projectId/metrics[2m > [22m[2mshould support adding interim periods with off-schedule dates
[22m[39m✅ Created project_links table

[90mstdout[2m | backend/src/tests/consistency-report.test.js[2m > [22m[2mConsistency Report API Tests[2m > [22m[2mNo Lead Metrics Detection
[22m[39mPeriods generated successfully

[90mstdout[2m | backend/src/tests/metric-periods.test.js[2m > [22m[2mMetric Periods API Tests
[22m[39mPeriods generated successfully

[90mstdout[2m | backend/src/tests/consistency-report.test.js[2m > [22m[2mConsistency Report API Tests[2m > [22m[2mNo Lead Metrics Detection
[22m[39mCreating metric: {
  projectId: [32m'2'[39m,
  name: [32m'Lag Metric 2'[39m,
  description: [90mundefined[39m,
  owner_id: [90mundefined[39m,
  start_date: [32m'2025-07-01'[39m,
  end_date: [32m'2025-12-31'[39m,
  frequency: [32m'monthly'[39m,
  progression_type: [32m'linear'[39m,
  final_target: [33m50[39m
}

[90mstdout[2m | backend/src/tests/consistency-report.test.js[2m > [22m[2mConsistency Report API Tests[2m > [22m[2mNo Lead Metrics Detection
[22m[39mMetric created with ID: [33m3[39m
Generating periods...

[90mstdout[2m | backend/src/tests/metrics.test.js[2m > [22m[2mMetrics API Tests[2m > [22m[2mPOST /api/projects/:projectId/metrics[2m > [22m[2mshould support adding interim periods with off-schedule dates
[22m[39m✅ Created portfolios table

[90mstdout[2m | backend/src/tests/metrics.test.js[2m > [22m[2mMetrics API Tests[2m > [22m[2mPOST /api/projects/:projectId/metrics[2m > [22m[2mshould support adding interim periods with off-schedule dates
[22m[39m✅ Created recovery_plans table

[90mstdout[2m | backend/src/tests/metrics.test.js[2m > [22m[2mMetrics API Tests[2m > [22m[2mPOST /api/projects/:projectId/metrics[2m > [22m[2mshould support adding interim periods with off-schedule dates
[22m[39m✅ Created spaces table

[90mstdout[2m | backend/src/tests/consistency-report.test.js[2m > [22m[2mConsistency Report API Tests[2m > [22m[2mNo Lead Metrics Detection
[22m[39mPeriods generated successfully

[90mstdout[2m | backend/src/tests/metric-periods.test.js[2m > [22m[2mMetric Periods API Tests[2m > [22m[2mGET /api/metrics/:metricId/periods[2m > [22m[2mshould return empty array for metric with no periods
[22m[39mCreating metric: {
  projectId: [32m'1'[39m,
  name: [32m'Empty Metric'[39m,
  description: [90mundefined[39m,
  owner_id: [90mundefined[39m,
  start_date: [32m'2025-01-01'[39m,
  end_date: [32m'2025-03-31'[39m,
  frequency: [32m'monthly'[39m,
  progression_type: [32m'linear'[39m,
  final_target: [33m50[39m
}

[90mstdout[2m | backend/src/tests/metric-periods.test.js[2m > [22m[2mMetric Periods API Tests[2m > [22m[2mGET /api/metrics/:metricId/periods[2m > [22m[2mshould return empty array for metric with no periods
[22m[39mMetric created with ID: [33m2[39m
Generating periods...

[90mstdout[2m | backend/src/tests/metric-periods.test.js[2m > [22m[2mMetric Periods API Tests[2m > [22m[2mGET /api/metrics/:metricId/periods[2m > [22m[2mshould return empty array for metric with no periods
[22m[39mPeriods generated successfully

[90mstdout[2m | backend/src/tests/consistency-report.test.js[2m > [22m[2mConsistency Report API Tests[2m > [22m[2mBack-Loaded Growth Detection
[22m[39mCreating metric: {
  projectId: [32m'3'[39m,
  name: [32m'Back Loaded Metric'[39m,
  description: [90mundefined[39m,
  owner_id: [90mundefined[39m,
  start_date: [32m'2025-01-01'[39m,
  end_date: [32m'2025-12-31'[39m,
  frequency: [32m'monthly'[39m,
  progression_type: [32m'linear'[39m,
  final_target: [33m120[39m
}

[90mstdout[2m | backend/src/tests/consistency-report.test.js[2m > [22m[2mConsistency Report API Tests[2m > [22m[2mBack-Loaded Growth Detection
[22m[39mMetric created with ID: [33m4[39m
Generating periods...

[90mstdout[2m | backend/src/tests/metrics.test.js[2m > [22m[2mMetrics API Tests[2m > [22m[2mPOST /api/projects/:projectId/metrics[2m > [22m[2mshould support adding interim periods with off-schedule dates
[22m[39m✅ Created index for space_id in portfolios

[90mstdout[2m | backend/src/tests/metrics.test.js[2m > [22m[2mMetrics API Tests[2m > [22m[2mPOST /api/projects/:projectId/metrics[2m > [22m[2mshould support adding interim periods with off-schedule dates
[22m[39m✅ Created feedback table

[90mstdout[2m | backend/src/tests/consistency-report.test.js[2m > [22m[2mConsistency Report API Tests[2m > [22m[2mBack-Loaded Growth Detection
[22m[39mPeriods generated successfully

[90mstdout[2m | backend/src/tests/metrics.test.js[2m > [22m[2mMetrics API Tests[2m > [22m[2mPOST /api/projects/:projectId/metrics[2m > [22m[2mshould handle multiple interim periods on same metric
[22m[39m✅ Created project_dependencies table

[90mstdout[2m | backend/src/tests/metrics.test.js[2m > [22m[2mMetrics API Tests[2m > [22m[2mPOST /api/projects/:projectId/metrics[2m > [22m[2mshould handle multiple interim periods on same metric
[22m[39m✅ Created indexes for project_dependencies

[90mstdout[2m | backend/src/tests/metrics.test.js[2m > [22m[2mMetrics API Tests[2m > [22m[2mPOST /api/projects/:projectId/metrics[2m > [22m[2mshould handle multiple interim periods on same metric
[22m[39m✅ Created milestones table

[90mstdout[2m | backend/src/tests/metrics.test.js[2m > [22m[2mMetrics API Tests[2m > [22m[2mPOST /api/projects/:projectId/metrics[2m > [22m[2mshould handle multiple interim periods on same metric
[22m[39mCreating metric: {
  projectId: [32m'1'[39m,
  name: [32m'Metric with Multiple Interim Periods'[39m,
  description: [90mundefined[39m,
  owner_id: [33m1[39m,
  start_date: [32m'2024-01-01'[39m,
  end_date: [32m'2024-03-31'[39m,
  frequency: [32m'monthly'[39m,
  progression_type: [32m'linear'[39m,
  final_target: [33m100[39m
}

[90mstdout[2m | backend/src/tests/metrics.test.js[2m > [22m[2mMetrics API Tests[2m > [22m[2mPOST /api/projects/:projectId/metrics[2m > [22m[2mshould handle multiple interim periods on same metric
[22m[39m✅ Created index for milestones

[90mstdout[2m | backend/src/tests/metrics.test.js[2m > [22m[2mMetrics API Tests[2m > [22m[2mPOST /api/projects/:projectId/metrics[2m > [22m[2mshould handle multiple interim periods on same metric
[22m[39mMetric created with ID: [33m9[39m
Generating periods...

[90mstdout[2m | backend/src/tests/metrics.test.js[2m > [22m[2mMetrics API Tests[2m > [22m[2mPOST /api/projects/:projectId/metrics[2m > [22m[2mshould handle multiple interim periods on same metric
[22m[39m✅ Created page_views table

[90mstdout[2m | backend/src/tests/portfolios.test.js[2m > [22m[2mPortfolio Management API Tests[2m > [22m[2mRAG Status Calculation Verification[2m > [22m[2mshould return GREEN when complete >= expected
[22m[39m✅ Cleaned up user roles

[90mstdout[2m | backend/src/tests/metrics.test.js[2m > [22m[2mMetrics API Tests[2m > [22m[2mPOST /api/projects/:projectId/metrics[2m > [22m[2mshould handle multiple interim periods on same metric
[22m[39m✅ Created performance indexes

[90mstdout[2m | backend/src/tests/portfolios.test.js[2m > [22m[2mPortfolio Management API Tests[2m > [22m[2mRAG Status Calculation Verification[2m > [22m[2mshould return GREEN when complete >= expected
[22m[39mCreating metric: {
  projectId: [32m'1'[39m,
  name: [32m'RAG Calc Metric'[39m,
  description: [90mundefined[39m,
  owner_id: [90mundefined[39m,
  start_date: [32m'2024-01-01'[39m,
  end_date: [32m'2024-12-31'[39m,
  frequency: [32m'monthly'[39m,
  progression_type: [32m'linear'[39m,
  final_target: [33m100[39m
}

[90mstdout[2m | backend/src/tests/metrics.test.js[2m > [22m[2mMetrics API Tests[2m > [22m[2mPOST /api/projects/:projectId/metrics[2m > [22m[2mshould handle multiple interim periods on same metric
[22m[39m📦 Seeding Illustrative Examples Portfolio...
ℹ️  Illustrative Examples portfolio already exists, skipping seed

[90mstdout[2m | backend/src/tests/metrics.test.js[2m > [22m[2mMetrics API Tests[2m > [22m[2mPOST /api/projects/:projectId/metrics[2m > [22m[2mshould handle multiple interim periods on same metric
[22m[39m✅ Database ready at backend/data/progress-tracker.db

[90mstdout[2m | backend/src/tests/portfolios.test.js[2m > [22m[2mPortfolio Management API Tests[2m > [22m[2mRAG Status Calculation Verification[2m > [22m[2mshould return GREEN when complete >= expected
[22m[39mMetric created with ID: [33m1[39m
Generating periods...

[90mstdout[2m | backend/src/tests/metrics.test.js[2m > [22m[2mMetrics API Tests[2m > [22m[2mPOST /api/projects/:projectId/metrics[2m > [22m[2mshould handle multiple interim periods on same metric
[22m[39mPeriods generated successfully

[90mstdout[2m | backend/src/tests/portfolios.test.js[2m > [22m[2mPortfolio Management API Tests[2m > [22m[2mRAG Status Calculation Verification[2m > [22m[2mshould return GREEN when complete >= expected
[22m[39m✅ Created project_links table

[90mstdout[2m | backend/src/tests/metrics.test.js[2m > [22m[2mMetrics API Tests[2m > [22m[2mPOST /api/projects/:projectId/metrics[2m > [22m[2mshould handle multiple interim periods on same metric
[22m[39m✅ Created recovery_plans table

[90mstdout[2m | backend/src/tests/portfolios.test.js[2m > [22m[2mPortfolio Management API Tests[2m > [22m[2mRAG Status Calculation Verification[2m > [22m[2mshould return GREEN when complete >= expected
[22m[39m✅ Created portfolios table

[90mstdout[2m | backend/src/tests/portfolios.test.js[2m > [22m[2mPortfolio Management API Tests[2m > [22m[2mRAG Status Calculation Verification[2m > [22m[2mshould return GREEN when complete >= expected
[22m[39m✅ Created feedback table

[90mstdout[2m | backend/src/tests/consistency-report.test.js[2m > [22m[2mConsistency Report API Tests[2m > [22m[2mTimeline Gap Detection
[22m[39mCreating metric: {
  projectId: [32m'4'[39m,
  name: [32m'First Half Metric'[39m,
  description: [90mundefined[39m,
  owner_id: [90mundefined[39m,
  start_date: [32m'2025-01-01'[39m,
  end_date: [32m'2025-06-30'[39m,
  frequency: [32m'monthly'[39m,
  progression_type: [32m'linear'[39m,
  final_target: [33m50[39m
}

[90mstdout[2m | backend/src/tests/portfolios.test.js[2m > [22m[2mPortfolio Management API Tests[2m > [22m[2mRAG Status Calculation Verification[2m > [22m[2mshould return GREEN when complete >= expected
[22m[39m✅ Created page_views table

[90mstdout[2m | backend/src/tests/consistency-report.test.js[2m > [22m[2mConsistency Report API Tests[2m > [22m[2mTimeline Gap Detection
[22m[39mMetric created with ID: [33m5[39m
Generating periods...

[90mstdout[2m | backend/src/tests/portfolios.test.js[2m > [22m[2mPortfolio Management API Tests[2m > [22m[2mRAG Status Calculation Verification[2m > [22m[2mshould return GREEN when complete >= expected
[22m[39m✅ Created recovery_plans table

[90mstdout[2m | backend/src/tests/portfolios.test.js[2m > [22m[2mPortfolio Management API Tests[2m > [22m[2mRAG Status Calculation Verification[2m > [22m[2mshould return GREEN when complete >= expected
[22m[39mPeriods generated successfully

[90mstdout[2m | backend/src/tests/portfolios.test.js[2m > [22m[2mPortfolio Management API Tests[2m > [22m[2mRAG Status Calculation Verification[2m > [22m[2mshould return GREEN when complete >= expected
[22m[39m✅ Created spaces table

[90mstdout[2m | backend/src/tests/consistency-report.test.js[2m > [22m[2mConsistency Report API Tests[2m > [22m[2mTimeline Gap Detection
[22m[39mPeriods generated successfully

[90mstdout[2m | backend/src/tests/metrics.test.js[2m > [22m[2mMetrics API Tests[2m > [22m[2mPOST /api/projects/:projectId/metrics[2m > [22m[2mshould handle multiple interim periods on same metric
[22m[39m✅ Created spaces table

[90mstdout[2m | backend/src/tests/portfolios.test.js[2m > [22m[2mPortfolio Management API Tests[2m > [22m[2mRAG Status Calculation Verification[2m > [22m[2mshould return GREEN when complete >= expected
[22m[39m✅ Created index for space_id in portfolios

[90mstdout[2m | backend/src/tests/portfolios.test.js[2m > [22m[2mPortfolio Management API Tests[2m > [22m[2mRAG Status Calculation Verification[2m > [22m[2mshould return GREEN when complete >= expected
[22m[39m✅ Created project_dependencies table

[90mstdout[2m | backend/src/tests/portfolios.test.js[2m > [22m[2mPortfolio Management API Tests[2m > [22m[2mRAG Status Calculation Verification[2m > [22m[2mshould return GREEN when complete >= expected
[22m[39m✅ Created indexes for project_dependencies

[90mstdout[2m | backend/src/tests/metrics.test.js[2m > [22m[2mMetrics API Tests[2m > [22m[2mPOST /api/projects/:projectId/metrics[2m > [22m[2mshould handle multiple interim periods on same metric
[22m[39m✅ Created index for space_id in portfolios

[90mstdout[2m | backend/src/tests/portfolios.test.js[2m > [22m[2mPortfolio Management API Tests[2m > [22m[2mRAG Status Calculation Verification[2m > [22m[2mshould return GREEN when complete >= expected
[22m[39m✅ Created milestones table

[90mstdout[2m | backend/src/tests/portfolios.test.js[2m > [22m[2mPortfolio Management API Tests[2m > [22m[2mRAG Status Calculation Verification[2m > [22m[2mshould return GREEN when complete >= expected
[22m[39m✅ Created index for milestones

[90mstdout[2m | backend/src/tests/metrics.test.js[2m > [22m[2mMetrics API Tests[2m > [22m[2mPOST /api/projects/:projectId/metrics[2m > [22m[2mshould handle multiple interim periods on same metric
[22m[39m✅ Cleaned up user roles

[90mstdout[2m | backend/src/tests/metrics.test.js[2m > [22m[2mMetrics API Tests[2m > [22m[2mPOST /api/projects/:projectId/metrics[2m > [22m[2mshould handle multiple interim periods on same metric
[22m[39m✅ Created project_dependencies table

[90mstdout[2m | backend/src/tests/portfolios.test.js[2m > [22m[2mPortfolio Management API Tests[2m > [22m[2mRAG Status Calculation Verification[2m > [22m[2mshould return GREEN when variance is within tolerance (< 5%)
[22m[39m✅ Created performance indexes

[90mstdout[2m | backend/src/tests/portfolios.test.js[2m > [22m[2mPortfolio Management API Tests[2m > [22m[2mRAG Status Calculation Verification[2m > [22m[2mshould return GREEN when variance is within tolerance (< 5%)
[22m[39m📦 Seeding Illustrative Examples Portfolio...
ℹ️  Illustrative Examples portfolio already exists, skipping seed

[90mstdout[2m | backend/src/tests/portfolios.test.js[2m > [22m[2mPortfolio Management API Tests[2m > [22m[2mRAG Status Calculation Verification[2m > [22m[2mshould return GREEN when variance is within tolerance (< 5%)
[22m[39m✅ Database ready at backend/data/progress-tracker.db

[90mstdout[2m | backend/src/tests/portfolios.test.js[2m > [22m[2mPortfolio Management API Tests[2m > [22m[2mRAG Status Calculation Verification[2m > [22m[2mshould return GREEN when variance is within tolerance (< 5%)
[22m[39mCreating metric: {
  projectId: [32m'2'[39m,
  name: [32m'RAG Calc Metric'[39m,
  description: [90mundefined[39m,
  owner_id: [90mundefined[39m,
  start_date: [32m'2024-01-01'[39m,
  end_date: [32m'2024-12-31'[39m,
  frequency: [32m'monthly'[39m,
  progression_type: [32m'linear'[39m,
  final_target: [33m100[39m
}

[90mstdout[2m | backend/src/tests/portfolios.test.js[2m > [22m[2mPortfolio Management API Tests[2m > [22m[2mRAG Status Calculation Verification[2m > [22m[2mshould return GREEN when variance is within tolerance (< 5%)
[22m[39mMetric created with ID: [33m2[39m
Generating periods...

[90mstdout[2m | backend/src/tests/metrics.test.js[2m > [22m[2mMetrics API Tests[2m > [22m[2mPOST /api/projects/:projectId/metrics[2m > [22m[2mshould handle multiple interim periods on same metric
[22m[39m✅ Created indexes for project_dependencies

[90mstdout[2m | backend/src/tests/metrics.test.js[2m > [22m[2mMetrics API Tests[2m > [22m[2mPOST /api/projects/:projectId/metrics[2m > [22m[2mshould handle multiple interim periods on same metric
[22m[39m✅ Created milestones table

[90mstdout[2m | backend/src/tests/metrics.test.js[2m > [22m[2mMetrics API Tests[2m > [22m[2mPOST /api/projects/:projectId/metrics[2m > [22m[2mshould handle multiple interim periods on same metric
[22m[39m✅ Created index for milestones

[90mstdout[2m | backend/src/tests/metrics.test.js[2m > [22m[2mMetrics API Tests[2m > [22m[2mPOST /api/projects/:projectId/metrics[2m > [22m[2mshould handle multiple interim periods on same metric
[22m[39m✅ Created project_links table

[90mstdout[2m | backend/src/tests/metrics.test.js[2m > [22m[2mMetrics API Tests[2m > [22m[2mPOST /api/projects/:projectId/metrics[2m > [22m[2mshould handle multiple interim periods on same metric
[22m[39m✅ Created portfolios table

[90mstdout[2m | backend/src/tests/consistency-report.test.js[2m > [22m[2mConsistency Report API Tests[2m > [22m[2mPortfolio Filtering
[22m[39mCreating metric: {
  projectId: [32m'5'[39m,
  name: [32m'Portfolio Metric'[39m,
  description: [90mundefined[39m,
  owner_id: [90mundefined[39m,
  start_date: [32m'2025-01-01'[39m,
  end_date: [32m'2025-12-31'[39m,
  frequency: [32m'monthly'[39m,
  progression_type: [32m'linear'[39m,
  final_target: [33m100[39m
}

[90mstdout[2m | backend/src/tests/consistency-report.test.js[2m > [22m[2mConsistency Report API Tests[2m > [22m[2mPortfolio Filtering
[22m[39mMetric created with ID: [33m6[39m
Generating periods...

[90mstdout[2m | backend/src/tests/portfolios.test.js[2m > [22m[2mPortfolio Management API Tests[2m > [22m[2mRAG Status Calculation Verification[2m > [22m[2mshould return GREEN when variance is within tolerance (< 5%)
[22m[39mPeriods generated successfully

[90mstdout[2m | backend/src/tests/consistency-report.test.js[2m > [22m[2mConsistency Report API Tests[2m > [22m[2mPortfolio Filtering
[22m[39mPeriods generated successfully

[90mstdout[2m | backend/src/tests/metrics.test.js[2m > [22m[2mMetrics API Tests[2m > [22m[2mPOST /api/projects/:projectId/metrics[2m > [22m[2mshould handle multiple interim periods on same metric
[22m[39m✅ Created performance indexes

[90mstdout[2m | backend/src/tests/metrics.test.js[2m > [22m[2mMetrics API Tests[2m > [22m[2mPOST /api/projects/:projectId/metrics[2m > [22m[2mshould handle multiple interim periods on same metric
[22m[39m📦 Seeding Illustrative Examples Portfolio...
ℹ️  Illustrative Examples portfolio already exists, skipping seed

[90mstdout[2m | backend/src/tests/metrics.test.js[2m > [22m[2mMetrics API Tests[2m > [22m[2mPOST /api/projects/:projectId/metrics[2m > [22m[2mshould handle multiple interim periods on same metric
[22m[39m✅ Database ready at backend/data/progress-tracker.db

[90mstdout[2m | backend/src/tests/metrics.test.js[2m > [22m[2mMetrics API Tests[2m > [22m[2mPOST /api/projects/:projectId/metrics[2m > [22m[2mshould handle multiple interim periods on same metric
[22m[39m✅ Created feedback table

[90mstdout[2m | backend/src/tests/consistency-report.test.js[2m > [22m[2mConsistency Report API Tests[2m > [22m[2mPortfolio Filtering
[22m[39mCreating metric: {
  projectId: [32m'6'[39m,
  name: [32m'Non-Portfolio Metric'[39m,
  description: [90mundefined[39m,
  owner_id: [90mundefined[39m,
  start_date: [32m'2025-01-01'[39m,
  end_date: [32m'2025-12-31'[39m,
  frequency: [32m'monthly'[39m,
  progression_type: [32m'linear'[39m,
  final_target: [33m100[39m
}

[90mstdout[2m | backend/src/tests/portfolios.test.js[2m > [22m[2mPortfolio Management API Tests[2m > [22m[2mRAG Status Calculation Verification[2m > [22m[2mshould return AMBER when variance exceeds amber tolerance (5-10%)
[22m[39mCreating metric: {
  projectId: [32m'3'[39m,
  name: [32m'RAG Calc Metric'[39m,
  description: [90mundefined[39m,
  owner_id: [90mundefined[39m,
  start_date: [32m'2024-01-01'[39m,
  end_date: [32m'2024-12-31'[39m,
  frequency: [32m'monthly'[39m,
  progression_type: [32m'linear'[39m,
  final_target: [33m100[39m
}

[90mstdout[2m | backend/src/tests/portfolios.test.js[2m > [22m[2mPortfolio Management API Tests[2m > [22m[2mRAG Status Calculation Verification[2m > [22m[2mshould return AMBER when variance exceeds amber tolerance (5-10%)
[22m[39mMetric created with ID: [33m3[39m
Generating periods...

[90mstdout[2m | backend/src/tests/portfolios.test.js[2m > [22m[2mPortfolio Management API Tests[2m > [22m[2mRAG Status Calculation Verification[2m > [22m[2mshould return AMBER when variance exceeds amber tolerance (5-10%)
[22m[39mPeriods generated successfully

[90mstdout[2m | backend/src/tests/consistency-report.test.js[2m > [22m[2mConsistency Report API Tests[2m > [22m[2mPortfolio Filtering
[22m[39mMetric created with ID: [33m7[39m
Generating periods...

[90mstdout[2m | backend/src/tests/consistency-report.test.js[2m > [22m[2mConsistency Report API Tests[2m > [22m[2mPortfolio Filtering
[22m[39mPeriods generated successfully

[90mstdout[2m | backend/src/tests/metrics.test.js[2m > [22m[2mMetrics API Tests[2m > [22m[2mPOST /api/projects/:projectId/metrics[2m > [22m[2mshould handle multiple interim periods on same metric
[22m[39m✅ Created page_views table

[90mstdout[2m | backend/src/tests/metrics.test.js[2m > [22m[2mMetrics API Tests[2m > [22m[2mPOST /api/projects/:projectId/metrics[2m > [22m[2mshould distinguish interim periods across different metrics with similar IDs
[22m[39m✅ Created recovery_plans table

[90mstdout[2m | backend/src/tests/metrics.test.js[2m > [22m[2mMetrics API Tests[2m > [22m[2mPOST /api/projects/:projectId/metrics[2m > [22m[2mshould distinguish interim periods across different metrics with similar IDs
[22m[39m✅ Created spaces table

[90mstdout[2m | backend/src/tests/metrics.test.js[2m > [22m[2mMetrics API Tests[2m > [22m[2mPOST /api/projects/:projectId/metrics[2m > [22m[2mshould distinguish interim periods across different metrics with similar IDs
[22m[39m✅ Created index for space_id in portfolios

[90mstdout[2m | backend/src/tests/metrics.test.js[2m > [22m[2mMetrics API Tests[2m > [22m[2mPOST /api/projects/:projectId/metrics[2m > [22m[2mshould distinguish interim periods across different metrics with similar IDs
[22m[39mCreating metric: {
  projectId: [32m'1'[39m,
  name: [32m'First Metric'[39m,
  description: [90mundefined[39m,
  owner_id: [33m1[39m,
  start_date: [32m'2024-01-01'[39m,
  end_date: [32m'2024-03-31'[39m,
  frequency: [32m'monthly'[39m,
  progression_type: [32m'linear'[39m,
  final_target: [33m100[39m
}

[90mstdout[2m | backend/src/tests/metrics.test.js[2m > [22m[2mMetrics API Tests[2m > [22m[2mPOST /api/projects/:projectId/metrics[2m > [22m[2mshould distinguish interim periods across different metrics with similar IDs
[22m[39mMetric created with ID: [33m10[39m
Generating periods...

[90mstdout[2m | backend/src/tests/metrics.test.js[2m > [22m[2mMetrics API Tests[2m > [22m[2mPOST /api/projects/:projectId/metrics[2m > [22m[2mshould distinguish interim periods across different metrics with similar IDs
[22m[39m✅ Created project_dependencies table

[90mstdout[2m | backend/src/tests/metrics.test.js[2m > [22m[2mMetrics API Tests[2m > [22m[2mPOST /api/projects/:projectId/metrics[2m > [22m[2mshould distinguish interim periods across different metrics with similar IDs
[22m[39m✅ Created indexes for project_dependencies

[90mstdout[2m | backend/src/tests/metrics.test.js[2m > [22m[2mMetrics API Tests[2m > [22m[2mPOST /api/projects/:projectId/metrics[2m > [22m[2mshould distinguish interim periods across different metrics with similar IDs
[22m[39mPeriods generated successfully

[90mstdout[2m | backend/src/tests/metrics.test.js[2m > [22m[2mMetrics API Tests[2m > [22m[2mPOST /api/projects/:projectId/metrics[2m > [22m[2mshould distinguish interim periods across different metrics with similar IDs
[22m[39m✅ Created milestones table

[90mstdout[2m | backend/src/tests/metrics.test.js[2m > [22m[2mMetrics API Tests[2m > [22m[2mPOST /api/projects/:projectId/metrics[2m > [22m[2mshould distinguish interim periods across different metrics with similar IDs
[22m[39m✅ Created index for milestones

[90mstdout[2m | backend/src/tests/metrics.test.js[2m > [22m[2mMetrics API Tests[2m > [22m[2mPOST /api/projects/:projectId/metrics[2m > [22m[2mshould distinguish interim periods across different metrics with similar IDs
[22m[39m✅ Created performance indexes

[90mstdout[2m | backend/src/tests/metrics.test.js[2m > [22m[2mMetrics API Tests[2m > [22m[2mPOST /api/projects/:projectId/metrics[2m > [22m[2mshould distinguish interim periods across different metrics with similar IDs
[22m[39m📦 Seeding Illustrative Examples Portfolio...
ℹ️  Illustrative Examples portfolio already exists, skipping seed

[90mstdout[2m | backend/src/tests/metrics.test.js[2m > [22m[2mMetrics API Tests[2m > [22m[2mPOST /api/projects/:projectId/metrics[2m > [22m[2mshould distinguish interim periods across different metrics with similar IDs
[22m[39m✅ Database ready at backend/data/progress-tracker.db

[90mstdout[2m | backend/src/tests/metrics.test.js[2m > [22m[2mMetrics API Tests[2m > [22m[2mPOST /api/projects/:projectId/metrics[2m > [22m[2mshould distinguish interim periods across different metrics with similar IDs
[22m[39mCreating metric: {
  projectId: [32m'1'[39m,
  name: [32m'Second Metric'[39m,
  description: [90mundefined[39m,
  owner_id: [33m1[39m,
  start_date: [32m'2024-01-01'[39m,
  end_date: [32m'2024-03-31'[39m,
  frequency: [32m'monthly'[39m,
  progression_type: [32m'linear'[39m,
  final_target: [33m200[39m
}

[90mstdout[2m | backend/src/tests/metrics.test.js[2m > [22m[2mMetrics API Tests[2m > [22m[2mPOST /api/projects/:projectId/metrics[2m > [22m[2mshould distinguish interim periods across different metrics with similar IDs
[22m[39mMetric created with ID: [33m11[39m
Generating periods...

[90mstdout[2m | backend/src/tests/metrics.test.js[2m > [22m[2mMetrics API Tests[2m > [22m[2mPOST /api/projects/:projectId/metrics[2m > [22m[2mshould distinguish interim periods across different metrics with similar IDs
[22m[39mPeriods generated successfully

[90mstdout[2m | backend/src/tests/portfolios.test.js[2m > [22m[2mPortfolio Management API Tests[2m > [22m[2mRAG Status Calculation Verification[2m > [22m[2mshould return RED when variance exceeds red tolerance (> 10%)
[22m[39mCreating metric: {
  projectId: [32m'4'[39m,
  name: [32m'RAG Calc Metric'[39m,
  description: [90mundefined[39m,
  owner_id: [90mundefined[39m,
  start_date: [32m'2024-01-01'[39m,
  end_date: [32m'2024-12-31'[39m,
  frequency: [32m'monthly'[39m,
  progression_type: [32m'linear'[39m,
  final_target: [33m100[39m
}

[90mstdout[2m | backend/src/tests/portfolios.test.js[2m > [22m[2mPortfolio Management API Tests[2m > [22m[2mRAG Status Calculation Verification[2m > [22m[2mshould return RED when variance exceeds red tolerance (> 10%)
[22m[39mMetric created with ID: [33m4[39m
Generating periods...

[90mstdout[2m | backend/src/tests/metrics.test.js[2m > [22m[2mMetrics API Tests[2m > [22m[2mPOST /api/projects/:projectId/metrics[2m > [22m[2mshould distinguish interim periods across different metrics with similar IDs
[22m[39m✅ Cleaned up user roles

[90mstdout[2m | backend/src/tests/metrics.test.js[2m > [22m[2mMetrics API Tests[2m > [22m[2mPOST /api/projects/:projectId/metrics[2m > [22m[2mshould distinguish interim periods across different metrics with similar IDs
[22m[39m✅ Created project_links table

[90mstdout[2m | backend/src/tests/metrics.test.js[2m > [22m[2mMetrics API Tests[2m > [22m[2mPOST /api/projects/:projectId/metrics[2m > [22m[2mshould distinguish interim periods across different metrics with similar IDs
[22m[39m✅ Created portfolios table

[90mstdout[2m | backend/src/tests/portfolios.test.js[2m > [22m[2mPortfolio Management API Tests[2m > [22m[2mRAG Status Calculation Verification[2m > [22m[2mshould return RED when variance exceeds red tolerance (> 10%)
[22m[39mPeriods generated successfully

 [32m✓[39m backend/src/tests/feedback.test.js [2m([22m[2m32 tests[22m[2m)[22m[33m 715[2mms[22m[39m
[90mstdout[2m | backend/src/tests/consistency-report.test.js[2m > [22m[2mConsistency Report API Tests[2m > [22m[2mVacation Month Growth Detection
[22m[39mCreating metric: {
  projectId: [32m'7'[39m,
  name: [32m'Vacation Metric'[39m,
  description: [90mundefined[39m,
  owner_id: [90mundefined[39m,
  start_date: [32m'2024-10-01'[39m,
  end_date: [32m'2025-03-31'[39m,
  frequency: [32m'monthly'[39m,
  progression_type: [32m'linear'[39m,
  final_target: [33m60[39m
}

[90mstdout[2m | backend/src/tests/consistency-report.test.js[2m > [22m[2mConsistency Report API Tests[2m > [22m[2mVacation Month Growth Detection
[22m[39mMetric created with ID: [33m8[39m
Generating periods...

[90mstdout[2m | backend/src/tests/metrics.test.js[2m > [22m[2mMetrics API Tests[2m > [22m[2mGET /api/projects/:projectId/metrics[2m > [22m[2mshould retrieve all metrics for a project
[22m[39m✅ Created feedback table

Not implemented: HTMLCanvasElement's getContext() method: without installing the canvas npm package
[90mstdout[2m | backend/src/tests/consistency-report.test.js[2m > [22m[2mConsistency Report API Tests[2m > [22m[2mVacation Month Growth Detection
[22m[39mPeriods generated successfully

[90mstdout[2m | backend/src/tests/portfolios.test.js[2m > [22m[2mPortfolio Management API Tests[2m > [22m[2mRAG Status Calculation Verification[2m > [22m[2mshould return GREY when expected is 0
[22m[39mCreating metric: {
  projectId: [32m'5'[39m,
  name: [32m'RAG Calc Metric'[39m,
  description: [90mundefined[39m,
  owner_id: [90mundefined[39m,
  start_date: [32m'2024-01-01'[39m,
  end_date: [32m'2024-12-31'[39m,
  frequency: [32m'monthly'[39m,
  progression_type: [32m'linear'[39m,
  final_target: [33m100[39m
}

[90mstdout[2m | backend/src/tests/portfolios.test.js[2m > [22m[2mPortfolio Management API Tests[2m > [22m[2mRAG Status Calculation Verification[2m > [22m[2mshould return GREY when expected is 0
[22m[39mMetric created with ID: [33m5[39m
Generating periods...

[90mstdout[2m | backend/src/tests/metrics.test.js[2m > [22m[2mMetrics API Tests[2m > [22m[2mPUT /api/metrics/:id[2m > [22m[2mshould update metric properties
[22m[39m✅ Created page_views table

[90mstdout[2m | backend/src/tests/metrics.test.js[2m > [22m[2mMetrics API Tests[2m > [22m[2mPUT /api/metrics/:id[2m > [22m[2mshould update metric properties
[22m[39m✅ Created recovery_plans table

[90mstdout[2m | backend/src/tests/metrics.test.js[2m > [22m[2mMetrics API Tests[2m > [22m[2mPUT /api/metrics/:id[2m > [22m[2mshould update metric properties
[22m[39m✅ Created spaces table

[90mstdout[2m | backend/src/tests/metrics.test.js[2m > [22m[2mMetrics API Tests[2m > [22m[2mPUT /api/metrics/:id[2m > [22m[2mshould reject update without fields
[22m[39m✅ Created index for space_id in portfolios

[90mstdout[2m | backend/src/tests/metrics.test.js[2m > [22m[2mMetrics API Tests[2m > [22m[2mPUT /api/metrics/:id[2m > [22m[2mshould reject update without fields
[22m[39m✅ Created project_dependencies table

[90mstdout[2m | backend/src/tests/portfolios.test.js[2m > [22m[2mPortfolio Management API Tests[2m > [22m[2mRAG Status Calculation Verification[2m > [22m[2mshould return GREY when expected is 0
[22m[39mPeriods generated successfully

[90mstdout[2m | backend/src/tests/metrics.test.js[2m > [22m[2mMetrics API Tests[2m > [22m[2mPUT /api/metrics/:id[2m > [22m[2mshould reject update of non-existent metric
[22m[39m✅ Created indexes for project_dependencies

[90mstdout[2m | backend/src/tests/metrics.test.js[2m > [22m[2mMetrics API Tests[2m > [22m[2mPUT /api/metrics/:id[2m > [22m[2mshould reject update of non-existent metric
[22m[39m✅ Created milestones table

[90mstdout[2m | backend/src/tests/metrics.test.js[2m > [22m[2mMetrics API Tests[2m > [22m[2mGET /api/metrics/:metricId/periods[2m > [22m[2mshould retrieve all periods for a metric
[22m[39m✅ Created index for milestones

[90mstdout[2m | backend/src/tests/consistency-report.test.js[2m > [22m[2mConsistency Report API Tests[2m > [22m[2mMetric Type Mismatch Detection
[22m[39mCreating metric: {
  projectId: [32m'8'[39m,
  name: [32m'Mislabeled Lead Metric'[39m,
  description: [90mundefined[39m,
  owner_id: [90mundefined[39m,
  start_date: [32m'2025-01-01'[39m,
  end_date: [32m'2025-12-31'[39m,
  frequency: [32m'monthly'[39m,
  progression_type: [32m'linear'[39m,
  final_target: [33m100[39m
}

[90mstdout[2m | backend/src/tests/metrics.test.js[2m > [22m[2mMetrics API Tests[2m > [22m[2mDELETE /api/metrics/:id[2m > [22m[2mshould delete a metric
[22m[39m✅ Created performance indexes

[90mstdout[2m | backend/src/tests/metrics.test.js[2m > [22m[2mMetrics API Tests[2m > [22m[2mDELETE /api/metrics/:id[2m > [22m[2mshould delete a metric
[22m[39m📦 Seeding Illustrative Examples Portfolio...
ℹ️  Illustrative Examples portfolio already exists, skipping seed

[90mstdout[2m | backend/src/tests/metrics.test.js[2m > [22m[2mMetrics API Tests[2m > [22m[2mDELETE /api/metrics/:id[2m > [22m[2mshould delete a metric
[22m[39m✅ Database ready at backend/data/progress-tracker.db

[90mstdout[2m | backend/src/tests/consistency-report.test.js[2m > [22m[2mConsistency Report API Tests[2m > [22m[2mMetric Type Mismatch Detection
[22m[39mMetric created with ID: [33m9[39m
Generating periods...

[90mstdout[2m | backend/src/tests/consistency-report.test.js[2m > [22m[2mConsistency Report API Tests[2m > [22m[2mMetric Type Mismatch Detection
[22m[39mPeriods generated successfully

 [32m✓[39m backend/src/tests/page-analytics.test.js [2m([22m[2m25 tests[22m[2m)[22m[33m 738[2mms[22m[39m
[90mstdout[2m | backend/src/tests/portfolios.test.js[2m > [22m[2mPortfolio Management API Tests[2m > [22m[2mRAG Status Calculation Verification[2m > [22m[2mshould use previous period RAG when current period complete is null
[22m[39mCreating metric: {
  projectId: [32m'6'[39m,
  name: [32m'RAG Calc Metric'[39m,
  description: [90mundefined[39m,
  owner_id: [90mundefined[39m,
  start_date: [32m'2024-01-01'[39m,
  end_date: [32m'2024-12-31'[39m,
  frequency: [32m'monthly'[39m,
  progression_type: [32m'linear'[39m,
  final_target: [33m100[39m
}

[90mstdout[2m | backend/src/tests/portfolios.test.js[2m > [22m[2mPortfolio Management API Tests[2m > [22m[2mRAG Status Calculation Verification[2m > [22m[2mshould use previous period RAG when current period complete is null
[22m[39mMetric created with ID: [33m6[39m
Generating periods...

 [31m❯[39m backend/src/tests/metrics.test.js [2m([22m[2m22 tests[22m[2m | [22m[31m1 failed[39m[2m | [22m[33m2 skipped[39m[2m)[22m[33m 741[2mms[22m[39m
       [32m✓[39m should create a metric[32m 24[2mms[22m[39m
       [32m✓[39m should reject metric creation without authentication[32m 3[2mms[22m[39m
       [32m✓[39m should reject metric creation for non-existent project[32m 3[2mms[22m[39m
       [32m✓[39m should create metric with all schedule parameters and auto-generate periods[32m 8[2mms[22m[39m
       [32m✓[39m should create metric with quarterly frequency and correct period count[32m 10[2mms[22m[39m
       [32m✓[39m should create metric with exponential progression type[32m 14[2mms[22m[39m
       [32m✓[39m should create metric with logarithmic progression type[32m 21[2mms[22m[39m
       [32m✓[39m should create metric with fortnightly frequency[32m 25[2mms[22m[39m
       [32m✓[39m should create metric with weekly frequency[32m 22[2mms[22m[39m
       [32m✓[39m should support adding interim periods with off-schedule dates[32m 42[2mms[22m[39m
       [32m✓[39m should handle multiple interim periods on same metric[32m 41[2mms[22m[39m
       [32m✓[39m should distinguish interim periods across different metrics with similar IDs[32m 18[2mms[22m[39m
[31m       [31m×[31m should retrieve all metrics for a project[39m[32m 4[2mms[22m[39m
       [32m✓[39m should return empty array for project with no metrics[32m 3[2mms[22m[39m
       [32m✓[39m should update metric properties[32m 7[2mms[22m[39m
       [32m✓[39m should reject update without fields[32m 3[2mms[22m[39m
       [32m✓[39m should reject update of non-existent metric[32m 2[2mms[22m[39m
       [32m✓[39m should retrieve all periods for a metric[32m 2[2mms[22m[39m
       [32m✓[39m should delete a metric[32m 5[2mms[22m[39m
       [32m✓[39m should reject deletion without authentication[32m 2[2mms[22m[39m
       [2m[90m↓[39m[22m should correctly reflect target changes in period data for gray bars
       [2m[90m↓[39m[22m should handle target decreases (scope reduction)
 [31m❯[39m backend/src/tests/consistency-report.test.js [2m([22m[2m16 tests[22m[2m | [22m[31m16 failed[39m[2m)[22m[33m 761[2mms[22m[39m
[31m       [31m×[31m should require authentication[39m[32m 4[2mms[22m[39m
[31m       [31m×[31m should reject viewer access[39m[32m 3[2mms[22m[39m
[31m       [31m×[31m should reject PM access[39m[32m 1[2mms[22m[39m
[31m       [31m×[31m should allow admin access[39m[32m 1[2mms[22m[39m
[31m       [31m×[31m should return empty issues for empty database[39m[32m 1[2mms[22m[39m
[31m       [31m×[31m should detect project with single metric[39m[32m 2[2mms[22m[39m
[31m       [31m×[31m should detect project with no lead metrics[39m[32m 2[2mms[22m[39m
[31m       [31m×[31m should detect back-loaded growth pattern[39m[32m 2[2mms[22m[39m
[31m       [31m×[31m should detect timeline gaps[39m[32m 4[2mms[22m[39m
[31m       [31m×[31m should filter issues by portfolio_id[39m[32m 3[2mms[22m[39m
[31m       [31m×[31m should return all issues without portfolio filter[39m[32m 2[2mms[22m[39m
[31m       [31m×[31m should sort issues by severity (high, warning, info)[39m[32m 2[2mms[22m[39m
[31m       [31m×[31m should include generated_at timestamp in ISO format[39m[32m 2[2mms[22m[39m
[31m       [31m×[31m should include total_issues count matching issues array length[39m[32m 3[2mms[22m[39m
[31m       [31m×[31m should detect unusual growth in vacation months[39m[32m 4[2mms[22m[39m
[31m       [31m×[31m should detect metric type mismatches[39m[32m 2[2mms[22m[39m
[90mstdout[2m | backend/src/tests/portfolios.test.js[2m > [22m[2mPortfolio Management API Tests[2m > [22m[2mRAG Status Calculation Verification[2m > [22m[2mshould use previous period RAG when current period complete is null
[22m[39mPeriods generated successfully

[90mstdout[2m | backend/src/tests/portfolios.test.js[2m > [22m[2mPortfolio Management API Tests[2m > [22m[2mRAG Status Calculation Verification[2m > [22m[2mshould return GREEN at exactly amber tolerance boundary (5%)
[22m[39mCreating metric: {
  projectId: [32m'7'[39m,
  name: [32m'RAG Calc Metric'[39m,
  description: [90mundefined[39m,
  owner_id: [90mundefined[39m,
  start_date: [32m'2024-01-01'[39m,
  end_date: [32m'2024-12-31'[39m,
  frequency: [32m'monthly'[39m,
  progression_type: [32m'linear'[39m,
  final_target: [33m100[39m
}

[90mstdout[2m | backend/src/tests/portfolios.test.js[2m > [22m[2mPortfolio Management API Tests[2m > [22m[2mRAG Status Calculation Verification[2m > [22m[2mshould return GREEN at exactly amber tolerance boundary (5%)
[22m[39mMetric created with ID: [33m7[39m
Generating periods...

[90mstdout[2m | backend/src/tests/portfolios.test.js[2m > [22m[2mPortfolio Management API Tests[2m > [22m[2mRAG Status Calculation Verification[2m > [22m[2mshould return GREEN at exactly amber tolerance boundary (5%)
[22m[39mPeriods generated successfully

[90mstdout[2m | backend/src/tests/portfolios.test.js[2m > [22m[2mPortfolio Management API Tests[2m > [22m[2mRAG Status Calculation Verification[2m > [22m[2mshould return AMBER at exactly red tolerance boundary (10%)
[22m[39mCreating metric: {
  projectId: [32m'8'[39m,
  name: [32m'RAG Calc Metric'[39m,
  description: [90mundefined[39m,
  owner_id: [90mundefined[39m,
  start_date: [32m'2024-01-01'[39m,
  end_date: [32m'2024-12-31'[39m,
  frequency: [32m'monthly'[39m,
  progression_type: [32m'linear'[39m,
  final_target: [33m100[39m
}

[90mstdout[2m | backend/src/tests/portfolios.test.js[2m > [22m[2mPortfolio Management API Tests[2m > [22m[2mRAG Status Calculation Verification[2m > [22m[2mshould return AMBER at exactly red tolerance boundary (10%)
[22m[39mMetric created with ID: [33m8[39m
Generating periods...

[90mstdout[2m | backend/src/tests/portfolios.test.js[2m > [22m[2mPortfolio Management API Tests[2m > [22m[2mRAG Status Calculation Verification[2m > [22m[2mshould return AMBER at exactly red tolerance boundary (10%)
[22m[39mPeriods generated successfully

[90mstdout[2m | backend/src/tests/portfolios.test.js[2m > [22m[2mPortfolio Management API Tests[2m > [22m[2mRAG Status Calculation Verification[2m > [22m[2mshould return GREY for metrics that start in the future
[22m[39mCreating metric: {
  projectId: [32m'9'[39m,
  name: [32m'RAG Calc Metric'[39m,
  description: [90mundefined[39m,
  owner_id: [90mundefined[39m,
  start_date: [32m'2024-01-01'[39m,
  end_date: [32m'2024-12-31'[39m,
  frequency: [32m'monthly'[39m,
  progression_type: [32m'linear'[39m,
  final_target: [33m100[39m
}

[90mstdout[2m | backend/src/tests/portfolios.test.js[2m > [22m[2mPortfolio Management API Tests[2m > [22m[2mRAG Status Calculation Verification[2m > [22m[2mshould return GREY for metrics that start in the future
[22m[39mMetric created with ID: [33m9[39m
Generating periods...

[90mstdout[2m | backend/src/tests/portfolios.test.js[2m > [22m[2mPortfolio Management API Tests[2m > [22m[2mRAG Status Calculation Verification[2m > [22m[2mshould return GREY for metrics that start in the future
[22m[39mPeriods generated successfully

[90mstdout[2m | backend/src/tests/portfolios.test.js[2m > [22m[2mPortfolio Management API Tests[2m > [22m[2mRAG Status Calculation Verification[2m > [22m[2mshould return GREY for metrics that start in the future
[22m[39mCreating metric: {
  projectId: [32m'9'[39m,
  name: [32m'Future Metric'[39m,
  description: [90mundefined[39m,
  owner_id: [90mundefined[39m,
  start_date: [32m'2026-01-06'[39m,
  end_date: [32m'2026-07-06'[39m,
  frequency: [32m'monthly'[39m,
  progression_type: [32m'linear'[39m,
  final_target: [33m100[39m
}

 [32m✓[39m backend/src/tests/metric-periods.test.js [2m([22m[2m32 tests[22m[2m)[22m[33m 832[2mms[22m[39m
[90mstdout[2m | backend/src/tests/portfolios.test.js[2m > [22m[2mPortfolio Management API Tests[2m > [22m[2mRAG Status Calculation Verification[2m > [22m[2mshould return GREY for metrics that start in the future
[22m[39mMetric created with ID: [33m10[39m
Generating periods...

[90mstdout[2m | backend/src/tests/portfolios.test.js[2m > [22m[2mPortfolio Management API Tests[2m > [22m[2mRAG Status Calculation Verification[2m > [22m[2mshould return GREY for metrics that start in the future
[22m[39mPeriods generated successfully

[90mstdout[2m | backend/src/tests/portfolios.test.js[2m > [22m[2mPortfolio Management API Tests[2m > [22m[2mRAG Status Calculation Verification[2m > [22m[2mshould show RED for current period with data that is behind schedule
[22m[39mCreating metric: {
  projectId: [32m'10'[39m,
  name: [32m'RAG Calc Metric'[39m,
  description: [90mundefined[39m,
  owner_id: [90mundefined[39m,
  start_date: [32m'2024-01-01'[39m,
  end_date: [32m'2024-12-31'[39m,
  frequency: [32m'monthly'[39m,
  progression_type: [32m'linear'[39m,
  final_target: [33m100[39m
}

[90mstdout[2m | backend/src/tests/portfolios.test.js[2m > [22m[2mPortfolio Management API Tests[2m > [22m[2mRAG Status Calculation Verification[2m > [22m[2mshould show RED for current period with data that is behind schedule
[22m[39mMetric created with ID: [33m11[39m
Generating periods...

[90mstdout[2m | backend/src/tests/portfolios.test.js[2m > [22m[2mPortfolio Management API Tests[2m > [22m[2mRAG Status Calculation Verification[2m > [22m[2mshould show RED for current period with data that is behind schedule
[22m[39mPeriods generated successfully

[90mstdout[2m | backend/src/tests/portfolios.test.js[2m > [22m[2mPortfolio Management API Tests[2m > [22m[2mRAG Status Calculation Verification[2m > [22m[2mshould show RED for current period with data that is behind schedule
[22m[39mCreating metric: {
  projectId: [32m'10'[39m,
  name: [32m'Current Period Metric'[39m,
  description: [90mundefined[39m,
  owner_id: [90mundefined[39m,
  start_date: [32m'2025-11-06'[39m,
  end_date: [32m'2026-06-06'[39m,
  frequency: [32m'monthly'[39m,
  progression_type: [32m'linear'[39m,
  final_target: [33m100[39m
}

[90mstdout[2m | backend/src/tests/portfolios.test.js[2m > [22m[2mPortfolio Management API Tests[2m > [22m[2mRAG Status Calculation Verification[2m > [22m[2mshould show RED for current period with data that is behind schedule
[22m[39mMetric created with ID: [33m12[39m
Generating periods...

[90mstdout[2m | backend/src/tests/portfolios.test.js[2m > [22m[2mPortfolio Management API Tests[2m > [22m[2mRAG Status Calculation Verification[2m > [22m[2mshould show RED for current period with data that is behind schedule
[22m[39mPeriods generated successfully

[90mstdout[2m | backend/src/tests/portfolios.test.js[2m > [22m[2mPortfolio Management API Tests[2m > [22m[2mRAG Status Calculation Verification[2m > [22m[2mshould use previous period status when current has no data
[22m[39mCreating metric: {
  projectId: [32m'11'[39m,
  name: [32m'RAG Calc Metric'[39m,
  description: [90mundefined[39m,
  owner_id: [90mundefined[39m,
  start_date: [32m'2024-01-01'[39m,
  end_date: [32m'2024-12-31'[39m,
  frequency: [32m'monthly'[39m,
  progression_type: [32m'linear'[39m,
  final_target: [33m100[39m
}

[90mstdout[2m | backend/src/tests/portfolios.test.js[2m > [22m[2mPortfolio Management API Tests[2m > [22m[2mRAG Status Calculation Verification[2m > [22m[2mshould use previous period status when current has no data
[22m[39mMetric created with ID: [33m13[39m
Generating periods...

[90mstdout[2m | backend/src/tests/portfolios.test.js[2m > [22m[2mPortfolio Management API Tests[2m > [22m[2mRAG Status Calculation Verification[2m > [22m[2mshould use previous period status when current has no data
[22m[39mPeriods generated successfully

[90mstdout[2m | backend/src/tests/portfolios.test.js[2m > [22m[2mPortfolio Management API Tests[2m > [22m[2mRAG Status Calculation Verification[2m > [22m[2mshould use previous period status when current has no data
[22m[39mCreating metric: {
  projectId: [32m'11'[39m,
  name: [32m'Fallback Period Metric'[39m,
  description: [90mundefined[39m,
  owner_id: [90mundefined[39m,
  start_date: [32m'2025-10-06'[39m,
  end_date: [32m'2026-06-06'[39m,
  frequency: [32m'monthly'[39m,
  progression_type: [32m'linear'[39m,
  final_target: [33m100[39m
}

[90mstdout[2m | backend/src/tests/portfolios.test.js[2m > [22m[2mPortfolio Management API Tests[2m > [22m[2mRAG Status Calculation Verification[2m > [22m[2mshould use previous period status when current has no data
[22m[39mMetric created with ID: [33m14[39m
Generating periods...

[90mstdout[2m | backend/src/tests/portfolios.test.js[2m > [22m[2mPortfolio Management API Tests[2m > [22m[2mRAG Status Calculation Verification[2m > [22m[2mshould use previous period status when current has no data
[22m[39mPeriods generated successfully

[90mstdout[2m | backend/src/tests/portfolios.test.js[2m > [22m[2mPortfolio Management API Tests[2m > [22m[2mRAG Status Calculation Verification[2m > [22m[2mshould classify project as RED if any metric is red
[22m[39mCreating metric: {
  projectId: [32m'12'[39m,
  name: [32m'RAG Calc Metric'[39m,
  description: [90mundefined[39m,
  owner_id: [90mundefined[39m,
  start_date: [32m'2024-01-01'[39m,
  end_date: [32m'2024-12-31'[39m,
  frequency: [32m'monthly'[39m,
  progression_type: [32m'linear'[39m,
  final_target: [33m100[39m
}

[90mstdout[2m | backend/src/tests/portfolios.test.js[2m > [22m[2mPortfolio Management API Tests[2m > [22m[2mRAG Status Calculation Verification[2m > [22m[2mshould classify project as RED if any metric is red
[22m[39mMetric created with ID: [33m15[39m
Generating periods...

[90mstdout[2m | backend/src/tests/portfolios.test.js[2m > [22m[2mPortfolio Management API Tests[2m > [22m[2mRAG Status Calculation Verification[2m > [22m[2mshould classify project as RED if any metric is red
[22m[39mPeriods generated successfully

[90mstdout[2m | backend/src/tests/portfolios.test.js[2m > [22m[2mPortfolio Management API Tests[2m > [22m[2mRAG Status Calculation Verification[2m > [22m[2mshould classify project as RED if any metric is red
[22m[39mCreating metric: {
  projectId: [32m'12'[39m,
  name: [32m'Green Metric'[39m,
  description: [90mundefined[39m,
  owner_id: [90mundefined[39m,
  start_date: [32m'2024-01-01'[39m,
  end_date: [32m'2024-12-31'[39m,
  frequency: [32m'monthly'[39m,
  progression_type: [32m'linear'[39m,
  final_target: [33m100[39m
}

[90mstdout[2m | backend/src/tests/portfolios.test.js[2m > [22m[2mPortfolio Management API Tests[2m > [22m[2mRAG Status Calculation Verification[2m > [22m[2mshould classify project as RED if any metric is red
[22m[39mMetric created with ID: [33m16[39m
Generating periods...

[90mstdout[2m | backend/src/tests/portfolios.test.js[2m > [22m[2mPortfolio Management API Tests[2m > [22m[2mRAG Status Calculation Verification[2m > [22m[2mshould classify project as RED if any metric is red
[22m[39mPeriods generated successfully

[90mstdout[2m | backend/src/tests/portfolios.test.js[2m > [22m[2mPortfolio Management API Tests[2m > [22m[2mCascade Delete Verification[2m > [22m[2mshould cascade delete metrics when project is deleted
[22m[39m✅ Cleaned up user roles

[90mstdout[2m | backend/src/tests/portfolios.test.js[2m > [22m[2mPortfolio Management API Tests[2m > [22m[2mCascade Delete Verification[2m > [22m[2mshould cascade delete metrics when project is deleted
[22m[39mCreating metric: {
  projectId: [32m'13'[39m,
  name: [32m'Cascade Test Metric'[39m,
  description: [90mundefined[39m,
  owner_id: [90mundefined[39m,
  start_date: [32m'2024-01-01'[39m,
  end_date: [32m'2024-12-31'[39m,
  frequency: [32m'monthly'[39m,
  progression_type: [32m'linear'[39m,
  final_target: [33m100[39m
}

[90mstdout[2m | backend/src/tests/portfolios.test.js[2m > [22m[2mPortfolio Management API Tests[2m > [22m[2mCascade Delete Verification[2m > [22m[2mshould cascade delete metrics when project is deleted
[22m[39mMetric created with ID: [33m17[39m
Generating periods...

[90mstdout[2m | backend/src/tests/portfolios.test.js[2m > [22m[2mPortfolio Management API Tests[2m > [22m[2mCascade Delete Verification[2m > [22m[2mshould cascade delete metrics when project is deleted
[22m[39m✅ Created project_links table

[90mstdout[2m | backend/src/tests/portfolios.test.js[2m > [22m[2mPortfolio Management API Tests[2m > [22m[2mCascade Delete Verification[2m > [22m[2mshould cascade delete metrics when project is deleted
[22m[39m✅ Created portfolios table

[90mstdout[2m | backend/src/tests/portfolios.test.js[2m > [22m[2mPortfolio Management API Tests[2m > [22m[2mCascade Delete Verification[2m > [22m[2mshould cascade delete metrics when project is deleted
[22m[39m✅ Created feedback table

[90mstdout[2m | backend/src/tests/portfolios.test.js[2m > [22m[2mPortfolio Management API Tests[2m > [22m[2mCascade Delete Verification[2m > [22m[2mshould cascade delete metrics when project is deleted
[22m[39m✅ Created page_views table

[90mstdout[2m | backend/src/tests/portfolios.test.js[2m > [22m[2mPortfolio Management API Tests[2m > [22m[2mCascade Delete Verification[2m > [22m[2mshould cascade delete metrics when project is deleted
[22m[39mPeriods generated successfully

[90mstdout[2m | backend/src/tests/portfolios.test.js[2m > [22m[2mPortfolio Management API Tests[2m > [22m[2mCascade Delete Verification[2m > [22m[2mshould cascade delete metrics when project is deleted
[22m[39m✅ Created recovery_plans table

[90mstdout[2m | backend/src/tests/portfolios.test.js[2m > [22m[2mPortfolio Management API Tests[2m > [22m[2mCascade Delete Verification[2m > [22m[2mshould cascade delete metrics when project is deleted
[22m[39m✅ Created spaces table

[90mstdout[2m | backend/src/tests/portfolios.test.js[2m > [22m[2mPortfolio Management API Tests[2m > [22m[2mCascade Delete Verification[2m > [22m[2mshould cascade delete metrics when project is deleted
[22m[39m✅ Created index for space_id in portfolios

[90mstdout[2m | backend/src/tests/portfolios.test.js[2m > [22m[2mPortfolio Management API Tests[2m > [22m[2mCascade Delete Verification[2m > [22m[2mshould cascade delete metrics when project is deleted
[22m[39m✅ Created project_dependencies table

[90mstdout[2m | backend/src/tests/portfolios.test.js[2m > [22m[2mPortfolio Management API Tests[2m > [22m[2mCascade Delete Verification[2m > [22m[2mshould cascade delete metrics when project is deleted
[22m[39m✅ Created indexes for project_dependencies

[90mstdout[2m | backend/src/tests/portfolios.test.js[2m > [22m[2mPortfolio Management API Tests[2m > [22m[2mCascade Delete Verification[2m > [22m[2mshould cascade delete metrics when project is deleted
[22m[39m✅ Created milestones table

[90mstdout[2m | backend/src/tests/portfolios.test.js[2m > [22m[2mPortfolio Management API Tests[2m > [22m[2mCascade Delete Verification[2m > [22m[2mshould cascade delete metrics when project is deleted
[22m[39m✅ Created index for milestones

[90mstdout[2m | backend/src/tests/portfolios.test.js[2m > [22m[2mPortfolio Management API Tests[2m > [22m[2mCascade Delete Verification[2m > [22m[2mshould cascade delete metrics when project is deleted
[22m[39m✅ Created performance indexes

[90mstdout[2m | backend/src/tests/portfolios.test.js[2m > [22m[2mPortfolio Management API Tests[2m > [22m[2mCascade Delete Verification[2m > [22m[2mshould cascade delete metrics when project is deleted
[22m[39m📦 Seeding Illustrative Examples Portfolio...
ℹ️  Illustrative Examples portfolio already exists, skipping seed

[90mstdout[2m | backend/src/tests/portfolios.test.js[2m > [22m[2mPortfolio Management API Tests[2m > [22m[2mCascade Delete Verification[2m > [22m[2mshould cascade delete metrics when project is deleted
[22m[39m✅ Database ready at backend/data/progress-tracker.db

[90mstdout[2m | backend/src/tests/portfolios.test.js[2m > [22m[2mPortfolio Management API Tests[2m > [22m[2mCascade Delete Verification[2m > [22m[2mshould cascade delete periods when project is deleted
[22m[39mCreating metric: {
  projectId: [32m'14'[39m,
  name: [32m'Cascade Test Metric'[39m,
  description: [90mundefined[39m,
  owner_id: [90mundefined[39m,
  start_date: [32m'2024-01-01'[39m,
  end_date: [32m'2024-12-31'[39m,
  frequency: [32m'monthly'[39m,
  progression_type: [32m'linear'[39m,
  final_target: [33m100[39m
}

[90mstdout[2m | backend/src/tests/portfolios.test.js[2m > [22m[2mPortfolio Management API Tests[2m > [22m[2mCascade Delete Verification[2m > [22m[2mshould cascade delete periods when project is deleted
[22m[39mMetric created with ID: [33m18[39m
Generating periods...

[90mstdout[2m | backend/src/tests/portfolios.test.js[2m > [22m[2mPortfolio Management API Tests[2m > [22m[2mCascade Delete Verification[2m > [22m[2mshould cascade delete periods when project is deleted
[22m[39mPeriods generated successfully

[90mstdout[2m | backend/src/tests/portfolios.test.js[2m > [22m[2mPortfolio Management API Tests[2m > [22m[2mCascade Delete Verification[2m > [22m[2mshould cascade delete comments when project is deleted
[22m[39mCreating metric: {
  projectId: [32m'15'[39m,
  name: [32m'Cascade Test Metric'[39m,
  description: [90mundefined[39m,
  owner_id: [90mundefined[39m,
  start_date: [32m'2024-01-01'[39m,
  end_date: [32m'2024-12-31'[39m,
  frequency: [32m'monthly'[39m,
  progression_type: [32m'linear'[39m,
  final_target: [33m100[39m
}

[90mstdout[2m | backend/src/tests/portfolios.test.js[2m > [22m[2mPortfolio Management API Tests[2m > [22m[2mCascade Delete Verification[2m > [22m[2mshould cascade delete comments when project is deleted
[22m[39mMetric created with ID: [33m19[39m
Generating periods...

[90mstdout[2m | backend/src/tests/portfolios.test.js[2m > [22m[2mPortfolio Management API Tests[2m > [22m[2mCascade Delete Verification[2m > [22m[2mshould cascade delete comments when project is deleted
[22m[39mPeriods generated successfully

[90mstdout[2m | backend/src/tests/portfolios.test.js[2m > [22m[2mPortfolio Management API Tests[2m > [22m[2mCascade Delete Verification[2m > [22m[2mshould cascade delete periods when metric is deleted
[22m[39mCreating metric: {
  projectId: [32m'16'[39m,
  name: [32m'Cascade Test Metric'[39m,
  description: [90mundefined[39m,
  owner_id: [90mundefined[39m,
  start_date: [32m'2024-01-01'[39m,
  end_date: [32m'2024-12-31'[39m,
  frequency: [32m'monthly'[39m,
  progression_type: [32m'linear'[39m,
  final_target: [33m100[39m
}

[90mstdout[2m | backend/src/tests/portfolios.test.js[2m > [22m[2mPortfolio Management API Tests[2m > [22m[2mCascade Delete Verification[2m > [22m[2mshould cascade delete periods when metric is deleted
[22m[39mMetric created with ID: [33m20[39m
Generating periods...

[90mstdout[2m | backend/src/tests/portfolios.test.js[2m > [22m[2mPortfolio Management API Tests[2m > [22m[2mCascade Delete Verification[2m > [22m[2mshould cascade delete periods when metric is deleted
[22m[39mPeriods generated successfully

[90mstdout[2m | backend/src/tests/portfolios.test.js[2m > [22m[2mPortfolio Management API Tests[2m > [22m[2mCascade Delete Verification[2m > [22m[2mshould cascade delete comments when metric is deleted
[22m[39mCreating metric: {
  projectId: [32m'17'[39m,
  name: [32m'Cascade Test Metric'[39m,
  description: [90mundefined[39m,
  owner_id: [90mundefined[39m,
  start_date: [32m'2024-01-01'[39m,
  end_date: [32m'2024-12-31'[39m,
  frequency: [32m'monthly'[39m,
  progression_type: [32m'linear'[39m,
  final_target: [33m100[39m
}

[90mstdout[2m | backend/src/tests/portfolios.test.js[2m > [22m[2mPortfolio Management API Tests[2m > [22m[2mCascade Delete Verification[2m > [22m[2mshould cascade delete comments when metric is deleted
[22m[39mMetric created with ID: [33m21[39m
Generating periods...

[90mstdout[2m | backend/src/tests/portfolios.test.js[2m > [22m[2mPortfolio Management API Tests[2m > [22m[2mCascade Delete Verification[2m > [22m[2mshould cascade delete comments when metric is deleted
[22m[39mPeriods generated successfully

[90mstdout[2m | backend/src/tests/portfolios.test.js[2m > [22m[2mPortfolio Management API Tests[2m > [22m[2mCascade Delete Verification[2m > [22m[2mshould cascade delete project links when project is deleted
[22m[39mCreating metric: {
  projectId: [32m'18'[39m,
  name: [32m'Cascade Test Metric'[39m,
  description: [90mundefined[39m,
  owner_id: [90mundefined[39m,
  start_date: [32m'2024-01-01'[39m,
  end_date: [32m'2024-12-31'[39m,
  frequency: [32m'monthly'[39m,
  progression_type: [32m'linear'[39m,
  final_target: [33m100[39m
}

[90mstdout[2m | backend/src/tests/portfolios.test.js[2m > [22m[2mPortfolio Management API Tests[2m > [22m[2mCascade Delete Verification[2m > [22m[2mshould cascade delete project links when project is deleted
[22m[39mMetric created with ID: [33m22[39m
Generating periods...

[90mstdout[2m | backend/src/tests/portfolios.test.js[2m > [22m[2mPortfolio Management API Tests[2m > [22m[2mCascade Delete Verification[2m > [22m[2mshould cascade delete project links when project is deleted
[22m[39mPeriods generated successfully

[90mstdout[2m | backend/src/tests/portfolios.test.js[2m > [22m[2mPortfolio Management API Tests[2m > [22m[2mCascade Delete Verification[2m > [22m[2mshould cascade delete CRAIDs when project is deleted
[22m[39mCreating metric: {
  projectId: [32m'19'[39m,
  name: [32m'Cascade Test Metric'[39m,
  description: [90mundefined[39m,
  owner_id: [90mundefined[39m,
  start_date: [32m'2024-01-01'[39m,
  end_date: [32m'2024-12-31'[39m,
  frequency: [32m'monthly'[39m,
  progression_type: [32m'linear'[39m,
  final_target: [33m100[39m
}

[90mstdout[2m | backend/src/tests/portfolios.test.js[2m > [22m[2mPortfolio Management API Tests[2m > [22m[2mCascade Delete Verification[2m > [22m[2mshould cascade delete CRAIDs when project is deleted
[22m[39mMetric created with ID: [33m23[39m
Generating periods...

[90mstdout[2m | backend/src/tests/portfolios.test.js[2m > [22m[2mPortfolio Management API Tests[2m > [22m[2mCascade Delete Verification[2m > [22m[2mshould cascade delete CRAIDs when project is deleted
[22m[39mPeriods generated successfully

[90mstdout[2m | backend/src/tests/portfolios.test.js[2m > [22m[2mPortfolio Management API Tests[2m > [22m[2mCascade Delete Verification[2m > [22m[2mshould cascade delete CRAIDs when project is deleted
[22m[39mCreating CRAID: {
  projectId: [32m'19'[39m,
  type: [32m'risk'[39m,
  title: [32m'Test Risk'[39m,
  owner_id: [90mundefined[39m,
  period_id: [90mundefined[39m,
  created_by: [90mundefined[39m
}

[90mstdout[2m | backend/src/tests/portfolios.test.js[2m > [22m[2mPortfolio Management API Tests[2m > [22m[2mCascade Delete Verification[2m > [22m[2mshould cascade delete CRAIDs when project is deleted
[22m[39mCRAID created successfully with ID: [33m1[39m

[90mstdout[2m | backend/src/tests/portfolios.test.js[2m > [22m[2mPortfolio Management API Tests[2m > [22m[2mCascade Delete Verification[2m > [22m[2mshould NOT cascade delete project when portfolio is deleted
[22m[39mCreating metric: {
  projectId: [32m'20'[39m,
  name: [32m'Cascade Test Metric'[39m,
  description: [90mundefined[39m,
  owner_id: [90mundefined[39m,
  start_date: [32m'2024-01-01'[39m,
  end_date: [32m'2024-12-31'[39m,
  frequency: [32m'monthly'[39m,
  progression_type: [32m'linear'[39m,
  final_target: [33m100[39m
}

[90mstdout[2m | backend/src/tests/portfolios.test.js[2m > [22m[2mPortfolio Management API Tests[2m > [22m[2mCascade Delete Verification[2m > [22m[2mshould NOT cascade delete project when portfolio is deleted
[22m[39mMetric created with ID: [33m24[39m
Generating periods...

[90mstdout[2m | backend/src/tests/portfolios.test.js[2m > [22m[2mPortfolio Management API Tests[2m > [22m[2mCascade Delete Verification[2m > [22m[2mshould NOT cascade delete project when portfolio is deleted
[22m[39mPeriods generated successfully

[90mstdout[2m | backend/src/tests/portfolios.test.js[2m > [22m[2mPortfolio Management API Tests[2m > [22m[2mCascade Delete Verification[2m > [22m[2mshould cascade delete project permissions when project is deleted
[22m[39mCreating metric: {
  projectId: [32m'22'[39m,
  name: [32m'Cascade Test Metric'[39m,
  description: [90mundefined[39m,
  owner_id: [90mundefined[39m,
  start_date: [32m'2024-01-01'[39m,
  end_date: [32m'2024-12-31'[39m,
  frequency: [32m'monthly'[39m,
  progression_type: [32m'linear'[39m,
  final_target: [33m100[39m
}

[90mstdout[2m | backend/src/tests/portfolios.test.js[2m > [22m[2mPortfolio Management API Tests[2m > [22m[2mCascade Delete Verification[2m > [22m[2mshould cascade delete project permissions when project is deleted
[22m[39mMetric created with ID: [33m25[39m
Generating periods...

[90mstdout[2m | backend/src/tests/portfolios.test.js[2m > [22m[2mPortfolio Management API Tests[2m > [22m[2mCascade Delete Verification[2m > [22m[2mshould cascade delete project permissions when project is deleted
[22m[39mPeriods generated successfully

 [32m✓[39m backend/src/tests/portfolios.test.js [2m([22m[2m39 tests[22m[2m)[22m[33m 1096[2mms[22m[39m
 [31m❯[39m backend/src/recovery-plans.test.js [2m([22m[2m23 tests[22m[2m | [22m[31m2 failed[39m[2m)[22m[32m 72[2mms[22m[39m
       [32m✓[39m should create a new recovery plan[32m 8[2mms[22m[39m
       [32m✓[39m should set default status to active[32m 2[2mms[22m[39m
       [32m✓[39m should allow null target_recovery_date[32m 2[2mms[22m[39m
       [32m✓[39m should require metric_id, project_id, plan_text, and created_by[32m 2[2mms[22m[39m
       [32m✓[39m should get all recovery plans for a project[32m 2[2mms[22m[39m
       [32m✓[39m should get recovery plans by status[32m 3[2mms[22m[39m
       [32m✓[39m should get recovery plans for a specific metric[32m 2[2mms[22m[39m
       [32m✓[39m should join with user data to get creator name[32m 2[2mms[22m[39m
       [32m✓[39m should join with metric data to get metric name[32m 2[2mms[22m[39m
       [32m✓[39m should update plan text[32m 2[2mms[22m[39m
       [32m✓[39m should update status[32m 4[2mms[22m[39m
       [32m✓[39m should update target_recovery_date[32m 3[2mms[22m[39m
       [32m✓[39m should set completion notes when completing[32m 3[2mms[22m[39m
       [32m✓[39m should reactivate a cancelled plan[32m 3[2mms[22m[39m
       [32m✓[39m should allow multiple recovery plans for the same metric[32m 3[2mms[22m[39m
       [32m✓[39m should track plan history by status[32m 3[2mms[22m[39m
       [32m✓[39m should filter active plans for red metrics check[32m 3[2mms[22m[39m
       [32m✓[39m should check if a metric has an active recovery plan[32m 2[2mms[22m[39m
[31m       [31m×[31m should efficiently query plans by project[39m[32m 5[2mms[22m[39m
[31m       [31m×[31m should efficiently query active plans by metric[39m[32m 4[2mms[22m[39m
       [32m✓[39m should reference valid metric_id[32m 4[2mms[22m[39m
       [32m✓[39m should reference valid project_id[32m 3[2mms[22m[39m
       [32m✓[39m should reference valid created_by user_id[32m 3[2mms[22m[39m
Not implemented: HTMLCanvasElement's getContext() method: without installing the canvas npm package
[90mstdout[2m | backend/src/tests/import-export.test.js[2m > [22m[2mImport/Export API Tests
[22m[39m✅ Cleaned up user roles

[90mstdout[2m | backend/src/tests/import-export.test.js[2m > [22m[2mImport/Export API Tests
[22m[39m✅ Cleaned up user roles

[90mstdout[2m | backend/src/tests/import-export.test.js[2m > [22m[2mImport/Export API Tests
[22m[39m✅ Created project_links table

[90mstdout[2m | backend/src/tests/import-export.test.js[2m > [22m[2mImport/Export API Tests
[22m[39m✅ Added tolerance columns to metrics table

[90mstdout[2m | backend/src/tests/import-export.test.js[2m > [22m[2mImport/Export API Tests
[22m[39m✅ Created portfolios table

[90mstdout[2m | backend/src/tests/import-export.test.js[2m > [22m[2mImport/Export API Tests
[22m[39m✅ Added metric_type column to metrics table

[90mstdout[2m | backend/src/tests/import-export.test.js[2m > [22m[2mImport/Export API Tests
[22m[39m✅ Added display_order column to metrics table

[90mstdout[2m | backend/src/tests/import-export.test.js[2m > [22m[2mImport/Export API Tests
[22m[39m✅ Created feedback table

[90mstdout[2m | backend/src/tests/import-export.test.js[2m > [22m[2mImport/Export API Tests
[22m[39m✅ Added commentary column to metric_periods table

[90mstdout[2m | backend/src/tests/import-export.test.js[2m > [22m[2mImport/Export API Tests
[22m[39m✅ Created project_links table

[90mstdout[2m | backend/src/tests/import-export.test.js[2m > [22m[2mImport/Export API Tests
[22m[39m✅ Added date columns to projects table

[90mstdout[2m | backend/src/tests/import-export.test.js[2m > [22m[2mImport/Export API Tests
[22m[39m✅ Created portfolios table

[90mstdout[2m | backend/src/tests/consistency-feedback.test.js[2m > [22m[2mConsistency Feedback Generation Tests
[22m[39m✅ Cleaned up user roles

[90mstdout[2m | backend/src/tests/import-export.test.js[2m > [22m[2mImport/Export API Tests
[22m[39m✅ Created page_views table

[90mstdout[2m | backend/src/tests/consistency-feedback.test.js[2m > [22m[2mConsistency Feedback Generation Tests
[22m[39m✅ Cleaned up user roles

[90mstdout[2m | backend/src/tests/import-export.test.js[2m > [22m[2mImport/Export API Tests
[22m[39m✅ Added portfolio_id column to projects table

[90mstdout[2m | backend/src/tests/import-export.test.js[2m > [22m[2mImport/Export API Tests
[22m[39m✅ Added secondary_pm column to projects table

[90mstdout[2m | backend/src/tests/consistency-feedback.test.js[2m > [22m[2mConsistency Feedback Generation Tests
[22m[39m✅ Created project_links table

[90mstdout[2m | backend/src/tests/consistency-feedback.test.js[2m > [22m[2mConsistency Feedback Generation Tests
[22m[39m✅ Added tolerance columns to metrics table

[90mstdout[2m | backend/src/tests/consistency-feedback.test.js[2m > [22m[2mConsistency Feedback Generation Tests
[22m[39m✅ Created portfolios table

[90mstdout[2m | backend/src/tests/consistency-feedback.test.js[2m > [22m[2mConsistency Feedback Generation Tests
[22m[39m✅ Added metric_type column to metrics table

[90mstdout[2m | backend/src/tests/consistency-feedback.test.js[2m > [22m[2mConsistency Feedback Generation Tests
[22m[39m✅ Added display_order column to metrics table

[90mstdout[2m | backend/src/tests/import-export.test.js[2m > [22m[2mImport/Export API Tests
[22m[39m✅ Created recovery_plans table

[90mstdout[2m | backend/src/tests/import-export.test.js[2m > [22m[2mImport/Export API Tests
[22m[39m✅ Created spaces table

[90mstdout[2m | backend/src/tests/consistency-feedback.test.js[2m > [22m[2mConsistency Feedback Generation Tests
[22m[39m✅ Created feedback table

[90mstdout[2m | backend/src/tests/consistency-feedback.test.js[2m > [22m[2mConsistency Feedback Generation Tests
[22m[39m✅ Added commentary column to metric_periods table

[90mstdout[2m | backend/src/tests/consistency-feedback.test.js[2m > [22m[2mConsistency Feedback Generation Tests
[22m[39m✅ Created project_links table

[90mstdout[2m | backend/src/tests/import-export.test.js[2m > [22m[2mImport/Export API Tests
[22m[39m✅ Created feedback table

[90mstdout[2m | backend/src/tests/import-export.test.js[2m > [22m[2mImport/Export API Tests
[22m[39m✅ Created index for space_id in portfolios

[90mstdout[2m | backend/src/tests/import-export.test.js[2m > [22m[2mImport/Export API Tests
[22m[39m✅ Created project_dependencies table

[90mstdout[2m | backend/src/tests/import-export.test.js[2m > [22m[2mImport/Export API Tests
[22m[39m✅ Created indexes for project_dependencies

[90mstdout[2m | backend/src/tests/import-export.test.js[2m > [22m[2mImport/Export API Tests
[22m[39m✅ Created milestones table

[90mstdout[2m | backend/src/tests/import-export.test.js[2m > [22m[2mImport/Export API Tests
[22m[39m✅ Created index for milestones

[90mstdout[2m | backend/src/tests/consistency-feedback.test.js[2m > [22m[2mConsistency Feedback Generation Tests
[22m[39m✅ Created page_views table

[90mstdout[2m | backend/src/tests/consistency-feedback.test.js[2m > [22m[2mConsistency Feedback Generation Tests
[22m[39m✅ Added date columns to projects table

[90mstdout[2m | backend/src/tests/consistency-feedback.test.js[2m > [22m[2mConsistency Feedback Generation Tests
[22m[39m✅ Created portfolios table

[90mstdout[2m | backend/src/tests/consistency-feedback.test.js[2m > [22m[2mConsistency Feedback Generation Tests
[22m[39m✅ Created recovery_plans table

[90mstdout[2m | backend/src/tests/consistency-feedback.test.js[2m > [22m[2mConsistency Feedback Generation Tests
[22m[39m✅ Added portfolio_id column to projects table

[90mstdout[2m | backend/src/tests/consistency-feedback.test.js[2m > [22m[2mConsistency Feedback Generation Tests
[22m[39m✅ Created spaces table

[90mstdout[2m | backend/src/tests/import-export.test.js[2m > [22m[2mImport/Export API Tests
[22m[39m✅ Created performance indexes

[90mstdout[2m | backend/src/tests/consistency-feedback.test.js[2m > [22m[2mConsistency Feedback Generation Tests
[22m[39m✅ Created index for space_id in portfolios

[90mstdout[2m | backend/src/tests/consistency-feedback.test.js[2m > [22m[2mConsistency Feedback Generation Tests
[22m[39m✅ Added secondary_pm column to projects table

[90mstdout[2m | backend/src/tests/consistency-feedback.test.js[2m > [22m[2mConsistency Feedback Generation Tests
[22m[39m✅ Created project_dependencies table

[90mstdout[2m | backend/src/tests/consistency-feedback.test.js[2m > [22m[2mConsistency Feedback Generation Tests
[22m[39m✅ Created feedback table

[90mstdout[2m | backend/src/tests/consistency-feedback.test.js[2m > [22m[2mConsistency Feedback Generation Tests
[22m[39m✅ Created indexes for project_dependencies

[90mstdout[2m | backend/src/tests/consistency-feedback.test.js[2m > [22m[2mConsistency Feedback Generation Tests
[22m[39m✅ Created milestones table

[90mstdout[2m | backend/src/tests/consistency-feedback.test.js[2m > [22m[2mConsistency Feedback Generation Tests
[22m[39m✅ Created index for milestones

[90mstdout[2m | backend/src/tests/consistency-feedback.test.js[2m > [22m[2mConsistency Feedback Generation Tests
[22m[39m✅ Created performance indexes

[90mstdout[2m | backend/src/tests/import-export.test.js[2m > [22m[2mImport/Export API Tests
[22m[39m📦 Seeding Illustrative Examples Portfolio...
ℹ️  Illustrative Examples portfolio already exists, skipping seed

[90mstdout[2m | backend/src/tests/import-export.test.js[2m > [22m[2mImport/Export API Tests
[22m[39m✅ Database ready at backend/data/progress-tracker.db

[90mstdout[2m | backend/src/tests/import-export.test.js[2m > [22m[2mImport/Export API Tests
[22m[39m✅ Migrated feedback to text-only format

[90mstdout[2m | backend/src/tests/import-export.test.js[2m > [22m[2mImport/Export API Tests
[22m[39m✅ Added project_id to feedback table

[90mstdout[2m | backend/src/tests/import-export.test.js[2m > [22m[2mImport/Export API Tests
[22m[39m✅ Created page_views table

[90mstdout[2m | backend/src/tests/import-export.test.js[2m > [22m[2mImport/Export API Tests
[22m[39m✅ Added load_time_ms column to page_views

[90mstdout[2m | backend/src/tests/import-export.test.js[2m > [22m[2mImport/Export API Tests
[22m[39m✅ Created recovery_plans table

[90mstdout[2m | backend/src/tests/import-export.test.js[2m > [22m[2mImport/Export API Tests
[22m[39m✅ Created spaces table

[90mstdout[2m | backend/src/tests/import-export.test.js[2m > [22m[2mImport/Export API Tests
[22m[39m✅ Added space_id column to portfolios table

[90mstdout[2m | backend/src/tests/import-export.test.js[2m > [22m[2mImport/Export API Tests
[22m[39m✅ Added default_space_id column to users table

[90mstdout[2m | backend/src/tests/import-export.test.js[2m > [22m[2mImport/Export API Tests
[22m[39m✅ Created index for space_id in portfolios

[90mstdout[2m | backend/src/tests/import-export.test.js[2m > [22m[2mImport/Export API Tests
[22m[39m✅ Created project_dependencies table

[90mstdout[2m | backend/src/tests/import-export.test.js[2m > [22m[2mImport/Export API Tests
[22m[39m✅ Created indexes for project_dependencies

[90mstdout[2m | backend/src/tests/import-export.test.js[2m > [22m[2mImport/Export API Tests
[22m[39m✅ Created milestones table

[90mstdout[2m | backend/src/tests/consistency-feedback.test.js[2m > [22m[2mConsistency Feedback Generation Tests
[22m[39m📦 Seeding Illustrative Examples Portfolio...
ℹ️  Illustrative Examples portfolio already exists, skipping seed

[90mstdout[2m | backend/src/tests/consistency-feedback.test.js[2m > [22m[2mConsistency Feedback Generation Tests
[22m[39m✅ Database ready at backend/data/progress-tracker.db

[90mstdout[2m | backend/src/tests/import-export.test.js[2m > [22m[2mImport/Export API Tests
[22m[39m✅ Created index for milestones

[90mstdout[2m | backend/src/tests/import-export.test.js[2m > [22m[2mImport/Export API Tests
[22m[39m✅ Created performance indexes

[90mstdout[2m | backend/src/tests/import-export.test.js[2m > [22m[2mImport/Export API Tests
[22m[39m📦 Seeding Illustrative Examples Portfolio...
ℹ️  Illustrative Examples portfolio already exists, skipping seed

[90mstdout[2m | backend/src/tests/import-export.test.js[2m > [22m[2mImport/Export API Tests
[22m[39m✅ Database ready at backend/data/progress-tracker.db

[90mstdout[2m | backend/src/tests/consistency-feedback.test.js[2m > [22m[2mConsistency Feedback Generation Tests
[22m[39m✅ Migrated feedback to text-only format

[90mstdout[2m | backend/src/tests/consistency-feedback.test.js[2m > [22m[2mConsistency Feedback Generation Tests
[22m[39m✅ Added project_id to feedback table

[90mstdout[2m | backend/src/tests/consistency-feedback.test.js[2m > [22m[2mConsistency Feedback Generation Tests
[22m[39m✅ Created page_views table

[90mstdout[2m | backend/src/tests/consistency-feedback.test.js[2m > [22m[2mConsistency Feedback Generation Tests
[22m[39m✅ Added load_time_ms column to page_views

[90mstdout[2m | backend/src/tests/consistency-feedback.test.js[2m > [22m[2mConsistency Feedback Generation Tests
[22m[39m✅ Created recovery_plans table

[90mstdout[2m | backend/src/tests/consistency-feedback.test.js[2m > [22m[2mConsistency Feedback Generation Tests
[22m[39m✅ Created spaces table

[90mstdout[2m | backend/src/tests/consistency-feedback.test.js[2m > [22m[2mConsistency Feedback Generation Tests
[22m[39m✅ Added space_id column to portfolios table

[90mstdout[2m | backend/src/tests/consistency-feedback.test.js[2m > [22m[2mConsistency Feedback Generation Tests
[22m[39m✅ Added default_space_id column to users table

[90mstdout[2m | backend/src/tests/consistency-feedback.test.js[2m > [22m[2mConsistency Feedback Generation Tests
[22m[39m✅ Created index for space_id in portfolios

[90mstdout[2m | backend/src/tests/consistency-feedback.test.js[2m > [22m[2mConsistency Feedback Generation Tests
[22m[39m✅ Created project_dependencies table

[90mstdout[2m | backend/src/tests/consistency-feedback.test.js[2m > [22m[2mConsistency Feedback Generation Tests
[22m[39m✅ Created indexes for project_dependencies

[90mstdout[2m | backend/src/tests/consistency-feedback.test.js[2m > [22m[2mConsistency Feedback Generation Tests
[22m[39m✅ Created milestones table

[90mstdout[2m | backend/src/tests/consistency-feedback.test.js[2m > [22m[2mConsistency Feedback Generation Tests
[22m[39m✅ Created index for milestones

[90mstdout[2m | backend/src/tests/consistency-feedback.test.js[2m > [22m[2mConsistency Feedback Generation Tests
[22m[39m✅ Created performance indexes

[90mstdout[2m | backend/src/tests/consistency-feedback.test.js[2m > [22m[2mConsistency Feedback Generation Tests
[22m[39m📦 Seeding Illustrative Examples Portfolio...
ℹ️  Illustrative Examples portfolio already exists, skipping seed

[90mstdout[2m | backend/src/tests/consistency-feedback.test.js[2m > [22m[2mConsistency Feedback Generation Tests
[22m[39m✅ Database ready at backend/data/progress-tracker.db

[90mstdout[2m | backend/src/tests/dependencies.test.js[2m > [22m[2mProject Dependencies API Tests
[22m[39m✅ Cleaned up user roles

[90mstdout[2m | backend/src/tests/dependencies.test.js[2m > [22m[2mProject Dependencies API Tests
[22m[39m✅ Created project_links table

[90mstdout[2m | backend/src/tests/dependencies.test.js[2m > [22m[2mProject Dependencies API Tests
[22m[39m✅ Cleaned up user roles

[90mstdout[2m | backend/src/tests/dependencies.test.js[2m > [22m[2mProject Dependencies API Tests
[22m[39m✅ Created portfolios table

[90mstdout[2m | backend/src/tests/dependencies.test.js[2m > [22m[2mProject Dependencies API Tests
[22m[39m✅ Created feedback table

[90mstdout[2m | backend/src/tests/dependencies.test.js[2m > [22m[2mProject Dependencies API Tests
[22m[39m✅ Added tolerance columns to metrics table

[90mstdout[2m | backend/src/tests/dependencies.test.js[2m > [22m[2mProject Dependencies API Tests
[22m[39m✅ Added metric_type column to metrics table

[90mstdout[2m | backend/src/tests/dependencies.test.js[2m > [22m[2mProject Dependencies API Tests
[22m[39m✅ Added display_order column to metrics table

[90mstdout[2m | backend/src/tests/dependencies.test.js[2m > [22m[2mProject Dependencies API Tests
[22m[39m✅ Created page_views table

[90mstdout[2m | backend/src/tests/dependencies.test.js[2m > [22m[2mProject Dependencies API Tests
[22m[39m✅ Added commentary column to metric_periods table

[90mstdout[2m | backend/src/tests/dependencies.test.js[2m > [22m[2mProject Dependencies API Tests
[22m[39m✅ Created project_links table

[90mstdout[2m | backend/src/tests/dependencies.test.js[2m > [22m[2mProject Dependencies API Tests
[22m[39m✅ Created recovery_plans table

[90mstdout[2m | backend/src/tests/dependencies.test.js[2m > [22m[2mProject Dependencies API Tests
[22m[39m✅ Created spaces table

[90mstdout[2m | backend/src/tests/dependencies.test.js[2m > [22m[2mProject Dependencies API Tests
[22m[39m✅ Added date columns to projects table

[90mstdout[2m | backend/src/tests/dependencies.test.js[2m > [22m[2mProject Dependencies API Tests
[22m[39m✅ Created index for space_id in portfolios

[90mstdout[2m | backend/src/tests/dependencies.test.js[2m > [22m[2mProject Dependencies API Tests
[22m[39m✅ Created portfolios table

[90mstdout[2m | backend/src/tests/dependencies.test.js[2m > [22m[2mProject Dependencies API Tests
[22m[39m✅ Added portfolio_id column to projects table

[90mstdout[2m | backend/src/tests/dependencies.test.js[2m > [22m[2mProject Dependencies API Tests
[22m[39m✅ Created project_dependencies table

[90mstdout[2m | backend/src/tests/dependencies.test.js[2m > [22m[2mProject Dependencies API Tests
[22m[39m✅ Added secondary_pm column to projects table

[90mstdout[2m | backend/src/tests/dependencies.test.js[2m > [22m[2mProject Dependencies API Tests
[22m[39m✅ Created indexes for project_dependencies

[90mstdout[2m | backend/src/tests/dependencies.test.js[2m > [22m[2mProject Dependencies API Tests
[22m[39m✅ Created milestones table

[90mstdout[2m | backend/src/tests/dependencies.test.js[2m > [22m[2mProject Dependencies API Tests
[22m[39m✅ Created index for milestones

[90mstdout[2m | backend/src/tests/dependencies.test.js[2m > [22m[2mProject Dependencies API Tests
[22m[39m✅ Created performance indexes

[90mstdout[2m | backend/src/tests/dependencies.test.js[2m > [22m[2mProject Dependencies API Tests
[22m[39m📦 Seeding Illustrative Examples Portfolio...
ℹ️  Illustrative Examples portfolio already exists, skipping seed

[90mstdout[2m | backend/src/tests/dependencies.test.js[2m > [22m[2mProject Dependencies API Tests
[22m[39m✅ Database ready at backend/data/progress-tracker.db

[90mstdout[2m | backend/src/tests/dependencies.test.js[2m > [22m[2mProject Dependencies API Tests
[22m[39m✅ Created feedback table

[90mstdout[2m | backend/src/tests/dependencies.test.js[2m > [22m[2mProject Dependencies API Tests
[22m[39m✅ Migrated feedback to text-only format

[90mstdout[2m | backend/src/tests/dependencies.test.js[2m > [22m[2mProject Dependencies API Tests
[22m[39m✅ Added project_id to feedback table

[90mstdout[2m | backend/src/tests/dependencies.test.js[2m > [22m[2mProject Dependencies API Tests
[22m[39m✅ Created page_views table

[90mstdout[2m | backend/src/tests/dependencies.test.js[2m > [22m[2mProject Dependencies API Tests
[22m[39m✅ Added load_time_ms column to page_views

[90mstdout[2m | backend/src/tests/dependencies.test.js[2m > [22m[2mProject Dependencies API Tests
[22m[39m✅ Created recovery_plans table

[90mstdout[2m | backend/src/tests/dependencies.test.js[2m > [22m[2mProject Dependencies API Tests
[22m[39m✅ Created spaces table

[90mstdout[2m | backend/src/tests/dependencies.test.js[2m > [22m[2mProject Dependencies API Tests
[22m[39m✅ Added space_id column to portfolios table

[90mstdout[2m | backend/src/tests/dependencies.test.js[2m > [22m[2mProject Dependencies API Tests
[22m[39m✅ Added default_space_id column to users table

[90mstdout[2m | backend/src/tests/dependencies.test.js[2m > [22m[2mProject Dependencies API Tests
[22m[39m✅ Created index for space_id in portfolios

[90mstdout[2m | backend/src/tests/dependencies.test.js[2m > [22m[2mProject Dependencies API Tests
[22m[39m✅ Created project_dependencies table

[90mstdout[2m | backend/src/tests/dependencies.test.js[2m > [22m[2mProject Dependencies API Tests
[22m[39m✅ Created indexes for project_dependencies

[90mstdout[2m | backend/src/tests/dependencies.test.js[2m > [22m[2mProject Dependencies API Tests
[22m[39m✅ Created milestones table

[90mstdout[2m | backend/src/tests/dependencies.test.js[2m > [22m[2mProject Dependencies API Tests
[22m[39m✅ Created index for milestones

[90mstdout[2m | backend/src/tests/dependencies.test.js[2m > [22m[2mProject Dependencies API Tests
[22m[39m✅ Created performance indexes

[90mstdout[2m | backend/src/tests/dependencies.test.js[2m > [22m[2mProject Dependencies API Tests
[22m[39m📦 Seeding Illustrative Examples Portfolio...
ℹ️  Illustrative Examples portfolio already exists, skipping seed

[90mstdout[2m | backend/src/tests/dependencies.test.js[2m > [22m[2mProject Dependencies API Tests
[22m[39m✅ Database ready at backend/data/progress-tracker.db

[90mstdout[2m | backend/src/tests/consistency-feedback.test.js[2m > [22m[2mConsistency Feedback Generation Tests[2m > [22m[2mPOST /api/admin/generate-consistency-feedback[2m > [22m[2mshould generate feedback for single metric projects
[22m[39mCreating metric: {
  projectId: [32m'1'[39m,
  name: [32m'Single Metric'[39m,
  description: [90mundefined[39m,
  owner_id: [90mundefined[39m,
  start_date: [32m'2025-01-01'[39m,
  end_date: [32m'2025-12-31'[39m,
  frequency: [32m'monthly'[39m,
  progression_type: [90mundefined[39m,
  final_target: [33m100[39m
}

[90mstdout[2m | backend/src/tests/consistency-feedback.test.js[2m > [22m[2mConsistency Feedback Generation Tests[2m > [22m[2mPOST /api/admin/generate-consistency-feedback[2m > [22m[2mshould generate feedback for single metric projects
[22m[39mMetric created with ID: [33m1[39m
Generating periods...

[90mstdout[2m | backend/src/tests/recovery-plans.test.js[2m > [22m[2mRecovery Plans API Tests
[22m[39m✅ Cleaned up user roles

[90mstdout[2m | backend/src/tests/recovery-plans.test.js[2m > [22m[2mRecovery Plans API Tests
[22m[39m✅ Cleaned up user roles

[90mstdout[2m | backend/src/tests/consistency-feedback.test.js[2m > [22m[2mConsistency Feedback Generation Tests[2m > [22m[2mPOST /api/admin/generate-consistency-feedback[2m > [22m[2mshould generate feedback for single metric projects
[22m[39mPeriods generated successfully

[90mstdout[2m | backend/src/tests/import-export.test.js[2m > [22m[2mImport/Export API Tests[2m > [22m[2mPOST /api/import[2m > [22m[2mshould import valid data as admin
[22m[39mProcessing import file: valid-import.xlsx

[90mstdout[2m | backend/src/tests/recovery-plans.test.js[2m > [22m[2mRecovery Plans API Tests
[22m[39m✅ Created project_links table

[90mstdout[2m | backend/src/tests/recovery-plans.test.js[2m > [22m[2mRecovery Plans API Tests
[22m[39m✅ Added tolerance columns to metrics table

[90mstdout[2m | backend/src/tests/recovery-plans.test.js[2m > [22m[2mRecovery Plans API Tests
[22m[39m✅ Created portfolios table

[90mstdout[2m | backend/src/tests/recovery-plans.test.js[2m > [22m[2mRecovery Plans API Tests
[22m[39m✅ Added metric_type column to metrics table

[90mstdout[2m | backend/src/tests/recovery-plans.test.js[2m > [22m[2mRecovery Plans API Tests
[22m[39m✅ Added display_order column to metrics table

[90mstdout[2m | backend/src/tests/recovery-plans.test.js[2m > [22m[2mRecovery Plans API Tests
[22m[39m✅ Created feedback table

[90mstdout[2m | backend/src/tests/recovery-plans.test.js[2m > [22m[2mRecovery Plans API Tests
[22m[39m✅ Added commentary column to metric_periods table

[90mstdout[2m | backend/src/tests/recovery-plans.test.js[2m > [22m[2mRecovery Plans API Tests
[22m[39m✅ Created project_links table

[90mstdout[2m | backend/src/tests/recovery-plans.test.js[2m > [22m[2mRecovery Plans API Tests
[22m[39m✅ Created page_views table

[90mstdout[2m | backend/src/tests/recovery-plans.test.js[2m > [22m[2mRecovery Plans API Tests
[22m[39m✅ Created recovery_plans table

[90mstdout[2m | backend/src/tests/recovery-plans.test.js[2m > [22m[2mRecovery Plans API Tests
[22m[39m✅ Added date columns to projects table

[90mstdout[2m | backend/src/tests/recovery-plans.test.js[2m > [22m[2mRecovery Plans API Tests
[22m[39m✅ Created spaces table

[90mstdout[2m | backend/src/tests/recovery-plans.test.js[2m > [22m[2mRecovery Plans API Tests
[22m[39m✅ Created portfolios table

[90mstdout[2m | backend/src/tests/recovery-plans.test.js[2m > [22m[2mRecovery Plans API Tests
[22m[39m✅ Created index for space_id in portfolios

[90mstdout[2m | backend/src/tests/recovery-plans.test.js[2m > [22m[2mRecovery Plans API Tests
[22m[39m✅ Added portfolio_id column to projects table

[90mstdout[2m | backend/src/tests/recovery-plans.test.js[2m > [22m[2mRecovery Plans API Tests
[22m[39m✅ Added secondary_pm column to projects table

[90mstdout[2m | backend/src/tests/recovery-plans.test.js[2m > [22m[2mRecovery Plans API Tests
[22m[39m✅ Created project_dependencies table

[90mstdout[2m | backend/src/tests/recovery-plans.test.js[2m > [22m[2mRecovery Plans API Tests
[22m[39m✅ Created indexes for project_dependencies

[90mstdout[2m | backend/src/tests/recovery-plans.test.js[2m > [22m[2mRecovery Plans API Tests
[22m[39m✅ Created milestones table

[90mstdout[2m | backend/src/tests/recovery-plans.test.js[2m > [22m[2mRecovery Plans API Tests
[22m[39m✅ Created index for milestones

[90mstdout[2m | backend/src/tests/recovery-plans.test.js[2m > [22m[2mRecovery Plans API Tests
[22m[39m✅ Created feedback table

[90mstdout[2m | backend/src/tests/recovery-plans.test.js[2m > [22m[2mRecovery Plans API Tests
[22m[39m✅ Created performance indexes

[90mstdout[2m | backend/src/tests/import-export.test.js[2m > [22m[2mImport/Export API Tests[2m > [22m[2mPOST /api/import[2m > [22m[2mshould import valid data as admin
[22m[39m✅ Created project: Test Project 1

[90mstdout[2m | backend/src/tests/import-export.test.js[2m > [22m[2mImport/Export API Tests[2m > [22m[2mPOST /api/import[2m > [22m[2mshould import valid data as admin
[22m[39m✅ Created metric: Metric A for project Test Project 1

[90mstdout[2m | backend/src/tests/recovery-plans.test.js[2m > [22m[2mRecovery Plans API Tests
[22m[39m📦 Seeding Illustrative Examples Portfolio...
ℹ️  Illustrative Examples portfolio already exists, skipping seed

[90mstdout[2m | backend/src/tests/recovery-plans.test.js[2m > [22m[2mRecovery Plans API Tests
[22m[39m✅ Database ready at backend/data/progress-tracker.db

[90mstdout[2m | backend/src/tests/import-export.test.js[2m > [22m[2mImport/Export API Tests[2m > [22m[2mPOST /api/import[2m > [22m[2mshould import data as PM
[22m[39mProcessing import file: pm-import.xlsx

[90mstdout[2m | backend/src/tests/consistency-feedback.test.js[2m > [22m[2mConsistency Feedback Generation Tests[2m > [22m[2mPOST /api/admin/generate-consistency-feedback[2m > [22m[2mshould generate feedback for single metric projects
[22m[39m✅ Created system user for automated feedback

[90mstdout[2m | backend/src/tests/consistency-feedback.test.js[2m > [22m[2mConsistency Feedback Generation Tests[2m > [22m[2mPOST /api/admin/generate-consistency-feedback[2m > [22m[2mshould generate feedback for single metric projects
[22m[39m✅ Consistency feedback generated: 1 created, 0 skipped (duplicates)

[90mstdout[2m | backend/src/tests/recovery-plans.test.js[2m > [22m[2mRecovery Plans API Tests
[22m[39m✅ Migrated feedback to text-only format

[90mstdout[2m | backend/src/tests/import-export.test.js[2m > [22m[2mImport/Export API Tests[2m > [22m[2mPOST /api/import[2m > [22m[2mshould import data as PM
[22m[39m✅ Created project: PM Project

[90mstdout[2m | backend/src/tests/import-export.test.js[2m > [22m[2mImport/Export API Tests[2m > [22m[2mPOST /api/import[2m > [22m[2mshould import data as PM
[22m[39m✅ Created metric: PM Metric for project PM Project

[90mstdout[2m | backend/src/tests/consistency-feedback.test.js[2m > [22m[2mConsistency Feedback Generation Tests[2m > [22m[2mPOST /api/admin/generate-consistency-feedback[2m > [22m[2mshould prevent duplicate feedback entries
[22m[39m✅ Consistency feedback generated: 0 created, 1 skipped (duplicates)

[90mstdout[2m | backend/src/tests/recovery-plans.test.js[2m > [22m[2mRecovery Plans API Tests
[22m[39m✅ Added project_id to feedback table

[90mstdout[2m | backend/src/tests/recovery-plans.test.js[2m > [22m[2mRecovery Plans API Tests
[22m[39m✅ Created page_views table

[90mstdout[2m | backend/src/tests/recovery-plans.test.js[2m > [22m[2mRecovery Plans API Tests
[22m[39m✅ Added load_time_ms column to page_views

[90mstdout[2m | backend/src/tests/consistency-feedback.test.js[2m > [22m[2mConsistency Feedback Generation Tests[2m > [22m[2mPOST /api/admin/generate-consistency-feedback[2m > [22m[2mshould detect projects with no lead metrics
[22m[39mCreating metric: {
  projectId: [32m'2'[39m,
  name: [32m'Lag Metric 1'[39m,
  description: [90mundefined[39m,
  owner_id: [90mundefined[39m,
  start_date: [32m'2025-01-01'[39m,
  end_date: [32m'2025-12-31'[39m,
  frequency: [32m'monthly'[39m,
  progression_type: [90mundefined[39m,
  final_target: [33m100[39m
}

[90mstdout[2m | backend/src/tests/consistency-feedback.test.js[2m > [22m[2mConsistency Feedback Generation Tests[2m > [22m[2mPOST /api/admin/generate-consistency-feedback[2m > [22m[2mshould detect projects with no lead metrics
[22m[39mMetric created with ID: [33m2[39m
Generating periods...

[90mstdout[2m | backend/src/tests/recovery-plans.test.js[2m > [22m[2mRecovery Plans API Tests
[22m[39m✅ Created recovery_plans table

[90mstdout[2m | backend/src/tests/recovery-plans.test.js[2m > [22m[2mRecovery Plans API Tests
[22m[39m✅ Created spaces table

[90mstdout[2m | backend/src/tests/recovery-plans.test.js[2m > [22m[2mRecovery Plans API Tests
[22m[39m✅ Added space_id column to portfolios table

[90mstdout[2m | backend/src/tests/recovery-plans.test.js[2m > [22m[2mRecovery Plans API Tests
[22m[39m✅ Added default_space_id column to users table

[90mstdout[2m | backend/src/tests/consistency-feedback.test.js[2m > [22m[2mConsistency Feedback Generation Tests[2m > [22m[2mPOST /api/admin/generate-consistency-feedback[2m > [22m[2mshould detect projects with no lead metrics
[22m[39mPeriods generated successfully

[90mstdout[2m | backend/src/tests/recovery-plans.test.js[2m > [22m[2mRecovery Plans API Tests
[22m[39m✅ Created index for space_id in portfolios

[90mstdout[2m | backend/src/tests/consistency-feedback.test.js[2m > [22m[2mConsistency Feedback Generation Tests[2m > [22m[2mPOST /api/admin/generate-consistency-feedback[2m > [22m[2mshould detect projects with no lead metrics
[22m[39mCreating metric: {
  projectId: [32m'2'[39m,
  name: [32m'Lag Metric 2'[39m,
  description: [90mundefined[39m,
  owner_id: [90mundefined[39m,
  start_date: [32m'2025-01-01'[39m,
  end_date: [32m'2025-12-31'[39m,
  frequency: [32m'monthly'[39m,
  progression_type: [90mundefined[39m,
  final_target: [33m100[39m
}

[90mstdout[2m | backend/src/tests/import-export.test.js[2m > [22m[2mImport/Export API Tests[2m > [22m[2mPOST /api/import[2m > [22m[2mshould reject file with missing Import_Data sheet
[22m[39mProcessing import file: wrong-sheet.xlsx

[90mstdout[2m | backend/src/tests/consistency-feedback.test.js[2m > [22m[2mConsistency Feedback Generation Tests[2m > [22m[2mPOST /api/admin/generate-consistency-feedback[2m > [22m[2mshould detect projects with no lead metrics
[22m[39mMetric created with ID: [33m3[39m
Generating periods...

[90mstdout[2m | backend/src/tests/recovery-plans.test.js[2m > [22m[2mRecovery Plans API Tests
[22m[39m✅ Created project_dependencies table

[90mstdout[2m | backend/src/tests/recovery-plans.test.js[2m > [22m[2mRecovery Plans API Tests
[22m[39m✅ Created indexes for project_dependencies

[90mstdout[2m | backend/src/tests/recovery-plans.test.js[2m > [22m[2mRecovery Plans API Tests
[22m[39m✅ Created milestones table

[90mstdout[2m | backend/src/tests/recovery-plans.test.js[2m > [22m[2mRecovery Plans API Tests
[22m[39m✅ Created index for milestones

[90mstdout[2m | backend/src/tests/consistency-feedback.test.js[2m > [22m[2mConsistency Feedback Generation Tests[2m > [22m[2mPOST /api/admin/generate-consistency-feedback[2m > [22m[2mshould detect projects with no lead metrics
[22m[39mPeriods generated successfully

[90mstderr[2m | backend/src/tests/import-export.test.js[2m > [22m[2mImport/Export API Tests[2m > [22m[2mPOST /api/import[2m > [22m[2mshould reject file with missing Import_Data sheet
[22m[39m[2025-12-06T16:57:45.461Z] [ERROR] [IMPORT] Error importing data 
{
  "error": "Import validation failed",
  "stack": "ImportValidationError: Import validation failed\n    at validateImportFile (/Users/andrewspruce/Code/progress-tracker/backend/src/importService.js:71:11)\n    at importDataFromFile (/Users/andrewspruce/Code/progress-tracker/backend/src/importService.js:243:26)\n    at /Users/andrewspruce/Code/progress-tracker/backend/src/server.js:6603:23",
  "filename": "wrong-sheet.xlsx",
  "userId": 1
}

[90mstdout[2m | backend/src/tests/recovery-plans.test.js[2m > [22m[2mRecovery Plans API Tests
[22m[39m✅ Created performance indexes

[90mstdout[2m | backend/src/tests/recovery-plans.test.js[2m > [22m[2mRecovery Plans API Tests
[22m[39m📦 Seeding Illustrative Examples Portfolio...
ℹ️  Illustrative Examples portfolio already exists, skipping seed

[90mstdout[2m | backend/src/tests/recovery-plans.test.js[2m > [22m[2mRecovery Plans API Tests
[22m[39m✅ Database ready at backend/data/progress-tracker.db

[90mstdout[2m | backend/src/tests/consistency-feedback.test.js[2m > [22m[2mConsistency Feedback Generation Tests[2m > [22m[2mPOST /api/admin/generate-consistency-feedback[2m > [22m[2mshould detect projects with no lead metrics
[22m[39m✅ Consistency feedback generated: 1 created, 1 skipped (duplicates)

[90mstdout[2m | backend/src/tests/consistency-feedback.test.js[2m > [22m[2mConsistency Feedback Generation Tests[2m > [22m[2mPOST /api/admin/generate-consistency-feedback[2m > [22m[2mshould detect back-loaded growth patterns
[22m[39mCreating metric: {
  projectId: [32m'3'[39m,
  name: [32m'Back-loaded Metric'[39m,
  description: [90mundefined[39m,
  owner_id: [90mundefined[39m,
  start_date: [32m'2025-01-01'[39m,
  end_date: [32m'2025-06-01'[39m,
  frequency: [32m'monthly'[39m,
  progression_type: [90mundefined[39m,
  final_target: [33m100[39m
}

[90mstdout[2m | backend/src/tests/consistency-feedback.test.js[2m > [22m[2mConsistency Feedback Generation Tests[2m > [22m[2mPOST /api/admin/generate-consistency-feedback[2m > [22m[2mshould detect back-loaded growth patterns
[22m[39mMetric created with ID: [33m4[39m
Generating periods...

[90mstdout[2m | backend/src/tests/import-export.test.js[2m > [22m[2mImport/Export API Tests[2m > [22m[2mPOST /api/import[2m > [22m[2mshould reject file with wrong headers
[22m[39mProcessing import file: wrong-headers.xlsx

[90mstdout[2m | backend/src/tests/consistency-feedback.test.js[2m > [22m[2mConsistency Feedback Generation Tests[2m > [22m[2mPOST /api/admin/generate-consistency-feedback[2m > [22m[2mshould detect back-loaded growth patterns
[22m[39mPeriods generated successfully

[90mstdout[2m | backend/src/tests/consistency-feedback.test.js[2m > [22m[2mConsistency Feedback Generation Tests[2m > [22m[2mPOST /api/admin/generate-consistency-feedback[2m > [22m[2mshould detect back-loaded growth patterns
[22m[39m✅ Consistency feedback generated: 2 created, 2 skipped (duplicates)

[90mstderr[2m | backend/src/tests/import-export.test.js[2m > [22m[2mImport/Export API Tests[2m > [22m[2mPOST /api/import[2m > [22m[2mshould reject file with wrong headers
[22m[39m[2025-12-06T16:57:45.484Z] [ERROR] [IMPORT] Error importing data 
{
  "error": "Import validation failed",
  "stack": "ImportValidationError: Import validation failed\n    at validateImportFile (/Users/andrewspruce/Code/progress-tracker/backend/src/importService.js:107:11)\n    at importDataFromFile (/Users/andrewspruce/Code/progress-tracker/backend/src/importService.js:243:26)\n    at /Users/andrewspruce/Code/progress-tracker/backend/src/server.js:6603:23",
  "filename": "wrong-headers.xlsx",
  "userId": 1
}

[90mstdout[2m | backend/src/tests/consistency-feedback.test.js[2m > [22m[2mConsistency Feedback Generation Tests[2m > [22m[2mPOST /api/admin/generate-consistency-feedback[2m > [22m[2mshould detect vacation month growth
[22m[39mCreating metric: {
  projectId: [32m'4'[39m,
  name: [32m'Vacation Metric'[39m,
  description: [90mundefined[39m,
  owner_id: [90mundefined[39m,
  start_date: [32m'2024-06-01'[39m,
  end_date: [32m'2025-02-01'[39m,
  frequency: [32m'monthly'[39m,
  progression_type: [90mundefined[39m,
  final_target: [33m100[39m
}

[90mstdout[2m | backend/src/tests/consistency-feedback.test.js[2m > [22m[2mConsistency Feedback Generation Tests[2m > [22m[2mPOST /api/admin/generate-consistency-feedback[2m > [22m[2mshould detect vacation month growth
[22m[39mMetric created with ID: [33m5[39m
Generating periods...

[90mstdout[2m | backend/src/tests/import-export.test.js[2m > [22m[2mImport/Export API Tests[2m > [22m[2mPOST /api/import[2m > [22m[2mshould reject rows with missing required fields
[22m[39mProcessing import file: missing-fields.xlsx

[90mstdout[2m | backend/src/tests/consistency-feedback.test.js[2m > [22m[2mConsistency Feedback Generation Tests[2m > [22m[2mPOST /api/admin/generate-consistency-feedback[2m > [22m[2mshould detect vacation month growth
[22m[39mPeriods generated successfully

[90mstderr[2m | backend/src/tests/import-export.test.js[2m > [22m[2mImport/Export API Tests[2m > [22m[2mPOST /api/import[2m > [22m[2mshould reject rows with missing required fields
[22m[39m[2025-12-06T16:57:45.497Z] [ERROR] [IMPORT] Error importing data 
{
  "error": "Import validation failed",
  "stack": "ImportValidationError: Import validation failed\n    at validateImportFile (/Users/andrewspruce/Code/progress-tracker/backend/src/importService.js:217:11)\n    at importDataFromFile (/Users/andrewspruce/Code/progress-tracker/backend/src/importService.js:243:26)\n    at /Users/andrewspruce/Code/progress-tracker/backend/src/server.js:6603:23",
  "filename": "missing-fields.xlsx",
  "userId": 1
}

[90mstdout[2m | backend/src/tests/consistency-feedback.test.js[2m > [22m[2mConsistency Feedback Generation Tests[2m > [22m[2mPOST /api/admin/generate-consistency-feedback[2m > [22m[2mshould detect vacation month growth
[22m[39m✅ Consistency feedback generated: 3 created, 4 skipped (duplicates)

[90mstdout[2m | backend/src/tests/import-export.test.js[2m > [22m[2mImport/Export API Tests[2m > [22m[2mPOST /api/import[2m > [22m[2mshould reject rows with invalid date format
[22m[39mProcessing import file: invalid-date.xlsx

[90mstderr[2m | backend/src/tests/import-export.test.js[2m > [22m[2mImport/Export API Tests[2m > [22m[2mPOST /api/import[2m > [22m[2mshould reject rows with invalid date format
[22m[39m[2025-12-06T16:57:45.511Z] [ERROR] [IMPORT] Error importing data 
{
  "error": "Import validation failed",
  "stack": "ImportValidationError: Import validation failed\n    at validateImportFile (/Users/andrewspruce/Code/progress-tracker/backend/src/importService.js:217:11)\n    at importDataFromFile (/Users/andrewspruce/Code/progress-tracker/backend/src/importService.js:243:26)\n    at /Users/andrewspruce/Code/progress-tracker/backend/src/server.js:6603:23",
  "filename": "invalid-date.xlsx",
  "userId": 1
}

[90mstdout[2m | backend/src/tests/consistency-feedback.test.js[2m > [22m[2mConsistency Feedback Generation Tests[2m > [22m[2mFeedback Deduplication[2m > [22m[2mshould not create duplicate feedback for same issue
[22m[39m✅ Consistency feedback generated: 0 created, 7 skipped (duplicates)

[90mstdout[2m | backend/src/tests/consistency-feedback.test.js[2m > [22m[2mConsistency Feedback Generation Tests[2m > [22m[2mFeedback Deduplication[2m > [22m[2mshould skip feedback if similar entry exists
[22m[39m✅ Consistency feedback generated: 0 created, 7 skipped (duplicates)

[90mstdout[2m | backend/src/tests/import-export.test.js[2m > [22m[2mImport/Export API Tests[2m > [22m[2mPOST /api/import[2m > [22m[2mshould update existing project if it already exists
[22m[39mProcessing import file: update-test-1.xlsx

[90mstdout[2m | backend/src/tests/consistency-feedback.test.js[2m > [22m[2mConsistency Feedback Generation Tests[2m > [22m[2mIntegration with generateConsistencyFeedback function[2m > [22m[2mshould be callable directly
[22m[39m✅ Consistency feedback generated: 0 created, 7 skipped (duplicates)

[90mstdout[2m | backend/src/tests/import-export.test.js[2m > [22m[2mImport/Export API Tests[2m > [22m[2mPOST /api/import[2m > [22m[2mshould update existing project if it already exists
[22m[39m✅ Created project: Update Test Project

[90mstdout[2m | backend/src/tests/import-export.test.js[2m > [22m[2mImport/Export API Tests[2m > [22m[2mPOST /api/import[2m > [22m[2mshould update existing project if it already exists
[22m[39m✅ Created metric: Update Metric for project Update Test Project

[90mstdout[2m | backend/src/tests/consistency-feedback.test.js[2m > [22m[2mConsistency Feedback Generation Tests[2m > [22m[2mIntegration with generateConsistencyFeedback function[2m > [22m[2mshould return consistent results when called multiple times
[22m[39m✅ Consistency feedback generated: 0 created, 7 skipped (duplicates)

[90mstdout[2m | backend/src/tests/consistency-feedback.test.js[2m > [22m[2mConsistency Feedback Generation Tests[2m > [22m[2mIntegration with generateConsistencyFeedback function[2m > [22m[2mshould return consistent results when called multiple times
[22m[39m✅ Consistency feedback generated: 0 created, 7 skipped (duplicates)

[90mstdout[2m | backend/src/tests/import-export.test.js[2m > [22m[2mImport/Export API Tests[2m > [22m[2mPOST /api/import[2m > [22m[2mshould update existing project if it already exists
[22m[39mProcessing import file: update-test-2.xlsx

[90mstdout[2m | backend/src/tests/consistency-feedback.test.js[2m > [22m[2mConsistency Feedback Generation Tests[2m > [22m[2mError Handling[2m > [22m[2mshould handle missing projects gracefully
[22m[39m✅ Consistency feedback generated: 0 created, 0 skipped (duplicates)

[90mstdout[2m | backend/src/tests/consistency-feedback.test.js[2m > [22m[2mConsistency Feedback Generation Tests[2m > [22m[2mError Handling[2m > [22m[2mshould handle database errors gracefully
[22m[39m✅ Consistency feedback generated: 0 created, 0 skipped (duplicates)

 [31m❯[39m backend/src/tests/consistency-feedback.test.js [2m([22m[2m17 tests[22m[2m | [22m[31m1 failed[39m[2m)[22m[33m 702[2mms[22m[39m
       [32m✓[39m should require admin authentication[32m 2[2mms[22m[39m
       [32m✓[39m should generate feedback for single metric projects[32m 52[2mms[22m[39m
       [32m✓[39m should prevent duplicate feedback entries[32m 4[2mms[22m[39m
       [32m✓[39m should detect projects with no lead metrics[32m 28[2mms[22m[39m
       [32m✓[39m should detect back-loaded growth patterns[32m 18[2mms[22m[39m
       [32m✓[39m should detect vacation month growth[32m 16[2mms[22m[39m
[31m       [31m×[31m should create system user for automated feedback[39m[32m 4[2mms[22m[39m
       [32m✓[39m all generated feedback should be from system user[32m 1[2mms[22m[39m
       [32m✓[39m should not create duplicate feedback for same issue[32m 6[2mms[22m[39m
       [32m✓[39m should skip feedback if similar entry exists[32m 6[2mms[22m[39m
       [32m✓[39m should be callable directly[32m 7[2mms[22m[39m
       [32m✓[39m should return consistent results when called multiple times[32m 10[2mms[22m[39m
       [32m✓[39m should create INFO level feedback for single metrics[32m 1[2mms[22m[39m
       [32m✓[39m should create WARNING level feedback for no lead metrics[32m 0[2mms[22m[39m
       [32m✓[39m should create HIGH level feedback for back-loaded projects[32m 0[2mms[22m[39m
       [32m✓[39m should handle missing projects gracefully[32m 5[2mms[22m[39m
       [32m✓[39m should handle database errors gracefully[32m 3[2mms[22m[39m
 [31m❯[39m backend/src/tests/dependencies.test.js [2m([22m[2m21 tests[22m[2m | [22m[31m14 failed[39m[2m)[22m[33m 557[2mms[22m[39m
       [32m✓[39m should return empty array for project without dependencies[32m 3[2mms[22m[39m
[31m       [31m×[31m should return dependencies after creation[39m[32m 5[2mms[22m[39m
       [32m✓[39m should include project names in response[32m 1[2mms[22m[39m
[31m       [31m×[31m should handle non-existent project[39m[32m 2[2mms[22m[39m
[31m       [31m×[31m should create dependency with PM token[39m[32m 5[2mms[22m[39m
[31m       [31m×[31m should create dependency with admin token[39m[32m 3[2mms[22m[39m
       [32m✓[39m should reject creation with viewer token[32m 2[2mms[22m[39m
       [32m✓[39m should reject creation without authentication[32m 2[2mms[22m[39m
[31m       [31m×[31m should validate dependency type[39m[32m 4[2mms[22m[39m
[31m       [31m×[31m should prevent self-dependency[39m[32m 3[2mms[22m[39m
[31m       [31m×[31m should prevent duplicate dependencies[39m[32m 6[2mms[22m[39m
[31m       [31m×[31m should validate required fields[39m[32m 2[2mms[22m[39m
[31m       [31m×[31m should handle non-existent dependent project[39m[32m 2[2mms[22m[39m
[31m       [31m×[31m should delete dependency with PM token[39m[32m 5[2mms[22m[39m
[31m       [31m×[31m should delete dependency with admin token[39m[32m 5[2mms[22m[39m
[31m       [31m×[31m should reject deletion with viewer token[39m[32m 6[2mms[22m[39m
       [32m✓[39m should reject deletion without authentication[32m 5[2mms[22m[39m
       [32m✓[39m should handle deletion of non-existent dependency[32m 5[2mms[22m[39m
       [32m✓[39m should handle mismatched project and dependency[32m 5[2mms[22m[39m
[31m       [31m×[31m should support all dependency types[39m[32m 4[2mms[22m[39m
[31m       [31m×[31m should detect direct circular dependencies[39m[32m 4[2mms[22m[39m
[90mstdout[2m | backend/src/tests/import-export.test.js[2m > [22m[2mImport/Export API Tests[2m > [22m[2mPOST /api/import[2m > [22m[2mshould create audit log entry for import
[22m[39mProcessing import file: audit-import.xlsx

[90mstdout[2m | backend/src/tests/import-export.test.js[2m > [22m[2mImport/Export API Tests[2m > [22m[2mPOST /api/import[2m > [22m[2mshould create audit log entry for import
[22m[39m✅ Created project: Audit Test Project

[90mstdout[2m | backend/src/tests/import-export.test.js[2m > [22m[2mImport/Export API Tests[2m > [22m[2mPOST /api/import[2m > [22m[2mshould create audit log entry for import
[22m[39m✅ Created metric: Audit Metric for project Audit Test Project

[90mstdout[2m | backend/src/tests/import-export.test.js[2m > [22m[2mImport/Export API Tests[2m > [22m[2mPOST /api/import[2m > [22m[2mshould handle multiple projects in single import
[22m[39mProcessing import file: multi-project.xlsx

[90mstdout[2m | backend/src/tests/import-export.test.js[2m > [22m[2mImport/Export API Tests[2m > [22m[2mPOST /api/import[2m > [22m[2mshould handle multiple projects in single import
[22m[39m✅ Created project: Multi Project A

[90mstdout[2m | backend/src/tests/import-export.test.js[2m > [22m[2mImport/Export API Tests[2m > [22m[2mPOST /api/import[2m > [22m[2mshould handle multiple projects in single import
[22m[39m✅ Created metric: Metric A1 for project Multi Project A

[90mstdout[2m | backend/src/tests/import-export.test.js[2m > [22m[2mImport/Export API Tests[2m > [22m[2mPOST /api/import[2m > [22m[2mshould handle multiple projects in single import
[22m[39m✅ Created project: Multi Project B

[90mstdout[2m | backend/src/tests/import-export.test.js[2m > [22m[2mImport/Export API Tests[2m > [22m[2mPOST /api/import[2m > [22m[2mshould handle multiple projects in single import
[22m[39m✅ Created metric: Metric B1 for project Multi Project B

[90mstdout[2m | backend/src/tests/import-export.test.js[2m > [22m[2mImport/Export API Tests[2m > [22m[2mPOST /api/import[2m > [22m[2mshould handle multiple projects in single import
[22m[39m✅ Created project: Multi Project C

[90mstdout[2m | backend/src/tests/import-export.test.js[2m > [22m[2mImport/Export API Tests[2m > [22m[2mPOST /api/import[2m > [22m[2mshould handle multiple projects in single import
[22m[39m✅ Created metric: Metric C1 for project Multi Project C

[90mstdout[2m | backend/src/tests/import-export.test.js[2m > [22m[2mImport/Export API Tests[2m > [22m[2mPOST /api/export[2m > [22m[2mshould allow admin to trigger export
[22m[39mStarting daily data export...

[90mstdout[2m | backend/src/tests/permissions.test.js[2m > [22m[2mProject Permissions API Tests
[22m[39m✅ Cleaned up user roles

[90mstdout[2m | backend/src/tests/permissions.test.js[2m > [22m[2mProject Permissions API Tests
[22m[39m✅ Cleaned up user roles

[90mstdout[2m | backend/src/tests/permissions.test.js[2m > [22m[2mProject Permissions API Tests
[22m[39m✅ Added tolerance columns to metrics table

[90mstdout[2m | backend/src/tests/permissions.test.js[2m > [22m[2mProject Permissions API Tests
[22m[39m✅ Added metric_type column to metrics table

[90mstdout[2m | backend/src/tests/permissions.test.js[2m > [22m[2mProject Permissions API Tests
[22m[39m✅ Created project_links table

[90mstdout[2m | backend/src/tests/permissions.test.js[2m > [22m[2mProject Permissions API Tests
[22m[39m✅ Created portfolios table

[90mstdout[2m | backend/src/tests/permissions.test.js[2m > [22m[2mProject Permissions API Tests
[22m[39m✅ Added display_order column to metrics table

[90mstdout[2m | backend/src/tests/import-export.test.js[2m > [22m[2mImport/Export API Tests[2m > [22m[2mPOST /api/export[2m > [22m[2mshould allow admin to trigger export
[22m[39m✅ Export completed: progress-tracker-2025-12-06.xlsx

[90mstdout[2m | backend/src/tests/permissions.test.js[2m > [22m[2mProject Permissions API Tests
[22m[39m✅ Added commentary column to metric_periods table

[90mstdout[2m | backend/src/tests/permissions.test.js[2m > [22m[2mProject Permissions API Tests
[22m[39m✅ Created feedback table

[90mstdout[2m | backend/src/tests/import-export.test.js[2m > [22m[2mImport/Export API Tests[2m > [22m[2mPOST /api/export[2m > [22m[2mshould allow admin to trigger export
[22m[39mDeleted old export: progress-tracker-2025-11-09.xlsx

[90mstdout[2m | backend/src/tests/permissions.test.js[2m > [22m[2mProject Permissions API Tests
[22m[39m✅ Created project_links table

[90mstdout[2m | backend/src/tests/permissions.test.js[2m > [22m[2mProject Permissions API Tests
[22m[39m✅ Added date columns to projects table

[90mstdout[2m | backend/src/tests/permissions.test.js[2m > [22m[2mProject Permissions API Tests
[22m[39m✅ Created portfolios table

[90mstdout[2m | backend/src/tests/permissions.test.js[2m > [22m[2mProject Permissions API Tests
[22m[39m✅ Added portfolio_id column to projects table

[90mstdout[2m | backend/src/tests/permissions.test.js[2m > [22m[2mProject Permissions API Tests
[22m[39m✅ Created page_views table

[90mstdout[2m | backend/src/tests/permissions.test.js[2m > [22m[2mProject Permissions API Tests
[22m[39m✅ Added secondary_pm column to projects table

[90mstdout[2m | backend/src/tests/permissions.test.js[2m > [22m[2mProject Permissions API Tests
[22m[39m✅ Created recovery_plans table

[90mstdout[2m | backend/src/tests/permissions.test.js[2m > [22m[2mProject Permissions API Tests
[22m[39m✅ Created spaces table

[90mstdout[2m | backend/src/tests/permissions.test.js[2m > [22m[2mProject Permissions API Tests
[22m[39m✅ Created index for space_id in portfolios

[90mstdout[2m | backend/src/tests/permissions.test.js[2m > [22m[2mProject Permissions API Tests
[22m[39m✅ Created feedback table

 [32m✓[39m backend/src/tests/import-export.test.js [2m([22m[2m20 tests[22m[2m)[22m[33m 656[2mms[22m[39m
[90mstdout[2m | backend/src/tests/permissions.test.js[2m > [22m[2mProject Permissions API Tests
[22m[39m✅ Created project_dependencies table

[90mstdout[2m | backend/src/tests/permissions.test.js[2m > [22m[2mProject Permissions API Tests
[22m[39m✅ Created indexes for project_dependencies

[90mstdout[2m | backend/src/tests/permissions.test.js[2m > [22m[2mProject Permissions API Tests
[22m[39m✅ Created milestones table

[90mstdout[2m | backend/src/tests/permissions.test.js[2m > [22m[2mProject Permissions API Tests
[22m[39m✅ Created index for milestones

[90mstdout[2m | backend/src/tests/permissions.test.js[2m > [22m[2mProject Permissions API Tests
[22m[39m✅ Created performance indexes

[90mstdout[2m | backend/src/tests/permissions.test.js[2m > [22m[2mProject Permissions API Tests
[22m[39m📦 Seeding Illustrative Examples Portfolio...
ℹ️  Illustrative Examples portfolio already exists, skipping seed

[90mstdout[2m | backend/src/tests/permissions.test.js[2m > [22m[2mProject Permissions API Tests
[22m[39m✅ Database ready at backend/data/progress-tracker.db

[90mstdout[2m | backend/src/tests/permissions.test.js[2m > [22m[2mProject Permissions API Tests
[22m[39m✅ Migrated feedback to text-only format

[90mstdout[2m | backend/src/tests/permissions.test.js[2m > [22m[2mProject Permissions API Tests
[22m[39m✅ Added project_id to feedback table

[90mstdout[2m | backend/src/tests/permissions.test.js[2m > [22m[2mProject Permissions API Tests
[22m[39m✅ Created page_views table

[90mstdout[2m | backend/src/tests/permissions.test.js[2m > [22m[2mProject Permissions API Tests
[22m[39m✅ Added load_time_ms column to page_views

[90mstdout[2m | backend/src/tests/permissions.test.js[2m > [22m[2mProject Permissions API Tests
[22m[39m✅ Created recovery_plans table

[90mstdout[2m | backend/src/tests/permissions.test.js[2m > [22m[2mProject Permissions API Tests
[22m[39m✅ Created spaces table

[90mstdout[2m | backend/src/tests/permissions.test.js[2m > [22m[2mProject Permissions API Tests
[22m[39m✅ Added space_id column to portfolios table

[90mstdout[2m | backend/src/tests/permissions.test.js[2m > [22m[2mProject Permissions API Tests
[22m[39m✅ Added default_space_id column to users table

[90mstdout[2m | backend/src/tests/permissions.test.js[2m > [22m[2mProject Permissions API Tests
[22m[39m✅ Created index for space_id in portfolios

[90mstdout[2m | backend/src/tests/permissions.test.js[2m > [22m[2mProject Permissions API Tests
[22m[39m✅ Created project_dependencies table

[90mstdout[2m | backend/src/tests/permissions.test.js[2m > [22m[2mProject Permissions API Tests
[22m[39m✅ Created indexes for project_dependencies

[90mstdout[2m | backend/src/tests/permissions.test.js[2m > [22m[2mProject Permissions API Tests
[22m[39m✅ Created milestones table

[90mstdout[2m | backend/src/tests/permissions.test.js[2m > [22m[2mProject Permissions API Tests
[22m[39m✅ Created index for milestones

[90mstdout[2m | backend/src/tests/permissions.test.js[2m > [22m[2mProject Permissions API Tests
[22m[39m✅ Created performance indexes

[90mstdout[2m | backend/src/tests/permissions.test.js[2m > [22m[2mProject Permissions API Tests
[22m[39m📦 Seeding Illustrative Examples Portfolio...
ℹ️  Illustrative Examples portfolio already exists, skipping seed

[90mstdout[2m | backend/src/tests/permissions.test.js[2m > [22m[2mProject Permissions API Tests
[22m[39m✅ Database ready at backend/data/progress-tracker.db

 [31m❯[39m backend/src/tests/recovery-plans.test.js [2m([22m[2m26 tests[22m[2m | [22m[31m13 failed[39m[2m)[22m[33m 558[2mms[22m[39m
       [32m✓[39m should return list of recovery plans without authentication[32m 3[2mms[22m[39m
[31m       [31m×[31m should filter recovery plans by project[39m[32m 9[2mms[22m[39m
       [32m✓[39m should return recovery plans with correct structure[32m 5[2mms[22m[39m
       [32m✓[39m should include creator information when authenticated[32m 4[2mms[22m[39m
[31m       [31m×[31m should create recovery plan with PM token[39m[32m 2[2mms[22m[39m
[31m       [31m×[31m should create recovery plan with admin token[39m[32m 2[2mms[22m[39m
       [32m✓[39m should reject creation with viewer token[32m 4[2mms[22m[39m
       [32m✓[39m should reject creation without authentication[32m 3[2mms[22m[39m
       [32m✓[39m should validate required fields[32m 5[2mms[22m[39m
       [32m✓[39m should validate status values[32m 6[2mms[22m[39m
[31m       [31m×[31m should handle non-existent project[39m[32m 4[2mms[22m[39m
[31m       [31m×[31m should update recovery plan with PM token[39m[32m 2[2mms[22m[39m
[31m       [31m×[31m should update recovery plan with admin token[39m[32m 3[2mms[22m[39m
       [32m✓[39m should reject update with viewer token[32m 2[2mms[22m[39m
       [32m✓[39m should reject update without authentication[32m 2[2mms[22m[39m
       [32m✓[39m should handle non-existent recovery plan[32m 2[2mms[22m[39m
[31m       [31m×[31m should allow partial updates[39m[32m 2[2mms[22m[39m
[31m       [31m×[31m should track updated_at timestamp[39m[32m 3[2mms[22m[39m
[31m       [31m×[31m should delete recovery plan with PM token[39m[32m 5[2mms[22m[39m
[31m       [31m×[31m should delete recovery plan with admin token[39m[32m 3[2mms[22m[39m
       [32m✓[39m should reject deletion with viewer token[32m 4[2mms[22m[39m
       [32m✓[39m should reject deletion without authentication[32m 3[2mms[22m[39m
       [32m✓[39m should handle deletion of non-existent plan[32m 10[2mms[22m[39m
[31m       [31m×[31m should transition from pending to active[39m[32m 6[2mms[22m[39m
[31m       [31m×[31m should transition from active to completed[39m[32m 10[2mms[22m[39m
[31m       [31m×[31m should allow cancellation at any stage[39m[32m 6[2mms[22m[39m
Not implemented: HTMLCanvasElement's getContext() method: without installing the canvas npm package
 [31m❯[39m backend/src/tests/permissions.test.js [2m([22m[2m18 tests[22m[2m | [22m[31m10 failed[39m[2m)[22m[33m 592[2mms[22m[39m
       [32m✓[39m should get project permissions as admin[32m 7[2mms[22m[39m
       [32m✓[39m should reject permissions request without authentication[32m 2[2mms[22m[39m
[31m       [31m×[31m should grant project permission as admin[39m[32m 6[2mms[22m[39m
[31m       [31m×[31m should reject duplicate permission grant[39m[32m 3[2mms[22m[39m
       [32m✓[39m should reject permission grant as non-admin[32m 2[2mms[22m[39m
       [32m✓[39m should reject permission grant without userId[32m 3[2mms[22m[39m
       [32m✓[39m should reject permission revocation as non-admin[32m 2[2mms[22m[39m
[31m       [31m×[31m should revoke project permission as admin[39m[32m 13[2mms[22m[39m
       [32m✓[39m should handle revoking non-existent permission[32m 3[2mms[22m[39m
[31m       [31m×[31m should allow admin to edit any project[39m[32m 4[2mms[22m[39m
       [32m✓[39m should reject editor without permission from editing[32m 2[2mms[22m[39m
       [32m✓[39m should reject viewer from editing even with permission[32m 4[2mms[22m[39m
[31m       [31m×[31m should reject historic edit from viewer (403, not 401)[39m[32m 4[2mms[22m[39m
[31m       [31m×[31m should allow historic edit from PM user[39m[32m 4[2mms[22m[39m
[31m       [31m×[31m should allow historic edit from editor user[39m[32m 8[2mms[22m[39m
[31m       [31m×[31m should allow historic edit from admin user[39m[32m 2[2mms[22m[39m
[31m       [31m×[31m should allow non-historic edits from all users with permissions[39m[32m 4[2mms[22m[39m
[31m       [31m×[31m should log historic edits clearly in audit trail[39m[32m 4[2mms[22m[39m
TypeError: Cannot read properties of undefined (reading 'find')
    at SpaceSelector (/Users/andrewspruce/Code/progress-tracker/src/components/SpaceSelector.jsx:15:14)
    at renderWithHooks (/Users/andrewspruce/Code/progress-tracker/node_modules/react-dom/cjs/react-dom.development.js:15486:18)
    at mountIndeterminateComponent (/Users/andrewspruce/Code/progress-tracker/node_modules/react-dom/cjs/react-dom.development.js:20103:13)
    at beginWork (/Users/andrewspruce/Code/progress-tracker/node_modules/react-dom/cjs/react-dom.development.js:21626:16)
    at HTMLUnknownElement.callCallback (/Users/andrewspruce/Code/progress-tracker/node_modules/react-dom/cjs/react-dom.development.js:4164:14)
    at HTMLUnknownElement.callTheUserObjectsOperation (/Users/andrewspruce/Code/progress-tracker/node_modules/jsdom/lib/jsdom/living/generated/EventListener.js:26:30)
    at innerInvokeEventListeners (/Users/andrewspruce/Code/progress-tracker/node_modules/jsdom/lib/jsdom/living/events/EventTarget-impl.js:360:16)
    at invokeEventListeners (/Users/andrewspruce/Code/progress-tracker/node_modules/jsdom/lib/jsdom/living/events/EventTarget-impl.js:296:3)
    at HTMLUnknownElementImpl._dispatch (/Users/andrewspruce/Code/progress-tracker/node_modules/jsdom/lib/jsdom/living/events/EventTarget-impl.js:243:9)
    at HTMLUnknownElementImpl.dispatchEvent (/Users/andrewspruce/Code/progress-tracker/node_modules/jsdom/lib/jsdom/living/events/EventTarget-impl.js:114:17)
TypeError: Cannot read properties of undefined (reading 'find')
    at SpaceSelector (/Users/andrewspruce/Code/progress-tracker/src/components/SpaceSelector.jsx:15:14)
    at renderWithHooks (/Users/andrewspruce/Code/progress-tracker/node_modules/react-dom/cjs/react-dom.development.js:15486:18)
    at mountIndeterminateComponent (/Users/andrewspruce/Code/progress-tracker/node_modules/react-dom/cjs/react-dom.development.js:20103:13)
    at beginWork (/Users/andrewspruce/Code/progress-tracker/node_modules/react-dom/cjs/react-dom.development.js:21626:16)
    at HTMLUnknownElement.callCallback (/Users/andrewspruce/Code/progress-tracker/node_modules/react-dom/cjs/react-dom.development.js:4164:14)
    at HTMLUnknownElement.callTheUserObjectsOperation (/Users/andrewspruce/Code/progress-tracker/node_modules/jsdom/lib/jsdom/living/generated/EventListener.js:26:30)
    at innerInvokeEventListeners (/Users/andrewspruce/Code/progress-tracker/node_modules/jsdom/lib/jsdom/living/events/EventTarget-impl.js:360:16)
    at invokeEventListeners (/Users/andrewspruce/Code/progress-tracker/node_modules/jsdom/lib/jsdom/living/events/EventTarget-impl.js:296:3)
    at HTMLUnknownElementImpl._dispatch (/Users/andrewspruce/Code/progress-tracker/node_modules/jsdom/lib/jsdom/living/events/EventTarget-impl.js:243:9)
    at HTMLUnknownElementImpl.dispatchEvent (/Users/andrewspruce/Code/progress-tracker/node_modules/jsdom/lib/jsdom/living/events/EventTarget-impl.js:114:17)
[90mstderr[2m | src/components/__tests__/SpaceSelector.test.jsx[2m > [22m[2mSpaceSelector[2m > [22m[2mRendering[2m > [22m[2mshould render the space selector component
[22m[39mThe above error occurred in the <SpaceSelector> component:

    at SpaceSelector (/Users/andrewspruce/Code/progress-tracker/src/components/SpaceSelector.jsx:9:3)

Consider adding an error boundary to your tree to customize error handling behavior.
Visit https://reactjs.org/link/error-boundaries to learn more about error boundaries.

TypeError: Cannot read properties of undefined (reading 'find')
    at SpaceSelector (/Users/andrewspruce/Code/progress-tracker/src/components/SpaceSelector.jsx:15:14)
    at renderWithHooks (/Users/andrewspruce/Code/progress-tracker/node_modules/react-dom/cjs/react-dom.development.js:15486:18)
    at mountIndeterminateComponent (/Users/andrewspruce/Code/progress-tracker/node_modules/react-dom/cjs/react-dom.development.js:20103:13)
    at beginWork (/Users/andrewspruce/Code/progress-tracker/node_modules/react-dom/cjs/react-dom.development.js:21626:16)
    at HTMLUnknownElement.callCallback (/Users/andrewspruce/Code/progress-tracker/node_modules/react-dom/cjs/react-dom.development.js:4164:14)
    at HTMLUnknownElement.callTheUserObjectsOperation (/Users/andrewspruce/Code/progress-tracker/node_modules/jsdom/lib/jsdom/living/generated/EventListener.js:26:30)
    at innerInvokeEventListeners (/Users/andrewspruce/Code/progress-tracker/node_modules/jsdom/lib/jsdom/living/events/EventTarget-impl.js:360:16)
    at invokeEventListeners (/Users/andrewspruce/Code/progress-tracker/node_modules/jsdom/lib/jsdom/living/events/EventTarget-impl.js:296:3)
    at HTMLUnknownElementImpl._dispatch (/Users/andrewspruce/Code/progress-tracker/node_modules/jsdom/lib/jsdom/living/events/EventTarget-impl.js:243:9)
    at HTMLUnknownElementImpl.dispatchEvent (/Users/andrewspruce/Code/progress-tracker/node_modules/jsdom/lib/jsdom/living/events/EventTarget-impl.js:114:17)
TypeError: Cannot read properties of undefined (reading 'find')
    at SpaceSelector (/Users/andrewspruce/Code/progress-tracker/src/components/SpaceSelector.jsx:15:14)
    at renderWithHooks (/Users/andrewspruce/Code/progress-tracker/node_modules/react-dom/cjs/react-dom.development.js:15486:18)
    at mountIndeterminateComponent (/Users/andrewspruce/Code/progress-tracker/node_modules/react-dom/cjs/react-dom.development.js:20103:13)
    at beginWork (/Users/andrewspruce/Code/progress-tracker/node_modules/react-dom/cjs/react-dom.development.js:21626:16)
    at HTMLUnknownElement.callCallback (/Users/andrewspruce/Code/progress-tracker/node_modules/react-dom/cjs/react-dom.development.js:4164:14)
    at HTMLUnknownElement.callTheUserObjectsOperation (/Users/andrewspruce/Code/progress-tracker/node_modules/jsdom/lib/jsdom/living/generated/EventListener.js:26:30)
    at innerInvokeEventListeners (/Users/andrewspruce/Code/progress-tracker/node_modules/jsdom/lib/jsdom/living/events/EventTarget-impl.js:360:16)
    at invokeEventListeners (/Users/andrewspruce/Code/progress-tracker/node_modules/jsdom/lib/jsdom/living/events/EventTarget-impl.js:296:3)
    at HTMLUnknownElementImpl._dispatch (/Users/andrewspruce/Code/progress-tracker/node_modules/jsdom/lib/jsdom/living/events/EventTarget-impl.js:243:9)
    at HTMLUnknownElementImpl.dispatchEvent (/Users/andrewspruce/Code/progress-tracker/node_modules/jsdom/lib/jsdom/living/events/EventTarget-impl.js:114:17)
[90mstderr[2m | src/components/__tests__/SpaceSelector.test.jsx[2m > [22m[2mSpaceSelector[2m > [22m[2mRendering[2m > [22m[2mshould display selected space when provided
[22m[39mThe above error occurred in the <SpaceSelector> component:

    at SpaceSelector (/Users/andrewspruce/Code/progress-tracker/src/components/SpaceSelector.jsx:9:3)

Consider adding an error boundary to your tree to customize error handling behavior.
Visit https://reactjs.org/link/error-boundaries to learn more about error boundaries.

TypeError: Cannot read properties of undefined (reading 'find')
    at SpaceSelector (/Users/andrewspruce/Code/progress-tracker/src/components/SpaceSelector.jsx:15:14)
    at renderWithHooks (/Users/andrewspruce/Code/progress-tracker/node_modules/react-dom/cjs/react-dom.development.js:15486:18)
    at mountIndeterminateComponent (/Users/andrewspruce/Code/progress-tracker/node_modules/react-dom/cjs/react-dom.development.js:20103:13)
    at beginWork (/Users/andrewspruce/Code/progress-tracker/node_modules/react-dom/cjs/react-dom.development.js:21626:16)
    at HTMLUnknownElement.callCallback (/Users/andrewspruce/Code/progress-tracker/node_modules/react-dom/cjs/react-dom.development.js:4164:14)
    at HTMLUnknownElement.callTheUserObjectsOperation (/Users/andrewspruce/Code/progress-tracker/node_modules/jsdom/lib/jsdom/living/generated/EventListener.js:26:30)
    at innerInvokeEventListeners (/Users/andrewspruce/Code/progress-tracker/node_modules/jsdom/lib/jsdom/living/events/EventTarget-impl.js:360:16)
    at invokeEventListeners (/Users/andrewspruce/Code/progress-tracker/node_modules/jsdom/lib/jsdom/living/events/EventTarget-impl.js:296:3)
    at HTMLUnknownElementImpl._dispatch (/Users/andrewspruce/Code/progress-tracker/node_modules/jsdom/lib/jsdom/living/events/EventTarget-impl.js:243:9)
    at HTMLUnknownElementImpl.dispatchEvent (/Users/andrewspruce/Code/progress-tracker/node_modules/jsdom/lib/jsdom/living/events/EventTarget-impl.js:114:17)
TypeError: Cannot read properties of undefined (reading 'find')
    at SpaceSelector (/Users/andrewspruce/Code/progress-tracker/src/components/SpaceSelector.jsx:15:14)
    at renderWithHooks (/Users/andrewspruce/Code/progress-tracker/node_modules/react-dom/cjs/react-dom.development.js:15486:18)
    at mountIndeterminateComponent (/Users/andrewspruce/Code/progress-tracker/node_modules/react-dom/cjs/react-dom.development.js:20103:13)
    at beginWork (/Users/andrewspruce/Code/progress-tracker/node_modules/react-dom/cjs/react-dom.development.js:21626:16)
    at HTMLUnknownElement.callCallback (/Users/andrewspruce/Code/progress-tracker/node_modules/react-dom/cjs/react-dom.development.js:4164:14)
    at HTMLUnknownElement.callTheUserObjectsOperation (/Users/andrewspruce/Code/progress-tracker/node_modules/jsdom/lib/jsdom/living/generated/EventListener.js:26:30)
    at innerInvokeEventListeners (/Users/andrewspruce/Code/progress-tracker/node_modules/jsdom/lib/jsdom/living/events/EventTarget-impl.js:360:16)
    at invokeEventListeners (/Users/andrewspruce/Code/progress-tracker/node_modules/jsdom/lib/jsdom/living/events/EventTarget-impl.js:296:3)
    at HTMLUnknownElementImpl._dispatch (/Users/andrewspruce/Code/progress-tracker/node_modules/jsdom/lib/jsdom/living/events/EventTarget-impl.js:243:9)
    at HTMLUnknownElementImpl.dispatchEvent (/Users/andrewspruce/Code/progress-tracker/node_modules/jsdom/lib/jsdom/living/events/EventTarget-impl.js:114:17)
[90mstderr[2m | src/components/__tests__/SpaceSelector.test.jsx[2m > [22m[2mSpaceSelector[2m > [22m[2mRendering[2m > [22m[2mshould show loading state initially
[22m[39mThe above error occurred in the <SpaceSelector> component:

    at SpaceSelector (/Users/andrewspruce/Code/progress-tracker/src/components/SpaceSelector.jsx:9:3)

Consider adding an error boundary to your tree to customize error handling behavior.
Visit https://reactjs.org/link/error-boundaries to learn more about error boundaries.

TypeError: Cannot read properties of undefined (reading 'find')
    at SpaceSelector (/Users/andrewspruce/Code/progress-tracker/src/components/SpaceSelector.jsx:15:14)
    at renderWithHooks (/Users/andrewspruce/Code/progress-tracker/node_modules/react-dom/cjs/react-dom.development.js:15486:18)
    at mountIndeterminateComponent (/Users/andrewspruce/Code/progress-tracker/node_modules/react-dom/cjs/react-dom.development.js:20103:13)
    at beginWork (/Users/andrewspruce/Code/progress-tracker/node_modules/react-dom/cjs/react-dom.development.js:21626:16)
    at HTMLUnknownElement.callCallback (/Users/andrewspruce/Code/progress-tracker/node_modules/react-dom/cjs/react-dom.development.js:4164:14)
    at HTMLUnknownElement.callTheUserObjectsOperation (/Users/andrewspruce/Code/progress-tracker/node_modules/jsdom/lib/jsdom/living/generated/EventListener.js:26:30)
    at innerInvokeEventListeners (/Users/andrewspruce/Code/progress-tracker/node_modules/jsdom/lib/jsdom/living/events/EventTarget-impl.js:360:16)
    at invokeEventListeners (/Users/andrewspruce/Code/progress-tracker/node_modules/jsdom/lib/jsdom/living/events/EventTarget-impl.js:296:3)
    at HTMLUnknownElementImpl._dispatch (/Users/andrewspruce/Code/progress-tracker/node_modules/jsdom/lib/jsdom/living/events/EventTarget-impl.js:243:9)
    at HTMLUnknownElementImpl.dispatchEvent (/Users/andrewspruce/Code/progress-tracker/node_modules/jsdom/lib/jsdom/living/events/EventTarget-impl.js:114:17)
TypeError: Cannot read properties of undefined (reading 'find')
    at SpaceSelector (/Users/andrewspruce/Code/progress-tracker/src/components/SpaceSelector.jsx:15:14)
    at renderWithHooks (/Users/andrewspruce/Code/progress-tracker/node_modules/react-dom/cjs/react-dom.development.js:15486:18)
    at mountIndeterminateComponent (/Users/andrewspruce/Code/progress-tracker/node_modules/react-dom/cjs/react-dom.development.js:20103:13)
    at beginWork (/Users/andrewspruce/Code/progress-tracker/node_modules/react-dom/cjs/react-dom.development.js:21626:16)
    at HTMLUnknownElement.callCallback (/Users/andrewspruce/Code/progress-tracker/node_modules/react-dom/cjs/react-dom.development.js:4164:14)
    at HTMLUnknownElement.callTheUserObjectsOperation (/Users/andrewspruce/Code/progress-tracker/node_modules/jsdom/lib/jsdom/living/generated/EventListener.js:26:30)
    at innerInvokeEventListeners (/Users/andrewspruce/Code/progress-tracker/node_modules/jsdom/lib/jsdom/living/events/EventTarget-impl.js:360:16)
    at invokeEventListeners (/Users/andrewspruce/Code/progress-tracker/node_modules/jsdom/lib/jsdom/living/events/EventTarget-impl.js:296:3)
    at HTMLUnknownElementImpl._dispatch (/Users/andrewspruce/Code/progress-tracker/node_modules/jsdom/lib/jsdom/living/events/EventTarget-impl.js:243:9)
    at HTMLUnknownElementImpl.dispatchEvent (/Users/andrewspruce/Code/progress-tracker/node_modules/jsdom/lib/jsdom/living/events/EventTarget-impl.js:114:17)
[90mstderr[2m | src/components/__tests__/SpaceSelector.test.jsx[2m > [22m[2mSpaceSelector[2m > [22m[2mAPI Integration[2m > [22m[2mshould fetch spaces on mount
[22m[39mThe above error occurred in the <SpaceSelector> component:

    at SpaceSelector (/Users/andrewspruce/Code/progress-tracker/src/components/SpaceSelector.jsx:9:3)

Consider adding an error boundary to your tree to customize error handling behavior.
Visit https://reactjs.org/link/error-boundaries to learn more about error boundaries.

TypeError: Cannot read properties of undefined (reading 'find')
    at SpaceSelector (/Users/andrewspruce/Code/progress-tracker/src/components/SpaceSelector.jsx:15:14)
    at renderWithHooks (/Users/andrewspruce/Code/progress-tracker/node_modules/react-dom/cjs/react-dom.development.js:15486:18)
    at mountIndeterminateComponent (/Users/andrewspruce/Code/progress-tracker/node_modules/react-dom/cjs/react-dom.development.js:20103:13)
    at beginWork (/Users/andrewspruce/Code/progress-tracker/node_modules/react-dom/cjs/react-dom.development.js:21626:16)
    at HTMLUnknownElement.callCallback (/Users/andrewspruce/Code/progress-tracker/node_modules/react-dom/cjs/react-dom.development.js:4164:14)
    at HTMLUnknownElement.callTheUserObjectsOperation (/Users/andrewspruce/Code/progress-tracker/node_modules/jsdom/lib/jsdom/living/generated/EventListener.js:26:30)
    at innerInvokeEventListeners (/Users/andrewspruce/Code/progress-tracker/node_modules/jsdom/lib/jsdom/living/events/EventTarget-impl.js:360:16)
    at invokeEventListeners (/Users/andrewspruce/Code/progress-tracker/node_modules/jsdom/lib/jsdom/living/events/EventTarget-impl.js:296:3)
    at HTMLUnknownElementImpl._dispatch (/Users/andrewspruce/Code/progress-tracker/node_modules/jsdom/lib/jsdom/living/events/EventTarget-impl.js:243:9)
    at HTMLUnknownElementImpl.dispatchEvent (/Users/andrewspruce/Code/progress-tracker/node_modules/jsdom/lib/jsdom/living/events/EventTarget-impl.js:114:17)
TypeError: Cannot read properties of undefined (reading 'find')
    at SpaceSelector (/Users/andrewspruce/Code/progress-tracker/src/components/SpaceSelector.jsx:15:14)
    at renderWithHooks (/Users/andrewspruce/Code/progress-tracker/node_modules/react-dom/cjs/react-dom.development.js:15486:18)
    at mountIndeterminateComponent (/Users/andrewspruce/Code/progress-tracker/node_modules/react-dom/cjs/react-dom.development.js:20103:13)
    at beginWork (/Users/andrewspruce/Code/progress-tracker/node_modules/react-dom/cjs/react-dom.development.js:21626:16)
    at HTMLUnknownElement.callCallback (/Users/andrewspruce/Code/progress-tracker/node_modules/react-dom/cjs/react-dom.development.js:4164:14)
    at HTMLUnknownElement.callTheUserObjectsOperation (/Users/andrewspruce/Code/progress-tracker/node_modules/jsdom/lib/jsdom/living/generated/EventListener.js:26:30)
    at innerInvokeEventListeners (/Users/andrewspruce/Code/progress-tracker/node_modules/jsdom/lib/jsdom/living/events/EventTarget-impl.js:360:16)
    at invokeEventListeners (/Users/andrewspruce/Code/progress-tracker/node_modules/jsdom/lib/jsdom/living/events/EventTarget-impl.js:296:3)
    at HTMLUnknownElementImpl._dispatch (/Users/andrewspruce/Code/progress-tracker/node_modules/jsdom/lib/jsdom/living/events/EventTarget-impl.js:243:9)
    at HTMLUnknownElementImpl.dispatchEvent (/Users/andrewspruce/Code/progress-tracker/node_modules/jsdom/lib/jsdom/living/events/EventTarget-impl.js:114:17)
TypeError: Cannot read properties of undefined (reading 'find')
    at SpaceSelector (/Users/andrewspruce/Code/progress-tracker/src/components/SpaceSelector.jsx:15:14)
    at renderWithHooks (/Users/andrewspruce/Code/progress-tracker/node_modules/react-dom/cjs/react-dom.development.js:15486:18)
    at mountIndeterminateComponent (/Users/andrewspruce/Code/progress-tracker/node_modules/react-dom/cjs/react-dom.development.js:20103:13)
    at beginWork (/Users/andrewspruce/Code/progress-tracker/node_modules/react-dom/cjs/react-dom.development.js:21626:16)
    at HTMLUnknownElement.callCallback (/Users/andrewspruce/Code/progress-tracker/node_modules/react-dom/cjs/react-dom.development.js:4164:14)
    at HTMLUnknownElement.callTheUserObjectsOperation (/Users/andrewspruce/Code/progress-tracker/node_modules/jsdom/lib/jsdom/living/generated/EventListener.js:26:30)
    at innerInvokeEventListeners (/Users/andrewspruce/Code/progress-tracker/node_modules/jsdom/lib/jsdom/living/events/EventTarget-impl.js:360:16)
    at invokeEventListeners (/Users/andrewspruce/Code/progress-tracker/node_modules/jsdom/lib/jsdom/living/events/EventTarget-impl.js:296:3)
    at HTMLUnknownElementImpl._dispatch (/Users/andrewspruce/Code/progress-tracker/node_modules/jsdom/lib/jsdom/living/events/EventTarget-impl.js:243:9)
    at HTMLUnknownElementImpl.dispatchEvent (/Users/andrewspruce/Code/progress-tracker/node_modules/jsdom/lib/jsdom/living/events/EventTarget-impl.js:114:17)
TypeError: Cannot read properties of undefined (reading 'find')
    at SpaceSelector (/Users/andrewspruce/Code/progress-tracker/src/components/SpaceSelector.jsx:15:14)
    at renderWithHooks (/Users/andrewspruce/Code/progress-tracker/node_modules/react-dom/cjs/react-dom.development.js:15486:18)
    at mountIndeterminateComponent (/Users/andrewspruce/Code/progress-tracker/node_modules/react-dom/cjs/react-dom.development.js:20103:13)
    at beginWork (/Users/andrewspruce/Code/progress-tracker/node_modules/react-dom/cjs/react-dom.development.js:21626:16)
    at HTMLUnknownElement.callCallback (/Users/andrewspruce/Code/progress-tracker/node_modules/react-dom/cjs/react-dom.development.js:4164:14)
    at HTMLUnknownElement.callTheUserObjectsOperation (/Users/andrewspruce/Code/progress-tracker/node_modules/jsdom/lib/jsdom/living/generated/EventListener.js:26:30)
    at innerInvokeEventListeners (/Users/andrewspruce/Code/progress-tracker/node_modules/jsdom/lib/jsdom/living/events/EventTarget-impl.js:360:16)
    at invokeEventListeners (/Users/andrewspruce/Code/progress-tracker/node_modules/jsdom/lib/jsdom/living/events/EventTarget-impl.js:296:3)
    at HTMLUnknownElementImpl._dispatch (/Users/andrewspruce/Code/progress-tracker/node_modules/jsdom/lib/jsdom/living/events/EventTarget-impl.js:243:9)
    at HTMLUnknownElementImpl.dispatchEvent (/Users/andrewspruce/Code/progress-tracker/node_modules/jsdom/lib/jsdom/living/events/EventTarget-impl.js:114:17)
TypeError: Cannot read properties of undefined (reading 'find')
    at SpaceSelector (/Users/andrewspruce/Code/progress-tracker/src/components/SpaceSelector.jsx:15:14)
    at renderWithHooks (/Users/andrewspruce/Code/progress-tracker/node_modules/react-dom/cjs/react-dom.development.js:15486:18)
    at mountIndeterminateComponent (/Users/andrewspruce/Code/progress-tracker/node_modules/react-dom/cjs/react-dom.development.js:20103:13)
    at beginWork (/Users/andrewspruce/Code/progress-tracker/node_modules/react-dom/cjs/react-dom.development.js:21626:16)
    at HTMLUnknownElement.callCallback (/Users/andrewspruce/Code/progress-tracker/node_modules/react-dom/cjs/react-dom.development.js:4164:14)
    at HTMLUnknownElement.callTheUserObjectsOperation (/Users/andrewspruce/Code/progress-tracker/node_modules/jsdom/lib/jsdom/living/generated/EventListener.js:26:30)
    at innerInvokeEventListeners (/Users/andrewspruce/Code/progress-tracker/node_modules/jsdom/lib/jsdom/living/events/EventTarget-impl.js:360:16)
    at invokeEventListeners (/Users/andrewspruce/Code/progress-tracker/node_modules/jsdom/lib/jsdom/living/events/EventTarget-impl.js:296:3)
    at HTMLUnknownElementImpl._dispatch (/Users/andrewspruce/Code/progress-tracker/node_modules/jsdom/lib/jsdom/living/events/EventTarget-impl.js:243:9)
    at HTMLUnknownElementImpl.dispatchEvent (/Users/andrewspruce/Code/progress-tracker/node_modules/jsdom/lib/jsdom/living/events/EventTarget-impl.js:114:17)
TypeError: Cannot read properties of undefined (reading 'find')
    at SpaceSelector (/Users/andrewspruce/Code/progress-tracker/src/components/SpaceSelector.jsx:15:14)
    at renderWithHooks (/Users/andrewspruce/Code/progress-tracker/node_modules/react-dom/cjs/react-dom.development.js:15486:18)
    at mountIndeterminateComponent (/Users/andrewspruce/Code/progress-tracker/node_modules/react-dom/cjs/react-dom.development.js:20103:13)
    at beginWork (/Users/andrewspruce/Code/progress-tracker/node_modules/react-dom/cjs/react-dom.development.js:21626:16)
    at HTMLUnknownElement.callCallback (/Users/andrewspruce/Code/progress-tracker/node_modules/react-dom/cjs/react-dom.development.js:4164:14)
    at HTMLUnknownElement.callTheUserObjectsOperation (/Users/andrewspruce/Code/progress-tracker/node_modules/jsdom/lib/jsdom/living/generated/EventListener.js:26:30)
    at innerInvokeEventListeners (/Users/andrewspruce/Code/progress-tracker/node_modules/jsdom/lib/jsdom/living/events/EventTarget-impl.js:360:16)
    at invokeEventListeners (/Users/andrewspruce/Code/progress-tracker/node_modules/jsdom/lib/jsdom/living/events/EventTarget-impl.js:296:3)
    at HTMLUnknownElementImpl._dispatch (/Users/andrewspruce/Code/progress-tracker/node_modules/jsdom/lib/jsdom/living/events/EventTarget-impl.js:243:9)
    at HTMLUnknownElementImpl.dispatchEvent (/Users/andrewspruce/Code/progress-tracker/node_modules/jsdom/lib/jsdom/living/events/EventTarget-impl.js:114:17)
TypeError: Cannot read properties of undefined (reading 'find')
    at SpaceSelector (/Users/andrewspruce/Code/progress-tracker/src/components/SpaceSelector.jsx:15:14)
    at renderWithHooks (/Users/andrewspruce/Code/progress-tracker/node_modules/react-dom/cjs/react-dom.development.js:15486:18)
    at mountIndeterminateComponent (/Users/andrewspruce/Code/progress-tracker/node_modules/react-dom/cjs/react-dom.development.js:20103:13)
    at beginWork (/Users/andrewspruce/Code/progress-tracker/node_modules/react-dom/cjs/react-dom.development.js:21626:16)
    at HTMLUnknownElement.callCallback (/Users/andrewspruce/Code/progress-tracker/node_modules/react-dom/cjs/react-dom.development.js:4164:14)
    at HTMLUnknownElement.callTheUserObjectsOperation (/Users/andrewspruce/Code/progress-tracker/node_modules/jsdom/lib/jsdom/living/generated/EventListener.js:26:30)
    at innerInvokeEventListeners (/Users/andrewspruce/Code/progress-tracker/node_modules/jsdom/lib/jsdom/living/events/EventTarget-impl.js:360:16)
    at invokeEventListeners (/Users/andrewspruce/Code/progress-tracker/node_modules/jsdom/lib/jsdom/living/events/EventTarget-impl.js:296:3)
    at HTMLUnknownElementImpl._dispatch (/Users/andrewspruce/Code/progress-tracker/node_modules/jsdom/lib/jsdom/living/events/EventTarget-impl.js:243:9)
    at HTMLUnknownElementImpl.dispatchEvent (/Users/andrewspruce/Code/progress-tracker/node_modules/jsdom/lib/jsdom/living/events/EventTarget-impl.js:114:17)
TypeError: Cannot read properties of undefined (reading 'find')
    at SpaceSelector (/Users/andrewspruce/Code/progress-tracker/src/components/SpaceSelector.jsx:15:14)
    at renderWithHooks (/Users/andrewspruce/Code/progress-tracker/node_modules/react-dom/cjs/react-dom.development.js:15486:18)
    at mountIndeterminateComponent (/Users/andrewspruce/Code/progress-tracker/node_modules/react-dom/cjs/react-dom.development.js:20103:13)
    at beginWork (/Users/andrewspruce/Code/progress-tracker/node_modules/react-dom/cjs/react-dom.development.js:21626:16)
    at HTMLUnknownElement.callCallback (/Users/andrewspruce/Code/progress-tracker/node_modules/react-dom/cjs/react-dom.development.js:4164:14)
    at HTMLUnknownElement.callTheUserObjectsOperation (/Users/andrewspruce/Code/progress-tracker/node_modules/jsdom/lib/jsdom/living/generated/EventListener.js:26:30)
    at innerInvokeEventListeners (/Users/andrewspruce/Code/progress-tracker/node_modules/jsdom/lib/jsdom/living/events/EventTarget-impl.js:360:16)
    at invokeEventListeners (/Users/andrewspruce/Code/progress-tracker/node_modules/jsdom/lib/jsdom/living/events/EventTarget-impl.js:296:3)
    at HTMLUnknownElementImpl._dispatch (/Users/andrewspruce/Code/progress-tracker/node_modules/jsdom/lib/jsdom/living/events/EventTarget-impl.js:243:9)
    at HTMLUnknownElementImpl.dispatchEvent (/Users/andrewspruce/Code/progress-tracker/node_modules/jsdom/lib/jsdom/living/events/EventTarget-impl.js:114:17)
TypeError: Cannot read properties of undefined (reading 'find')
    at SpaceSelector (/Users/andrewspruce/Code/progress-tracker/src/components/SpaceSelector.jsx:15:14)
    at renderWithHooks (/Users/andrewspruce/Code/progress-tracker/node_modules/react-dom/cjs/react-dom.development.js:15486:18)
    at mountIndeterminateComponent (/Users/andrewspruce/Code/progress-tracker/node_modules/react-dom/cjs/react-dom.development.js:20103:13)
    at beginWork (/Users/andrewspruce/Code/progress-tracker/node_modules/react-dom/cjs/react-dom.development.js:21626:16)
    at HTMLUnknownElement.callCallback (/Users/andrewspruce/Code/progress-tracker/node_modules/react-dom/cjs/react-dom.development.js:4164:14)
    at HTMLUnknownElement.callTheUserObjectsOperation (/Users/andrewspruce/Code/progress-tracker/node_modules/jsdom/lib/jsdom/living/generated/EventListener.js:26:30)
    at innerInvokeEventListeners (/Users/andrewspruce/Code/progress-tracker/node_modules/jsdom/lib/jsdom/living/events/EventTarget-impl.js:360:16)
    at invokeEventListeners (/Users/andrewspruce/Code/progress-tracker/node_modules/jsdom/lib/jsdom/living/events/EventTarget-impl.js:296:3)
    at HTMLUnknownElementImpl._dispatch (/Users/andrewspruce/Code/progress-tracker/node_modules/jsdom/lib/jsdom/living/events/EventTarget-impl.js:243:9)
    at HTMLUnknownElementImpl.dispatchEvent (/Users/andrewspruce/Code/progress-tracker/node_modules/jsdom/lib/jsdom/living/events/EventTarget-impl.js:114:17)
TypeError: Cannot read properties of undefined (reading 'find')
    at SpaceSelector (/Users/andrewspruce/Code/progress-tracker/src/components/SpaceSelector.jsx:15:14)
    at renderWithHooks (/Users/andrewspruce/Code/progress-tracker/node_modules/react-dom/cjs/react-dom.development.js:15486:18)
    at mountIndeterminateComponent (/Users/andrewspruce/Code/progress-tracker/node_modules/react-dom/cjs/react-dom.development.js:20103:13)
    at beginWork (/Users/andrewspruce/Code/progress-tracker/node_modules/react-dom/cjs/react-dom.development.js:21626:16)
    at HTMLUnknownElement.callCallback (/Users/andrewspruce/Code/progress-tracker/node_modules/react-dom/cjs/react-dom.development.js:4164:14)
    at HTMLUnknownElement.callTheUserObjectsOperation (/Users/andrewspruce/Code/progress-tracker/node_modules/jsdom/lib/jsdom/living/generated/EventListener.js:26:30)
    at innerInvokeEventListeners (/Users/andrewspruce/Code/progress-tracker/node_modules/jsdom/lib/jsdom/living/events/EventTarget-impl.js:360:16)
    at invokeEventListeners (/Users/andrewspruce/Code/progress-tracker/node_modules/jsdom/lib/jsdom/living/events/EventTarget-impl.js:296:3)
    at HTMLUnknownElementImpl._dispatch (/Users/andrewspruce/Code/progress-tracker/node_modules/jsdom/lib/jsdom/living/events/EventTarget-impl.js:243:9)
    at HTMLUnknownElementImpl.dispatchEvent (/Users/andrewspruce/Code/progress-tracker/node_modules/jsdom/lib/jsdom/living/events/EventTarget-impl.js:114:17)
TypeError: Cannot read properties of undefined (reading 'find')
    at SpaceSelector (/Users/andrewspruce/Code/progress-tracker/src/components/SpaceSelector.jsx:15:14)
    at renderWithHooks (/Users/andrewspruce/Code/progress-tracker/node_modules/react-dom/cjs/react-dom.development.js:15486:18)
    at mountIndeterminateComponent (/Users/andrewspruce/Code/progress-tracker/node_modules/react-dom/cjs/react-dom.development.js:20103:13)
    at beginWork (/Users/andrewspruce/Code/progress-tracker/node_modules/react-dom/cjs/react-dom.development.js:21626:16)
    at HTMLUnknownElement.callCallback (/Users/andrewspruce/Code/progress-tracker/node_modules/react-dom/cjs/react-dom.development.js:4164:14)
    at HTMLUnknownElement.callTheUserObjectsOperation (/Users/andrewspruce/Code/progress-tracker/node_modules/jsdom/lib/jsdom/living/generated/EventListener.js:26:30)
    at innerInvokeEventListeners (/Users/andrewspruce/Code/progress-tracker/node_modules/jsdom/lib/jsdom/living/events/EventTarget-impl.js:360:16)
    at invokeEventListeners (/Users/andrewspruce/Code/progress-tracker/node_modules/jsdom/lib/jsdom/living/events/EventTarget-impl.js:296:3)
    at HTMLUnknownElementImpl._dispatch (/Users/andrewspruce/Code/progress-tracker/node_modules/jsdom/lib/jsdom/living/events/EventTarget-impl.js:243:9)
    at HTMLUnknownElementImpl.dispatchEvent (/Users/andrewspruce/Code/progress-tracker/node_modules/jsdom/lib/jsdom/living/events/EventTarget-impl.js:114:17)
TypeError: Cannot read properties of undefined (reading 'find')
    at SpaceSelector (/Users/andrewspruce/Code/progress-tracker/src/components/SpaceSelector.jsx:15:14)
    at renderWithHooks (/Users/andrewspruce/Code/progress-tracker/node_modules/react-dom/cjs/react-dom.development.js:15486:18)
    at mountIndeterminateComponent (/Users/andrewspruce/Code/progress-tracker/node_modules/react-dom/cjs/react-dom.development.js:20103:13)
    at beginWork (/Users/andrewspruce/Code/progress-tracker/node_modules/react-dom/cjs/react-dom.development.js:21626:16)
    at HTMLUnknownElement.callCallback (/Users/andrewspruce/Code/progress-tracker/node_modules/react-dom/cjs/react-dom.development.js:4164:14)
    at HTMLUnknownElement.callTheUserObjectsOperation (/Users/andrewspruce/Code/progress-tracker/node_modules/jsdom/lib/jsdom/living/generated/EventListener.js:26:30)
    at innerInvokeEventListeners (/Users/andrewspruce/Code/progress-tracker/node_modules/jsdom/lib/jsdom/living/events/EventTarget-impl.js:360:16)
    at invokeEventListeners (/Users/andrewspruce/Code/progress-tracker/node_modules/jsdom/lib/jsdom/living/events/EventTarget-impl.js:296:3)
    at HTMLUnknownElementImpl._dispatch (/Users/andrewspruce/Code/progress-tracker/node_modules/jsdom/lib/jsdom/living/events/EventTarget-impl.js:243:9)
    at HTMLUnknownElementImpl.dispatchEvent (/Users/andrewspruce/Code/progress-tracker/node_modules/jsdom/lib/jsdom/living/events/EventTarget-impl.js:114:17)
TypeError: Cannot read properties of undefined (reading 'find')
    at SpaceSelector (/Users/andrewspruce/Code/progress-tracker/src/components/SpaceSelector.jsx:15:14)
    at renderWithHooks (/Users/andrewspruce/Code/progress-tracker/node_modules/react-dom/cjs/react-dom.development.js:15486:18)
    at mountIndeterminateComponent (/Users/andrewspruce/Code/progress-tracker/node_modules/react-dom/cjs/react-dom.development.js:20103:13)
    at beginWork (/Users/andrewspruce/Code/progress-tracker/node_modules/react-dom/cjs/react-dom.development.js:21626:16)
    at HTMLUnknownElement.callCallback (/Users/andrewspruce/Code/progress-tracker/node_modules/react-dom/cjs/react-dom.development.js:4164:14)
    at HTMLUnknownElement.callTheUserObjectsOperation (/Users/andrewspruce/Code/progress-tracker/node_modules/jsdom/lib/jsdom/living/generated/EventListener.js:26:30)
    at innerInvokeEventListeners (/Users/andrewspruce/Code/progress-tracker/node_modules/jsdom/lib/jsdom/living/events/EventTarget-impl.js:360:16)
    at invokeEventListeners (/Users/andrewspruce/Code/progress-tracker/node_modules/jsdom/lib/jsdom/living/events/EventTarget-impl.js:296:3)
    at HTMLUnknownElementImpl._dispatch (/Users/andrewspruce/Code/progress-tracker/node_modules/jsdom/lib/jsdom/living/events/EventTarget-impl.js:243:9)
    at HTMLUnknownElementImpl.dispatchEvent (/Users/andrewspruce/Code/progress-tracker/node_modules/jsdom/lib/jsdom/living/events/EventTarget-impl.js:114:17)
TypeError: Cannot read properties of undefined (reading 'find')
    at SpaceSelector (/Users/andrewspruce/Code/progress-tracker/src/components/SpaceSelector.jsx:15:14)
    at renderWithHooks (/Users/andrewspruce/Code/progress-tracker/node_modules/react-dom/cjs/react-dom.development.js:15486:18)
    at mountIndeterminateComponent (/Users/andrewspruce/Code/progress-tracker/node_modules/react-dom/cjs/react-dom.development.js:20103:13)
    at beginWork (/Users/andrewspruce/Code/progress-tracker/node_modules/react-dom/cjs/react-dom.development.js:21626:16)
    at HTMLUnknownElement.callCallback (/Users/andrewspruce/Code/progress-tracker/node_modules/react-dom/cjs/react-dom.development.js:4164:14)
    at HTMLUnknownElement.callTheUserObjectsOperation (/Users/andrewspruce/Code/progress-tracker/node_modules/jsdom/lib/jsdom/living/generated/EventListener.js:26:30)
    at innerInvokeEventListeners (/Users/andrewspruce/Code/progress-tracker/node_modules/jsdom/lib/jsdom/living/events/EventTarget-impl.js:360:16)
    at invokeEventListeners (/Users/andrewspruce/Code/progress-tracker/node_modules/jsdom/lib/jsdom/living/events/EventTarget-impl.js:296:3)
    at HTMLUnknownElementImpl._dispatch (/Users/andrewspruce/Code/progress-tracker/node_modules/jsdom/lib/jsdom/living/events/EventTarget-impl.js:243:9)
    at HTMLUnknownElementImpl.dispatchEvent (/Users/andrewspruce/Code/progress-tracker/node_modules/jsdom/lib/jsdom/living/events/EventTarget-impl.js:114:17)
TypeError: Cannot read properties of undefined (reading 'find')
    at SpaceSelector (/Users/andrewspruce/Code/progress-tracker/src/components/SpaceSelector.jsx:15:14)
    at renderWithHooks (/Users/andrewspruce/Code/progress-tracker/node_modules/react-dom/cjs/react-dom.development.js:15486:18)
    at mountIndeterminateComponent (/Users/andrewspruce/Code/progress-tracker/node_modules/react-dom/cjs/react-dom.development.js:20103:13)
    at beginWork (/Users/andrewspruce/Code/progress-tracker/node_modules/react-dom/cjs/react-dom.development.js:21626:16)
    at HTMLUnknownElement.callCallback (/Users/andrewspruce/Code/progress-tracker/node_modules/react-dom/cjs/react-dom.development.js:4164:14)
    at HTMLUnknownElement.callTheUserObjectsOperation (/Users/andrewspruce/Code/progress-tracker/node_modules/jsdom/lib/jsdom/living/generated/EventListener.js:26:30)
    at innerInvokeEventListeners (/Users/andrewspruce/Code/progress-tracker/node_modules/jsdom/lib/jsdom/living/events/EventTarget-impl.js:360:16)
    at invokeEventListeners (/Users/andrewspruce/Code/progress-tracker/node_modules/jsdom/lib/jsdom/living/events/EventTarget-impl.js:296:3)
    at HTMLUnknownElementImpl._dispatch (/Users/andrewspruce/Code/progress-tracker/node_modules/jsdom/lib/jsdom/living/events/EventTarget-impl.js:243:9)
    at HTMLUnknownElementImpl.dispatchEvent (/Users/andrewspruce/Code/progress-tracker/node_modules/jsdom/lib/jsdom/living/events/EventTarget-impl.js:114:17)
TypeError: Cannot read properties of undefined (reading 'find')
    at SpaceSelector (/Users/andrewspruce/Code/progress-tracker/src/components/SpaceSelector.jsx:15:14)
    at renderWithHooks (/Users/andrewspruce/Code/progress-tracker/node_modules/react-dom/cjs/react-dom.development.js:15486:18)
    at mountIndeterminateComponent (/Users/andrewspruce/Code/progress-tracker/node_modules/react-dom/cjs/react-dom.development.js:20103:13)
    at beginWork (/Users/andrewspruce/Code/progress-tracker/node_modules/react-dom/cjs/react-dom.development.js:21626:16)
    at HTMLUnknownElement.callCallback (/Users/andrewspruce/Code/progress-tracker/node_modules/react-dom/cjs/react-dom.development.js:4164:14)
    at HTMLUnknownElement.callTheUserObjectsOperation (/Users/andrewspruce/Code/progress-tracker/node_modules/jsdom/lib/jsdom/living/generated/EventListener.js:26:30)
    at innerInvokeEventListeners (/Users/andrewspruce/Code/progress-tracker/node_modules/jsdom/lib/jsdom/living/events/EventTarget-impl.js:360:16)
    at invokeEventListeners (/Users/andrewspruce/Code/progress-tracker/node_modules/jsdom/lib/jsdom/living/events/EventTarget-impl.js:296:3)
    at HTMLUnknownElementImpl._dispatch (/Users/andrewspruce/Code/progress-tracker/node_modules/jsdom/lib/jsdom/living/events/EventTarget-impl.js:243:9)
    at HTMLUnknownElementImpl.dispatchEvent (/Users/andrewspruce/Code/progress-tracker/node_modules/jsdom/lib/jsdom/living/events/EventTarget-impl.js:114:17)
TypeError: Cannot read properties of undefined (reading 'find')
    at SpaceSelector (/Users/andrewspruce/Code/progress-tracker/src/components/SpaceSelector.jsx:15:14)
    at renderWithHooks (/Users/andrewspruce/Code/progress-tracker/node_modules/react-dom/cjs/react-dom.development.js:15486:18)
    at mountIndeterminateComponent (/Users/andrewspruce/Code/progress-tracker/node_modules/react-dom/cjs/react-dom.development.js:20103:13)
    at beginWork (/Users/andrewspruce/Code/progress-tracker/node_modules/react-dom/cjs/react-dom.development.js:21626:16)
    at HTMLUnknownElement.callCallback (/Users/andrewspruce/Code/progress-tracker/node_modules/react-dom/cjs/react-dom.development.js:4164:14)
    at HTMLUnknownElement.callTheUserObjectsOperation (/Users/andrewspruce/Code/progress-tracker/node_modules/jsdom/lib/jsdom/living/generated/EventListener.js:26:30)
    at innerInvokeEventListeners (/Users/andrewspruce/Code/progress-tracker/node_modules/jsdom/lib/jsdom/living/events/EventTarget-impl.js:360:16)
    at invokeEventListeners (/Users/andrewspruce/Code/progress-tracker/node_modules/jsdom/lib/jsdom/living/events/EventTarget-impl.js:296:3)
    at HTMLUnknownElementImpl._dispatch (/Users/andrewspruce/Code/progress-tracker/node_modules/jsdom/lib/jsdom/living/events/EventTarget-impl.js:243:9)
    at HTMLUnknownElementImpl.dispatchEvent (/Users/andrewspruce/Code/progress-tracker/node_modules/jsdom/lib/jsdom/living/events/EventTarget-impl.js:114:17)
TypeError: Cannot read properties of undefined (reading 'find')
    at SpaceSelector (/Users/andrewspruce/Code/progress-tracker/src/components/SpaceSelector.jsx:15:14)
    at renderWithHooks (/Users/andrewspruce/Code/progress-tracker/node_modules/react-dom/cjs/react-dom.development.js:15486:18)
    at mountIndeterminateComponent (/Users/andrewspruce/Code/progress-tracker/node_modules/react-dom/cjs/react-dom.development.js:20103:13)
    at beginWork (/Users/andrewspruce/Code/progress-tracker/node_modules/react-dom/cjs/react-dom.development.js:21626:16)
    at HTMLUnknownElement.callCallback (/Users/andrewspruce/Code/progress-tracker/node_modules/react-dom/cjs/react-dom.development.js:4164:14)
    at HTMLUnknownElement.callTheUserObjectsOperation (/Users/andrewspruce/Code/progress-tracker/node_modules/jsdom/lib/jsdom/living/generated/EventListener.js:26:30)
    at innerInvokeEventListeners (/Users/andrewspruce/Code/progress-tracker/node_modules/jsdom/lib/jsdom/living/events/EventTarget-impl.js:360:16)
    at invokeEventListeners (/Users/andrewspruce/Code/progress-tracker/node_modules/jsdom/lib/jsdom/living/events/EventTarget-impl.js:296:3)
    at HTMLUnknownElementImpl._dispatch (/Users/andrewspruce/Code/progress-tracker/node_modules/jsdom/lib/jsdom/living/events/EventTarget-impl.js:243:9)
    at HTMLUnknownElementImpl.dispatchEvent (/Users/andrewspruce/Code/progress-tracker/node_modules/jsdom/lib/jsdom/living/events/EventTarget-impl.js:114:17)
TypeError: Cannot read properties of undefined (reading 'find')
    at SpaceSelector (/Users/andrewspruce/Code/progress-tracker/src/components/SpaceSelector.jsx:15:14)
    at renderWithHooks (/Users/andrewspruce/Code/progress-tracker/node_modules/react-dom/cjs/react-dom.development.js:15486:18)
    at mountIndeterminateComponent (/Users/andrewspruce/Code/progress-tracker/node_modules/react-dom/cjs/react-dom.development.js:20103:13)
    at beginWork (/Users/andrewspruce/Code/progress-tracker/node_modules/react-dom/cjs/react-dom.development.js:21626:16)
    at HTMLUnknownElement.callCallback (/Users/andrewspruce/Code/progress-tracker/node_modules/react-dom/cjs/react-dom.development.js:4164:14)
    at HTMLUnknownElement.callTheUserObjectsOperation (/Users/andrewspruce/Code/progress-tracker/node_modules/jsdom/lib/jsdom/living/generated/EventListener.js:26:30)
    at innerInvokeEventListeners (/Users/andrewspruce/Code/progress-tracker/node_modules/jsdom/lib/jsdom/living/events/EventTarget-impl.js:360:16)
    at invokeEventListeners (/Users/andrewspruce/Code/progress-tracker/node_modules/jsdom/lib/jsdom/living/events/EventTarget-impl.js:296:3)
    at HTMLUnknownElementImpl._dispatch (/Users/andrewspruce/Code/progress-tracker/node_modules/jsdom/lib/jsdom/living/events/EventTarget-impl.js:243:9)
    at HTMLUnknownElementImpl.dispatchEvent (/Users/andrewspruce/Code/progress-tracker/node_modules/jsdom/lib/jsdom/living/events/EventTarget-impl.js:114:17)
TypeError: Cannot read properties of undefined (reading 'find')
    at SpaceSelector (/Users/andrewspruce/Code/progress-tracker/src/components/SpaceSelector.jsx:15:14)
    at renderWithHooks (/Users/andrewspruce/Code/progress-tracker/node_modules/react-dom/cjs/react-dom.development.js:15486:18)
    at mountIndeterminateComponent (/Users/andrewspruce/Code/progress-tracker/node_modules/react-dom/cjs/react-dom.development.js:20103:13)
    at beginWork (/Users/andrewspruce/Code/progress-tracker/node_modules/react-dom/cjs/react-dom.development.js:21626:16)
    at HTMLUnknownElement.callCallback (/Users/andrewspruce/Code/progress-tracker/node_modules/react-dom/cjs/react-dom.development.js:4164:14)
    at HTMLUnknownElement.callTheUserObjectsOperation (/Users/andrewspruce/Code/progress-tracker/node_modules/jsdom/lib/jsdom/living/generated/EventListener.js:26:30)
    at innerInvokeEventListeners (/Users/andrewspruce/Code/progress-tracker/node_modules/jsdom/lib/jsdom/living/events/EventTarget-impl.js:360:16)
    at invokeEventListeners (/Users/andrewspruce/Code/progress-tracker/node_modules/jsdom/lib/jsdom/living/events/EventTarget-impl.js:296:3)
    at HTMLUnknownElementImpl._dispatch (/Users/andrewspruce/Code/progress-tracker/node_modules/jsdom/lib/jsdom/living/events/EventTarget-impl.js:243:9)
    at HTMLUnknownElementImpl.dispatchEvent (/Users/andrewspruce/Code/progress-tracker/node_modules/jsdom/lib/jsdom/living/events/EventTarget-impl.js:114:17)
TypeError: Cannot read properties of undefined (reading 'find')
    at SpaceSelector (/Users/andrewspruce/Code/progress-tracker/src/components/SpaceSelector.jsx:15:14)
    at renderWithHooks (/Users/andrewspruce/Code/progress-tracker/node_modules/react-dom/cjs/react-dom.development.js:15486:18)
    at mountIndeterminateComponent (/Users/andrewspruce/Code/progress-tracker/node_modules/react-dom/cjs/react-dom.development.js:20103:13)
    at beginWork (/Users/andrewspruce/Code/progress-tracker/node_modules/react-dom/cjs/react-dom.development.js:21626:16)
    at HTMLUnknownElement.callCallback (/Users/andrewspruce/Code/progress-tracker/node_modules/react-dom/cjs/react-dom.development.js:4164:14)
    at HTMLUnknownElement.callTheUserObjectsOperation (/Users/andrewspruce/Code/progress-tracker/node_modules/jsdom/lib/jsdom/living/generated/EventListener.js:26:30)
    at innerInvokeEventListeners (/Users/andrewspruce/Code/progress-tracker/node_modules/jsdom/lib/jsdom/living/events/EventTarget-impl.js:360:16)
    at invokeEventListeners (/Users/andrewspruce/Code/progress-tracker/node_modules/jsdom/lib/jsdom/living/events/EventTarget-impl.js:296:3)
    at HTMLUnknownElementImpl._dispatch (/Users/andrewspruce/Code/progress-tracker/node_modules/jsdom/lib/jsdom/living/events/EventTarget-impl.js:243:9)
    at HTMLUnknownElementImpl.dispatchEvent (/Users/andrewspruce/Code/progress-tracker/node_modules/jsdom/lib/jsdom/living/events/EventTarget-impl.js:114:17)
TypeError: Cannot read properties of undefined (reading 'find')
    at SpaceSelector (/Users/andrewspruce/Code/progress-tracker/src/components/SpaceSelector.jsx:15:14)
    at renderWithHooks (/Users/andrewspruce/Code/progress-tracker/node_modules/react-dom/cjs/react-dom.development.js:15486:18)
    at mountIndeterminateComponent (/Users/andrewspruce/Code/progress-tracker/node_modules/react-dom/cjs/react-dom.development.js:20103:13)
    at beginWork (/Users/andrewspruce/Code/progress-tracker/node_modules/react-dom/cjs/react-dom.development.js:21626:16)
    at HTMLUnknownElement.callCallback (/Users/andrewspruce/Code/progress-tracker/node_modules/react-dom/cjs/react-dom.development.js:4164:14)
    at HTMLUnknownElement.callTheUserObjectsOperation (/Users/andrewspruce/Code/progress-tracker/node_modules/jsdom/lib/jsdom/living/generated/EventListener.js:26:30)
    at innerInvokeEventListeners (/Users/andrewspruce/Code/progress-tracker/node_modules/jsdom/lib/jsdom/living/events/EventTarget-impl.js:360:16)
    at invokeEventListeners (/Users/andrewspruce/Code/progress-tracker/node_modules/jsdom/lib/jsdom/living/events/EventTarget-impl.js:296:3)
    at HTMLUnknownElementImpl._dispatch (/Users/andrewspruce/Code/progress-tracker/node_modules/jsdom/lib/jsdom/living/events/EventTarget-impl.js:243:9)
    at HTMLUnknownElementImpl.dispatchEvent (/Users/andrewspruce/Code/progress-tracker/node_modules/jsdom/lib/jsdom/living/events/EventTarget-impl.js:114:17)
TypeError: Cannot read properties of undefined (reading 'find')
    at SpaceSelector (/Users/andrewspruce/Code/progress-tracker/src/components/SpaceSelector.jsx:15:14)
    at renderWithHooks (/Users/andrewspruce/Code/progress-tracker/node_modules/react-dom/cjs/react-dom.development.js:15486:18)
    at mountIndeterminateComponent (/Users/andrewspruce/Code/progress-tracker/node_modules/react-dom/cjs/react-dom.development.js:20103:13)
    at beginWork (/Users/andrewspruce/Code/progress-tracker/node_modules/react-dom/cjs/react-dom.development.js:21626:16)
    at HTMLUnknownElement.callCallback (/Users/andrewspruce/Code/progress-tracker/node_modules/react-dom/cjs/react-dom.development.js:4164:14)
    at HTMLUnknownElement.callTheUserObjectsOperation (/Users/andrewspruce/Code/progress-tracker/node_modules/jsdom/lib/jsdom/living/generated/EventListener.js:26:30)
    at innerInvokeEventListeners (/Users/andrewspruce/Code/progress-tracker/node_modules/jsdom/lib/jsdom/living/events/EventTarget-impl.js:360:16)
    at invokeEventListeners (/Users/andrewspruce/Code/progress-tracker/node_modules/jsdom/lib/jsdom/living/events/EventTarget-impl.js:296:3)
    at HTMLUnknownElementImpl._dispatch (/Users/andrewspruce/Code/progress-tracker/node_modules/jsdom/lib/jsdom/living/events/EventTarget-impl.js:243:9)
    at HTMLUnknownElementImpl.dispatchEvent (/Users/andrewspruce/Code/progress-tracker/node_modules/jsdom/lib/jsdom/living/events/EventTarget-impl.js:114:17)
TypeError: Cannot read properties of undefined (reading 'find')
    at SpaceSelector (/Users/andrewspruce/Code/progress-tracker/src/components/SpaceSelector.jsx:15:14)
    at renderWithHooks (/Users/andrewspruce/Code/progress-tracker/node_modules/react-dom/cjs/react-dom.development.js:15486:18)
    at mountIndeterminateComponent (/Users/andrewspruce/Code/progress-tracker/node_modules/react-dom/cjs/react-dom.development.js:20103:13)
    at beginWork (/Users/andrewspruce/Code/progress-tracker/node_modules/react-dom/cjs/react-dom.development.js:21626:16)
    at HTMLUnknownElement.callCallback (/Users/andrewspruce/Code/progress-tracker/node_modules/react-dom/cjs/react-dom.development.js:4164:14)
    at HTMLUnknownElement.callTheUserObjectsOperation (/Users/andrewspruce/Code/progress-tracker/node_modules/jsdom/lib/jsdom/living/generated/EventListener.js:26:30)
    at innerInvokeEventListeners (/Users/andrewspruce/Code/progress-tracker/node_modules/jsdom/lib/jsdom/living/events/EventTarget-impl.js:360:16)
    at invokeEventListeners (/Users/andrewspruce/Code/progress-tracker/node_modules/jsdom/lib/jsdom/living/events/EventTarget-impl.js:296:3)
    at HTMLUnknownElementImpl._dispatch (/Users/andrewspruce/Code/progress-tracker/node_modules/jsdom/lib/jsdom/living/events/EventTarget-impl.js:243:9)
    at HTMLUnknownElementImpl.dispatchEvent (/Users/andrewspruce/Code/progress-tracker/node_modules/jsdom/lib/jsdom/living/events/EventTarget-impl.js:114:17)
TypeError: Cannot read properties of undefined (reading 'find')
    at SpaceSelector (/Users/andrewspruce/Code/progress-tracker/src/components/SpaceSelector.jsx:15:14)
    at renderWithHooks (/Users/andrewspruce/Code/progress-tracker/node_modules/react-dom/cjs/react-dom.development.js:15486:18)
    at mountIndeterminateComponent (/Users/andrewspruce/Code/progress-tracker/node_modules/react-dom/cjs/react-dom.development.js:20103:13)
    at beginWork (/Users/andrewspruce/Code/progress-tracker/node_modules/react-dom/cjs/react-dom.development.js:21626:16)
    at HTMLUnknownElement.callCallback (/Users/andrewspruce/Code/progress-tracker/node_modules/react-dom/cjs/react-dom.development.js:4164:14)
    at HTMLUnknownElement.callTheUserObjectsOperation (/Users/andrewspruce/Code/progress-tracker/node_modules/jsdom/lib/jsdom/living/generated/EventListener.js:26:30)
    at innerInvokeEventListeners (/Users/andrewspruce/Code/progress-tracker/node_modules/jsdom/lib/jsdom/living/events/EventTarget-impl.js:360:16)
    at invokeEventListeners (/Users/andrewspruce/Code/progress-tracker/node_modules/jsdom/lib/jsdom/living/events/EventTarget-impl.js:296:3)
    at HTMLUnknownElementImpl._dispatch (/Users/andrewspruce/Code/progress-tracker/node_modules/jsdom/lib/jsdom/living/events/EventTarget-impl.js:243:9)
    at HTMLUnknownElementImpl.dispatchEvent (/Users/andrewspruce/Code/progress-tracker/node_modules/jsdom/lib/jsdom/living/events/EventTarget-impl.js:114:17)
TypeError: Cannot read properties of undefined (reading 'find')
    at SpaceSelector (/Users/andrewspruce/Code/progress-tracker/src/components/SpaceSelector.jsx:15:14)
    at renderWithHooks (/Users/andrewspruce/Code/progress-tracker/node_modules/react-dom/cjs/react-dom.development.js:15486:18)
    at mountIndeterminateComponent (/Users/andrewspruce/Code/progress-tracker/node_modules/react-dom/cjs/react-dom.development.js:20103:13)
    at beginWork (/Users/andrewspruce/Code/progress-tracker/node_modules/react-dom/cjs/react-dom.development.js:21626:16)
    at HTMLUnknownElement.callCallback (/Users/andrewspruce/Code/progress-tracker/node_modules/react-dom/cjs/react-dom.development.js:4164:14)
    at HTMLUnknownElement.callTheUserObjectsOperation (/Users/andrewspruce/Code/progress-tracker/node_modules/jsdom/lib/jsdom/living/generated/EventListener.js:26:30)
    at innerInvokeEventListeners (/Users/andrewspruce/Code/progress-tracker/node_modules/jsdom/lib/jsdom/living/events/EventTarget-impl.js:360:16)
    at invokeEventListeners (/Users/andrewspruce/Code/progress-tracker/node_modules/jsdom/lib/jsdom/living/events/EventTarget-impl.js:296:3)
    at HTMLUnknownElementImpl._dispatch (/Users/andrewspruce/Code/progress-tracker/node_modules/jsdom/lib/jsdom/living/events/EventTarget-impl.js:243:9)
    at HTMLUnknownElementImpl.dispatchEvent (/Users/andrewspruce/Code/progress-tracker/node_modules/jsdom/lib/jsdom/living/events/EventTarget-impl.js:114:17)
TypeError: Cannot read properties of undefined (reading 'find')
    at SpaceSelector (/Users/andrewspruce/Code/progress-tracker/src/components/SpaceSelector.jsx:15:14)
    at renderWithHooks (/Users/andrewspruce/Code/progress-tracker/node_modules/react-dom/cjs/react-dom.development.js:15486:18)
    at mountIndeterminateComponent (/Users/andrewspruce/Code/progress-tracker/node_modules/react-dom/cjs/react-dom.development.js:20103:13)
    at beginWork (/Users/andrewspruce/Code/progress-tracker/node_modules/react-dom/cjs/react-dom.development.js:21626:16)
    at HTMLUnknownElement.callCallback (/Users/andrewspruce/Code/progress-tracker/node_modules/react-dom/cjs/react-dom.development.js:4164:14)
    at HTMLUnknownElement.callTheUserObjectsOperation (/Users/andrewspruce/Code/progress-tracker/node_modules/jsdom/lib/jsdom/living/generated/EventListener.js:26:30)
    at innerInvokeEventListeners (/Users/andrewspruce/Code/progress-tracker/node_modules/jsdom/lib/jsdom/living/events/EventTarget-impl.js:360:16)
    at invokeEventListeners (/Users/andrewspruce/Code/progress-tracker/node_modules/jsdom/lib/jsdom/living/events/EventTarget-impl.js:296:3)
    at HTMLUnknownElementImpl._dispatch (/Users/andrewspruce/Code/progress-tracker/node_modules/jsdom/lib/jsdom/living/events/EventTarget-impl.js:243:9)
    at HTMLUnknownElementImpl.dispatchEvent (/Users/andrewspruce/Code/progress-tracker/node_modules/jsdom/lib/jsdom/living/events/EventTarget-impl.js:114:17)
TypeError: Cannot read properties of undefined (reading 'find')
    at SpaceSelector (/Users/andrewspruce/Code/progress-tracker/src/components/SpaceSelector.jsx:15:14)
    at renderWithHooks (/Users/andrewspruce/Code/progress-tracker/node_modules/react-dom/cjs/react-dom.development.js:15486:18)
    at mountIndeterminateComponent (/Users/andrewspruce/Code/progress-tracker/node_modules/react-dom/cjs/react-dom.development.js:20103:13)
    at beginWork (/Users/andrewspruce/Code/progress-tracker/node_modules/react-dom/cjs/react-dom.development.js:21626:16)
    at HTMLUnknownElement.callCallback (/Users/andrewspruce/Code/progress-tracker/node_modules/react-dom/cjs/react-dom.development.js:4164:14)
    at HTMLUnknownElement.callTheUserObjectsOperation (/Users/andrewspruce/Code/progress-tracker/node_modules/jsdom/lib/jsdom/living/generated/EventListener.js:26:30)
    at innerInvokeEventListeners (/Users/andrewspruce/Code/progress-tracker/node_modules/jsdom/lib/jsdom/living/events/EventTarget-impl.js:360:16)
    at invokeEventListeners (/Users/andrewspruce/Code/progress-tracker/node_modules/jsdom/lib/jsdom/living/events/EventTarget-impl.js:296:3)
    at HTMLUnknownElementImpl._dispatch (/Users/andrewspruce/Code/progress-tracker/node_modules/jsdom/lib/jsdom/living/events/EventTarget-impl.js:243:9)
    at HTMLUnknownElementImpl.dispatchEvent (/Users/andrewspruce/Code/progress-tracker/node_modules/jsdom/lib/jsdom/living/events/EventTarget-impl.js:114:17)
TypeError: Cannot read properties of undefined (reading 'find')
    at SpaceSelector (/Users/andrewspruce/Code/progress-tracker/src/components/SpaceSelector.jsx:15:14)
    at renderWithHooks (/Users/andrewspruce/Code/progress-tracker/node_modules/react-dom/cjs/react-dom.development.js:15486:18)
    at mountIndeterminateComponent (/Users/andrewspruce/Code/progress-tracker/node_modules/react-dom/cjs/react-dom.development.js:20103:13)
    at beginWork (/Users/andrewspruce/Code/progress-tracker/node_modules/react-dom/cjs/react-dom.development.js:21626:16)
    at HTMLUnknownElement.callCallback (/Users/andrewspruce/Code/progress-tracker/node_modules/react-dom/cjs/react-dom.development.js:4164:14)
    at HTMLUnknownElement.callTheUserObjectsOperation (/Users/andrewspruce/Code/progress-tracker/node_modules/jsdom/lib/jsdom/living/generated/EventListener.js:26:30)
    at innerInvokeEventListeners (/Users/andrewspruce/Code/progress-tracker/node_modules/jsdom/lib/jsdom/living/events/EventTarget-impl.js:360:16)
    at invokeEventListeners (/Users/andrewspruce/Code/progress-tracker/node_modules/jsdom/lib/jsdom/living/events/EventTarget-impl.js:296:3)
    at HTMLUnknownElementImpl._dispatch (/Users/andrewspruce/Code/progress-tracker/node_modules/jsdom/lib/jsdom/living/events/EventTarget-impl.js:243:9)
    at HTMLUnknownElementImpl.dispatchEvent (/Users/andrewspruce/Code/progress-tracker/node_modules/jsdom/lib/jsdom/living/events/EventTarget-impl.js:114:17)
TypeError: Cannot read properties of undefined (reading 'find')
    at SpaceSelector (/Users/andrewspruce/Code/progress-tracker/src/components/SpaceSelector.jsx:15:14)
    at renderWithHooks (/Users/andrewspruce/Code/progress-tracker/node_modules/react-dom/cjs/react-dom.development.js:15486:18)
    at mountIndeterminateComponent (/Users/andrewspruce/Code/progress-tracker/node_modules/react-dom/cjs/react-dom.development.js:20103:13)
    at beginWork (/Users/andrewspruce/Code/progress-tracker/node_modules/react-dom/cjs/react-dom.development.js:21626:16)
    at HTMLUnknownElement.callCallback (/Users/andrewspruce/Code/progress-tracker/node_modules/react-dom/cjs/react-dom.development.js:4164:14)
    at HTMLUnknownElement.callTheUserObjectsOperation (/Users/andrewspruce/Code/progress-tracker/node_modules/jsdom/lib/jsdom/living/generated/EventListener.js:26:30)
    at innerInvokeEventListeners (/Users/andrewspruce/Code/progress-tracker/node_modules/jsdom/lib/jsdom/living/events/EventTarget-impl.js:360:16)
    at invokeEventListeners (/Users/andrewspruce/Code/progress-tracker/node_modules/jsdom/lib/jsdom/living/events/EventTarget-impl.js:296:3)
    at HTMLUnknownElementImpl._dispatch (/Users/andrewspruce/Code/progress-tracker/node_modules/jsdom/lib/jsdom/living/events/EventTarget-impl.js:243:9)
    at HTMLUnknownElementImpl.dispatchEvent (/Users/andrewspruce/Code/progress-tracker/node_modules/jsdom/lib/jsdom/living/events/EventTarget-impl.js:114:17)
TypeError: Cannot read properties of undefined (reading 'find')
    at SpaceSelector (/Users/andrewspruce/Code/progress-tracker/src/components/SpaceSelector.jsx:15:14)
    at renderWithHooks (/Users/andrewspruce/Code/progress-tracker/node_modules/react-dom/cjs/react-dom.development.js:15486:18)
    at mountIndeterminateComponent (/Users/andrewspruce/Code/progress-tracker/node_modules/react-dom/cjs/react-dom.development.js:20103:13)
    at beginWork (/Users/andrewspruce/Code/progress-tracker/node_modules/react-dom/cjs/react-dom.development.js:21626:16)
    at HTMLUnknownElement.callCallback (/Users/andrewspruce/Code/progress-tracker/node_modules/react-dom/cjs/react-dom.development.js:4164:14)
    at HTMLUnknownElement.callTheUserObjectsOperation (/Users/andrewspruce/Code/progress-tracker/node_modules/jsdom/lib/jsdom/living/generated/EventListener.js:26:30)
    at innerInvokeEventListeners (/Users/andrewspruce/Code/progress-tracker/node_modules/jsdom/lib/jsdom/living/events/EventTarget-impl.js:360:16)
    at invokeEventListeners (/Users/andrewspruce/Code/progress-tracker/node_modules/jsdom/lib/jsdom/living/events/EventTarget-impl.js:296:3)
    at HTMLUnknownElementImpl._dispatch (/Users/andrewspruce/Code/progress-tracker/node_modules/jsdom/lib/jsdom/living/events/EventTarget-impl.js:243:9)
    at HTMLUnknownElementImpl.dispatchEvent (/Users/andrewspruce/Code/progress-tracker/node_modules/jsdom/lib/jsdom/living/events/EventTarget-impl.js:114:17)
TypeError: Cannot read properties of undefined (reading 'find')
    at SpaceSelector (/Users/andrewspruce/Code/progress-tracker/src/components/SpaceSelector.jsx:15:14)
    at renderWithHooks (/Users/andrewspruce/Code/progress-tracker/node_modules/react-dom/cjs/react-dom.development.js:15486:18)
    at mountIndeterminateComponent (/Users/andrewspruce/Code/progress-tracker/node_modules/react-dom/cjs/react-dom.development.js:20103:13)
    at beginWork (/Users/andrewspruce/Code/progress-tracker/node_modules/react-dom/cjs/react-dom.development.js:21626:16)
    at HTMLUnknownElement.callCallback (/Users/andrewspruce/Code/progress-tracker/node_modules/react-dom/cjs/react-dom.development.js:4164:14)
    at HTMLUnknownElement.callTheUserObjectsOperation (/Users/andrewspruce/Code/progress-tracker/node_modules/jsdom/lib/jsdom/living/generated/EventListener.js:26:30)
    at innerInvokeEventListeners (/Users/andrewspruce/Code/progress-tracker/node_modules/jsdom/lib/jsdom/living/events/EventTarget-impl.js:360:16)
    at invokeEventListeners (/Users/andrewspruce/Code/progress-tracker/node_modules/jsdom/lib/jsdom/living/events/EventTarget-impl.js:296:3)
    at HTMLUnknownElementImpl._dispatch (/Users/andrewspruce/Code/progress-tracker/node_modules/jsdom/lib/jsdom/living/events/EventTarget-impl.js:243:9)
    at HTMLUnknownElementImpl.dispatchEvent (/Users/andrewspruce/Code/progress-tracker/node_modules/jsdom/lib/jsdom/living/events/EventTarget-impl.js:114:17)
 [31m❯[39m src/components/__tests__/SpaceSelector.test.jsx [2m([22m[2m20 tests[22m[2m | [22m[31m20 failed[39m[2m)[22m[32m 44[2mms[22m[39m
[31m       [31m×[31m should render the space selector component[39m[32m 13[2mms[22m[39m
[31m       [31m×[31m should display selected space when provided[39m[32m 3[2mms[22m[39m
[31m       [31m×[31m should show loading state initially[39m[32m 4[2mms[22m[39m
[31m       [31m×[31m should fetch spaces on mount[39m[32m 2[2mms[22m[39m
[31m       [31m×[31m should handle API error gracefully[39m[32m 1[2mms[22m[39m
[31m       [31m×[31m should handle empty spaces list[39m[32m 1[2mms[22m[39m
[31m       [31m×[31m should open dropdown when clicked[39m[32m 1[2mms[22m[39m
[31m       [31m×[31m should close dropdown when clicking outside[39m[32m 2[2mms[22m[39m
[31m       [31m×[31m should close dropdown on escape key[39m[32m 1[2mms[22m[39m
[31m       [31m×[31m should call onSpaceChange when selecting a space[39m[32m 2[2mms[22m[39m
[31m       [31m×[31m should update display when space is selected[39m[32m 1[2mms[22m[39m
[31m       [31m×[31m should allow selecting "All Spaces" option[39m[32m 1[2mms[22m[39m
[31m       [31m×[31m should filter spaces based on search input[39m[32m 1[2mms[22m[39m
[31m       [31m×[31m should show no results message for non-matching search[39m[32m 1[2mms[22m[39m
[31m       [31m×[31m should have proper ARIA attributes[39m[32m 1[2mms[22m[39m
[31m       [31m×[31m should be keyboard navigable[39m[32m 3[2mms[22m[39m
[31m       [31m×[31m should announce selected space to screen readers[39m[32m 2[2mms[22m[39m
[31m       [31m×[31m should handle rapid clicks gracefully[39m[32m 1[2mms[22m[39m
[31m       [31m×[31m should handle spaces with special characters[39m[32m 1[2mms[22m[39m
[31m       [31m×[31m should handle very long space names[39m[32m 3[2mms[22m[39m
[90mstdout[2m | backend/src/tests/milestones.test.js[2m > [22m[2mMilestones API Tests
[22m[39m✅ Cleaned up user roles

[90mstdout[2m | backend/src/tests/milestones.test.js[2m > [22m[2mMilestones API Tests
[22m[39m✅ Cleaned up user roles

[90mstdout[2m | backend/src/tests/milestones.test.js[2m > [22m[2mMilestones API Tests
[22m[39m✅ Created project_links table

[90mstdout[2m | backend/src/tests/milestones.test.js[2m > [22m[2mMilestones API Tests
[22m[39m✅ Created portfolios table

[90mstdout[2m | backend/src/tests/milestones.test.js[2m > [22m[2mMilestones API Tests
[22m[39m✅ Added tolerance columns to metrics table

[90mstdout[2m | backend/src/tests/milestones.test.js[2m > [22m[2mMilestones API Tests
[22m[39m✅ Created feedback table

[90mstdout[2m | backend/src/tests/milestones.test.js[2m > [22m[2mMilestones API Tests
[22m[39m✅ Added metric_type column to metrics table

[90mstdout[2m | backend/src/tests/milestones.test.js[2m > [22m[2mMilestones API Tests
[22m[39m✅ Added display_order column to metrics table

[90mstdout[2m | backend/src/tests/milestones.test.js[2m > [22m[2mMilestones API Tests
[22m[39m✅ Created page_views table

[90mstdout[2m | backend/src/tests/milestones.test.js[2m > [22m[2mMilestones API Tests
[22m[39m✅ Added commentary column to metric_periods table

[90mstdout[2m | backend/src/tests/milestones.test.js[2m > [22m[2mMilestones API Tests
[22m[39m✅ Created project_links table

[90mstdout[2m | backend/src/tests/milestones.test.js[2m > [22m[2mMilestones API Tests
[22m[39m✅ Created recovery_plans table

[90mstdout[2m | backend/src/tests/milestones.test.js[2m > [22m[2mMilestones API Tests
[22m[39m✅ Created spaces table

[90mstdout[2m | backend/src/tests/milestones.test.js[2m > [22m[2mMilestones API Tests
[22m[39m✅ Added date columns to projects table

[90mstdout[2m | backend/src/tests/milestones.test.js[2m > [22m[2mMilestones API Tests
[22m[39m✅ Created index for space_id in portfolios

[90mstdout[2m | backend/src/tests/milestones.test.js[2m > [22m[2mMilestones API Tests
[22m[39m✅ Created portfolios table

[90mstdout[2m | backend/src/tests/milestones.test.js[2m > [22m[2mMilestones API Tests
[22m[39m✅ Created project_dependencies table

[90mstdout[2m | backend/src/tests/milestones.test.js[2m > [22m[2mMilestones API Tests
[22m[39m✅ Added portfolio_id column to projects table

[90mstdout[2m | backend/src/tests/milestones.test.js[2m > [22m[2mMilestones API Tests
[22m[39m✅ Created indexes for project_dependencies

[90mstdout[2m | backend/src/tests/milestones.test.js[2m > [22m[2mMilestones API Tests
[22m[39m✅ Added secondary_pm column to projects table

[90mstdout[2m | backend/src/tests/milestones.test.js[2m > [22m[2mMilestones API Tests
[22m[39m✅ Created milestones table

[90mstdout[2m | backend/src/tests/milestones.test.js[2m > [22m[2mMilestones API Tests
[22m[39m✅ Created index for milestones

[90mstdout[2m | backend/src/tests/milestones.test.js[2m > [22m[2mMilestones API Tests
[22m[39m✅ Created performance indexes

[90mstdout[2m | backend/src/tests/milestones.test.js[2m > [22m[2mMilestones API Tests
[22m[39m📦 Seeding Illustrative Examples Portfolio...
ℹ️  Illustrative Examples portfolio already exists, skipping seed

[90mstdout[2m | backend/src/tests/milestones.test.js[2m > [22m[2mMilestones API Tests
[22m[39m✅ Database ready at backend/data/progress-tracker.db

[90mstdout[2m | backend/src/tests/milestones.test.js[2m > [22m[2mMilestones API Tests
[22m[39m✅ Created feedback table

[90mstdout[2m | backend/src/tests/milestones.test.js[2m > [22m[2mMilestones API Tests
[22m[39m✅ Migrated feedback to text-only format

[90mstdout[2m | backend/src/tests/milestones.test.js[2m > [22m[2mMilestones API Tests
[22m[39m✅ Added project_id to feedback table

[90mstdout[2m | backend/src/tests/milestones.test.js[2m > [22m[2mMilestones API Tests
[22m[39m✅ Created page_views table

[90mstdout[2m | backend/src/tests/milestones.test.js[2m > [22m[2mMilestones API Tests
[22m[39m✅ Added load_time_ms column to page_views

[90mstdout[2m | backend/src/tests/milestones.test.js[2m > [22m[2mMilestones API Tests
[22m[39m✅ Created recovery_plans table

[90mstdout[2m | backend/src/tests/milestones.test.js[2m > [22m[2mMilestones API Tests
[22m[39m✅ Created spaces table

[90mstdout[2m | backend/src/tests/milestones.test.js[2m > [22m[2mMilestones API Tests
[22m[39m✅ Added space_id column to portfolios table

[90mstdout[2m | backend/src/tests/milestones.test.js[2m > [22m[2mMilestones API Tests
[22m[39m✅ Added default_space_id column to users table

[90mstdout[2m | backend/src/tests/milestones.test.js[2m > [22m[2mMilestones API Tests
[22m[39m✅ Created index for space_id in portfolios

[90mstdout[2m | backend/src/tests/milestones.test.js[2m > [22m[2mMilestones API Tests
[22m[39m✅ Created project_dependencies table

[90mstdout[2m | backend/src/tests/milestones.test.js[2m > [22m[2mMilestones API Tests
[22m[39m✅ Created indexes for project_dependencies

[90mstdout[2m | backend/src/tests/milestones.test.js[2m > [22m[2mMilestones API Tests
[22m[39m✅ Created milestones table

[90mstdout[2m | backend/src/tests/milestones.test.js[2m > [22m[2mMilestones API Tests
[22m[39m✅ Created index for milestones

[90mstdout[2m | backend/src/tests/milestones.test.js[2m > [22m[2mMilestones API Tests
[22m[39m✅ Created performance indexes

[90mstdout[2m | backend/src/tests/milestones.test.js[2m > [22m[2mMilestones API Tests
[22m[39m📦 Seeding Illustrative Examples Portfolio...
ℹ️  Illustrative Examples portfolio already exists, skipping seed

[90mstdout[2m | backend/src/tests/milestones.test.js[2m > [22m[2mMilestones API Tests
[22m[39m✅ Database ready at backend/data/progress-tracker.db

[90mstdout[2m | backend/src/tests/comments.test.js[2m > [22m[2mComments API Tests
[22m[39m✅ Cleaned up user roles

[90mstdout[2m | backend/src/tests/comments.test.js[2m > [22m[2mComments API Tests
[22m[39m✅ Cleaned up user roles

[90mstdout[2m | backend/src/tests/comments.test.js[2m > [22m[2mComments API Tests
[22m[39m✅ Added tolerance columns to metrics table

[90mstdout[2m | backend/src/tests/comments.test.js[2m > [22m[2mComments API Tests
[22m[39m✅ Created project_links table

[90mstdout[2m | backend/src/tests/comments.test.js[2m > [22m[2mComments API Tests
[22m[39m✅ Added metric_type column to metrics table

[90mstdout[2m | backend/src/tests/comments.test.js[2m > [22m[2mComments API Tests
[22m[39m✅ Created portfolios table

[90mstdout[2m | backend/src/tests/comments.test.js[2m > [22m[2mComments API Tests
[22m[39m✅ Added display_order column to metrics table

[90mstdout[2m | backend/src/tests/comments.test.js[2m > [22m[2mComments API Tests
[22m[39m✅ Created feedback table

[90mstdout[2m | backend/src/tests/comments.test.js[2m > [22m[2mComments API Tests
[22m[39m✅ Added commentary column to metric_periods table

[90mstdout[2m | backend/src/tests/comments.test.js[2m > [22m[2mComments API Tests
[22m[39m✅ Created project_links table

[90mstdout[2m | backend/src/tests/comments.test.js[2m > [22m[2mComments API Tests
[22m[39m✅ Added date columns to projects table

[90mstdout[2m | backend/src/tests/comments.test.js[2m > [22m[2mComments API Tests
[22m[39m✅ Created portfolios table

[90mstdout[2m | backend/src/tests/comments.test.js[2m > [22m[2mComments API Tests
[22m[39m✅ Created page_views table

[90mstdout[2m | backend/src/tests/comments.test.js[2m > [22m[2mComments API Tests
[22m[39m✅ Added portfolio_id column to projects table

[90mstdout[2m | backend/src/tests/comments.test.js[2m > [22m[2mComments API Tests
[22m[39m✅ Added secondary_pm column to projects table

[90mstdout[2m | backend/src/tests/comments.test.js[2m > [22m[2mComments API Tests
[22m[39m✅ Created recovery_plans table

[90mstdout[2m | backend/src/tests/comments.test.js[2m > [22m[2mComments API Tests
[22m[39m✅ Created spaces table

[90mstdout[2m | backend/src/tests/comments.test.js[2m > [22m[2mComments API Tests
[22m[39m✅ Created feedback table

[90mstdout[2m | backend/src/tests/comments.test.js[2m > [22m[2mComments API Tests
[22m[39m✅ Created index for space_id in portfolios

[90mstdout[2m | backend/src/tests/comments.test.js[2m > [22m[2mComments API Tests
[22m[39m✅ Created project_dependencies table

[90mstdout[2m | backend/src/tests/comments.test.js[2m > [22m[2mComments API Tests
[22m[39m✅ Created indexes for project_dependencies

[90mstdout[2m | backend/src/tests/comments.test.js[2m > [22m[2mComments API Tests
[22m[39m✅ Created milestones table

[90mstdout[2m | backend/src/tests/comments.test.js[2m > [22m[2mComments API Tests
[22m[39m✅ Created index for milestones

[90mstdout[2m | backend/src/tests/comments.test.js[2m > [22m[2mComments API Tests
[22m[39m✅ Created performance indexes

[90mstdout[2m | backend/src/tests/comments.test.js[2m > [22m[2mComments API Tests
[22m[39m📦 Seeding Illustrative Examples Portfolio...
ℹ️  Illustrative Examples portfolio already exists, skipping seed

[90mstdout[2m | backend/src/tests/comments.test.js[2m > [22m[2mComments API Tests
[22m[39m✅ Database ready at backend/data/progress-tracker.db

[90mstdout[2m | backend/src/tests/comments.test.js[2m > [22m[2mComments API Tests
[22m[39m✅ Migrated feedback to text-only format

[90mstdout[2m | backend/src/tests/comments.test.js[2m > [22m[2mComments API Tests
[22m[39m✅ Added project_id to feedback table

[90mstdout[2m | backend/src/tests/comments.test.js[2m > [22m[2mComments API Tests
[22m[39m✅ Created page_views table

[90mstdout[2m | backend/src/tests/comments.test.js[2m > [22m[2mComments API Tests
[22m[39m✅ Added load_time_ms column to page_views

[90mstdout[2m | backend/src/tests/comments.test.js[2m > [22m[2mComments API Tests
[22m[39m✅ Created recovery_plans table

[90mstdout[2m | backend/src/tests/comments.test.js[2m > [22m[2mComments API Tests
[22m[39m✅ Created spaces table

[90mstdout[2m | backend/src/tests/comments.test.js[2m > [22m[2mComments API Tests
[22m[39m✅ Added space_id column to portfolios table

[90mstdout[2m | backend/src/tests/comments.test.js[2m > [22m[2mComments API Tests
[22m[39m✅ Added default_space_id column to users table

[90mstdout[2m | backend/src/tests/comments.test.js[2m > [22m[2mComments API Tests
[22m[39m✅ Created index for space_id in portfolios

[90mstdout[2m | backend/src/tests/comments.test.js[2m > [22m[2mComments API Tests
[22m[39m✅ Created project_dependencies table

[90mstdout[2m | backend/src/tests/comments.test.js[2m > [22m[2mComments API Tests
[22m[39m✅ Created indexes for project_dependencies

[90mstdout[2m | backend/src/tests/comments.test.js[2m > [22m[2mComments API Tests
[22m[39m✅ Created milestones table

[90mstdout[2m | backend/src/tests/comments.test.js[2m > [22m[2mComments API Tests
[22m[39m✅ Created index for milestones

[90mstdout[2m | backend/src/tests/comments.test.js[2m > [22m[2mComments API Tests
[22m[39m✅ Created performance indexes

[90mstdout[2m | backend/src/tests/comments.test.js[2m > [22m[2mComments API Tests
[22m[39m📦 Seeding Illustrative Examples Portfolio...
ℹ️  Illustrative Examples portfolio already exists, skipping seed

[90mstdout[2m | backend/src/tests/comments.test.js[2m > [22m[2mComments API Tests
[22m[39m✅ Database ready at backend/data/progress-tracker.db

[90mstdout[2m | backend/src/tests/time-travel.test.js[2m > [22m[2mTime Travel API Tests
[22m[39m✅ Cleaned up user roles

[90mstdout[2m | backend/src/tests/time-travel.test.js[2m > [22m[2mTime Travel API Tests
[22m[39m✅ Cleaned up user roles

[90mstdout[2m | backend/src/tests/time-travel.test.js[2m > [22m[2mTime Travel API Tests
[22m[39m✅ Added tolerance columns to metrics table

[90mstdout[2m | backend/src/tests/time-travel.test.js[2m > [22m[2mTime Travel API Tests
[22m[39m✅ Created project_links table

[90mstdout[2m | backend/src/tests/time-travel.test.js[2m > [22m[2mTime Travel API Tests
[22m[39m✅ Added metric_type column to metrics table

[90mstdout[2m | backend/src/tests/time-travel.test.js[2m > [22m[2mTime Travel API Tests
[22m[39m✅ Created portfolios table

[90mstdout[2m | backend/src/tests/time-travel.test.js[2m > [22m[2mTime Travel API Tests
[22m[39m✅ Added display_order column to metrics table

[90mstdout[2m | backend/src/tests/time-travel.test.js[2m > [22m[2mTime Travel API Tests
[22m[39m✅ Added commentary column to metric_periods table

[90mstdout[2m | backend/src/tests/time-travel.test.js[2m > [22m[2mTime Travel API Tests
[22m[39m✅ Created feedback table

[90mstdout[2m | backend/src/tests/time-travel.test.js[2m > [22m[2mTime Travel API Tests
[22m[39m✅ Created project_links table

[90mstdout[2m | backend/src/tests/time-travel.test.js[2m > [22m[2mTime Travel API Tests
[22m[39m✅ Created page_views table

[90mstdout[2m | backend/src/tests/time-travel.test.js[2m > [22m[2mTime Travel API Tests
[22m[39m✅ Added date columns to projects table

[90mstdout[2m | backend/src/tests/time-travel.test.js[2m > [22m[2mTime Travel API Tests
[22m[39m✅ Created portfolios table

[90mstdout[2m | backend/src/tests/time-travel.test.js[2m > [22m[2mTime Travel API Tests
[22m[39m✅ Added portfolio_id column to projects table

[90mstdout[2m | backend/src/tests/time-travel.test.js[2m > [22m[2mTime Travel API Tests
[22m[39m✅ Created recovery_plans table

[90mstdout[2m | backend/src/tests/time-travel.test.js[2m > [22m[2mTime Travel API Tests
[22m[39m✅ Added secondary_pm column to projects table

[90mstdout[2m | backend/src/tests/time-travel.test.js[2m > [22m[2mTime Travel API Tests
[22m[39m✅ Created spaces table

[90mstdout[2m | backend/src/tests/time-travel.test.js[2m > [22m[2mTime Travel API Tests
[22m[39m✅ Created index for space_id in portfolios

[90mstdout[2m | backend/src/tests/time-travel.test.js[2m > [22m[2mTime Travel API Tests
[22m[39m✅ Created feedback table

[90mstdout[2m | backend/src/tests/time-travel.test.js[2m > [22m[2mTime Travel API Tests
[22m[39m✅ Created project_dependencies table

[90mstdout[2m | backend/src/tests/time-travel.test.js[2m > [22m[2mTime Travel API Tests
[22m[39m✅ Created indexes for project_dependencies

[90mstdout[2m | backend/src/tests/time-travel.test.js[2m > [22m[2mTime Travel API Tests
[22m[39m✅ Created milestones table

[90mstdout[2m | backend/src/tests/time-travel.test.js[2m > [22m[2mTime Travel API Tests
[22m[39m✅ Created index for milestones

[90mstdout[2m | backend/src/tests/time-travel.test.js[2m > [22m[2mTime Travel API Tests
[22m[39m✅ Created performance indexes

[90mstdout[2m | backend/src/tests/time-travel.test.js[2m > [22m[2mTime Travel API Tests
[22m[39m📦 Seeding Illustrative Examples Portfolio...
ℹ️  Illustrative Examples portfolio already exists, skipping seed

[90mstdout[2m | backend/src/tests/time-travel.test.js[2m > [22m[2mTime Travel API Tests
[22m[39m✅ Database ready at backend/data/progress-tracker.db

[90mstdout[2m | backend/src/tests/time-travel.test.js[2m > [22m[2mTime Travel API Tests
[22m[39m✅ Migrated feedback to text-only format

[90mstdout[2m | backend/src/tests/time-travel.test.js[2m > [22m[2mTime Travel API Tests
[22m[39m✅ Added project_id to feedback table

[90mstdout[2m | backend/src/tests/time-travel.test.js[2m > [22m[2mTime Travel API Tests
[22m[39m✅ Created page_views table

[90mstdout[2m | backend/src/tests/time-travel.test.js[2m > [22m[2mTime Travel API Tests
[22m[39m✅ Added load_time_ms column to page_views

[90mstdout[2m | backend/src/tests/time-travel.test.js[2m > [22m[2mTime Travel API Tests
[22m[39m✅ Created recovery_plans table

[90mstdout[2m | backend/src/tests/time-travel.test.js[2m > [22m[2mTime Travel API Tests
[22m[39m✅ Created spaces table

[90mstdout[2m | backend/src/tests/time-travel.test.js[2m > [22m[2mTime Travel API Tests
[22m[39m✅ Added space_id column to portfolios table

[90mstdout[2m | backend/src/tests/time-travel.test.js[2m > [22m[2mTime Travel API Tests
[22m[39m✅ Added default_space_id column to users table

[90mstdout[2m | backend/src/tests/time-travel.test.js[2m > [22m[2mTime Travel API Tests
[22m[39m✅ Created index for space_id in portfolios

[90mstdout[2m | backend/src/tests/time-travel.test.js[2m > [22m[2mTime Travel API Tests
[22m[39m✅ Created project_dependencies table

 [32m✓[39m src/components/__tests__/MetricTabs.test.jsx [2m([22m[2m12 tests[22m[2m)[22m[32m 50[2mms[22m[39m
[90mstdout[2m | backend/src/tests/time-travel.test.js[2m > [22m[2mTime Travel API Tests
[22m[39m✅ Created indexes for project_dependencies

[90mstdout[2m | backend/src/tests/time-travel.test.js[2m > [22m[2mTime Travel API Tests
[22m[39m✅ Created milestones table

[90mstdout[2m | backend/src/tests/time-travel.test.js[2m > [22m[2mTime Travel API Tests
[22m[39m✅ Created index for milestones

[90mstdout[2m | backend/src/tests/time-travel.test.js[2m > [22m[2mTime Travel API Tests
[22m[39m✅ Created performance indexes

[90mstdout[2m | backend/src/tests/time-travel.test.js[2m > [22m[2mTime Travel API Tests
[22m[39m📦 Seeding Illustrative Examples Portfolio...
ℹ️  Illustrative Examples portfolio already exists, skipping seed

[90mstdout[2m | backend/src/tests/time-travel.test.js[2m > [22m[2mTime Travel API Tests
[22m[39m✅ Database ready at backend/data/progress-tracker.db

[90mstdout[2m | backend/src/tests/time-travel.test.js[2m > [22m[2mTime Travel API Tests
[22m[39mCreating metric: {
  projectId: [32m'1'[39m,
  name: [32m'Time Travel Metric'[39m,
  description: [90mundefined[39m,
  owner_id: [90mundefined[39m,
  start_date: [32m'2025-01-01'[39m,
  end_date: [32m'2025-12-31'[39m,
  frequency: [32m'monthly'[39m,
  progression_type: [32m'linear'[39m,
  final_target: [33m100[39m
}

[90mstdout[2m | backend/src/tests/time-travel.test.js[2m > [22m[2mTime Travel API Tests
[22m[39mMetric created with ID: [33m1[39m
Generating periods...

[90mstdout[2m | backend/src/tests/time-travel.test.js[2m > [22m[2mTime Travel API Tests
[22m[39mPeriods generated successfully

[90mstderr[2m | backend/src/tests/comments.test.js[2m > [22m[2mComments API Tests
[22m[39mPermission grant failed: { error: [32m'SQLITE_CONSTRAINT: FOREIGN KEY constraint failed'[39m }

 [31m❯[39m backend/src/tests/comments.test.js [2m([22m[2m18 tests[22m[2m | [22m[33m18 skipped[39m[2m)[22m[33m 442[2mms[22m[39m
       [2m[90m↓[39m[22m should retrieve comments for a period
       [2m[90m↓[39m[22m should return empty array for period with no comments
       [2m[90m↓[39m[22m should create a comment
       [2m[90m↓[39m[22m should reject comment without text
       [2m[90m↓[39m[22m should reject comment without authentication
       [2m[90m↓[39m[22m should create comment with different types
       [2m[90m↓[39m[22m should update own comment
       [2m[90m↓[39m[22m should reject update without text
       [2m[90m↓[39m[22m should reject update of non-existent comment
       [2m[90m↓[39m[22m should delete own comment
       [2m[90m↓[39m[22m should reject deletion without authentication
       [2m[90m↓[39m[22m should handle deleting non-existent comment
       [2m[90m↓[39m[22m should return recent comments with all required fields
       [2m[90m↓[39m[22m should return comments ordered by created_at DESC
       [2m[90m↓[39m[22m should respect limit parameter
       [2m[90m↓[39m[22m should use default limit of 10
       [2m[90m↓[39m[22m should reject request without authentication
       [2m[90m↓[39m[22m should include author name when created_by is set
[90mstdout[2m | backend/src/tests/time-travel.test.js[2m > [22m[2mTime Travel API Tests[2m > [22m[2mGET /api/projects/:projectId/data/time-travel[2m > [22m[2mshould handle project with multiple metrics
[22m[39mCreating metric: {
  projectId: [32m'1'[39m,
  name: [32m'Second Metric'[39m,
  description: [90mundefined[39m,
  owner_id: [90mundefined[39m,
  start_date: [32m'2025-01-01'[39m,
  end_date: [32m'2025-06-30'[39m,
  frequency: [32m'monthly'[39m,
  progression_type: [32m'linear'[39m,
  final_target: [33m50[39m
}

[90mstdout[2m | backend/src/tests/time-travel.test.js[2m > [22m[2mTime Travel API Tests[2m > [22m[2mGET /api/projects/:projectId/data/time-travel[2m > [22m[2mshould handle project with multiple metrics
[22m[39mMetric created with ID: [33m2[39m
Generating periods...

[90mstdout[2m | backend/src/tests/time-travel.test.js[2m > [22m[2mTime Travel API Tests[2m > [22m[2mGET /api/projects/:projectId/data/time-travel[2m > [22m[2mshould handle project with multiple metrics
[22m[39mPeriods generated successfully

 [31m❯[39m backend/src/tests/milestones.test.js [2m([22m[2m21 tests[22m[2m | [22m[31m14 failed[39m[2m)[22m[33m 552[2mms[22m[39m
[31m       [31m×[31m should return list of milestones[39m[32m 2[2mms[22m[39m
[31m       [31m×[31m should filter milestones by project[39m[32m 3[2mms[22m[39m
[31m       [31m×[31m should return milestones with correct structure[39m[32m 2[2mms[22m[39m
[31m       [31m×[31m should create milestone with PM token[39m[32m 3[2mms[22m[39m
[31m       [31m×[31m should create milestone with admin token[39m[32m 3[2mms[22m[39m
[31m       [31m×[31m should reject milestone creation with viewer token[39m[32m 2[2mms[22m[39m
       [32m✓[39m should reject milestone creation without authentication[32m 2[2mms[22m[39m
       [32m✓[39m should validate required fields[32m 6[2mms[22m[39m
       [32m✓[39m should validate date format[32m 3[2mms[22m[39m
[31m       [31m×[31m should update milestone with PM token[39m[32m 3[2mms[22m[39m
[31m       [31m×[31m should update milestone with admin token[39m[32m 2[2mms[22m[39m
[31m       [31m×[31m should reject update with viewer token[39m[32m 2[2mms[22m[39m
       [32m✓[39m should reject update without authentication[32m 2[2mms[22m[39m
       [32m✓[39m should handle non-existent milestone[32m 2[2mms[22m[39m
[31m       [31m×[31m should allow partial updates[39m[32m 2[2mms[22m[39m
[31m       [31m×[31m should delete milestone with PM token[39m[32m 7[2mms[22m[39m
[31m       [31m×[31m should delete milestone with admin token[39m[32m 5[2mms[22m[39m
[31m       [31m×[31m should reject deletion with viewer token[39m[32m 2[2mms[22m[39m
       [32m✓[39m should reject deletion without authentication[32m 3[2mms[22m[39m
       [32m✓[39m should handle deletion of non-existent milestone[32m 4[2mms[22m[39m
[31m       [31m×[31m should return milestones ordered by date[39m[32m 3[2mms[22m[39m
[90mstdout[2m | backend/src/tests/time-travel.test.js[2m > [22m[2mTime Travel API Tests[2m > [22m[2mHistorical Data Accuracy
[22m[39mCreating metric: {
  projectId: [32m'1'[39m,
  name: [32m'Tracking Metric'[39m,
  description: [90mundefined[39m,
  owner_id: [90mundefined[39m,
  start_date: [32m'2025-01-01'[39m,
  end_date: [32m'2025-03-31'[39m,
  frequency: [32m'monthly'[39m,
  progression_type: [32m'linear'[39m,
  final_target: [33m30[39m
}

[90mstdout[2m | backend/src/tests/time-travel.test.js[2m > [22m[2mTime Travel API Tests[2m > [22m[2mHistorical Data Accuracy
[22m[39mMetric created with ID: [33m3[39m
Generating periods...

[90mstdout[2m | backend/src/tests/time-travel.test.js[2m > [22m[2mTime Travel API Tests[2m > [22m[2mHistorical Data Accuracy
[22m[39mPeriods generated successfully

[90mstdout[2m | backend/src/tests/spaces.test.js[2m > [22m[2mSpaces API Tests
[22m[39m✅ Cleaned up user roles

[90mstdout[2m | backend/src/tests/spaces.test.js[2m > [22m[2mSpaces API Tests
[22m[39m✅ Cleaned up user roles

[90mstdout[2m | backend/src/tests/spaces.test.js[2m > [22m[2mSpaces API Tests
[22m[39m✅ Created project_links table

[90mstdout[2m | backend/src/tests/spaces.test.js[2m > [22m[2mSpaces API Tests
[22m[39m✅ Created portfolios table

[90mstdout[2m | backend/src/tests/spaces.test.js[2m > [22m[2mSpaces API Tests
[22m[39m✅ Added tolerance columns to metrics table

[90mstdout[2m | backend/src/tests/spaces.test.js[2m > [22m[2mSpaces API Tests
[22m[39m✅ Added metric_type column to metrics table

[90mstdout[2m | backend/src/tests/spaces.test.js[2m > [22m[2mSpaces API Tests
[22m[39m✅ Created feedback table

[90mstdout[2m | backend/src/tests/spaces.test.js[2m > [22m[2mSpaces API Tests
[22m[39m✅ Added display_order column to metrics table

[90mstdout[2m | backend/src/tests/spaces.test.js[2m > [22m[2mSpaces API Tests
[22m[39m✅ Added commentary column to metric_periods table

[90mstdout[2m | backend/src/tests/spaces.test.js[2m > [22m[2mSpaces API Tests
[22m[39m✅ Created project_links table

[90mstdout[2m | backend/src/tests/spaces.test.js[2m > [22m[2mSpaces API Tests
[22m[39m✅ Created page_views table

[90mstdout[2m | backend/src/tests/spaces.test.js[2m > [22m[2mSpaces API Tests
[22m[39m✅ Added date columns to projects table

[90mstdout[2m | backend/src/tests/spaces.test.js[2m > [22m[2mSpaces API Tests
[22m[39m✅ Created portfolios table

[90mstdout[2m | backend/src/tests/spaces.test.js[2m > [22m[2mSpaces API Tests
[22m[39m✅ Created recovery_plans table

[90mstdout[2m | backend/src/tests/spaces.test.js[2m > [22m[2mSpaces API Tests
[22m[39m✅ Added portfolio_id column to projects table

[90mstdout[2m | backend/src/tests/spaces.test.js[2m > [22m[2mSpaces API Tests
[22m[39m✅ Created spaces table

[90mstdout[2m | backend/src/tests/spaces.test.js[2m > [22m[2mSpaces API Tests
[22m[39m✅ Added secondary_pm column to projects table

[90mstdout[2m | backend/src/tests/spaces.test.js[2m > [22m[2mSpaces API Tests
[22m[39m✅ Created index for space_id in portfolios

[90mstdout[2m | backend/src/tests/spaces.test.js[2m > [22m[2mSpaces API Tests
[22m[39m✅ Created project_dependencies table

[90mstdout[2m | backend/src/tests/spaces.test.js[2m > [22m[2mSpaces API Tests
[22m[39m✅ Created feedback table

[90mstdout[2m | backend/src/tests/spaces.test.js[2m > [22m[2mSpaces API Tests
[22m[39m✅ Created indexes for project_dependencies

[90mstdout[2m | backend/src/tests/spaces.test.js[2m > [22m[2mSpaces API Tests
[22m[39m✅ Created milestones table

[90mstdout[2m | backend/src/tests/spaces.test.js[2m > [22m[2mSpaces API Tests
[22m[39m✅ Created index for milestones

[90mstdout[2m | backend/src/tests/spaces.test.js[2m > [22m[2mSpaces API Tests
[22m[39m✅ Created performance indexes

[90mstdout[2m | backend/src/tests/spaces.test.js[2m > [22m[2mSpaces API Tests
[22m[39m📦 Seeding Illustrative Examples Portfolio...
ℹ️  Illustrative Examples portfolio already exists, skipping seed

[90mstdout[2m | backend/src/tests/spaces.test.js[2m > [22m[2mSpaces API Tests
[22m[39m✅ Database ready at backend/data/progress-tracker.db

[90mstdout[2m | backend/src/tests/spaces.test.js[2m > [22m[2mSpaces API Tests
[22m[39m✅ Migrated feedback to text-only format

[90mstdout[2m | backend/src/tests/spaces.test.js[2m > [22m[2mSpaces API Tests
[22m[39m✅ Added project_id to feedback table

[90mstdout[2m | backend/src/tests/spaces.test.js[2m > [22m[2mSpaces API Tests
[22m[39m✅ Created page_views table

[90mstdout[2m | backend/src/tests/spaces.test.js[2m > [22m[2mSpaces API Tests
[22m[39m✅ Added load_time_ms column to page_views

[90mstdout[2m | backend/src/tests/spaces.test.js[2m > [22m[2mSpaces API Tests
[22m[39m✅ Created recovery_plans table

[90mstdout[2m | backend/src/tests/spaces.test.js[2m > [22m[2mSpaces API Tests
[22m[39m✅ Created spaces table

[90mstdout[2m | backend/src/tests/spaces.test.js[2m > [22m[2mSpaces API Tests
[22m[39m✅ Added space_id column to portfolios table

[90mstdout[2m | backend/src/tests/spaces.test.js[2m > [22m[2mSpaces API Tests
[22m[39m✅ Added default_space_id column to users table

[90mstdout[2m | backend/src/tests/spaces.test.js[2m > [22m[2mSpaces API Tests
[22m[39m✅ Created index for space_id in portfolios

[90mstdout[2m | backend/src/tests/spaces.test.js[2m > [22m[2mSpaces API Tests
[22m[39m✅ Created project_dependencies table

[90mstdout[2m | backend/src/tests/spaces.test.js[2m > [22m[2mSpaces API Tests
[22m[39m✅ Created indexes for project_dependencies

[90mstdout[2m | backend/src/tests/spaces.test.js[2m > [22m[2mSpaces API Tests
[22m[39m✅ Created milestones table

[90mstdout[2m | backend/src/tests/spaces.test.js[2m > [22m[2mSpaces API Tests
[22m[39m✅ Created index for milestones

[90mstdout[2m | backend/src/tests/spaces.test.js[2m > [22m[2mSpaces API Tests
[22m[39m✅ Created performance indexes

[90mstdout[2m | backend/src/tests/spaces.test.js[2m > [22m[2mSpaces API Tests
[22m[39m📦 Seeding Illustrative Examples Portfolio...
ℹ️  Illustrative Examples portfolio already exists, skipping seed

[90mstdout[2m | backend/src/tests/spaces.test.js[2m > [22m[2mSpaces API Tests
[22m[39m✅ Database ready at backend/data/progress-tracker.db

[90mstdout[2m | backend/src/tests/auth.test.js[2m > [22m[2mAuthentication API Tests
[22m[39m✅ Cleaned up user roles

[90mstdout[2m | backend/src/tests/auth.test.js[2m > [22m[2mAuthentication API Tests
[22m[39m✅ Created project_links table

[90mstdout[2m | backend/src/tests/auth.test.js[2m > [22m[2mAuthentication API Tests
[22m[39m✅ Created portfolios table

[90mstdout[2m | backend/src/tests/auth.test.js[2m > [22m[2mAuthentication API Tests
[22m[39m✅ Created feedback table

[90mstdout[2m | backend/src/tests/auth.test.js[2m > [22m[2mAuthentication API Tests
[22m[39m✅ Created page_views table

[90mstdout[2m | backend/src/tests/auth.test.js[2m > [22m[2mAuthentication API Tests
[22m[39m✅ Created recovery_plans table

[90mstdout[2m | backend/src/tests/auth.test.js[2m > [22m[2mAuthentication API Tests
[22m[39m✅ Cleaned up user roles

[90mstdout[2m | backend/src/tests/auth.test.js[2m > [22m[2mAuthentication API Tests
[22m[39m✅ Created spaces table

[90mstdout[2m | backend/src/tests/auth.test.js[2m > [22m[2mAuthentication API Tests
[22m[39m✅ Created index for space_id in portfolios

[90mstdout[2m | backend/src/tests/auth.test.js[2m > [22m[2mAuthentication API Tests
[22m[39m✅ Added tolerance columns to metrics table

[90mstdout[2m | backend/src/tests/auth.test.js[2m > [22m[2mAuthentication API Tests
[22m[39m✅ Created project_dependencies table

[90mstdout[2m | backend/src/tests/auth.test.js[2m > [22m[2mAuthentication API Tests
[22m[39m✅ Added metric_type column to metrics table

[90mstdout[2m | backend/src/tests/auth.test.js[2m > [22m[2mAuthentication API Tests
[22m[39m✅ Created indexes for project_dependencies

[90mstdout[2m | backend/src/tests/auth.test.js[2m > [22m[2mAuthentication API Tests
[22m[39m✅ Created milestones table

[90mstdout[2m | backend/src/tests/auth.test.js[2m > [22m[2mAuthentication API Tests
[22m[39m✅ Added display_order column to metrics table

[90mstdout[2m | backend/src/tests/auth.test.js[2m > [22m[2mAuthentication API Tests
[22m[39m✅ Created index for milestones

[90mstdout[2m | backend/src/tests/auth.test.js[2m > [22m[2mAuthentication API Tests
[22m[39m✅ Created performance indexes

[90mstdout[2m | backend/src/tests/auth.test.js[2m > [22m[2mAuthentication API Tests
[22m[39m✅ Added commentary column to metric_periods table

[90mstdout[2m | backend/src/tests/auth.test.js[2m > [22m[2mAuthentication API Tests
[22m[39m📦 Seeding Illustrative Examples Portfolio...
ℹ️  Illustrative Examples portfolio already exists, skipping seed

[90mstdout[2m | backend/src/tests/auth.test.js[2m > [22m[2mAuthentication API Tests
[22m[39m✅ Database ready at backend/data/progress-tracker.db

[90mstdout[2m | backend/src/tests/auth.test.js[2m > [22m[2mAuthentication API Tests
[22m[39m✅ Created project_links table

[90mstdout[2m | backend/src/tests/auth.test.js[2m > [22m[2mAuthentication API Tests
[22m[39m✅ Added date columns to projects table

[90mstdout[2m | backend/src/tests/auth.test.js[2m > [22m[2mAuthentication API Tests
[22m[39m✅ Created portfolios table

[90mstdout[2m | backend/src/tests/auth.test.js[2m > [22m[2mAuthentication API Tests
[22m[39m✅ Added portfolio_id column to projects table

[90mstdout[2m | backend/src/tests/auth.test.js[2m > [22m[2mAuthentication API Tests
[22m[39m✅ Added secondary_pm column to projects table

[90mstdout[2m | backend/src/tests/auth.test.js[2m > [22m[2mAuthentication API Tests
[22m[39m✅ Created feedback table

[90mstdout[2m | backend/src/tests/auth.test.js[2m > [22m[2mAuthentication API Tests
[22m[39m✅ Migrated feedback to text-only format

[90mstdout[2m | backend/src/tests/auth.test.js[2m > [22m[2mAuthentication API Tests
[22m[39m✅ Added project_id to feedback table

[90mstdout[2m | backend/src/tests/auth.test.js[2m > [22m[2mAuthentication API Tests
[22m[39m✅ Created page_views table

[90mstdout[2m | backend/src/tests/auth.test.js[2m > [22m[2mAuthentication API Tests
[22m[39m✅ Added load_time_ms column to page_views

[90mstdout[2m | backend/src/tests/auth.test.js[2m > [22m[2mAuthentication API Tests
[22m[39m✅ Created recovery_plans table

[90mstdout[2m | backend/src/tests/auth.test.js[2m > [22m[2mAuthentication API Tests
[22m[39m✅ Created spaces table

[90mstdout[2m | backend/src/tests/auth.test.js[2m > [22m[2mAuthentication API Tests
[22m[39m✅ Added space_id column to portfolios table

[90mstdout[2m | backend/src/tests/auth.test.js[2m > [22m[2mAuthentication API Tests
[22m[39m✅ Added default_space_id column to users table

[90mstdout[2m | backend/src/tests/auth.test.js[2m > [22m[2mAuthentication API Tests
[22m[39m✅ Created index for space_id in portfolios

[90mstdout[2m | backend/src/tests/auth.test.js[2m > [22m[2mAuthentication API Tests
[22m[39m✅ Created project_dependencies table

[90mstdout[2m | backend/src/tests/auth.test.js[2m > [22m[2mAuthentication API Tests
[22m[39m✅ Created indexes for project_dependencies

[90mstdout[2m | backend/src/tests/auth.test.js[2m > [22m[2mAuthentication API Tests
[22m[39m✅ Created milestones table

[90mstdout[2m | backend/src/tests/auth.test.js[2m > [22m[2mAuthentication API Tests
[22m[39m✅ Created index for milestones

[90mstdout[2m | backend/src/tests/auth.test.js[2m > [22m[2mAuthentication API Tests
[22m[39m✅ Created performance indexes

[90mstdout[2m | backend/src/tests/auth.test.js[2m > [22m[2mAuthentication API Tests
[22m[39m✅ Created default admin user: admin@example.com / admin123
📦 Seeding Illustrative Examples Portfolio...
ℹ️  Illustrative Examples portfolio already exists, skipping seed

[90mstdout[2m | backend/src/tests/auth.test.js[2m > [22m[2mAuthentication API Tests
[22m[39m✅ Database ready at backend/data/progress-tracker.db

 [32m✓[39m backend/src/tests/time-travel.test.js [2m([22m[2m14 tests[22m[2m)[22m[33m 660[2mms[22m[39m
[90mstderr[2m | backend/src/tests/spaces.test.js[2m > [22m[2mSpaces API Tests[2m > [22m[2mPOST /api/spaces[2m > [22m[2mshould reject space with duplicate name
[22m[39m[2025-12-06T16:57:46.941Z] [ERROR] [SPACE] Error creating space 
{
  "error": "SQLITE_CONSTRAINT: UNIQUE constraint failed: spaces.name",
  "stack": "Error: SQLITE_CONSTRAINT: UNIQUE constraint failed: spaces.name\n--> in Statement#run([ 'Duplicate Space', 'Second space', '#6366f1', 0 ], [Function: replacement])\n    at Database.<anonymous> (/Users/andrewspruce/Code/progress-tracker/backend/node_modules/sqlite3/lib/sqlite3.js:76:19)\n    at Database.<anonymous> (/Users/andrewspruce/Code/progress-tracker/backend/node_modules/sqlite3/lib/sqlite3.js:20:19)\n    at /Users/andrewspruce/Code/progress-tracker/backend/src/db.js:26:10\n    at new Promise (<anonymous>)\n    at dbRun (/Users/andrewspruce/Code/progress-tracker/backend/src/db.js:25:12)\n    at /Users/andrewspruce/Code/progress-tracker/backend/src/server.js:539:28\n    at Layer.handle [as handle_request] (/Users/andrewspruce/Code/progress-tracker/backend/node_modules/express/lib/router/layer.js:95:5)\n    at next (/Users/andrewspruce/Code/progress-tracker/backend/node_modules/express/lib/router/route.js:149:13)\n    at /Users/andrewspruce/Code/progress-tracker/backend/src/server.js:133:7\n    at /Users/andrewspruce/Code/progress-tracker/backend/node_modules/jsonwebtoken/verify.js:261:12\n    at getSecret (/Users/andrewspruce/Code/progress-tracker/backend/node_modules/jsonwebtoken/verify.js:97:14)\n    at Object.module.exports [as verify] (/Users/andrewspruce/Code/progress-tracker/backend/node_modules/jsonwebtoken/verify.js:101:10)\n    at authenticateToken (/Users/andrewspruce/Code/progress-tracker/backend/src/server.js:126:9)\n    at Layer.handle [as handle_request] (/Users/andrewspruce/Code/progress-tracker/backend/node_modules/express/lib/router/layer.js:95:5)",
  "requestBody": {
    "name": "Duplicate Space",
    "description": "Second space"
  }
}

[90mstderr[2m | backend/src/tests/spaces.test.js[2m > [22m[2mSpaces API Tests[2m > [22m[2mDELETE /api/spaces/:id[2m > [22m[2mshould reject deletion without authentication
[22m[39m[2025-12-06T16:57:46.977Z] [ERROR] [SPACE] Error creating space 
{
  "error": "SQLITE_CONSTRAINT: UNIQUE constraint failed: spaces.name",
  "stack": "Error: SQLITE_CONSTRAINT: UNIQUE constraint failed: spaces.name\n--> in Statement#run([ 'Space to Delete', 'Will be deleted', '#6366f1', 0 ], [Function: replacement])\n    at Database.<anonymous> (/Users/andrewspruce/Code/progress-tracker/backend/node_modules/sqlite3/lib/sqlite3.js:76:19)\n    at Database.<anonymous> (/Users/andrewspruce/Code/progress-tracker/backend/node_modules/sqlite3/lib/sqlite3.js:20:19)\n    at /Users/andrewspruce/Code/progress-tracker/backend/src/db.js:26:10\n    at new Promise (<anonymous>)\n    at dbRun (/Users/andrewspruce/Code/progress-tracker/backend/src/db.js:25:12)\n    at /Users/andrewspruce/Code/progress-tracker/backend/src/server.js:539:28\n    at Layer.handle [as handle_request] (/Users/andrewspruce/Code/progress-tracker/backend/node_modules/express/lib/router/layer.js:95:5)\n    at next (/Users/andrewspruce/Code/progress-tracker/backend/node_modules/express/lib/router/route.js:149:13)\n    at /Users/andrewspruce/Code/progress-tracker/backend/src/server.js:133:7\n    at /Users/andrewspruce/Code/progress-tracker/backend/node_modules/jsonwebtoken/verify.js:261:12\n    at getSecret (/Users/andrewspruce/Code/progress-tracker/backend/node_modules/jsonwebtoken/verify.js:97:14)\n    at Object.module.exports [as verify] (/Users/andrewspruce/Code/progress-tracker/backend/node_modules/jsonwebtoken/verify.js:101:10)\n    at authenticateToken (/Users/andrewspruce/Code/progress-tracker/backend/src/server.js:126:9)\n    at Layer.handle [as handle_request] (/Users/andrewspruce/Code/progress-tracker/backend/node_modules/express/lib/router/layer.js:95:5)",
  "requestBody": {
    "name": "Space to Delete",
    "description": "Will be deleted"
  }
}

[90mstderr[2m | backend/src/tests/spaces.test.js[2m > [22m[2mSpaces API Tests[2m > [22m[2mDELETE /api/spaces/:id[2m > [22m[2mshould handle deletion of non-existent space
[22m[39m[2025-12-06T16:57:46.983Z] [ERROR] [SPACE] Error creating space 
{
  "error": "SQLITE_CONSTRAINT: UNIQUE constraint failed: spaces.name",
  "stack": "Error: SQLITE_CONSTRAINT: UNIQUE constraint failed: spaces.name\n--> in Statement#run([ 'Space to Delete', 'Will be deleted', '#6366f1', 0 ], [Function: replacement])\n    at Database.<anonymous> (/Users/andrewspruce/Code/progress-tracker/backend/node_modules/sqlite3/lib/sqlite3.js:76:19)\n    at Database.<anonymous> (/Users/andrewspruce/Code/progress-tracker/backend/node_modules/sqlite3/lib/sqlite3.js:20:19)\n    at /Users/andrewspruce/Code/progress-tracker/backend/src/db.js:26:10\n    at new Promise (<anonymous>)\n    at dbRun (/Users/andrewspruce/Code/progress-tracker/backend/src/db.js:25:12)\n    at /Users/andrewspruce/Code/progress-tracker/backend/src/server.js:539:28\n    at Layer.handle [as handle_request] (/Users/andrewspruce/Code/progress-tracker/backend/node_modules/express/lib/router/layer.js:95:5)\n    at next (/Users/andrewspruce/Code/progress-tracker/backend/node_modules/express/lib/router/route.js:149:13)\n    at /Users/andrewspruce/Code/progress-tracker/backend/src/server.js:133:7\n    at /Users/andrewspruce/Code/progress-tracker/backend/node_modules/jsonwebtoken/verify.js:261:12\n    at getSecret (/Users/andrewspruce/Code/progress-tracker/backend/node_modules/jsonwebtoken/verify.js:97:14)\n    at Object.module.exports [as verify] (/Users/andrewspruce/Code/progress-tracker/backend/node_modules/jsonwebtoken/verify.js:101:10)\n    at authenticateToken (/Users/andrewspruce/Code/progress-tracker/backend/src/server.js:126:9)\n    at Layer.handle [as handle_request] (/Users/andrewspruce/Code/progress-tracker/backend/node_modules/express/lib/router/layer.js:95:5)",
  "requestBody": {
    "name": "Space to Delete",
    "description": "Will be deleted"
  }
}

 [31m❯[39m backend/src/tests/spaces.test.js [2m([22m[2m19 tests[22m[2m | [22m[31m4 failed[39m[2m)[22m[33m 494[2mms[22m[39m
       [32m✓[39m should return list of spaces[32m 3[2mms[22m[39m
       [32m✓[39m should return spaces with correct structure[32m 9[2mms[22m[39m
       [32m✓[39m should create a new space with admin token[32m 3[2mms[22m[39m
       [32m✓[39m should reject space creation with PM token[32m 2[2mms[22m[39m
       [32m✓[39m should reject space creation without authentication[32m 2[2mms[22m[39m
[31m       [31m×[31m should reject space with duplicate name[39m[32m 7[2mms[22m[39m
       [32m✓[39m should require space name[32m 3[2mms[22m[39m
       [32m✓[39m should update space with admin token[32m 5[2mms[22m[39m
       [32m✓[39m should reject update with PM token[32m 2[2mms[22m[39m
       [32m✓[39m should reject update without authentication[32m 1[2mms[22m[39m
       [32m✓[39m should handle non-existent space[32m 3[2mms[22m[39m
       [32m✓[39m should delete space with admin token[32m 8[2mms[22m[39m
       [32m✓[39m should reject deletion with PM token[32m 9[2mms[22m[39m
       [32m✓[39m should reject deletion without authentication[32m 8[2mms[22m[39m
       [32m✓[39m should handle deletion of non-existent space[32m 6[2mms[22m[39m
[31m       [31m×[31m should update user default space[39m[32m 7[2mms[22m[39m
       [32m✓[39m should reject update without authentication[32m 2[2mms[22m[39m
[31m       [31m×[31m should handle non-existent space[39m[32m 2[2mms[22m[39m
[31m       [31m×[31m should require spaceId in request[39m[32m 3[2mms[22m[39m
[90mstdout[2m | backend/src/tests/project-links.test.js[2m > [22m[2mProject Links API Tests
[22m[39m✅ Cleaned up user roles

[90mstdout[2m | backend/src/tests/project-links.test.js[2m > [22m[2mProject Links API Tests
[22m[39m✅ Cleaned up user roles

[90mstdout[2m | backend/src/tests/project-links.test.js[2m > [22m[2mProject Links API Tests
[22m[39m✅ Created project_links table

[90mstdout[2m | backend/src/tests/project-links.test.js[2m > [22m[2mProject Links API Tests
[22m[39m✅ Created portfolios table

[90mstdout[2m | backend/src/tests/project-links.test.js[2m > [22m[2mProject Links API Tests
[22m[39m✅ Added tolerance columns to metrics table

[90mstdout[2m | backend/src/tests/project-links.test.js[2m > [22m[2mProject Links API Tests
[22m[39m✅ Added metric_type column to metrics table

[90mstdout[2m | backend/src/tests/project-links.test.js[2m > [22m[2mProject Links API Tests
[22m[39m✅ Created feedback table

[90mstdout[2m | backend/src/tests/project-links.test.js[2m > [22m[2mProject Links API Tests
[22m[39m✅ Added display_order column to metrics table

[90mstdout[2m | backend/src/tests/project-links.test.js[2m > [22m[2mProject Links API Tests
[22m[39m✅ Added commentary column to metric_periods table

[90mstdout[2m | backend/src/tests/project-links.test.js[2m > [22m[2mProject Links API Tests
[22m[39m✅ Created project_links table

[90mstdout[2m | backend/src/tests/project-links.test.js[2m > [22m[2mProject Links API Tests
[22m[39m✅ Created page_views table

[90mstdout[2m | backend/src/tests/project-links.test.js[2m > [22m[2mProject Links API Tests
[22m[39m✅ Added date columns to projects table

[90mstdout[2m | backend/src/tests/project-links.test.js[2m > [22m[2mProject Links API Tests
[22m[39m✅ Created portfolios table

[90mstdout[2m | backend/src/tests/project-links.test.js[2m > [22m[2mProject Links API Tests
[22m[39m✅ Created recovery_plans table

[90mstdout[2m | backend/src/tests/project-links.test.js[2m > [22m[2mProject Links API Tests
[22m[39m✅ Created spaces table

[90mstdout[2m | backend/src/tests/project-links.test.js[2m > [22m[2mProject Links API Tests
[22m[39m✅ Added portfolio_id column to projects table

[90mstdout[2m | backend/src/tests/project-links.test.js[2m > [22m[2mProject Links API Tests
[22m[39m✅ Created index for space_id in portfolios

[90mstdout[2m | backend/src/tests/project-links.test.js[2m > [22m[2mProject Links API Tests
[22m[39m✅ Added secondary_pm column to projects table

[90mstdout[2m | backend/src/tests/project-links.test.js[2m > [22m[2mProject Links API Tests
[22m[39m✅ Created project_dependencies table

[90mstdout[2m | backend/src/tests/project-links.test.js[2m > [22m[2mProject Links API Tests
[22m[39m✅ Created indexes for project_dependencies

[90mstdout[2m | backend/src/tests/project-links.test.js[2m > [22m[2mProject Links API Tests
[22m[39m✅ Created milestones table

[90mstdout[2m | backend/src/tests/project-links.test.js[2m > [22m[2mProject Links API Tests
[22m[39m✅ Created index for milestones

[90mstdout[2m | backend/src/tests/project-links.test.js[2m > [22m[2mProject Links API Tests
[22m[39m✅ Created feedback table

[90mstdout[2m | backend/src/tests/project-links.test.js[2m > [22m[2mProject Links API Tests
[22m[39m✅ Created performance indexes

[90mstdout[2m | backend/src/tests/project.test.js[2m > [22m[2mProject Description API Tests
[22m[39m✅ Cleaned up user roles

[90mstdout[2m | backend/src/tests/project.test.js[2m > [22m[2mProject Description API Tests
[22m[39m✅ Cleaned up user roles

[90mstdout[2m | backend/src/tests/project.test.js[2m > [22m[2mProject Description API Tests
[22m[39m✅ Created project_links table

[90mstdout[2m | backend/src/tests/project.test.js[2m > [22m[2mProject Description API Tests
[22m[39m✅ Created portfolios table

[90mstdout[2m | backend/src/tests/project.test.js[2m > [22m[2mProject Description API Tests
[22m[39m✅ Added tolerance columns to metrics table

[90mstdout[2m | backend/src/tests/project.test.js[2m > [22m[2mProject Description API Tests
[22m[39m✅ Added metric_type column to metrics table

[90mstdout[2m | backend/src/tests/project.test.js[2m > [22m[2mProject Description API Tests
[22m[39m✅ Created feedback table

[90mstdout[2m | backend/src/tests/project.test.js[2m > [22m[2mProject Description API Tests
[22m[39m✅ Added display_order column to metrics table

[90mstdout[2m | backend/src/tests/project-links.test.js[2m > [22m[2mProject Links API Tests
[22m[39m📦 Seeding Illustrative Examples Portfolio...
ℹ️  Illustrative Examples portfolio already exists, skipping seed

[90mstdout[2m | backend/src/tests/project-links.test.js[2m > [22m[2mProject Links API Tests
[22m[39m✅ Database ready at backend/data/progress-tracker.db

[90mstdout[2m | backend/src/tests/project.test.js[2m > [22m[2mProject Description API Tests
[22m[39m✅ Added commentary column to metric_periods table

[90mstdout[2m | backend/src/tests/project.test.js[2m > [22m[2mProject Description API Tests
[22m[39m✅ Created page_views table

[90mstdout[2m | backend/src/tests/project.test.js[2m > [22m[2mProject Description API Tests
[22m[39m✅ Created project_links table

[90mstdout[2m | backend/src/tests/project.test.js[2m > [22m[2mProject Description API Tests
[22m[39m✅ Created recovery_plans table

[90mstdout[2m | backend/src/tests/project.test.js[2m > [22m[2mProject Description API Tests
[22m[39m✅ Created spaces table

[90mstdout[2m | backend/src/tests/project.test.js[2m > [22m[2mProject Description API Tests
[22m[39m✅ Created index for space_id in portfolios

[90mstdout[2m | backend/src/tests/project.test.js[2m > [22m[2mProject Description API Tests
[22m[39m✅ Added date columns to projects table

[90mstdout[2m | backend/src/tests/project-links.test.js[2m > [22m[2mProject Links API Tests
[22m[39m✅ Migrated feedback to text-only format

[90mstdout[2m | backend/src/tests/project.test.js[2m > [22m[2mProject Description API Tests
[22m[39m✅ Created portfolios table

[90mstdout[2m | backend/src/tests/project.test.js[2m > [22m[2mProject Description API Tests
[22m[39m✅ Created project_dependencies table

[90mstdout[2m | backend/src/tests/project.test.js[2m > [22m[2mProject Description API Tests
[22m[39m✅ Created indexes for project_dependencies

[90mstdout[2m | backend/src/tests/project.test.js[2m > [22m[2mProject Description API Tests
[22m[39m✅ Added portfolio_id column to projects table

[90mstdout[2m | backend/src/tests/project.test.js[2m > [22m[2mProject Description API Tests
[22m[39m✅ Created milestones table

[90mstdout[2m | backend/src/tests/project-links.test.js[2m > [22m[2mProject Links API Tests
[22m[39m✅ Added project_id to feedback table

[90mstdout[2m | backend/src/tests/project.test.js[2m > [22m[2mProject Description API Tests
[22m[39m✅ Created index for milestones

[90mstdout[2m | backend/src/tests/project.test.js[2m > [22m[2mProject Description API Tests
[22m[39m✅ Added secondary_pm column to projects table

[90mstdout[2m | backend/src/tests/project.test.js[2m > [22m[2mProject Description API Tests
[22m[39m✅ Created performance indexes

[90mstdout[2m | backend/src/tests/project-links.test.js[2m > [22m[2mProject Links API Tests
[22m[39m✅ Created page_views table

[90mstdout[2m | backend/src/tests/project-links.test.js[2m > [22m[2mProject Links API Tests
[22m[39m✅ Added load_time_ms column to page_views

[90mstdout[2m | backend/src/tests/project.test.js[2m > [22m[2mProject Description API Tests
[22m[39m📦 Seeding Illustrative Examples Portfolio...
ℹ️  Illustrative Examples portfolio already exists, skipping seed

[90mstdout[2m | backend/src/tests/project.test.js[2m > [22m[2mProject Description API Tests
[22m[39m✅ Database ready at backend/data/progress-tracker.db

[90mstdout[2m | backend/src/tests/project-links.test.js[2m > [22m[2mProject Links API Tests
[22m[39m✅ Created recovery_plans table

[90mstdout[2m | backend/src/tests/project.test.js[2m > [22m[2mProject Description API Tests
[22m[39m✅ Created feedback table

[90mstdout[2m | backend/src/tests/project-links.test.js[2m > [22m[2mProject Links API Tests
[22m[39m✅ Created spaces table

[90mstdout[2m | backend/src/tests/project-links.test.js[2m > [22m[2mProject Links API Tests
[22m[39m✅ Added space_id column to portfolios table

[90mstdout[2m | backend/src/tests/project-links.test.js[2m > [22m[2mProject Links API Tests
[22m[39m✅ Added default_space_id column to users table

[90mstdout[2m | backend/src/tests/project-links.test.js[2m > [22m[2mProject Links API Tests
[22m[39m✅ Created index for space_id in portfolios

[90mstdout[2m | backend/src/tests/project.test.js[2m > [22m[2mProject Description API Tests
[22m[39m✅ Migrated feedback to text-only format

[90mstdout[2m | backend/src/tests/project-links.test.js[2m > [22m[2mProject Links API Tests
[22m[39m✅ Created project_dependencies table

[90mstdout[2m | backend/src/tests/project-links.test.js[2m > [22m[2mProject Links API Tests
[22m[39m✅ Created indexes for project_dependencies

[90mstdout[2m | backend/src/tests/project.test.js[2m > [22m[2mProject Description API Tests
[22m[39m✅ Added project_id to feedback table

[90mstdout[2m | backend/src/tests/project-links.test.js[2m > [22m[2mProject Links API Tests
[22m[39m✅ Created milestones table

[90mstdout[2m | backend/src/tests/project-links.test.js[2m > [22m[2mProject Links API Tests
[22m[39m✅ Created index for milestones

[90mstdout[2m | backend/src/tests/project-links.test.js[2m > [22m[2mProject Links API Tests
[22m[39m✅ Created performance indexes

[90mstdout[2m | backend/src/tests/project.test.js[2m > [22m[2mProject Description API Tests
[22m[39m✅ Created page_views table

[90mstdout[2m | backend/src/tests/project-links.test.js[2m > [22m[2mProject Links API Tests
[22m[39m📦 Seeding Illustrative Examples Portfolio...
ℹ️  Illustrative Examples portfolio already exists, skipping seed

[90mstdout[2m | backend/src/tests/project-links.test.js[2m > [22m[2mProject Links API Tests
[22m[39m✅ Database ready at backend/data/progress-tracker.db

[90mstdout[2m | backend/src/tests/project.test.js[2m > [22m[2mProject Description API Tests
[22m[39m✅ Added load_time_ms column to page_views

[90mstdout[2m | backend/src/tests/project.test.js[2m > [22m[2mProject Description API Tests
[22m[39m✅ Created recovery_plans table

[90mstdout[2m | backend/src/tests/project.test.js[2m > [22m[2mProject Description API Tests
[22m[39m✅ Created spaces table

[90mstdout[2m | backend/src/tests/project.test.js[2m > [22m[2mProject Description API Tests
[22m[39m✅ Added space_id column to portfolios table

[90mstdout[2m | backend/src/tests/project.test.js[2m > [22m[2mProject Description API Tests
[22m[39m✅ Added default_space_id column to users table

[90mstdout[2m | backend/src/tests/project.test.js[2m > [22m[2mProject Description API Tests
[22m[39m✅ Created index for space_id in portfolios

[90mstdout[2m | backend/src/tests/project.test.js[2m > [22m[2mProject Description API Tests
[22m[39m✅ Created project_dependencies table

[90mstdout[2m | backend/src/tests/project.test.js[2m > [22m[2mProject Description API Tests
[22m[39m✅ Created indexes for project_dependencies

[90mstdout[2m | backend/src/tests/project.test.js[2m > [22m[2mProject Description API Tests
[22m[39m✅ Created milestones table

[90mstdout[2m | backend/src/tests/project.test.js[2m > [22m[2mProject Description API Tests
[22m[39m✅ Created index for milestones

[90mstdout[2m | backend/src/tests/project.test.js[2m > [22m[2mProject Description API Tests
[22m[39m✅ Created performance indexes

[90mstdout[2m | backend/src/tests/project.test.js[2m > [22m[2mProject Description API Tests[2m > [22m[2mPOST /api/projects - Create project with description[2m > [22m[2mshould create project with description
[22m[39m✅ Created default admin user: admin@example.com / admin123
📦 Seeding Illustrative Examples Portfolio...
ℹ️  Illustrative Examples portfolio already exists, skipping seed

[90mstdout[2m | backend/src/tests/project.test.js[2m > [22m[2mProject Description API Tests[2m > [22m[2mPOST /api/projects - Create project with description[2m > [22m[2mshould create project with description
[22m[39m✅ Database ready at backend/data/progress-tracker.db

[90mstdout[2m | backend/src/tests/audit.test.js[2m > [22m[2mAudit Log API Tests
[22m[39m✅ Cleaned up user roles

[90mstdout[2m | backend/src/tests/audit.test.js[2m > [22m[2mAudit Log API Tests
[22m[39m✅ Cleaned up user roles

[90mstdout[2m | backend/src/tests/audit.test.js[2m > [22m[2mAudit Log API Tests
[22m[39m✅ Created project_links table

[90mstdout[2m | backend/src/tests/project.test.js[2m > [22m[2mProject Description API Tests[2m > [22m[2mPOST /api/projects - Create project with description[2m > [22m[2mshould create project with description
[22m[39mGranted permission to initiative manager "Test User" (user 1) for project 1

[90mstdout[2m | backend/src/tests/audit.test.js[2m > [22m[2mAudit Log API Tests
[22m[39m✅ Created portfolios table

[90mstdout[2m | backend/src/tests/audit.test.js[2m > [22m[2mAudit Log API Tests
[22m[39m✅ Added tolerance columns to metrics table

[90mstdout[2m | backend/src/tests/audit.test.js[2m > [22m[2mAudit Log API Tests
[22m[39m✅ Added metric_type column to metrics table

[90mstdout[2m | backend/src/tests/audit.test.js[2m > [22m[2mAudit Log API Tests
[22m[39m✅ Created feedback table

[90mstdout[2m | backend/src/tests/audit.test.js[2m > [22m[2mAudit Log API Tests
[22m[39m✅ Added display_order column to metrics table

[90mstdout[2m | backend/src/tests/audit.test.js[2m > [22m[2mAudit Log API Tests
[22m[39m✅ Added commentary column to metric_periods table

[90mstdout[2m | backend/src/tests/audit.test.js[2m > [22m[2mAudit Log API Tests
[22m[39m✅ Created page_views table

[90mstdout[2m | backend/src/tests/audit.test.js[2m > [22m[2mAudit Log API Tests
[22m[39m✅ Created project_links table

[90mstdout[2m | backend/src/tests/audit.test.js[2m > [22m[2mAudit Log API Tests
[22m[39m✅ Created recovery_plans table

[90mstdout[2m | backend/src/tests/audit.test.js[2m > [22m[2mAudit Log API Tests
[22m[39m✅ Created spaces table

[90mstdout[2m | backend/src/tests/project.test.js[2m > [22m[2mProject Description API Tests[2m > [22m[2mPOST /api/projects - Create project with description[2m > [22m[2mshould create project without description (optional field)
[22m[39mGranted permission to initiative manager "Test User" (user 1) for project 2

[90mstdout[2m | backend/src/tests/audit.test.js[2m > [22m[2mAudit Log API Tests
[22m[39m✅ Created index for space_id in portfolios

[90mstdout[2m | backend/src/tests/audit.test.js[2m > [22m[2mAudit Log API Tests
[22m[39m✅ Added date columns to projects table

[90mstdout[2m | backend/src/tests/audit.test.js[2m > [22m[2mAudit Log API Tests
[22m[39m✅ Created project_dependencies table

[90mstdout[2m | backend/src/tests/audit.test.js[2m > [22m[2mAudit Log API Tests
[22m[39m✅ Created indexes for project_dependencies

[90mstdout[2m | backend/src/tests/audit.test.js[2m > [22m[2mAudit Log API Tests
[22m[39m✅ Created portfolios table

[90mstdout[2m | backend/src/tests/audit.test.js[2m > [22m[2mAudit Log API Tests
[22m[39m✅ Created milestones table

[90mstdout[2m | backend/src/tests/audit.test.js[2m > [22m[2mAudit Log API Tests
[22m[39m✅ Created index for milestones

[90mstdout[2m | backend/src/tests/audit.test.js[2m > [22m[2mAudit Log API Tests
[22m[39m✅ Added portfolio_id column to projects table

[90mstdout[2m | backend/src/tests/audit.test.js[2m > [22m[2mAudit Log API Tests
[22m[39m✅ Created performance indexes

[90mstdout[2m | backend/src/tests/audit.test.js[2m > [22m[2mAudit Log API Tests
[22m[39m✅ Added secondary_pm column to projects table

[90mstdout[2m | backend/src/tests/audit.test.js[2m > [22m[2mAudit Log API Tests
[22m[39m📦 Seeding Illustrative Examples Portfolio...
ℹ️  Illustrative Examples portfolio already exists, skipping seed

[90mstdout[2m | backend/src/tests/audit.test.js[2m > [22m[2mAudit Log API Tests
[22m[39m✅ Database ready at backend/data/progress-tracker.db

[90mstdout[2m | backend/src/tests/audit.test.js[2m > [22m[2mAudit Log API Tests
[22m[39m✅ Created feedback table

[90mstdout[2m | backend/src/tests/audit.test.js[2m > [22m[2mAudit Log API Tests
[22m[39m✅ Migrated feedback to text-only format

[90mstdout[2m | backend/src/tests/audit.test.js[2m > [22m[2mAudit Log API Tests
[22m[39m✅ Added project_id to feedback table

[90mstdout[2m | backend/src/tests/audit.test.js[2m > [22m[2mAudit Log API Tests
[22m[39m✅ Created page_views table

[90mstdout[2m | backend/src/tests/audit.test.js[2m > [22m[2mAudit Log API Tests
[22m[39m✅ Added load_time_ms column to page_views

[90mstdout[2m | backend/src/tests/audit.test.js[2m > [22m[2mAudit Log API Tests
[22m[39m✅ Created recovery_plans table

[90mstdout[2m | backend/src/tests/audit.test.js[2m > [22m[2mAudit Log API Tests
[22m[39m✅ Created spaces table

[90mstdout[2m | backend/src/tests/audit.test.js[2m > [22m[2mAudit Log API Tests
[22m[39m✅ Added space_id column to portfolios table

[90mstdout[2m | backend/src/tests/audit.test.js[2m > [22m[2mAudit Log API Tests
[22m[39m✅ Added default_space_id column to users table

[90mstdout[2m | backend/src/tests/audit.test.js[2m > [22m[2mAudit Log API Tests
[22m[39m✅ Created index for space_id in portfolios

[90mstdout[2m | backend/src/tests/audit.test.js[2m > [22m[2mAudit Log API Tests
[22m[39m✅ Created project_dependencies table

[90mstdout[2m | backend/src/tests/audit.test.js[2m > [22m[2mAudit Log API Tests
[22m[39m✅ Created indexes for project_dependencies

[90mstdout[2m | backend/src/tests/audit.test.js[2m > [22m[2mAudit Log API Tests
[22m[39m✅ Created milestones table

[90mstdout[2m | backend/src/tests/audit.test.js[2m > [22m[2mAudit Log API Tests
[22m[39m✅ Created index for milestones

[90mstdout[2m | backend/src/tests/audit.test.js[2m > [22m[2mAudit Log API Tests
[22m[39m✅ Created performance indexes

[90mstdout[2m | backend/src/tests/audit.test.js[2m > [22m[2mAudit Log API Tests
[22m[39m📦 Seeding Illustrative Examples Portfolio...
ℹ️  Illustrative Examples portfolio already exists, skipping seed

[90mstdout[2m | backend/src/tests/audit.test.js[2m > [22m[2mAudit Log API Tests
[22m[39m✅ Database ready at backend/data/progress-tracker.db

 [32m✓[39m backend/src/tests/project.test.js [2m([22m[2m11 tests[22m[2m)[22m[33m 346[2mms[22m[39m
 [31m❯[39m backend/src/tests/project-links.test.js [2m([22m[2m14 tests[22m[2m | [22m[31m5 failed[39m[2m)[22m[33m 389[2mms[22m[39m
       [32m✓[39m should retrieve all links for a project[32m 3[2mms[22m[39m
       [32m✓[39m should return empty array for project with no links[32m 1[2mms[22m[39m
[31m       [31m×[31m should create a project link[39m[32m 5[2mms[22m[39m
[31m       [31m×[31m should create multiple links with different labels[39m[32m 2[2mms[22m[39m
       [32m✓[39m should reject link without label[32m 3[2mms[22m[39m
       [32m✓[39m should reject link without URL[32m 2[2mms[22m[39m
       [32m✓[39m should reject link creation without authentication[32m 2[2mms[22m[39m
[31m       [31m×[31m should update project link[39m[32m 4[2mms[22m[39m
       [32m✓[39m should reject update of non-existent link[32m 2[2mms[22m[39m
       [32m✓[39m should reject update without authentication[32m 3[2mms[22m[39m
[31m       [31m×[31m should delete project link[39m[32m 3[2mms[22m[39m
       [32m✓[39m should reject deletion without authentication[32m 1[2mms[22m[39m
       [32m✓[39m should handle deleting non-existent link[32m 2[2mms[22m[39m
[31m       [31m×[31m should maintain display_order for multiple links[39m[32m 9[2mms[22m[39m
 [31m❯[39m backend/src/tests/audit.test.js [2m([22m[2m12 tests[22m[2m | [22m[31m2 failed[39m[2m)[22m[33m 429[2mms[22m[39m
       [32m✓[39m should retrieve audit log as admin[32m 4[2mms[22m[39m
       [32m✓[39m should reject audit log request from non-admin[32m 2[2mms[22m[39m
       [32m✓[39m should reject audit log request without authentication[32m 1[2mms[22m[39m
[31m       [31m×[31m should include CREATE, UPDATE, and DELETE actions[39m[32m 5[2mms[22m[39m
       [32m✓[39m should filter audit log by table_name[32m 3[2mms[22m[39m
       [32m✓[39m should filter audit log by action[32m 3[2mms[22m[39m
       [32m✓[39m should include old and new values in audit entries[32m 2[2mms[22m[39m
       [32m✓[39m should include user information in audit entries[32m 2[2mms[22m[39m
       [32m✓[39m should order audit log by timestamp descending[32m 2[2mms[22m[39m
       [32m✓[39m should log user registration[32m 40[2mms[22m[39m
[31m       [31m×[31m should log project creation[39m[32m 5[2mms[22m[39m
       [32m✓[39m should include description in audit entries[32m 2[2mms[22m[39m
[90mstdout[2m | backend/src/tests/user-activity.test.js[2m > [22m[2mUser Activity Report API Tests
[22m[39m✅ Cleaned up user roles

[90mstdout[2m | backend/src/tests/user-activity.test.js[2m > [22m[2mUser Activity Report API Tests
[22m[39m✅ Cleaned up user roles

[90mstdout[2m | backend/src/tests/user-activity.test.js[2m > [22m[2mUser Activity Report API Tests
[22m[39m✅ Created project_links table

[90mstdout[2m | backend/src/tests/user-activity.test.js[2m > [22m[2mUser Activity Report API Tests
[22m[39m✅ Created portfolios table

[90mstdout[2m | backend/src/tests/user-activity.test.js[2m > [22m[2mUser Activity Report API Tests
[22m[39m✅ Added tolerance columns to metrics table

[90mstdout[2m | backend/src/tests/user-activity.test.js[2m > [22m[2mUser Activity Report API Tests
[22m[39m✅ Added metric_type column to metrics table

[90mstdout[2m | backend/src/tests/user-activity.test.js[2m > [22m[2mUser Activity Report API Tests
[22m[39m✅ Created feedback table

[90mstdout[2m | backend/src/tests/user-activity.test.js[2m > [22m[2mUser Activity Report API Tests
[22m[39m✅ Added display_order column to metrics table

[90mstdout[2m | backend/src/tests/user-activity.test.js[2m > [22m[2mUser Activity Report API Tests
[22m[39m✅ Created page_views table

[90mstdout[2m | backend/src/tests/user-activity.test.js[2m > [22m[2mUser Activity Report API Tests
[22m[39m✅ Added commentary column to metric_periods table

[90mstdout[2m | backend/src/tests/user-activity.test.js[2m > [22m[2mUser Activity Report API Tests
[22m[39m✅ Created project_links table

[90mstdout[2m | backend/src/tests/user-activity.test.js[2m > [22m[2mUser Activity Report API Tests
[22m[39m✅ Created recovery_plans table

[90mstdout[2m | backend/src/tests/user-activity.test.js[2m > [22m[2mUser Activity Report API Tests
[22m[39m✅ Created spaces table

[90mstdout[2m | backend/src/tests/user-activity.test.js[2m > [22m[2mUser Activity Report API Tests
[22m[39m✅ Added date columns to projects table

[90mstdout[2m | backend/src/tests/user-activity.test.js[2m > [22m[2mUser Activity Report API Tests
[22m[39m✅ Created index for space_id in portfolios

[90mstdout[2m | backend/src/tests/user-activity.test.js[2m > [22m[2mUser Activity Report API Tests
[22m[39m✅ Created portfolios table

[90mstdout[2m | backend/src/tests/user-activity.test.js[2m > [22m[2mUser Activity Report API Tests
[22m[39m✅ Added portfolio_id column to projects table

[90mstdout[2m | backend/src/tests/user-activity.test.js[2m > [22m[2mUser Activity Report API Tests
[22m[39m✅ Created project_dependencies table

[90mstdout[2m | backend/src/tests/user-activity.test.js[2m > [22m[2mUser Activity Report API Tests
[22m[39m✅ Added secondary_pm column to projects table

[90mstdout[2m | backend/src/tests/user-activity.test.js[2m > [22m[2mUser Activity Report API Tests
[22m[39m✅ Created indexes for project_dependencies

[90mstdout[2m | backend/src/tests/user-activity.test.js[2m > [22m[2mUser Activity Report API Tests
[22m[39m✅ Created milestones table

[90mstdout[2m | backend/src/tests/user-activity.test.js[2m > [22m[2mUser Activity Report API Tests
[22m[39m✅ Created index for milestones

[90mstdout[2m | backend/src/tests/user-activity.test.js[2m > [22m[2mUser Activity Report API Tests
[22m[39m✅ Created performance indexes

[90mstdout[2m | backend/src/tests/user-activity.test.js[2m > [22m[2mUser Activity Report API Tests
[22m[39m✅ Created feedback table

[90mstdout[2m | backend/src/tests/user-activity.test.js[2m > [22m[2mUser Activity Report API Tests
[22m[39m📦 Seeding Illustrative Examples Portfolio...
ℹ️  Illustrative Examples portfolio already exists, skipping seed

[90mstdout[2m | backend/src/tests/user-activity.test.js[2m > [22m[2mUser Activity Report API Tests
[22m[39m✅ Database ready at backend/data/progress-tracker.db

[90mstdout[2m | backend/src/tests/user-activity.test.js[2m > [22m[2mUser Activity Report API Tests
[22m[39m✅ Migrated feedback to text-only format

[90mstdout[2m | backend/src/tests/user-activity.test.js[2m > [22m[2mUser Activity Report API Tests
[22m[39m✅ Added project_id to feedback table

[90mstdout[2m | backend/src/tests/user-activity.test.js[2m > [22m[2mUser Activity Report API Tests
[22m[39m✅ Created page_views table

[90mstdout[2m | backend/src/tests/user-activity.test.js[2m > [22m[2mUser Activity Report API Tests
[22m[39m✅ Added load_time_ms column to page_views

[90mstdout[2m | backend/src/tests/user-activity.test.js[2m > [22m[2mUser Activity Report API Tests
[22m[39m✅ Created recovery_plans table

[90mstdout[2m | backend/src/tests/user-activity.test.js[2m > [22m[2mUser Activity Report API Tests
[22m[39m✅ Created spaces table

[90mstdout[2m | backend/src/tests/user-activity.test.js[2m > [22m[2mUser Activity Report API Tests
[22m[39m✅ Added space_id column to portfolios table

[90mstdout[2m | backend/src/tests/user-activity.test.js[2m > [22m[2mUser Activity Report API Tests
[22m[39m✅ Added default_space_id column to users table

[90mstdout[2m | backend/src/tests/user-activity.test.js[2m > [22m[2mUser Activity Report API Tests
[22m[39m✅ Created index for space_id in portfolios

[90mstdout[2m | backend/src/tests/user-activity.test.js[2m > [22m[2mUser Activity Report API Tests
[22m[39m✅ Created project_dependencies table

[90mstdout[2m | backend/src/tests/user-activity.test.js[2m > [22m[2mUser Activity Report API Tests
[22m[39m✅ Created indexes for project_dependencies

[90mstdout[2m | backend/src/tests/user-activity.test.js[2m > [22m[2mUser Activity Report API Tests
[22m[39m✅ Created milestones table

[90mstdout[2m | backend/src/tests/user-activity.test.js[2m > [22m[2mUser Activity Report API Tests
[22m[39m✅ Created index for milestones

[90mstdout[2m | backend/src/tests/user-activity.test.js[2m > [22m[2mUser Activity Report API Tests
[22m[39m✅ Created performance indexes

[90mstdout[2m | backend/src/tests/craids.test.js[2m > [22m[2mCRAIDs API Tests
[22m[39m✅ Cleaned up user roles

[90mstdout[2m | backend/src/tests/craids.test.js[2m > [22m[2mCRAIDs API Tests
[22m[39m✅ Cleaned up user roles

[90mstdout[2m | backend/src/tests/craids.test.js[2m > [22m[2mCRAIDs API Tests
[22m[39m✅ Created project_links table

[90mstdout[2m | backend/src/tests/craids.test.js[2m > [22m[2mCRAIDs API Tests
[22m[39m✅ Created portfolios table

[90mstdout[2m | backend/src/tests/craids.test.js[2m > [22m[2mCRAIDs API Tests
[22m[39m✅ Added tolerance columns to metrics table

[90mstdout[2m | backend/src/tests/craids.test.js[2m > [22m[2mCRAIDs API Tests
[22m[39m✅ Created feedback table

[90mstdout[2m | backend/src/tests/craids.test.js[2m > [22m[2mCRAIDs API Tests
[22m[39m✅ Added metric_type column to metrics table

[90mstdout[2m | backend/src/tests/craids.test.js[2m > [22m[2mCRAIDs API Tests
[22m[39m✅ Added display_order column to metrics table

[90mstdout[2m | backend/src/tests/craids.test.js[2m > [22m[2mCRAIDs API Tests
[22m[39m✅ Added commentary column to metric_periods table

[90mstdout[2m | backend/src/tests/craids.test.js[2m > [22m[2mCRAIDs API Tests
[22m[39m✅ Created page_views table

[90mstdout[2m | backend/src/tests/craids.test.js[2m > [22m[2mCRAIDs API Tests
[22m[39m✅ Created project_links table

[90mstdout[2m | backend/src/tests/craids.test.js[2m > [22m[2mCRAIDs API Tests
[22m[39m✅ Created recovery_plans table

[90mstdout[2m | backend/src/tests/craids.test.js[2m > [22m[2mCRAIDs API Tests
[22m[39m✅ Added date columns to projects table

[90mstdout[2m | backend/src/tests/craids.test.js[2m > [22m[2mCRAIDs API Tests
[22m[39m✅ Created spaces table

[90mstdout[2m | backend/src/tests/craids.test.js[2m > [22m[2mCRAIDs API Tests
[22m[39m✅ Created portfolios table

[90mstdout[2m | backend/src/tests/craids.test.js[2m > [22m[2mCRAIDs API Tests
[22m[39m✅ Created index for space_id in portfolios

[90mstdout[2m | backend/src/tests/craids.test.js[2m > [22m[2mCRAIDs API Tests
[22m[39m✅ Added portfolio_id column to projects table

[90mstdout[2m | backend/src/tests/craids.test.js[2m > [22m[2mCRAIDs API Tests
[22m[39m✅ Created project_dependencies table

[90mstdout[2m | backend/src/tests/craids.test.js[2m > [22m[2mCRAIDs API Tests
[22m[39m✅ Added secondary_pm column to projects table

[90mstdout[2m | backend/src/tests/craids.test.js[2m > [22m[2mCRAIDs API Tests
[22m[39m✅ Created indexes for project_dependencies

[90mstdout[2m | backend/src/tests/craids.test.js[2m > [22m[2mCRAIDs API Tests
[22m[39m✅ Created milestones table

[90mstdout[2m | backend/src/tests/craids.test.js[2m > [22m[2mCRAIDs API Tests
[22m[39m✅ Created index for milestones

[90mstdout[2m | backend/src/tests/craids.test.js[2m > [22m[2mCRAIDs API Tests
[22m[39m✅ Created performance indexes

[90mstdout[2m | backend/src/tests/craids.test.js[2m > [22m[2mCRAIDs API Tests
[22m[39m✅ Created feedback table

[90mstdout[2m | backend/src/tests/craids.test.js[2m > [22m[2mCRAIDs API Tests
[22m[39m📦 Seeding Illustrative Examples Portfolio...
ℹ️  Illustrative Examples portfolio already exists, skipping seed

[90mstdout[2m | backend/src/tests/craids.test.js[2m > [22m[2mCRAIDs API Tests
[22m[39m✅ Database ready at backend/data/progress-tracker.db

[90mstderr[2m | backend/src/tests/user-activity.test.js[2m > [22m[2mUser Activity Report API Tests
[22m[39mError running migrations: Error: SQLITE_CONSTRAINT: UNIQUE constraint failed: users.name
--> in Statement#run([
  'admin@example.com',
  'Admin User',
  '8dcbe65cc0fce0ccbddd0091c5863a5c:dea2a25e179d3d560039ab56936970dda3773313822d7af68310d2558d38b401f8c50b64f0eaf0a1920b7cad3945dcd0ab4445050271ebd36d66d75e8bcf186b',
  'admin'
], [Function: replacement])
    at Database.<anonymous> [90m(/Users/andrewspruce/Code/progress-tracker/[39mbackend/node_modules/[4msqlite3[24m/lib/sqlite3.js:76:19[90m)[39m
    at Database.<anonymous> [90m(/Users/andrewspruce/Code/progress-tracker/[39mbackend/node_modules/[4msqlite3[24m/lib/sqlite3.js:20:19[90m)[39m
    at [90m/Users/andrewspruce/Code/progress-tracker/[39mbackend/src/db.js:26:10
    at new Promise (<anonymous>)
    at dbRun [90m(/Users/andrewspruce/Code/progress-tracker/[39mbackend/src/db.js:25:12[90m)[39m
    at runMigrations [90m(/Users/andrewspruce/Code/progress-tracker/[39mbackend/src/server.js:7128:13[90m)[39m {
  errno: [33m19[39m,
  code: [32m'SQLITE_CONSTRAINT'[39m,
  __augmented: [33mtrue[39m
}

[90mstdout[2m | backend/src/tests/craids.test.js[2m > [22m[2mCRAIDs API Tests
[22m[39m✅ Migrated feedback to text-only format

[90mstdout[2m | backend/src/tests/craids.test.js[2m > [22m[2mCRAIDs API Tests
[22m[39m✅ Added project_id to feedback table

[90mstdout[2m | backend/src/tests/craids.test.js[2m > [22m[2mCRAIDs API Tests
[22m[39m✅ Created page_views table

[90mstdout[2m | backend/src/tests/craids.test.js[2m > [22m[2mCRAIDs API Tests
[22m[39m✅ Added load_time_ms column to page_views

[90mstdout[2m | backend/src/tests/craids.test.js[2m > [22m[2mCRAIDs API Tests
[22m[39m✅ Created recovery_plans table

[90mstdout[2m | backend/src/tests/craids.test.js[2m > [22m[2mCRAIDs API Tests
[22m[39m✅ Created spaces table

[90mstdout[2m | backend/src/tests/craids.test.js[2m > [22m[2mCRAIDs API Tests
[22m[39m✅ Added space_id column to portfolios table

[90mstdout[2m | backend/src/tests/craids.test.js[2m > [22m[2mCRAIDs API Tests
[22m[39m✅ Added default_space_id column to users table

[90mstdout[2m | backend/src/tests/craids.test.js[2m > [22m[2mCRAIDs API Tests
[22m[39m✅ Created index for space_id in portfolios

[90mstdout[2m | backend/src/tests/craids.test.js[2m > [22m[2mCRAIDs API Tests
[22m[39m✅ Created project_dependencies table

[90mstdout[2m | backend/src/tests/craids.test.js[2m > [22m[2mCRAIDs API Tests
[22m[39m✅ Created indexes for project_dependencies

[90mstdout[2m | backend/src/tests/craids.test.js[2m > [22m[2mCRAIDs API Tests
[22m[39m✅ Created milestones table

[90mstdout[2m | backend/src/tests/craids.test.js[2m > [22m[2mCRAIDs API Tests
[22m[39m✅ Created index for milestones

[90mstdout[2m | backend/src/tests/craids.test.js[2m > [22m[2mCRAIDs API Tests
[22m[39m✅ Created performance indexes

[90mstdout[2m | backend/src/tests/craids.test.js[2m > [22m[2mCRAIDs API Tests
[22m[39m📦 Seeding Illustrative Examples Portfolio...
ℹ️  Illustrative Examples portfolio already exists, skipping seed

[90mstdout[2m | backend/src/tests/craids.test.js[2m > [22m[2mCRAIDs API Tests
[22m[39m✅ Database ready at backend/data/progress-tracker.db

[90mstdout[2m | backend/src/tests/craids.test.js[2m > [22m[2mCRAIDs API Tests[2m > [22m[2mPOST /api/projects/:projectId/craids[2m > [22m[2mshould create a CRAID item
[22m[39mCreating CRAID: {
  projectId: [32m'undefined'[39m,
  type: [32m'risk'[39m,
  title: [32m'Test risk item'[39m,
  owner_id: [90mundefined[39m,
  period_id: [90mundefined[39m,
  created_by: [90mundefined[39m
}

[90mstderr[2m | backend/src/tests/craids.test.js[2m > [22m[2mCRAIDs API Tests[2m > [22m[2mPOST /api/projects/:projectId/craids[2m > [22m[2mshould create a CRAID item
[22m[39m[2025-12-06T16:57:47.666Z] [ERROR] [CRAID] Error creating CRAID 
{
  "error": "SQLITE_CONSTRAINT: FOREIGN KEY constraint failed",
  "stack": "Error: SQLITE_CONSTRAINT: FOREIGN KEY constraint failed\n--> in Statement#run([\n  'undefined',\n  'risk',\n  'Test risk item',\n  'Detailed description of the risk',\n  'open',\n  'high',\n  null,\n  null,\n  undefined\n], [Function: replacement])\n    at Database.<anonymous> (/Users/andrewspruce/Code/progress-tracker/backend/node_modules/sqlite3/lib/sqlite3.js:76:19)\n    at Database.<anonymous> (/Users/andrewspruce/Code/progress-tracker/backend/node_modules/sqlite3/lib/sqlite3.js:20:19)\n    at /Users/andrewspruce/Code/progress-tracker/backend/src/db.js:26:10\n    at new Promise (<anonymous>)\n    at dbRun (/Users/andrewspruce/Code/progress-tracker/backend/src/db.js:25:12)\n    at /Users/andrewspruce/Code/progress-tracker/backend/src/server.js:3723:28",
  "projectId": "undefined",
  "requestBody": {
    "type": "risk",
    "title": "Test risk item",
    "description": "Detailed description of the risk",
    "status": "open",
    "priority": "high"
  }
}

[90mstdout[2m | backend/src/tests/craids.test.js[2m > [22m[2mCRAIDs API Tests[2m > [22m[2mPOST /api/projects/:projectId/craids[2m > [22m[2mshould create CRAIDs of different types
[22m[39mCreating CRAID: {
  projectId: [32m'undefined'[39m,
  type: [32m'constraint'[39m,
  title: [32m'Test constraint item'[39m,
  owner_id: [90mundefined[39m,
  period_id: [90mundefined[39m,
  created_by: [90mundefined[39m
}

[90mstderr[2m | backend/src/tests/craids.test.js[2m > [22m[2mCRAIDs API Tests[2m > [22m[2mPOST /api/projects/:projectId/craids[2m > [22m[2mshould create CRAIDs of different types
[22m[39m[2025-12-06T16:57:47.671Z] [ERROR] [CRAID] Error creating CRAID 
{
  "error": "SQLITE_CONSTRAINT: FOREIGN KEY constraint failed",
  "stack": "Error: SQLITE_CONSTRAINT: FOREIGN KEY constraint failed\n--> in Statement#run([\n  'undefined',\n  'constraint',\n  'Test constraint item',\n  'Detailed description of constraint',\n  'open',\n  'medium',\n  null,\n  null,\n  undefined\n], [Function: replacement])\n    at Database.<anonymous> (/Users/andrewspruce/Code/progress-tracker/backend/node_modules/sqlite3/lib/sqlite3.js:76:19)\n    at Database.<anonymous> (/Users/andrewspruce/Code/progress-tracker/backend/node_modules/sqlite3/lib/sqlite3.js:20:19)\n    at /Users/andrewspruce/Code/progress-tracker/backend/src/db.js:26:10\n    at new Promise (<anonymous>)\n    at dbRun (/Users/andrewspruce/Code/progress-tracker/backend/src/db.js:25:12)\n    at /Users/andrewspruce/Code/progress-tracker/backend/src/server.js:3723:28",
  "projectId": "undefined",
  "requestBody": {
    "type": "constraint",
    "title": "Test constraint item",
    "description": "Detailed description of constraint",
    "status": "open",
    "priority": "medium"
  }
}

 [31m❯[39m backend/src/tests/craids.test.js [2m([22m[2m13 tests[22m[2m | [22m[31m5 failed[39m[2m)[22m[32m 269[2mms[22m[39m
       [32m✓[39m should retrieve all CRAIDs for a project[32m 3[2mms[22m[39m
       [32m✓[39m should return empty array for project with no CRAIDs[32m 2[2mms[22m[39m
[31m       [31m×[31m should create a CRAID item[39m[32m 6[2mms[22m[39m
[31m       [31m×[31m should create CRAIDs of different types[39m[32m 3[2mms[22m[39m
       [32m✓[39m should reject CRAID without type[32m 3[2mms[22m[39m
       [32m✓[39m should reject CRAID without title[32m 2[2mms[22m[39m
       [32m✓[39m should reject CRAID creation without authentication[32m 2[2mms[22m[39m
[31m       [31m×[31m should update CRAID item[39m[32m 2[2mms[22m[39m
[31m       [31m×[31m should reject update without title[39m[32m 3[2mms[22m[39m
       [32m✓[39m should reject update of non-existent CRAID[32m 3[2mms[22m[39m
[31m       [31m×[31m should delete CRAID item[39m[32m 2[2mms[22m[39m
       [32m✓[39m should reject deletion without authentication[32m 1[2mms[22m[39m
       [32m✓[39m should handle deleting non-existent CRAID[32m 1[2mms[22m[39m
 [31m❯[39m backend/src/tests/user-activity.test.js [2m([22m[2m11 tests[22m[2m | [22m[31m1 failed[39m[2m)[22m[33m 441[2mms[22m[39m
       [32m✓[39m should retrieve user activity report as admin[32m 4[2mms[22m[39m
       [32m✓[39m should reject request from non-admin user[32m 2[2mms[22m[39m
       [32m✓[39m should reject request from viewer[32m 1[2mms[22m[39m
       [32m✓[39m should reject request without authentication[32m 1[2mms[22m[39m
       [32m✓[39m should filter by days parameter[32m 3[2mms[22m[39m
       [32m✓[39m should return activity breakdown per user[32m 2[2mms[22m[39m
[31m       [31m×[31m should return correct activity types[39m[32m 6[2mms[22m[39m
       [32m✓[39m should return users ranked by total activity[32m 3[2mms[22m[39m
       [32m✓[39m should include timeline data[32m 2[2mms[22m[39m
       [32m✓[39m should accept different day ranges[32m 8[2mms[22m[39m
       [32m✓[39m should default to 30 days if not specified[32m 2[2mms[22m[39m
[90mstdout[2m | backend/src/tests/users.test.js[2m > [22m[2mUser Management API Tests
[22m[39m✅ Cleaned up user roles

[90mstdout[2m | backend/src/tests/users.test.js[2m > [22m[2mUser Management API Tests
[22m[39m✅ Cleaned up user roles

[90mstdout[2m | backend/src/tests/users.test.js[2m > [22m[2mUser Management API Tests
[22m[39m✅ Created project_links table

[90mstdout[2m | backend/src/tests/users.test.js[2m > [22m[2mUser Management API Tests
[22m[39m✅ Created portfolios table

[90mstdout[2m | backend/src/tests/users.test.js[2m > [22m[2mUser Management API Tests
[22m[39m✅ Added tolerance columns to metrics table

[90mstdout[2m | backend/src/tests/users.test.js[2m > [22m[2mUser Management API Tests
[22m[39m✅ Created feedback table

[90mstdout[2m | backend/src/tests/users.test.js[2m > [22m[2mUser Management API Tests
[22m[39m✅ Added metric_type column to metrics table

[90mstdout[2m | backend/src/tests/users.test.js[2m > [22m[2mUser Management API Tests
[22m[39m✅ Added display_order column to metrics table

[90mstdout[2m | backend/src/tests/users.test.js[2m > [22m[2mUser Management API Tests
[22m[39m✅ Created page_views table

[90mstdout[2m | backend/src/tests/users.test.js[2m > [22m[2mUser Management API Tests
[22m[39m✅ Added commentary column to metric_periods table

[90mstdout[2m | backend/src/tests/users.test.js[2m > [22m[2mUser Management API Tests
[22m[39m✅ Created project_links table

[90mstdout[2m | backend/src/tests/users.test.js[2m > [22m[2mUser Management API Tests
[22m[39m✅ Created recovery_plans table

[90mstdout[2m | backend/src/tests/users.test.js[2m > [22m[2mUser Management API Tests
[22m[39m✅ Created spaces table

[90mstdout[2m | backend/src/tests/users.test.js[2m > [22m[2mUser Management API Tests
[22m[39m✅ Created index for space_id in portfolios

[90mstdout[2m | backend/src/tests/users.test.js[2m > [22m[2mUser Management API Tests
[22m[39m✅ Added date columns to projects table

[90mstdout[2m | backend/src/tests/users.test.js[2m > [22m[2mUser Management API Tests
[22m[39m✅ Created project_dependencies table

[90mstdout[2m | backend/src/tests/users.test.js[2m > [22m[2mUser Management API Tests
[22m[39m✅ Created portfolios table

[90mstdout[2m | backend/src/tests/users.test.js[2m > [22m[2mUser Management API Tests
[22m[39m✅ Created indexes for project_dependencies

[90mstdout[2m | backend/src/tests/users.test.js[2m > [22m[2mUser Management API Tests
[22m[39m✅ Created milestones table

[90mstdout[2m | backend/src/tests/users.test.js[2m > [22m[2mUser Management API Tests
[22m[39m✅ Created index for milestones

[90mstdout[2m | backend/src/tests/users.test.js[2m > [22m[2mUser Management API Tests
[22m[39m✅ Added portfolio_id column to projects table

[90mstdout[2m | backend/src/tests/users.test.js[2m > [22m[2mUser Management API Tests
[22m[39m✅ Created performance indexes

[90mstdout[2m | backend/src/tests/users.test.js[2m > [22m[2mUser Management API Tests
[22m[39m✅ Added secondary_pm column to projects table

[90mstdout[2m | backend/src/tests/users.test.js[2m > [22m[2mUser Management API Tests
[22m[39m📦 Seeding Illustrative Examples Portfolio...
ℹ️  Illustrative Examples portfolio already exists, skipping seed

[90mstdout[2m | backend/src/tests/users.test.js[2m > [22m[2mUser Management API Tests
[22m[39m✅ Database ready at backend/data/progress-tracker.db

[90mstdout[2m | backend/src/tests/users.test.js[2m > [22m[2mUser Management API Tests
[22m[39m✅ Created feedback table

[90mstdout[2m | backend/src/tests/users.test.js[2m > [22m[2mUser Management API Tests
[22m[39m✅ Migrated feedback to text-only format

[90mstdout[2m | backend/src/tests/users.test.js[2m > [22m[2mUser Management API Tests
[22m[39m✅ Added project_id to feedback table

[90mstdout[2m | backend/src/tests/users.test.js[2m > [22m[2mUser Management API Tests
[22m[39m✅ Created page_views table

[90mstdout[2m | backend/src/tests/users.test.js[2m > [22m[2mUser Management API Tests
[22m[39m✅ Added load_time_ms column to page_views

[90mstdout[2m | backend/src/tests/users.test.js[2m > [22m[2mUser Management API Tests
[22m[39m✅ Created recovery_plans table

[90mstdout[2m | backend/src/tests/users.test.js[2m > [22m[2mUser Management API Tests
[22m[39m✅ Created spaces table

[90mstdout[2m | backend/src/tests/users.test.js[2m > [22m[2mUser Management API Tests
[22m[39m✅ Added space_id column to portfolios table

[90mstdout[2m | backend/src/tests/users.test.js[2m > [22m[2mUser Management API Tests
[22m[39m✅ Added default_space_id column to users table

[90mstdout[2m | backend/src/tests/users.test.js[2m > [22m[2mUser Management API Tests
[22m[39m✅ Created index for space_id in portfolios

[90mstdout[2m | backend/src/tests/users.test.js[2m > [22m[2mUser Management API Tests
[22m[39m✅ Created project_dependencies table

[90mstdout[2m | backend/src/tests/users.test.js[2m > [22m[2mUser Management API Tests
[22m[39m✅ Created indexes for project_dependencies

[90mstdout[2m | backend/src/tests/users.test.js[2m > [22m[2mUser Management API Tests
[22m[39m✅ Created milestones table

[90mstdout[2m | backend/src/tests/users.test.js[2m > [22m[2mUser Management API Tests
[22m[39m✅ Created index for milestones

[90mstdout[2m | backend/src/tests/users.test.js[2m > [22m[2mUser Management API Tests
[22m[39m✅ Created performance indexes

[90mstdout[2m | backend/src/tests/users.test.js[2m > [22m[2mUser Management API Tests
[22m[39m📦 Seeding Illustrative Examples Portfolio...
ℹ️  Illustrative Examples portfolio already exists, skipping seed

[90mstdout[2m | backend/src/tests/users.test.js[2m > [22m[2mUser Management API Tests
[22m[39m✅ Database ready at backend/data/progress-tracker.db

 [32m✓[39m backend/src/tests/users.test.js [2m([22m[2m10 tests[22m[2m)[22m[33m 541[2mms[22m[39m
Not implemented: HTMLCanvasElement's getContext() method: without installing the canvas npm package
 [32m✓[39m backend/src/tests/auth.test.js [2m([22m[2m18 tests[22m[2m)[22m[33m 1755[2mms[22m[39m
       [33m[2m✓[22m[39m should refresh a valid token [33m 1002[2mms[22m[39m
 [31m❯[39m src/components/__tests__/Login.test.jsx [2m([22m[2m24 tests[22m[2m | [22m[31m19 failed[39m[2m)[22m[33m 4698[2mms[22m[39m
       [32m✓[39m should render login button[32m 23[2mms[22m[39m
       [32m✓[39m should not show modal initially[32m 3[2mms[22m[39m
       [32m✓[39m should open modal when login button is clicked[32m 128[2mms[22m[39m
       [32m✓[39m should close modal when close button is clicked[32m 163[2mms[22m[39m
[31m       [31m×[31m should close modal when clicking outside[39m[33m 1047[2mms[22m[39m
[31m       [31m×[31m should show error when submitting empty form[39m[32m 78[2mms[22m[39m
[31m       [31m×[31m should show error for invalid email format[39m[32m 115[2mms[22m[39m
[31m       [31m×[31m should show error when password is missing[39m[32m 103[2mms[22m[39m
[31m       [31m×[31m should call API with correct credentials[39m[32m 146[2mms[22m[39m
[31m       [31m×[31m should store token in localStorage on successful login[39m[32m 143[2mms[22m[39m
[31m       [31m×[31m should call onLogin callback with user data[39m[32m 172[2mms[22m[39m
[31m       [31m×[31m should close modal after successful login[39m[32m 145[2mms[22m[39m
[31m       [31m×[31m should show error message on invalid credentials[39m[32m 137[2mms[22m[39m
[31m       [31m×[31m should show error message on network error[39m[32m 132[2mms[22m[39m
[31m       [31m×[31m should not call onLogin on failed login[39m[32m 152[2mms[22m[39m
[31m       [31m×[31m should not store token on failed login[39m[32m 153[2mms[22m[39m
[31m       [31m×[31m should keep modal open on failed login[39m[32m 148[2mms[22m[39m
[31m       [31m×[31m should show loading indicator while login is in progress[39m[32m 132[2mms[22m[39m
[31m       [31m×[31m should disable submit button while loading[39m[32m 134[2mms[22m[39m
[31m       [31m×[31m should toggle password visibility when eye icon is clicked[39m[32m 52[2mms[22m[39m
       [32m✓[39m should submit form when Enter is pressed in email field[32m 111[2mms[22m[39m
[31m       [31m×[31m should close modal when Escape is pressed[39m[33m 1022[2mms[22m[39m
[31m       [31m×[31m should clear password field on failed login[39m[32m 139[2mms[22m[39m
[31m       [31m×[31m should not expose password in any error messages[39m[32m 119[2mms[22m[39m
TypeError: Cannot convert undefined or null to object
    at Object.entries (<anonymous>)
    at ProjectSelector (/Users/andrewspruce/Code/progress-tracker/src/components/ProjectSelector.jsx:11:33)
    at renderWithHooks (/Users/andrewspruce/Code/progress-tracker/node_modules/react-dom/cjs/react-dom.development.js:15486:18)
    at mountIndeterminateComponent (/Users/andrewspruce/Code/progress-tracker/node_modules/react-dom/cjs/react-dom.development.js:20103:13)
    at beginWork (/Users/andrewspruce/Code/progress-tracker/node_modules/react-dom/cjs/react-dom.development.js:21626:16)
    at HTMLUnknownElement.callCallback (/Users/andrewspruce/Code/progress-tracker/node_modules/react-dom/cjs/react-dom.development.js:4164:14)
    at HTMLUnknownElement.callTheUserObjectsOperation (/Users/andrewspruce/Code/progress-tracker/node_modules/jsdom/lib/jsdom/living/generated/EventListener.js:26:30)
    at innerInvokeEventListeners (/Users/andrewspruce/Code/progress-tracker/node_modules/jsdom/lib/jsdom/living/events/EventTarget-impl.js:360:16)
    at invokeEventListeners (/Users/andrewspruce/Code/progress-tracker/node_modules/jsdom/lib/jsdom/living/events/EventTarget-impl.js:296:3)
    at HTMLUnknownElementImpl._dispatch (/Users/andrewspruce/Code/progress-tracker/node_modules/jsdom/lib/jsdom/living/events/EventTarget-impl.js:243:9)
TypeError: Cannot convert undefined or null to object
    at Object.entries (<anonymous>)
    at ProjectSelector (/Users/andrewspruce/Code/progress-tracker/src/components/ProjectSelector.jsx:11:33)
    at renderWithHooks (/Users/andrewspruce/Code/progress-tracker/node_modules/react-dom/cjs/react-dom.development.js:15486:18)
    at mountIndeterminateComponent (/Users/andrewspruce/Code/progress-tracker/node_modules/react-dom/cjs/react-dom.development.js:20103:13)
    at beginWork (/Users/andrewspruce/Code/progress-tracker/node_modules/react-dom/cjs/react-dom.development.js:21626:16)
    at HTMLUnknownElement.callCallback (/Users/andrewspruce/Code/progress-tracker/node_modules/react-dom/cjs/react-dom.development.js:4164:14)
    at HTMLUnknownElement.callTheUserObjectsOperation (/Users/andrewspruce/Code/progress-tracker/node_modules/jsdom/lib/jsdom/living/generated/EventListener.js:26:30)
    at innerInvokeEventListeners (/Users/andrewspruce/Code/progress-tracker/node_modules/jsdom/lib/jsdom/living/events/EventTarget-impl.js:360:16)
    at invokeEventListeners (/Users/andrewspruce/Code/progress-tracker/node_modules/jsdom/lib/jsdom/living/events/EventTarget-impl.js:296:3)
    at HTMLUnknownElementImpl._dispatch (/Users/andrewspruce/Code/progress-tracker/node_modules/jsdom/lib/jsdom/living/events/EventTarget-impl.js:243:9)
[90mstderr[2m | src/components/__tests__/ProjectSelector.test.jsx[2m > [22m[2mProjectSelector[2m > [22m[2mEdge Cases[2m > [22m[2mshould handle undefined projects
[22m[39mThe above error occurred in the <ProjectSelector> component:

    at ProjectSelector (/Users/andrewspruce/Code/progress-tracker/src/components/ProjectSelector.jsx:8:28)

Consider adding an error boundary to your tree to customize error handling behavior.
Visit https://reactjs.org/link/error-boundaries to learn more about error boundaries.

 [31m❯[39m src/components/__tests__/ProjectSelector.test.jsx [2m([22m[2m30 tests[22m[2m | [22m[31m11 failed[39m[2m)[22m[33m 5783[2mms[22m[39m
[31m       [31m×[31m should render with label "PROJECT:"[39m[32m 36[2mms[22m[39m
       [32m✓[39m should display selected project name[32m 6[2mms[22m[39m
[31m       [31m×[31m should show placeholder when no project selected[39m[32m 5[2mms[22m[39m
       [32m✓[39m should display portfolio color dot for selected project[32m 111[2mms[22m[39m
       [32m✓[39m should not display portfolio dot when project has no portfolio[32m 1[2mms[22m[39m
       [32m✓[39m should open dropdown when trigger is clicked[32m 79[2mms[22m[39m
       [32m✓[39m should close dropdown when trigger is clicked again[32m 43[2mms[22m[39m
[31m       [31m×[31m should display all projects in dropdown[39m[33m 1020[2mms[22m[39m
[31m       [31m×[31m should highlight selected project in dropdown[39m[33m 1024[2mms[22m[39m
[31m       [31m×[31m should filter projects by search term[39m[33m 1051[2mms[22m[39m
       [32m✓[39m should be case-insensitive[32m 44[2mms[22m[39m
       [32m✓[39m should show "No projects found" when search returns no results[32m 78[2mms[22m[39m
[31m       [31m×[31m should search by portfolio name as well[39m[33m 1066[2mms[22m[39m
[31m       [31m×[31m should clear search when dropdown closes[39m[33m 1050[2mms[22m[39m
       [32m✓[39m should call onProjectChange when project is clicked[32m 25[2mms[22m[39m
       [32m✓[39m should close dropdown after selection[32m 22[2mms[22m[39m
[31m       [31m×[31m should allow selecting the same project again[39m[32m 12[2mms[22m[39m
       [32m✓[39m should open dropdown on Enter key[32m 10[2mms[22m[39m
       [32m✓[39m should close dropdown on Escape key[32m 15[2mms[22m[39m
       [32m✓[39m should navigate options with arrow keys[32m 21[2mms[22m[39m
       [32m✓[39m should select highlighted option on Enter[32m 18[2mms[22m[39m
[31m       [31m×[31m should handle empty projects object[39m[32m 1[2mms[22m[39m
[31m       [31m×[31m should handle undefined projects[39m[32m 4[2mms[22m[39m
[31m       [31m×[31m should handle invalid selectedProject ID[39m[32m 1[2mms[22m[39m
       [32m✓[39m should handle very long project names[32m 1[2mms[22m[39m
       [32m✓[39m should handle projects with special characters in names[32m 0[2mms[22m[39m
       [32m✓[39m should have proper ARIA attributes[32m 3[2mms[22m[39m
       [32m✓[39m should update aria-expanded when dropdown opens[32m 10[2mms[22m[39m
       [32m✓[39m should be keyboard accessible[32m 3[2mms[22m[39m
       [32m✓[39m should close dropdown when clicking outside[32m 22[2mms[22m[39m
 [31m❯[39m src/components/__tests__/Feedback.test.jsx [2m([22m[2m24 tests[22m[2m | [22m[31m24 failed[39m[2m)[22m[33m 22091[2mms[22m[39m
[31m       [31m×[31m should render the feedback component[39m[32m 25[2mms[22m[39m
[31m       [31m×[31m should show submit feedback button[39m[32m 6[2mms[22m[39m
[31m       [31m×[31m should display feedback categories[39m[33m 1006[2mms[22m[39m
[31m       [31m×[31m should fetch feedback on mount[39m[33m 1004[2mms[22m[39m
[31m       [31m×[31m should display fetched feedback items[39m[33m 1004[2mms[22m[39m
[31m       [31m×[31m should handle fetch error gracefully[39m[33m 1004[2mms[22m[39m
[31m       [31m×[31m should open feedback modal when submit button is clicked[39m[33m 1002[2mms[22m[39m
[31m       [31m×[31m should submit feedback with correct data[39m[33m 1002[2mms[22m[39m
[31m       [31m×[31m should validate required fields[39m[33m 1003[2mms[22m[39m
[31m       [31m×[31m should close modal after successful submission[39m[33m 1002[2mms[22m[39m
[31m       [31m×[31m should show respond button for PM on their projects[39m[33m 1003[2mms[22m[39m
[31m       [31m×[31m should allow PM to respond to feedback[39m[33m 1003[2mms[22m[39m
[31m       [31m×[31m should show resolve button for responded feedback[39m[33m 1002[2mms[22m[39m
[31m       [31m×[31m should allow PM to resolve feedback[39m[33m 1002[2mms[22m[39m
[31m       [31m×[31m should filter feedback by status[39m[33m 1002[2mms[22m[39m
[31m       [31m×[31m should filter feedback by category[39m[33m 1002[2mms[22m[39m
[31m       [31m×[31m should filter feedback by project[39m[33m 1002[2mms[22m[39m
[31m       [31m×[31m should show pending status indicator[39m[33m 1002[2mms[22m[39m
[31m       [31m×[31m should show responded status indicator[39m[33m 1003[2mms[22m[39m
[31m       [31m×[31m should show resolved status indicator[39m[33m 1002[2mms[22m[39m
[31m       [31m×[31m should not show PM actions for viewer role[39m[33m 1002[2mms[22m[39m
[31m       [31m×[31m should allow admin to respond to any feedback[39m[33m 1003[2mms[22m[39m
[31m       [31m×[31m should allow user to edit their own feedback[39m[33m 1002[2mms[22m[39m
[31m       [31m×[31m should not show edit button for other users feedback[39m[33m 1002[2mms[22m[39m

[31m⎯⎯⎯⎯⎯⎯[39m[1m[41m Failed Suites 10 [49m[22m[31m⎯⎯⎯⎯⎯⎯[39m

[41m[1m FAIL [22m[49m e2e/homepage.spec.js[2m [ e2e/homepage.spec.js ][22m
[31m[1mError[22m: Playwright Test did not expect test.describe() to be called here.
Most common reasons include:
- You are calling test.describe() in a configuration file.
- You are calling test.describe() in a file that is imported by the configuration file.
- You have two different versions of @playwright/test. This usually happens
  when one of the dependencies in your package.json depends on @playwright/test.[39m
[90m [2m❯[22m TestTypeImpl._currentSuite node_modules/playwright/lib/common/testType.js:[2m75:13[22m[39m
[90m [2m❯[22m TestTypeImpl._describe node_modules/playwright/lib/common/testType.js:[2m115:24[22m[39m
[90m [2m❯[22m Function.describe node_modules/playwright/lib/transform/transform.js:[2m275:12[22m[39m
[36m [2m❯[22m e2e/homepage.spec.js:[2m3:6[22m[39m
    [90m  1| [39m[35mimport[39m { test[33m,[39m expect } [35mfrom[39m [32m'@playwright/test'[39m[33m;[39m
    [90m  2| [39m
    [90m  3| [39mtest[33m.[39m[34mdescribe[39m([32m'Homepage Dashboard'[39m[33m,[39m () [33m=>[39m {
    [90m   | [39m     [31m^[39m
    [90m  4| [39m  test[33m.[39m[34mbeforeEach[39m([35masync[39m ({ page }) [33m=>[39m {
    [90m  5| [39m    [35mawait[39m page[33m.[39m[34mgoto[39m([32m'/'[39m)[33m;[39m

[31m[2m⎯⎯⎯⎯⎯⎯⎯⎯⎯⎯⎯⎯⎯⎯⎯⎯⎯⎯⎯⎯⎯⎯[1/172]⎯[22m[39m

[41m[1m FAIL [22m[49m e2e/login.spec.js[2m [ e2e/login.spec.js ][22m
[31m[1mError[22m: Playwright Test did not expect test.describe() to be called here.
Most common reasons include:
- You are calling test.describe() in a configuration file.
- You are calling test.describe() in a file that is imported by the configuration file.
- You have two different versions of @playwright/test. This usually happens
  when one of the dependencies in your package.json depends on @playwright/test.[39m
[90m [2m❯[22m TestTypeImpl._currentSuite node_modules/playwright/lib/common/testType.js:[2m75:13[22m[39m
[90m [2m❯[22m TestTypeImpl._describe node_modules/playwright/lib/common/testType.js:[2m115:24[22m[39m
[90m [2m❯[22m Function.describe node_modules/playwright/lib/transform/transform.js:[2m275:12[22m[39m
[36m [2m❯[22m e2e/login.spec.js:[2m3:6[22m[39m
    [90m  1| [39m[35mimport[39m { test[33m,[39m expect } [35mfrom[39m [32m'@playwright/test'[39m[33m;[39m
    [90m  2| [39m
    [90m  3| [39mtest[33m.[39m[34mdescribe[39m([32m'Login Flow'[39m[33m,[39m () [33m=>[39m {
    [90m   | [39m     [31m^[39m
    [90m  4| [39m  test[33m.[39m[34mbeforeEach[39m([35masync[39m ({ page }) [33m=>[39m {
    [90m  5| [39m    [35mawait[39m page[33m.[39m[34mgoto[39m([32m'/'[39m)[33m;[39m

[31m[2m⎯⎯⎯⎯⎯⎯⎯⎯⎯⎯⎯⎯⎯⎯⎯⎯⎯⎯⎯⎯⎯⎯[2/172]⎯[22m[39m

[41m[1m FAIL [22m[49m e2e/navigation.spec.js[2m [ e2e/navigation.spec.js ][22m
[31m[1mError[22m: Playwright Test did not expect test.describe() to be called here.
Most common reasons include:
- You are calling test.describe() in a configuration file.
- You are calling test.describe() in a file that is imported by the configuration file.
- You have two different versions of @playwright/test. This usually happens
  when one of the dependencies in your package.json depends on @playwright/test.[39m
[90m [2m❯[22m TestTypeImpl._currentSuite node_modules/playwright/lib/common/testType.js:[2m75:13[22m[39m
[90m [2m❯[22m TestTypeImpl._describe node_modules/playwright/lib/common/testType.js:[2m115:24[22m[39m
[90m [2m❯[22m Function.describe node_modules/playwright/lib/transform/transform.js:[2m275:12[22m[39m
[36m [2m❯[22m e2e/navigation.spec.js:[2m3:6[22m[39m
    [90m  1| [39m[35mimport[39m { test[33m,[39m expect } [35mfrom[39m [32m'@playwright/test'[39m[33m;[39m
    [90m  2| [39m
    [90m  3| [39mtest[33m.[39m[34mdescribe[39m([32m'Project Navigation'[39m[33m,[39m () [33m=>[39m {
    [90m   | [39m     [31m^[39m
    [90m  4| [39m  test[33m.[39m[34mbeforeEach[39m([35masync[39m ({ page }) [33m=>[39m {
    [90m  5| [39m    [35mawait[39m page[33m.[39m[34mgoto[39m([32m'/'[39m)[33m;[39m

[31m[2m⎯⎯⎯⎯⎯⎯⎯⎯⎯⎯⎯⎯⎯⎯⎯⎯⎯⎯⎯⎯⎯⎯[3/172]⎯[22m[39m

[41m[1m FAIL [22m[49m src/__tests__/App.dropdowns.test.jsx[2m [ src/__tests__/App.dropdowns.test.jsx ][22m
[41m[1m FAIL [22m[49m src/__tests__/CreateProject.integration.test.jsx[2m [ src/__tests__/CreateProject.integration.test.jsx ][22m
[41m[1m FAIL [22m[49m src/components/MetricChart.test.jsx[2m [ src/components/MetricChart.test.jsx ][22m
[41m[1m FAIL [22m[49m src/components/__tests__/FeedbackTab.test.jsx[2m [ src/components/__tests__/FeedbackTab.test.jsx ][22m
[31m[1mTypeError[22m: Cannot set properties of null (setting 'fillStyle')[39m
[90m [2m❯[22m node_modules/lottie-web/build/player/lottie.js:[2m1119:21[22m[39m
[90m [2m❯[22m node_modules/lottie-web/build/player/lottie.js:[2m1122:6[22m[39m
[90m [2m❯[22m node_modules/lottie-web/build/player/lottie.js:[2m1301:4[22m[39m
[90m [2m❯[22m node_modules/lottie-web/build/player/lottie.js:[2m2:83[22m[39m
[90m [2m❯[22m Object.<anonymous> node_modules/lottie-web/build/player/lottie.js:[2m5:3[22m[39m

[31m[2m⎯⎯⎯⎯⎯⎯⎯⎯⎯⎯⎯⎯⎯⎯⎯⎯⎯⎯⎯⎯⎯⎯[4/172]⎯[22m[39m

[41m[1m FAIL [22m[49m src/components/HomePage.test.jsx[2m [ src/components/HomePage.test.jsx ][22m
[31m[1mError[22m: [vitest] No "MdPriorityHigh" export is defined on the "react-icons/md" mock. Did you forget to return it from "vi.mock"?
If you need to partially mock a module, you can use "importOriginal" helper inside:
[39m
vi.mock(import("react-icons/md"), async (importOriginal) => {
  const actual = await importOriginal()
  return {
    ...actual,
    // your mocked methods
  }
})

[36m [2m❯[22m src/components/homePageConfig.js:[2m18:60[22m[39m
    [90m 16| [39m[35mexport[39m [35mconst[39m [33mPANEL_CONFIG[39m [33m=[39m {
    [90m 17| [39m  heatmap: { id: 'heatmap', name: 'Most Viewed Projects', icon: MdVisi…
    [90m 18| [39m  metrics: { id: 'metrics', name: 'Metrics at Risk', icon: MdPriorityH…
    [90m   | [39m                                                           [31m^[39m
    [90m 19| [39m  commentary: { id: 'commentary', name: 'Recent Commentary', icon: MdC…
    [90m 20| [39m  inconsistencies: { id: 'inconsistencies', name: 'Inconsistencies', i…
[90m [2m❯[22m src/components/HomePage.jsx:[2m53:1[22m[39m

[31m[2m⎯⎯⎯⎯⎯⎯⎯⎯⎯⎯⎯⎯⎯⎯⎯⎯⎯⎯⎯⎯⎯⎯[5/172]⎯[22m[39m

[41m[1m FAIL [22m[49m backend/src/tests/comments.test.js[2m > [22mComments API Tests
[31m[1mTypeError[22m: Cannot read properties of undefined (reading 'id')[39m
[36m [2m❯[22m backend/src/tests/comments.test.js:[2m87:44[22m[39m
    [90m 85| [39m      [33m.[39m[35mget[39m([32m`/api/metrics/[39m[36m${[39mtestMetricId[36m}[39m[32m/periods`[39m)
    [90m 86| [39m      [33m.[39m[35mset[39m([32m'Authorization'[39m[33m,[39m [32m`Bearer [39m[36m${[39madminToken[36m}[39m[32m`[39m)[33m;[39m
    [90m 87| [39m    testPeriodId [33m=[39m periodsResponse[33m.[39mbody[[34m0[39m][33m.[39mid[33m;[39m
    [90m   | [39m                                           [31m^[39m
    [90m 88| [39m  })[33m;[39m
    [90m 89| [39m

[31m[2m⎯⎯⎯⎯⎯⎯⎯⎯⎯⎯⎯⎯⎯⎯⎯⎯⎯⎯⎯⎯⎯⎯[6/172]⎯[22m[39m

[41m[1m FAIL [22m[49m backend/src/tests/metrics.test.js[2m > [22mMetrics API Tests[2m > [22mMetric Target Changes Over Time (Gray Bar Visualization)
[31m[1mAssertionError[22m: expected 404 to be 200 // Object.is equality[39m

[32m- Expected[39m
[31m+ Received[39m

[32m- 200[39m
[31m+ 404[39m

[36m [2m❯[22m backend/src/tests/metrics.test.js:[2m706:37[22m[39m
    [90m704| [39m
    [90m705| [39m      scopeChangeMetricId [33m=[39m metricResponse[33m.[39mbody[33m.[39mid[33m;[39m
    [90m706| [39m      [34mexpect[39m(metricResponse[33m.[39mstatus)[33m.[39m[34mtoBe[39m([34m200[39m)[33m;[39m
    [90m   | [39m                                    [31m^[39m
    [90m707| [39m    })[33m;[39m
    [90m708| [39m

[31m[2m⎯⎯⎯⎯⎯⎯⎯⎯⎯⎯⎯⎯⎯⎯⎯⎯⎯⎯⎯⎯⎯⎯[7/172]⎯[22m[39m


[31m⎯⎯⎯⎯⎯⎯[39m[1m[41m Failed Tests 162 [49m[22m[31m⎯⎯⎯⎯⎯⎯[39m

[41m[1m FAIL [22m[49m backend/src/recovery-plans.test.js[2m > [22mRecovery Plans API Integration Tests[2m > [22mQuery Performance Tests[2m > [22mshould efficiently query plans by project
[41m[1m FAIL [22m[49m backend/src/recovery-plans.test.js[2m > [22mRecovery Plans API Integration Tests[2m > [22mQuery Performance Tests[2m > [22mshould efficiently query active plans by metric
[31m[1mSqliteError[22m: FOREIGN KEY constraint failed[39m
[36m [2m❯[22m backend/src/recovery-plans.test.js:[2m424:14[22m[39m
    [90m422| [39m        [35mconst[39m projectId [33m=[39m [34m1[39m [33m+[39m (i [33m%[39m [34m2[39m)[33m;[39m [90m// Rotate between 1, 2[39m
    [90m423| [39m        [35mconst[39m status [33m=[39m [[32m'active'[39m[33m,[39m [32m'completed'[39m[33m,[39m [32m'cancelled'[39m][i [33m%[39m [34m3[39m][33m;[39m
    [90m424| [39m        stmt[33m.[39m[34mrun[39m(metricId[33m,[39m projectId[33m,[39m [32m`Plan [39m[36m${[39mi[36m}[39m[32m`[39m[33m,[39m [34m1[39m[33m,[39m status)[33m;[39m
    [90m   | [39m             [31m^[39m
    [90m425| [39m      }
    [90m426| [39m    })[33m;[39m

[31m[2m⎯⎯⎯⎯⎯⎯⎯⎯⎯⎯⎯⎯⎯⎯⎯⎯⎯⎯⎯⎯⎯⎯[8/172]⎯[22m[39m

[41m[1m FAIL [22m[49m src/components/__tests__/Feedback.test.jsx[2m > [22mFeedback Component[2m > [22mRendering[2m > [22mshould render the feedback component
[31m[1mTestingLibraryElementError[22m: Found multiple elements with the text: /Feedback/i

Here are the matching elements:

Ignored nodes: comments, script, style
[36m<button[31m
  [33mclass[31m=[32m"btn-add-feedback"[31m
[36m>[31m
  [0m+ Add Feedback[0m
[36m</button>[31m

Ignored nodes: comments, script, style
[36m<div[31m
  [33mclass[31m=[32m"loading"[31m
[36m>[31m
  [0mLoading feedback...[0m
[36m</div>[31m

(If this is intentional, then use the `*AllBy*` variant of the query (like `queryAllByText`, `getAllByText`, or `findAllByText`)).

Ignored nodes: comments, script, style
[36m<body>[31m
  [36m<div>[31m
    [36m<div[31m
      [33mclass[31m=[32m"feedback-container"[31m
    [36m>[31m
      [36m<div[31m
        [33mclass[31m=[32m"feedback-header"[31m
      [36m>[31m
        [36m<div[31m
          [33mclass[31m=[32m"feedback-filters"[31m
        [36m>[31m
          [36m<button[31m
            [33mclass[31m=[32m"filter-btn active"[31m
          [36m>[31m
            [0mAll ([0m
            [0m0[0m
            [0m)[0m
          [36m</button>[31m
          [36m<button[31m
            [33mclass[31m=[32m"filter-btn"[31m
          [36m>[31m
            [0mOpen ([0m
            [0m0[0m
            [0m)[0m
          [36m</button>[31m
          [36m<button[31m
            [33mclass[31m=[32m"filter-btn"[31m
          [36m>[31m
            [0mResolved ([0m
            [0m0[0m
            [0m)[0m
          [36m</button>[31m
        [36m</div>[31m
        [36m<button[31m
          [33mclass[31m=[32m"btn-add-feedback"[31m
        [36m>[31m
          [0m+ Add Feedback[0m
        [36m</button>[31m
      [36m</div>[31m
      [36m<div[31m
        [33mclass[31m=[32m"loading"[31m
      [36m>[31m
        [0mLoading feedback...[0m
      [36m</div>[31m
    [36m</div>[31m
  [36m</div>[31m
[36m</body>[31m[39m
[90m [2m❯[22m Object.getElementError node_modules/@testing-library/dom/dist/config.js:[2m37:19[22m[39m
[90m [2m❯[22m getElementError node_modules/@testing-library/dom/dist/query-helpers.js:[2m20:35[22m[39m
[90m [2m❯[22m getMultipleElementsFoundError node_modules/@testing-library/dom/dist/query-helpers.js:[2m23:10[22m[39m
[90m [2m❯[22m node_modules/@testing-library/dom/dist/query-helpers.js:[2m55:13[22m[39m
[90m [2m❯[22m node_modules/@testing-library/dom/dist/query-helpers.js:[2m95:19[22m[39m
[36m [2m❯[22m src/components/__tests__/Feedback.test.jsx:[2m68:21[22m[39m
    [90m 66| [39m    [34mit[39m([32m'should render the feedback component'[39m[33m,[39m () [33m=>[39m {
    [90m 67| [39m      [34mrender[39m([33m<[39m[33mFeedback[39m [33muser[39m[33m=[39m[33m{[39mmockUser[33m}[39m [33mprojects[39m[33m=[39m[33m{[39mmockProjects[33m}[39m [33m/[39m[33m>[39m)[33m;[39m
    [90m 68| [39m      [34mexpect[39m(screen[33m.[39m[34mgetByText[39m([36m/Feedback/i[39m))[33m.[39m[34mtoBeInTheDocument[39m()[33m;[39m
    [90m   | [39m                    [31m^[39m
    [90m 69| [39m    })[33m;[39m
    [90m 70| [39m

[31m[2m⎯⎯⎯⎯⎯⎯⎯⎯⎯⎯⎯⎯⎯⎯⎯⎯⎯⎯⎯⎯⎯⎯[9/172]⎯[22m[39m

[41m[1m FAIL [22m[49m src/components/__tests__/Feedback.test.jsx[2m > [22mFeedback Component[2m > [22mRendering[2m > [22mshould show submit feedback button
[31m[1mTestingLibraryElementError[22m: Unable to find an element with the text: /Submit Feedback/i. This could be because the text is broken up by multiple elements. In this case, you can provide a function for your text matcher to make your matcher more flexible.

Ignored nodes: comments, script, style
[36m<body>[31m
  [36m<div>[31m
    [36m<div[31m
      [33mclass[31m=[32m"feedback-container"[31m
    [36m>[31m
      [36m<div[31m
        [33mclass[31m=[32m"feedback-header"[31m
      [36m>[31m
        [36m<div[31m
          [33mclass[31m=[32m"feedback-filters"[31m
        [36m>[31m
          [36m<button[31m
            [33mclass[31m=[32m"filter-btn active"[31m
          [36m>[31m
            [0mAll ([0m
            [0m0[0m
            [0m)[0m
          [36m</button>[31m
          [36m<button[31m
            [33mclass[31m=[32m"filter-btn"[31m
          [36m>[31m
            [0mOpen ([0m
            [0m0[0m
            [0m)[0m
          [36m</button>[31m
          [36m<button[31m
            [33mclass[31m=[32m"filter-btn"[31m
          [36m>[31m
            [0mResolved ([0m
            [0m0[0m
            [0m)[0m
          [36m</button>[31m
        [36m</div>[31m
        [36m<button[31m
          [33mclass[31m=[32m"btn-add-feedback"[31m
        [36m>[31m
          [0m+ Add Feedback[0m
        [36m</button>[31m
      [36m</div>[31m
      [36m<div[31m
        [33mclass[31m=[32m"loading"[31m
      [36m>[31m
        [0mLoading feedback...[0m
      [36m</div>[31m
    [36m</div>[31m
  [36m</div>[31m
[36m</body>[31m[39m
[90m [2m❯[22m Object.getElementError node_modules/@testing-library/dom/dist/config.js:[2m37:19[22m[39m
[90m [2m❯[22m node_modules/@testing-library/dom/dist/query-helpers.js:[2m76:38[22m[39m
[90m [2m❯[22m node_modules/@testing-library/dom/dist/query-helpers.js:[2m52:17[22m[39m
[90m [2m❯[22m node_modules/@testing-library/dom/dist/query-helpers.js:[2m95:19[22m[39m
[36m [2m❯[22m src/components/__tests__/Feedback.test.jsx:[2m73:21[22m[39m
    [90m 71| [39m    [34mit[39m([32m'should show submit feedback button'[39m[33m,[39m () [33m=>[39m {
    [90m 72| [39m      [34mrender[39m([33m<[39m[33mFeedback[39m [33muser[39m[33m=[39m[33m{[39mmockUser[33m}[39m [33mprojects[39m[33m=[39m[33m{[39mmockProjects[33m}[39m [33m/[39m[33m>[39m)[33m;[39m
    [90m 73| [39m      [34mexpect[39m(screen[33m.[39m[34mgetByText[39m([36m/Submit Feedback/i[39m))[33m.[39m[34mtoBeInTheDocument[39m()[33m;[39m
    [90m   | [39m                    [31m^[39m
    [90m 74| [39m    })[33m;[39m
    [90m 75| [39m

[31m[2m⎯⎯⎯⎯⎯⎯⎯⎯⎯⎯⎯⎯⎯⎯⎯⎯⎯⎯⎯⎯⎯[10/172]⎯[22m[39m

[41m[1m FAIL [22m[49m src/components/__tests__/Feedback.test.jsx[2m > [22mFeedback Component[2m > [22mRendering[2m > [22mshould display feedback categories
[31m[1mAssertionError[22m: expected "vi.fn()" to be called with arguments: [ '/api/feedback' ][90m

Number of calls: [1m0[22m
[31m

Ignored nodes: comments, script, style
[36m<html>[31m
  [36m<head />[31m
  [36m<body>[31m
    [36m<div>[31m
      [36m<div[31m
        [33mclass[31m=[32m"feedback-container"[31m
      [36m>[31m
        [36m<div[31m
          [33mclass[31m=[32m"feedback-header"[31m
        [36m>[31m
          [36m<div[31m
            [33mclass[31m=[32m"feedback-filters"[31m
          [36m>[31m
            [36m<button[31m
              [33mclass[31m=[32m"filter-btn active"[31m
            [36m>[31m
              [0mAll ([0m
              [0m0[0m
              [0m)[0m
            [36m</button>[31m
            [36m<button[31m
              [33mclass[31m=[32m"filter-btn"[31m
            [36m>[31m
              [0mOpen ([0m
              [0m0[0m
              [0m)[0m
            [36m</button>[31m
            [36m<button[31m
              [33mclass[31m=[32m"filter-btn"[31m
            [36m>[31m
              [0mResolved ([0m
              [0m0[0m
              [0m)[0m
            [36m</button>[31m
          [36m</div>[31m
          [36m<button[31m
            [33mclass[31m=[32m"btn-add-feedback"[31m
          [36m>[31m
            [0m+ Add Feedback[0m
          [36m</button>[31m
        [36m</div>[31m
        [36m<div[31m
          [33mclass[31m=[32m"loading"[31m
        [36m>[31m
          [0mLoading feedback...[0m
        [36m</div>[31m
      [36m</div>[31m
    [36m</div>[31m
  [36m</body>[31m
[36m</html>[31m[39m
[36m [2m❯[22m src/components/__tests__/Feedback.test.jsx:[2m82:31[22m[39m
    [90m 80| [39m
    [90m 81| [39m      [35mawait[39m [34mwaitFor[39m(() [33m=>[39m {
    [90m 82| [39m        [34mexpect[39m(apiClient[33m.[39m[35mget[39m)[33m.[39m[34mtoHaveBeenCalledWith[39m([32m'/api/feedback'[39m)[33m;[39m
    [90m   | [39m                              [31m^[39m
    [90m 83| [39m      })[33m;[39m
    [90m 84| [39m    })[33m;[39m
[90m [2m❯[22m runWithExpensiveErrorDiagnosticsDisabled node_modules/@testing-library/dom/dist/config.js:[2m47:12[22m[39m
[90m [2m❯[22m checkCallback node_modules/@testing-library/dom/dist/wait-for.js:[2m124:77[22m[39m
[90m [2m❯[22m Timeout.checkRealTimersCallback node_modules/@testing-library/dom/dist/wait-for.js:[2m118:16[22m[39m

[31m[2m⎯⎯⎯⎯⎯⎯⎯⎯⎯⎯⎯⎯⎯⎯⎯⎯⎯⎯⎯⎯⎯[11/172]⎯[22m[39m

[41m[1m FAIL [22m[49m src/components/__tests__/Feedback.test.jsx[2m > [22mFeedback Component[2m > [22mFetching Feedback[2m > [22mshould fetch feedback on mount
[31m[1mAssertionError[22m: expected "vi.fn()" to be called with arguments: [ '/api/feedback' ][90m

Number of calls: [1m0[22m
[31m

Ignored nodes: comments, script, style
[36m<html>[31m
  [36m<head />[31m
  [36m<body>[31m
    [36m<div>[31m
      [36m<div[31m
        [33mclass[31m=[32m"feedback-container"[31m
      [36m>[31m
        [36m<div[31m
          [33mclass[31m=[32m"feedback-header"[31m
        [36m>[31m
          [36m<div[31m
            [33mclass[31m=[32m"feedback-filters"[31m
          [36m>[31m
            [36m<button[31m
              [33mclass[31m=[32m"filter-btn active"[31m
            [36m>[31m
              [0mAll ([0m
              [0m0[0m
              [0m)[0m
            [36m</button>[31m
            [36m<button[31m
              [33mclass[31m=[32m"filter-btn"[31m
            [36m>[31m
              [0mOpen ([0m
              [0m0[0m
              [0m)[0m
            [36m</button>[31m
            [36m<button[31m
              [33mclass[31m=[32m"filter-btn"[31m
            [36m>[31m
              [0mResolved ([0m
              [0m0[0m
              [0m)[0m
            [36m</button>[31m
          [36m</div>[31m
          [36m<button[31m
            [33mclass[31m=[32m"btn-add-feedback"[31m
          [36m>[31m
            [0m+ Add Feedback[0m
          [36m</button>[31m
        [36m</div>[31m
        [36m<div[31m
          [33mclass[31m=[32m"loading"[31m
        [36m>[31m
          [0mLoading feedback...[0m
        [36m</div>[31m
      [36m</div>[31m
    [36m</div>[31m
  [36m</body>[31m
[36m</html>[31m[39m
[36m [2m❯[22m src/components/__tests__/Feedback.test.jsx:[2m94:31[22m[39m
    [90m 92| [39m
    [90m 93| [39m      [35mawait[39m [34mwaitFor[39m(() [33m=>[39m {
    [90m 94| [39m        [34mexpect[39m(apiClient[33m.[39m[35mget[39m)[33m.[39m[34mtoHaveBeenCalledWith[39m([32m'/api/feedback'[39m)[33m;[39m
    [90m   | [39m                              [31m^[39m
    [90m 95| [39m      })[33m;[39m
    [90m 96| [39m    })[33m;[39m
[90m [2m❯[22m runWithExpensiveErrorDiagnosticsDisabled node_modules/@testing-library/dom/dist/config.js:[2m47:12[22m[39m
[90m [2m❯[22m checkCallback node_modules/@testing-library/dom/dist/wait-for.js:[2m124:77[22m[39m
[90m [2m❯[22m Timeout.checkRealTimersCallback node_modules/@testing-library/dom/dist/wait-for.js:[2m118:16[22m[39m

[31m[2m⎯⎯⎯⎯⎯⎯⎯⎯⎯⎯⎯⎯⎯⎯⎯⎯⎯⎯⎯⎯⎯[12/172]⎯[22m[39m

[41m[1m FAIL [22m[49m src/components/__tests__/Feedback.test.jsx[2m > [22mFeedback Component[2m > [22mFetching Feedback[2m > [22mshould display fetched feedback items
[31m[1mTestingLibraryElementError[22m: Unable to find an element with the text: Need better documentation. This could be because the text is broken up by multiple elements. In this case, you can provide a function for your text matcher to make your matcher more flexible.

Ignored nodes: comments, script, style
[36m<body>[31m
  [36m<div>[31m
    [36m<div[31m
      [33mclass[31m=[32m"feedback-container"[31m
    [36m>[31m
      [36m<div[31m
        [33mclass[31m=[32m"feedback-header"[31m
      [36m>[31m
        [36m<div[31m
          [33mclass[31m=[32m"feedback-filters"[31m
        [36m>[31m
          [36m<button[31m
            [33mclass[31m=[32m"filter-btn active"[31m
          [36m>[31m
            [0mAll ([0m
            [0m0[0m
            [0m)[0m
          [36m</button>[31m
          [36m<button[31m
            [33mclass[31m=[32m"filter-btn"[31m
          [36m>[31m
            [0mOpen ([0m
            [0m0[0m
            [0m)[0m
          [36m</button>[31m
          [36m<button[31m
            [33mclass[31m=[32m"filter-btn"[31m
          [36m>[31m
            [0mResolved ([0m
            [0m0[0m
            [0m)[0m
          [36m</button>[31m
        [36m</div>[31m
        [36m<button[31m
          [33mclass[31m=[32m"btn-add-feedback"[31m
        [36m>[31m
          [0m+ Add Feedback[0m
        [36m</button>[31m
      [36m</div>[31m
      [36m<div[31m
        [33mclass[31m=[32m"loading"[31m
      [36m>[31m
        [0mLoading feedback...[0m
      [36m</div>[31m
    [36m</div>[31m
  [36m</div>[31m
[36m</body>[31m

Ignored nodes: comments, script, style
[36m<html>[31m
  [36m<head />[31m
  [36m<body>[31m
    [36m<div>[31m
      [36m<div[31m
        [33mclass[31m=[32m"feedback-container"[31m
      [36m>[31m
        [36m<div[31m
          [33mclass[31m=[32m"feedback-header"[31m
        [36m>[31m
          [36m<div[31m
            [33mclass[31m=[32m"feedback-filters"[31m
          [36m>[31m
            [36m<button[31m
              [33mclass[31m=[32m"filter-btn active"[31m
            [36m>[31m
              [0mAll ([0m
              [0m0[0m
              [0m)[0m
            [36m</button>[31m
            [36m<button[31m
              [33mclass[31m=[32m"filter-btn"[31m
            [36m>[31m
              [0mOpen ([0m
              [0m0[0m
              [0m)[0m
            [36m</button>[31m
            [36m<button[31m
              [33mclass[31m=[32m"filter-btn"[31m
            [36m>[31m
              [0mResolved ([0m
              [0m0[0m
              [0m)[0m
            [36m</button>[31m
          [36m</div>[31m
          [36m<button[31m
            [33mclass[31m=[32m"btn-add-feedback"[31m
          [36m>[31m
            [0m+ Add Feedback[0m
          [36m</button>[31m
        [36m</div>[31m
        [36m<div[31m
          [33mclass[31m=[32m"loading"[31m
        [36m>[31m
          [0mLoading feedback...[0m
        [36m</div>[31m
      [36m</div>[31m
    [36m</div>[31m
  [36m</body>[31m
[36m</html>[31m[39m
[90m [2m❯[22m Proxy.waitForWrapper node_modules/@testing-library/dom/dist/wait-for.js:[2m163:27[22m[39m
[36m [2m❯[22m src/components/__tests__/Feedback.test.jsx:[2m103:13[22m[39m
    [90m101| [39m      [34mrender[39m([33m<[39m[33mFeedback[39m [33muser[39m[33m=[39m[33m{[39mmockUser[33m}[39m [33mprojects[39m[33m=[39m[33m{[39mmockProjects[33m}[39m [33m/[39m[33m>[39m)[33m;[39m
    [90m102| [39m
    [90m103| [39m      [35mawait[39m [34mwaitFor[39m(() [33m=>[39m {
    [90m   | [39m            [31m^[39m
    [90m104| [39m        expect(screen.getByText('Need better documentation')).toBeInTh…
    [90m105| [39m        expect(screen.getByText('Weekly updates would be helpful')).to…

[31m[2m⎯⎯⎯⎯⎯⎯⎯⎯⎯⎯⎯⎯⎯⎯⎯⎯⎯⎯⎯⎯⎯[13/172]⎯[22m[39m

[41m[1m FAIL [22m[49m src/components/__tests__/Feedback.test.jsx[2m > [22mFeedback Component[2m > [22mFetching Feedback[2m > [22mshould handle fetch error gracefully
[31m[1mAssertionError[22m: expected "vi.fn()" to be called at least once

Ignored nodes: comments, script, style
[36m<html>[31m
  [36m<head />[31m
  [36m<body>[31m
    [36m<div>[31m
      [36m<div[31m
        [33mclass[31m=[32m"feedback-container"[31m
      [36m>[31m
        [36m<div[31m
          [33mclass[31m=[32m"feedback-header"[31m
        [36m>[31m
          [36m<div[31m
            [33mclass[31m=[32m"feedback-filters"[31m
          [36m>[31m
            [36m<button[31m
              [33mclass[31m=[32m"filter-btn active"[31m
            [36m>[31m
              [0mAll ([0m
              [0m0[0m
              [0m)[0m
            [36m</button>[31m
            [36m<button[31m
              [33mclass[31m=[32m"filter-btn"[31m
            [36m>[31m
              [0mOpen ([0m
              [0m0[0m
              [0m)[0m
            [36m</button>[31m
            [36m<button[31m
              [33mclass[31m=[32m"filter-btn"[31m
            [36m>[31m
              [0mResolved ([0m
              [0m0[0m
              [0m)[0m
            [36m</button>[31m
          [36m</div>[31m
          [36m<button[31m
            [33mclass[31m=[32m"btn-add-feedback"[31m
          [36m>[31m
            [0m+ Add Feedback[0m
          [36m</button>[31m
        [36m</div>[31m
        [36m<div[31m
          [33mclass[31m=[32m"loading"[31m
        [36m>[31m
          [0mLoading feedback...[0m
        [36m</div>[31m
      [36m</div>[31m
    [36m</div>[31m
  [36m</body>[31m
[36m</html>[31m[39m
[36m [2m❯[22m src/components/__tests__/Feedback.test.jsx:[2m116:31[22m[39m
    [90m114| [39m
    [90m115| [39m      [35mawait[39m [34mwaitFor[39m(() [33m=>[39m {
    [90m116| [39m        [34mexpect[39m(apiClient[33m.[39m[35mget[39m)[33m.[39m[34mtoHaveBeenCalled[39m()[33m;[39m
    [90m   | [39m                              [31m^[39m
    [90m117| [39m      })[33m;[39m
    [90m118| [39m
[90m [2m❯[22m runWithExpensiveErrorDiagnosticsDisabled node_modules/@testing-library/dom/dist/config.js:[2m47:12[22m[39m
[90m [2m❯[22m checkCallback node_modules/@testing-library/dom/dist/wait-for.js:[2m124:77[22m[39m
[90m [2m❯[22m Timeout.checkRealTimersCallback node_modules/@testing-library/dom/dist/wait-for.js:[2m118:16[22m[39m

[31m[2m⎯⎯⎯⎯⎯⎯⎯⎯⎯⎯⎯⎯⎯⎯⎯⎯⎯⎯⎯⎯⎯[14/172]⎯[22m[39m

[41m[1m FAIL [22m[49m src/components/__tests__/Feedback.test.jsx[2m > [22mFeedback Component[2m > [22mSubmitting Feedback[2m > [22mshould open feedback modal when submit button is clicked
[31m[1mTestingLibraryElementError[22m: Unable to find an element with the text: /Submit Feedback/i. This could be because the text is broken up by multiple elements. In this case, you can provide a function for your text matcher to make your matcher more flexible.

Ignored nodes: comments, script, style
[36m<body>[31m
  [36m<div>[31m
    [36m<div[31m
      [33mclass[31m=[32m"feedback-container"[31m
    [36m>[31m
      [36m<div[31m
        [33mclass[31m=[32m"feedback-header"[31m
      [36m>[31m
        [36m<div[31m
          [33mclass[31m=[32m"feedback-filters"[31m
        [36m>[31m
          [36m<button[31m
            [33mclass[31m=[32m"filter-btn active"[31m
          [36m>[31m
            [0mAll ([0m
            [0m0[0m
            [0m)[0m
          [36m</button>[31m
          [36m<button[31m
            [33mclass[31m=[32m"filter-btn"[31m
          [36m>[31m
            [0mOpen ([0m
            [0m0[0m
            [0m)[0m
          [36m</button>[31m
          [36m<button[31m
            [33mclass[31m=[32m"filter-btn"[31m
          [36m>[31m
            [0mResolved ([0m
            [0m0[0m
            [0m)[0m
          [36m</button>[31m
        [36m</div>[31m
        [36m<button[31m
          [33mclass[31m=[32m"btn-add-feedback"[31m
        [36m>[31m
          [0m+ Add Feedback[0m
        [36m</button>[31m
      [36m</div>[31m
      [36m<div[31m
        [33mclass[31m=[32m"loading"[31m
      [36m>[31m
        [0mLoading feedback...[0m
      [36m</div>[31m
    [36m</div>[31m
  [36m</div>[31m
[36m</body>[31m

Ignored nodes: comments, script, style
[36m<body>[31m
  [36m<div>[31m
    [36m<div[31m
      [33mclass[31m=[32m"feedback-container"[31m
    [36m>[31m
      [36m<div[31m
        [33mclass[31m=[32m"feedback-header"[31m
      [36m>[31m
        [36m<div[31m
          [33mclass[31m=[32m"feedback-filters"[31m
        [36m>[31m
          [36m<button[31m
            [33mclass[31m=[32m"filter-btn active"[31m
          [36m>[31m
            [0mAll ([0m
            [0m0[0m
            [0m)[0m
          [36m</button>[31m
          [36m<button[31m
            [33mclass[31m=[32m"filter-btn"[31m
          [36m>[31m
            [0mOpen ([0m
            [0m0[0m
            [0m)[0m
          [36m</button>[31m
          [36m<button[31m
            [33mclass[31m=[32m"filter-btn"[31m
          [36m>[31m
            [0mResolved ([0m
            [0m0[0m
            [0m)[0m
          [36m</button>[31m
        [36m</div>[31m
        [36m<button[31m
          [33mclass[31m=[32m"btn-add-feedback"[31m
        [36m>[31m
          [0m+ Add Feedback[0m
        [36m</button>[31m
      [36m</div>[31m
      [36m<div[31m
        [33mclass[31m=[32m"loading"[31m
      [36m>[31m
        [0mLoading feedback...[0m
      [36m</div>[31m
    [36m</div>[31m
  [36m</div>[31m
[36m</body>[31m[39m
[90m [2m❯[22m waitForWrapper node_modules/@testing-library/dom/dist/wait-for.js:[2m163:27[22m[39m
[90m [2m❯[22m node_modules/@testing-library/dom/dist/query-helpers.js:[2m86:33[22m[39m
[36m [2m❯[22m src/components/__tests__/Feedback.test.jsx:[2m135:41[22m[39m
    [90m133| [39m      [34mrender[39m([33m<[39m[33mFeedback[39m [33muser[39m[33m=[39m[33m{[39mmockUser[33m}[39m [33mprojects[39m[33m=[39m[33m{[39mmockProjects[33m}[39m [33m/[39m[33m>[39m)[33m;[39m
    [90m134| [39m
    [90m135| [39m      [35mconst[39m submitButton [33m=[39m [35mawait[39m screen[33m.[39m[34mfindByText[39m([36m/Submit Feedback/i[39m)[33m;[39m
    [90m   | [39m                                        [31m^[39m
    [90m136| [39m      fireEvent[33m.[39m[34mclick[39m(submitButton)[33m;[39m
    [90m137| [39m

[31m[2m⎯⎯⎯⎯⎯⎯⎯⎯⎯⎯⎯⎯⎯⎯⎯⎯⎯⎯⎯⎯⎯[15/172]⎯[22m[39m

[41m[1m FAIL [22m[49m src/components/__tests__/Feedback.test.jsx[2m > [22mFeedback Component[2m > [22mSubmitting Feedback[2m > [22mshould submit feedback with correct data
[31m[1mTestingLibraryElementError[22m: Unable to find an element with the text: /Submit Feedback/i. This could be because the text is broken up by multiple elements. In this case, you can provide a function for your text matcher to make your matcher more flexible.

Ignored nodes: comments, script, style
[36m<body>[31m
  [36m<div>[31m
    [36m<div[31m
      [33mclass[31m=[32m"feedback-container"[31m
    [36m>[31m
      [36m<div[31m
        [33mclass[31m=[32m"feedback-header"[31m
      [36m>[31m
        [36m<div[31m
          [33mclass[31m=[32m"feedback-filters"[31m
        [36m>[31m
          [36m<button[31m
            [33mclass[31m=[32m"filter-btn active"[31m
          [36m>[31m
            [0mAll ([0m
            [0m0[0m
            [0m)[0m
          [36m</button>[31m
          [36m<button[31m
            [33mclass[31m=[32m"filter-btn"[31m
          [36m>[31m
            [0mOpen ([0m
            [0m0[0m
            [0m)[0m
          [36m</button>[31m
          [36m<button[31m
            [33mclass[31m=[32m"filter-btn"[31m
          [36m>[31m
            [0mResolved ([0m
            [0m0[0m
            [0m)[0m
          [36m</button>[31m
        [36m</div>[31m
        [36m<button[31m
          [33mclass[31m=[32m"btn-add-feedback"[31m
        [36m>[31m
          [0m+ Add Feedback[0m
        [36m</button>[31m
      [36m</div>[31m
      [36m<div[31m
        [33mclass[31m=[32m"loading"[31m
      [36m>[31m
        [0mLoading feedback...[0m
      [36m</div>[31m
    [36m</div>[31m
  [36m</div>[31m
[36m</body>[31m

Ignored nodes: comments, script, style
[36m<body>[31m
  [36m<div>[31m
    [36m<div[31m
      [33mclass[31m=[32m"feedback-container"[31m
    [36m>[31m
      [36m<div[31m
        [33mclass[31m=[32m"feedback-header"[31m
      [36m>[31m
        [36m<div[31m
          [33mclass[31m=[32m"feedback-filters"[31m
        [36m>[31m
          [36m<button[31m
            [33mclass[31m=[32m"filter-btn active"[31m
          [36m>[31m
            [0mAll ([0m
            [0m0[0m
            [0m)[0m
          [36m</button>[31m
          [36m<button[31m
            [33mclass[31m=[32m"filter-btn"[31m
          [36m>[31m
            [0mOpen ([0m
            [0m0[0m
            [0m)[0m
          [36m</button>[31m
          [36m<button[31m
            [33mclass[31m=[32m"filter-btn"[31m
          [36m>[31m
            [0mResolved ([0m
            [0m0[0m
            [0m)[0m
          [36m</button>[31m
        [36m</div>[31m
        [36m<button[31m
          [33mclass[31m=[32m"btn-add-feedback"[31m
        [36m>[31m
          [0m+ Add Feedback[0m
        [36m</button>[31m
      [36m</div>[31m
      [36m<div[31m
        [33mclass[31m=[32m"loading"[31m
      [36m>[31m
        [0mLoading feedback...[0m
      [36m</div>[31m
    [36m</div>[31m
  [36m</div>[31m
[36m</body>[31m[39m
[90m [2m❯[22m waitForWrapper node_modules/@testing-library/dom/dist/wait-for.js:[2m163:27[22m[39m
[90m [2m❯[22m node_modules/@testing-library/dom/dist/query-helpers.js:[2m86:33[22m[39m
[36m [2m❯[22m src/components/__tests__/Feedback.test.jsx:[2m154:41[22m[39m
    [90m152| [39m      [34mrender[39m([33m<[39m[33mFeedback[39m [33muser[39m[33m=[39m[33m{[39mmockUser[33m}[39m [33mprojects[39m[33m=[39m[33m{[39mmockProjects[33m}[39m [33m/[39m[33m>[39m)[33m;[39m
    [90m153| [39m
    [90m154| [39m      [35mconst[39m submitButton [33m=[39m [35mawait[39m screen[33m.[39m[34mfindByText[39m([36m/Submit Feedback/i[39m)[33m;[39m
    [90m   | [39m                                        [31m^[39m
    [90m155| [39m      fireEvent[33m.[39m[34mclick[39m(submitButton)[33m;[39m
    [90m156| [39m

[31m[2m⎯⎯⎯⎯⎯⎯⎯⎯⎯⎯⎯⎯⎯⎯⎯⎯⎯⎯⎯⎯⎯[16/172]⎯[22m[39m

[41m[1m FAIL [22m[49m src/components/__tests__/Feedback.test.jsx[2m > [22mFeedback Component[2m > [22mSubmitting Feedback[2m > [22mshould validate required fields
[31m[1mTestingLibraryElementError[22m: Unable to find an element with the text: /Submit Feedback/i. This could be because the text is broken up by multiple elements. In this case, you can provide a function for your text matcher to make your matcher more flexible.

Ignored nodes: comments, script, style
[36m<body>[31m
  [36m<div>[31m
    [36m<div[31m
      [33mclass[31m=[32m"feedback-container"[31m
    [36m>[31m
      [36m<div[31m
        [33mclass[31m=[32m"feedback-header"[31m
      [36m>[31m
        [36m<div[31m
          [33mclass[31m=[32m"feedback-filters"[31m
        [36m>[31m
          [36m<button[31m
            [33mclass[31m=[32m"filter-btn active"[31m
          [36m>[31m
            [0mAll ([0m
            [0m0[0m
            [0m)[0m
          [36m</button>[31m
          [36m<button[31m
            [33mclass[31m=[32m"filter-btn"[31m
          [36m>[31m
            [0mOpen ([0m
            [0m0[0m
            [0m)[0m
          [36m</button>[31m
          [36m<button[31m
            [33mclass[31m=[32m"filter-btn"[31m
          [36m>[31m
            [0mResolved ([0m
            [0m0[0m
            [0m)[0m
          [36m</button>[31m
        [36m</div>[31m
        [36m<button[31m
          [33mclass[31m=[32m"btn-add-feedback"[31m
        [36m>[31m
          [0m+ Add Feedback[0m
        [36m</button>[31m
      [36m</div>[31m
      [36m<div[31m
        [33mclass[31m=[32m"loading"[31m
      [36m>[31m
        [0mLoading feedback...[0m
      [36m</div>[31m
    [36m</div>[31m
  [36m</div>[31m
[36m</body>[31m

Ignored nodes: comments, script, style
[36m<body>[31m
  [36m<div>[31m
    [36m<div[31m
      [33mclass[31m=[32m"feedback-container"[31m
    [36m>[31m
      [36m<div[31m
        [33mclass[31m=[32m"feedback-header"[31m
      [36m>[31m
        [36m<div[31m
          [33mclass[31m=[32m"feedback-filters"[31m
        [36m>[31m
          [36m<button[31m
            [33mclass[31m=[32m"filter-btn active"[31m
          [36m>[31m
            [0mAll ([0m
            [0m0[0m
            [0m)[0m
          [36m</button>[31m
          [36m<button[31m
            [33mclass[31m=[32m"filter-btn"[31m
          [36m>[31m
            [0mOpen ([0m
            [0m0[0m
            [0m)[0m
          [36m</button>[31m
          [36m<button[31m
            [33mclass[31m=[32m"filter-btn"[31m
          [36m>[31m
            [0mResolved ([0m
            [0m0[0m
            [0m)[0m
          [36m</button>[31m
        [36m</div>[31m
        [36m<button[31m
          [33mclass[31m=[32m"btn-add-feedback"[31m
        [36m>[31m
          [0m+ Add Feedback[0m
        [36m</button>[31m
      [36m</div>[31m
      [36m<div[31m
        [33mclass[31m=[32m"loading"[31m
      [36m>[31m
        [0mLoading feedback...[0m
      [36m</div>[31m
    [36m</div>[31m
  [36m</div>[31m
[36m</body>[31m[39m
[90m [2m❯[22m waitForWrapper node_modules/@testing-library/dom/dist/wait-for.js:[2m163:27[22m[39m
[90m [2m❯[22m node_modules/@testing-library/dom/dist/query-helpers.js:[2m86:33[22m[39m
[36m [2m❯[22m src/components/__tests__/Feedback.test.jsx:[2m182:41[22m[39m
    [90m180| [39m      [34mrender[39m([33m<[39m[33mFeedback[39m [33muser[39m[33m=[39m[33m{[39mmockUser[33m}[39m [33mprojects[39m[33m=[39m[33m{[39mmockProjects[33m}[39m [33m/[39m[33m>[39m)[33m;[39m
    [90m181| [39m
    [90m182| [39m      [35mconst[39m submitButton [33m=[39m [35mawait[39m screen[33m.[39m[34mfindByText[39m([36m/Submit Feedback/i[39m)[33m;[39m
    [90m   | [39m                                        [31m^[39m
    [90m183| [39m      fireEvent[33m.[39m[34mclick[39m(submitButton)[33m;[39m
    [90m184| [39m

[31m[2m⎯⎯⎯⎯⎯⎯⎯⎯⎯⎯⎯⎯⎯⎯⎯⎯⎯⎯⎯⎯⎯[17/172]⎯[22m[39m

[41m[1m FAIL [22m[49m src/components/__tests__/Feedback.test.jsx[2m > [22mFeedback Component[2m > [22mSubmitting Feedback[2m > [22mshould close modal after successful submission
[31m[1mTestingLibraryElementError[22m: Unable to find an element with the text: /Submit Feedback/i. This could be because the text is broken up by multiple elements. In this case, you can provide a function for your text matcher to make your matcher more flexible.

Ignored nodes: comments, script, style
[36m<body>[31m
  [36m<div>[31m
    [36m<div[31m
      [33mclass[31m=[32m"feedback-container"[31m
    [36m>[31m
      [36m<div[31m
        [33mclass[31m=[32m"feedback-header"[31m
      [36m>[31m
        [36m<div[31m
          [33mclass[31m=[32m"feedback-filters"[31m
        [36m>[31m
          [36m<button[31m
            [33mclass[31m=[32m"filter-btn active"[31m
          [36m>[31m
            [0mAll ([0m
            [0m0[0m
            [0m)[0m
          [36m</button>[31m
          [36m<button[31m
            [33mclass[31m=[32m"filter-btn"[31m
          [36m>[31m
            [0mOpen ([0m
            [0m0[0m
            [0m)[0m
          [36m</button>[31m
          [36m<button[31m
            [33mclass[31m=[32m"filter-btn"[31m
          [36m>[31m
            [0mResolved ([0m
            [0m0[0m
            [0m)[0m
          [36m</button>[31m
        [36m</div>[31m
        [36m<button[31m
          [33mclass[31m=[32m"btn-add-feedback"[31m
        [36m>[31m
          [0m+ Add Feedback[0m
        [36m</button>[31m
      [36m</div>[31m
      [36m<div[31m
        [33mclass[31m=[32m"loading"[31m
      [36m>[31m
        [0mLoading feedback...[0m
      [36m</div>[31m
    [36m</div>[31m
  [36m</div>[31m
[36m</body>[31m

Ignored nodes: comments, script, style
[36m<body>[31m
  [36m<div>[31m
    [36m<div[31m
      [33mclass[31m=[32m"feedback-container"[31m
    [36m>[31m
      [36m<div[31m
        [33mclass[31m=[32m"feedback-header"[31m
      [36m>[31m
        [36m<div[31m
          [33mclass[31m=[32m"feedback-filters"[31m
        [36m>[31m
          [36m<button[31m
            [33mclass[31m=[32m"filter-btn active"[31m
          [36m>[31m
            [0mAll ([0m
            [0m0[0m
            [0m)[0m
          [36m</button>[31m
          [36m<button[31m
            [33mclass[31m=[32m"filter-btn"[31m
          [36m>[31m
            [0mOpen ([0m
            [0m0[0m
            [0m)[0m
          [36m</button>[31m
          [36m<button[31m
            [33mclass[31m=[32m"filter-btn"[31m
          [36m>[31m
            [0mResolved ([0m
            [0m0[0m
            [0m)[0m
          [36m</button>[31m
        [36m</div>[31m
        [36m<button[31m
          [33mclass[31m=[32m"btn-add-feedback"[31m
        [36m>[31m
          [0m+ Add Feedback[0m
        [36m</button>[31m
      [36m</div>[31m
      [36m<div[31m
        [33mclass[31m=[32m"loading"[31m
      [36m>[31m
        [0mLoading feedback...[0m
      [36m</div>[31m
    [36m</div>[31m
  [36m</div>[31m
[36m</body>[31m[39m
[90m [2m❯[22m waitForWrapper node_modules/@testing-library/dom/dist/wait-for.js:[2m163:27[22m[39m
[90m [2m❯[22m node_modules/@testing-library/dom/dist/query-helpers.js:[2m86:33[22m[39m
[36m [2m❯[22m src/components/__tests__/Feedback.test.jsx:[2m199:41[22m[39m
    [90m197| [39m      [34mrender[39m([33m<[39m[33mFeedback[39m [33muser[39m[33m=[39m[33m{[39mmockUser[33m}[39m [33mprojects[39m[33m=[39m[33m{[39mmockProjects[33m}[39m [33m/[39m[33m>[39m)[33m;[39m
    [90m198| [39m
    [90m199| [39m      [35mconst[39m submitButton [33m=[39m [35mawait[39m screen[33m.[39m[34mfindByText[39m([36m/Submit Feedback/i[39m)[33m;[39m
    [90m   | [39m                                        [31m^[39m
    [90m200| [39m      fireEvent[33m.[39m[34mclick[39m(submitButton)[33m;[39m
    [90m201| [39m

[31m[2m⎯⎯⎯⎯⎯⎯⎯⎯⎯⎯⎯⎯⎯⎯⎯⎯⎯⎯⎯⎯⎯[18/172]⎯[22m[39m

[41m[1m FAIL [22m[49m src/components/__tests__/Feedback.test.jsx[2m > [22mFeedback Component[2m > [22mPM Response Functionality[2m > [22mshould show respond button for PM on their projects
[31m[1mTestingLibraryElementError[22m: Unable to find an element with the text: Need better documentation. This could be because the text is broken up by multiple elements. In this case, you can provide a function for your text matcher to make your matcher more flexible.

Ignored nodes: comments, script, style
[36m<body>[31m
  [36m<div>[31m
    [36m<div[31m
      [33mclass[31m=[32m"feedback-container"[31m
    [36m>[31m
      [36m<div[31m
        [33mclass[31m=[32m"feedback-header"[31m
      [36m>[31m
        [36m<div[31m
          [33mclass[31m=[32m"feedback-filters"[31m
        [36m>[31m
          [36m<button[31m
            [33mclass[31m=[32m"filter-btn active"[31m
          [36m>[31m
            [0mAll ([0m
            [0m0[0m
            [0m)[0m
          [36m</button>[31m
          [36m<button[31m
            [33mclass[31m=[32m"filter-btn"[31m
          [36m>[31m
            [0mOpen ([0m
            [0m0[0m
            [0m)[0m
          [36m</button>[31m
          [36m<button[31m
            [33mclass[31m=[32m"filter-btn"[31m
          [36m>[31m
            [0mResolved ([0m
            [0m0[0m
            [0m)[0m
          [36m</button>[31m
        [36m</div>[31m
        [36m<button[31m
          [33mclass[31m=[32m"btn-add-feedback"[31m
        [36m>[31m
          [0m+ Add Feedback[0m
        [36m</button>[31m
      [36m</div>[31m
      [36m<div[31m
        [33mclass[31m=[32m"loading"[31m
      [36m>[31m
        [0mLoading feedback...[0m
      [36m</div>[31m
    [36m</div>[31m
  [36m</div>[31m
[36m</body>[31m

Ignored nodes: comments, script, style
[36m<html>[31m
  [36m<head />[31m
  [36m<body>[31m
    [36m<div>[31m
      [36m<div[31m
        [33mclass[31m=[32m"feedback-container"[31m
      [36m>[31m
        [36m<div[31m
          [33mclass[31m=[32m"feedback-header"[31m
        [36m>[31m
          [36m<div[31m
            [33mclass[31m=[32m"feedback-filters"[31m
          [36m>[31m
            [36m<button[31m
              [33mclass[31m=[32m"filter-btn active"[31m
            [36m>[31m
              [0mAll ([0m
              [0m0[0m
              [0m)[0m
            [36m</button>[31m
            [36m<button[31m
              [33mclass[31m=[32m"filter-btn"[31m
            [36m>[31m
              [0mOpen ([0m
              [0m0[0m
              [0m)[0m
            [36m</button>[31m
            [36m<button[31m
              [33mclass[31m=[32m"filter-btn"[31m
            [36m>[31m
              [0mResolved ([0m
              [0m0[0m
              [0m)[0m
            [36m</button>[31m
          [36m</div>[31m
          [36m<button[31m
            [33mclass[31m=[32m"btn-add-feedback"[31m
          [36m>[31m
            [0m+ Add Feedback[0m
          [36m</button>[31m
        [36m</div>[31m
        [36m<div[31m
          [33mclass[31m=[32m"loading"[31m
        [36m>[31m
          [0mLoading feedback...[0m
        [36m</div>[31m
      [36m</div>[31m
    [36m</div>[31m
  [36m</body>[31m
[36m</html>[31m[39m
[90m [2m❯[22m Proxy.waitForWrapper node_modules/@testing-library/dom/dist/wait-for.js:[2m163:27[22m[39m
[36m [2m❯[22m src/components/__tests__/Feedback.test.jsx:[2m235:13[22m[39m
    [90m233| [39m      [34mrender[39m([33m<[39m[33mFeedback[39m [33muser[39m[33m=[39m[33m{[39mpmUser[33m}[39m [33mprojects[39m[33m=[39m[33m{[39mmockProjects[33m}[39m [33m/[39m[33m>[39m)[33m;[39m
    [90m234| [39m
    [90m235| [39m      [35mawait[39m [34mwaitFor[39m(() [33m=>[39m {
    [90m   | [39m            [31m^[39m
    [90m236| [39m        expect(screen.getByText('Need better documentation')).toBeInTh…
    [90m237| [39m      })[33m;[39m

[31m[2m⎯⎯⎯⎯⎯⎯⎯⎯⎯⎯⎯⎯⎯⎯⎯⎯⎯⎯⎯⎯⎯[19/172]⎯[22m[39m

[41m[1m FAIL [22m[49m src/components/__tests__/Feedback.test.jsx[2m > [22mFeedback Component[2m > [22mPM Response Functionality[2m > [22mshould allow PM to respond to feedback
[31m[1mTestingLibraryElementError[22m: Unable to find an element with the text: Need better documentation. This could be because the text is broken up by multiple elements. In this case, you can provide a function for your text matcher to make your matcher more flexible.

Ignored nodes: comments, script, style
[36m<body>[31m
  [36m<div>[31m
    [36m<div[31m
      [33mclass[31m=[32m"feedback-container"[31m
    [36m>[31m
      [36m<div[31m
        [33mclass[31m=[32m"feedback-header"[31m
      [36m>[31m
        [36m<div[31m
          [33mclass[31m=[32m"feedback-filters"[31m
        [36m>[31m
          [36m<button[31m
            [33mclass[31m=[32m"filter-btn active"[31m
          [36m>[31m
            [0mAll ([0m
            [0m0[0m
            [0m)[0m
          [36m</button>[31m
          [36m<button[31m
            [33mclass[31m=[32m"filter-btn"[31m
          [36m>[31m
            [0mOpen ([0m
            [0m0[0m
            [0m)[0m
          [36m</button>[31m
          [36m<button[31m
            [33mclass[31m=[32m"filter-btn"[31m
          [36m>[31m
            [0mResolved ([0m
            [0m0[0m
            [0m)[0m
          [36m</button>[31m
        [36m</div>[31m
        [36m<button[31m
          [33mclass[31m=[32m"btn-add-feedback"[31m
        [36m>[31m
          [0m+ Add Feedback[0m
        [36m</button>[31m
      [36m</div>[31m
      [36m<div[31m
        [33mclass[31m=[32m"loading"[31m
      [36m>[31m
        [0mLoading feedback...[0m
      [36m</div>[31m
    [36m</div>[31m
  [36m</div>[31m
[36m</body>[31m

Ignored nodes: comments, script, style
[36m<html>[31m
  [36m<head />[31m
  [36m<body>[31m
    [36m<div>[31m
      [36m<div[31m
        [33mclass[31m=[32m"feedback-container"[31m
      [36m>[31m
        [36m<div[31m
          [33mclass[31m=[32m"feedback-header"[31m
        [36m>[31m
          [36m<div[31m
            [33mclass[31m=[32m"feedback-filters"[31m
          [36m>[31m
            [36m<button[31m
              [33mclass[31m=[32m"filter-btn active"[31m
            [36m>[31m
              [0mAll ([0m
              [0m0[0m
              [0m)[0m
            [36m</button>[31m
            [36m<button[31m
              [33mclass[31m=[32m"filter-btn"[31m
            [36m>[31m
              [0mOpen ([0m
              [0m0[0m
              [0m)[0m
            [36m</button>[31m
            [36m<button[31m
              [33mclass[31m=[32m"filter-btn"[31m
            [36m>[31m
              [0mResolved ([0m
              [0m0[0m
              [0m)[0m
            [36m</button>[31m
          [36m</div>[31m
          [36m<button[31m
            [33mclass[31m=[32m"btn-add-feedback"[31m
          [36m>[31m
            [0m+ Add Feedback[0m
          [36m</button>[31m
        [36m</div>[31m
        [36m<div[31m
          [33mclass[31m=[32m"loading"[31m
        [36m>[31m
          [0mLoading feedback...[0m
        [36m</div>[31m
      [36m</div>[31m
    [36m</div>[31m
  [36m</body>[31m
[36m</html>[31m[39m
[90m [2m❯[22m Proxy.waitForWrapper node_modules/@testing-library/dom/dist/wait-for.js:[2m163:27[22m[39m
[36m [2m❯[22m src/components/__tests__/Feedback.test.jsx:[2m255:13[22m[39m
    [90m253| [39m      [34mrender[39m([33m<[39m[33mFeedback[39m [33muser[39m[33m=[39m[33m{[39mpmUser[33m}[39m [33mprojects[39m[33m=[39m[33m{[39mmockProjects[33m}[39m [33m/[39m[33m>[39m)[33m;[39m
    [90m254| [39m
    [90m255| [39m      [35mawait[39m [34mwaitFor[39m(() [33m=>[39m {
    [90m   | [39m            [31m^[39m
    [90m256| [39m        expect(screen.getByText('Need better documentation')).toBeInTh…
    [90m257| [39m      })[33m;[39m

[31m[2m⎯⎯⎯⎯⎯⎯⎯⎯⎯⎯⎯⎯⎯⎯⎯⎯⎯⎯⎯⎯⎯[20/172]⎯[22m[39m

[41m[1m FAIL [22m[49m src/components/__tests__/Feedback.test.jsx[2m > [22mFeedback Component[2m > [22mPM Response Functionality[2m > [22mshould show resolve button for responded feedback
[31m[1mTestingLibraryElementError[22m: Unable to find an element with the text: Weekly updates would be helpful. This could be because the text is broken up by multiple elements. In this case, you can provide a function for your text matcher to make your matcher more flexible.

Ignored nodes: comments, script, style
[36m<body>[31m
  [36m<div>[31m
    [36m<div[31m
      [33mclass[31m=[32m"feedback-container"[31m
    [36m>[31m
      [36m<div[31m
        [33mclass[31m=[32m"feedback-header"[31m
      [36m>[31m
        [36m<div[31m
          [33mclass[31m=[32m"feedback-filters"[31m
        [36m>[31m
          [36m<button[31m
            [33mclass[31m=[32m"filter-btn active"[31m
          [36m>[31m
            [0mAll ([0m
            [0m0[0m
            [0m)[0m
          [36m</button>[31m
          [36m<button[31m
            [33mclass[31m=[32m"filter-btn"[31m
          [36m>[31m
            [0mOpen ([0m
            [0m0[0m
            [0m)[0m
          [36m</button>[31m
          [36m<button[31m
            [33mclass[31m=[32m"filter-btn"[31m
          [36m>[31m
            [0mResolved ([0m
            [0m0[0m
            [0m)[0m
          [36m</button>[31m
        [36m</div>[31m
        [36m<button[31m
          [33mclass[31m=[32m"btn-add-feedback"[31m
        [36m>[31m
          [0m+ Add Feedback[0m
        [36m</button>[31m
      [36m</div>[31m
      [36m<div[31m
        [33mclass[31m=[32m"loading"[31m
      [36m>[31m
        [0mLoading feedback...[0m
      [36m</div>[31m
    [36m</div>[31m
  [36m</div>[31m
[36m</body>[31m

Ignored nodes: comments, script, style
[36m<html>[31m
  [36m<head />[31m
  [36m<body>[31m
    [36m<div>[31m
      [36m<div[31m
        [33mclass[31m=[32m"feedback-container"[31m
      [36m>[31m
        [36m<div[31m
          [33mclass[31m=[32m"feedback-header"[31m
        [36m>[31m
          [36m<div[31m
            [33mclass[31m=[32m"feedback-filters"[31m
          [36m>[31m
            [36m<button[31m
              [33mclass[31m=[32m"filter-btn active"[31m
            [36m>[31m
              [0mAll ([0m
              [0m0[0m
              [0m)[0m
            [36m</button>[31m
            [36m<button[31m
              [33mclass[31m=[32m"filter-btn"[31m
            [36m>[31m
              [0mOpen ([0m
              [0m0[0m
              [0m)[0m
            [36m</button>[31m
            [36m<button[31m
              [33mclass[31m=[32m"filter-btn"[31m
            [36m>[31m
              [0mResolved ([0m
              [0m0[0m
              [0m)[0m
            [36m</button>[31m
          [36m</div>[31m
          [36m<button[31m
            [33mclass[31m=[32m"btn-add-feedback"[31m
          [36m>[31m
            [0m+ Add Feedback[0m
          [36m</button>[31m
        [36m</div>[31m
        [36m<div[31m
          [33mclass[31m=[32m"loading"[31m
        [36m>[31m
          [0mLoading feedback...[0m
        [36m</div>[31m
      [36m</div>[31m
    [36m</div>[31m
  [36m</body>[31m
[36m</html>[31m[39m
[90m [2m❯[22m Proxy.waitForWrapper node_modules/@testing-library/dom/dist/wait-for.js:[2m163:27[22m[39m
[36m [2m❯[22m src/components/__tests__/Feedback.test.jsx:[2m279:13[22m[39m
    [90m277| [39m      [34mrender[39m([33m<[39m[33mFeedback[39m [33muser[39m[33m=[39m[33m{[39mpmUser[33m}[39m [33mprojects[39m[33m=[39m[33m{[39mmockProjects[33m}[39m [33m/[39m[33m>[39m)[33m;[39m
    [90m278| [39m
    [90m279| [39m      [35mawait[39m [34mwaitFor[39m(() [33m=>[39m {
    [90m   | [39m            [31m^[39m
    [90m280| [39m        expect(screen.getByText('Weekly updates would be helpful')).to…
    [90m281| [39m      })[33m;[39m

[31m[2m⎯⎯⎯⎯⎯⎯⎯⎯⎯⎯⎯⎯⎯⎯⎯⎯⎯⎯⎯⎯⎯[21/172]⎯[22m[39m

[41m[1m FAIL [22m[49m src/components/__tests__/Feedback.test.jsx[2m > [22mFeedback Component[2m > [22mPM Response Functionality[2m > [22mshould allow PM to resolve feedback
[31m[1mTestingLibraryElementError[22m: Unable to find an element with the text: Weekly updates would be helpful. This could be because the text is broken up by multiple elements. In this case, you can provide a function for your text matcher to make your matcher more flexible.

Ignored nodes: comments, script, style
[36m<body>[31m
  [36m<div>[31m
    [36m<div[31m
      [33mclass[31m=[32m"feedback-container"[31m
    [36m>[31m
      [36m<div[31m
        [33mclass[31m=[32m"feedback-header"[31m
      [36m>[31m
        [36m<div[31m
          [33mclass[31m=[32m"feedback-filters"[31m
        [36m>[31m
          [36m<button[31m
            [33mclass[31m=[32m"filter-btn active"[31m
          [36m>[31m
            [0mAll ([0m
            [0m0[0m
            [0m)[0m
          [36m</button>[31m
          [36m<button[31m
            [33mclass[31m=[32m"filter-btn"[31m
          [36m>[31m
            [0mOpen ([0m
            [0m0[0m
            [0m)[0m
          [36m</button>[31m
          [36m<button[31m
            [33mclass[31m=[32m"filter-btn"[31m
          [36m>[31m
            [0mResolved ([0m
            [0m0[0m
            [0m)[0m
          [36m</button>[31m
        [36m</div>[31m
        [36m<button[31m
          [33mclass[31m=[32m"btn-add-feedback"[31m
        [36m>[31m
          [0m+ Add Feedback[0m
        [36m</button>[31m
      [36m</div>[31m
      [36m<div[31m
        [33mclass[31m=[32m"loading"[31m
      [36m>[31m
        [0mLoading feedback...[0m
      [36m</div>[31m
    [36m</div>[31m
  [36m</div>[31m
[36m</body>[31m

Ignored nodes: comments, script, style
[36m<html>[31m
  [36m<head />[31m
  [36m<body>[31m
    [36m<div>[31m
      [36m<div[31m
        [33mclass[31m=[32m"feedback-container"[31m
      [36m>[31m
        [36m<div[31m
          [33mclass[31m=[32m"feedback-header"[31m
        [36m>[31m
          [36m<div[31m
            [33mclass[31m=[32m"feedback-filters"[31m
          [36m>[31m
            [36m<button[31m
              [33mclass[31m=[32m"filter-btn active"[31m
            [36m>[31m
              [0mAll ([0m
              [0m0[0m
              [0m)[0m
            [36m</button>[31m
            [36m<button[31m
              [33mclass[31m=[32m"filter-btn"[31m
            [36m>[31m
              [0mOpen ([0m
              [0m0[0m
              [0m)[0m
            [36m</button>[31m
            [36m<button[31m
              [33mclass[31m=[32m"filter-btn"[31m
            [36m>[31m
              [0mResolved ([0m
              [0m0[0m
              [0m)[0m
            [36m</button>[31m
          [36m</div>[31m
          [36m<button[31m
            [33mclass[31m=[32m"btn-add-feedback"[31m
          [36m>[31m
            [0m+ Add Feedback[0m
          [36m</button>[31m
        [36m</div>[31m
        [36m<div[31m
          [33mclass[31m=[32m"loading"[31m
        [36m>[31m
          [0mLoading feedback...[0m
        [36m</div>[31m
      [36m</div>[31m
    [36m</div>[31m
  [36m</body>[31m
[36m</html>[31m[39m
[90m [2m❯[22m Proxy.waitForWrapper node_modules/@testing-library/dom/dist/wait-for.js:[2m163:27[22m[39m
[36m [2m❯[22m src/components/__tests__/Feedback.test.jsx:[2m298:13[22m[39m
    [90m296| [39m      [34mrender[39m([33m<[39m[33mFeedback[39m [33muser[39m[33m=[39m[33m{[39mpmUser[33m}[39m [33mprojects[39m[33m=[39m[33m{[39mmockProjects[33m}[39m [33m/[39m[33m>[39m)[33m;[39m
    [90m297| [39m
    [90m298| [39m      [35mawait[39m [34mwaitFor[39m(() [33m=>[39m {
    [90m   | [39m            [31m^[39m
    [90m299| [39m        expect(screen.getByText('Weekly updates would be helpful')).to…
    [90m300| [39m      })[33m;[39m

[31m[2m⎯⎯⎯⎯⎯⎯⎯⎯⎯⎯⎯⎯⎯⎯⎯⎯⎯⎯⎯⎯⎯[22/172]⎯[22m[39m

[41m[1m FAIL [22m[49m src/components/__tests__/Feedback.test.jsx[2m > [22mFeedback Component[2m > [22mFiltering and Sorting[2m > [22mshould filter feedback by status
[31m[1mTestingLibraryElementError[22m: Unable to find an element with the text: Need better documentation. This could be because the text is broken up by multiple elements. In this case, you can provide a function for your text matcher to make your matcher more flexible.

Ignored nodes: comments, script, style
[36m<body>[31m
  [36m<div>[31m
    [36m<div[31m
      [33mclass[31m=[32m"feedback-container"[31m
    [36m>[31m
      [36m<div[31m
        [33mclass[31m=[32m"feedback-header"[31m
      [36m>[31m
        [36m<div[31m
          [33mclass[31m=[32m"feedback-filters"[31m
        [36m>[31m
          [36m<button[31m
            [33mclass[31m=[32m"filter-btn active"[31m
          [36m>[31m
            [0mAll ([0m
            [0m0[0m
            [0m)[0m
          [36m</button>[31m
          [36m<button[31m
            [33mclass[31m=[32m"filter-btn"[31m
          [36m>[31m
            [0mOpen ([0m
            [0m0[0m
            [0m)[0m
          [36m</button>[31m
          [36m<button[31m
            [33mclass[31m=[32m"filter-btn"[31m
          [36m>[31m
            [0mResolved ([0m
            [0m0[0m
            [0m)[0m
          [36m</button>[31m
        [36m</div>[31m
        [36m<button[31m
          [33mclass[31m=[32m"btn-add-feedback"[31m
        [36m>[31m
          [0m+ Add Feedback[0m
        [36m</button>[31m
      [36m</div>[31m
      [36m<div[31m
        [33mclass[31m=[32m"loading"[31m
      [36m>[31m
        [0mLoading feedback...[0m
      [36m</div>[31m
    [36m</div>[31m
  [36m</div>[31m
[36m</body>[31m

Ignored nodes: comments, script, style
[36m<html>[31m
  [36m<head />[31m
  [36m<body>[31m
    [36m<div>[31m
      [36m<div[31m
        [33mclass[31m=[32m"feedback-container"[31m
      [36m>[31m
        [36m<div[31m
          [33mclass[31m=[32m"feedback-header"[31m
        [36m>[31m
          [36m<div[31m
            [33mclass[31m=[32m"feedback-filters"[31m
          [36m>[31m
            [36m<button[31m
              [33mclass[31m=[32m"filter-btn active"[31m
            [36m>[31m
              [0mAll ([0m
              [0m0[0m
              [0m)[0m
            [36m</button>[31m
            [36m<button[31m
              [33mclass[31m=[32m"filter-btn"[31m
            [36m>[31m
              [0mOpen ([0m
              [0m0[0m
              [0m)[0m
            [36m</button>[31m
            [36m<button[31m
              [33mclass[31m=[32m"filter-btn"[31m
            [36m>[31m
              [0mResolved ([0m
              [0m0[0m
              [0m)[0m
            [36m</button>[31m
          [36m</div>[31m
          [36m<button[31m
            [33mclass[31m=[32m"btn-add-feedback"[31m
          [36m>[31m
            [0m+ Add Feedback[0m
          [36m</button>[31m
        [36m</div>[31m
        [36m<div[31m
          [33mclass[31m=[32m"loading"[31m
        [36m>[31m
          [0mLoading feedback...[0m
        [36m</div>[31m
      [36m</div>[31m
    [36m</div>[31m
  [36m</body>[31m
[36m</html>[31m[39m
[90m [2m❯[22m Proxy.waitForWrapper node_modules/@testing-library/dom/dist/wait-for.js:[2m163:27[22m[39m
[36m [2m❯[22m src/components/__tests__/Feedback.test.jsx:[2m320:13[22m[39m
    [90m318| [39m      [34mrender[39m([33m<[39m[33mFeedback[39m [33muser[39m[33m=[39m[33m{[39mmockUser[33m}[39m [33mprojects[39m[33m=[39m[33m{[39mmockProjects[33m}[39m [33m/[39m[33m>[39m)[33m;[39m
    [90m319| [39m
    [90m320| [39m      [35mawait[39m [34mwaitFor[39m(() [33m=>[39m {
    [90m   | [39m            [31m^[39m
    [90m321| [39m        expect(screen.getByText('Need better documentation')).toBeInTh…
    [90m322| [39m      })[33m;[39m

[31m[2m⎯⎯⎯⎯⎯⎯⎯⎯⎯⎯⎯⎯⎯⎯⎯⎯⎯⎯⎯⎯⎯[23/172]⎯[22m[39m

[41m[1m FAIL [22m[49m src/components/__tests__/Feedback.test.jsx[2m > [22mFeedback Component[2m > [22mFiltering and Sorting[2m > [22mshould filter feedback by category
[31m[1mTestingLibraryElementError[22m: Unable to find an element with the text: Need better documentation. This could be because the text is broken up by multiple elements. In this case, you can provide a function for your text matcher to make your matcher more flexible.

Ignored nodes: comments, script, style
[36m<body>[31m
  [36m<div>[31m
    [36m<div[31m
      [33mclass[31m=[32m"feedback-container"[31m
    [36m>[31m
      [36m<div[31m
        [33mclass[31m=[32m"feedback-header"[31m
      [36m>[31m
        [36m<div[31m
          [33mclass[31m=[32m"feedback-filters"[31m
        [36m>[31m
          [36m<button[31m
            [33mclass[31m=[32m"filter-btn active"[31m
          [36m>[31m
            [0mAll ([0m
            [0m0[0m
            [0m)[0m
          [36m</button>[31m
          [36m<button[31m
            [33mclass[31m=[32m"filter-btn"[31m
          [36m>[31m
            [0mOpen ([0m
            [0m0[0m
            [0m)[0m
          [36m</button>[31m
          [36m<button[31m
            [33mclass[31m=[32m"filter-btn"[31m
          [36m>[31m
            [0mResolved ([0m
            [0m0[0m
            [0m)[0m
          [36m</button>[31m
        [36m</div>[31m
        [36m<button[31m
          [33mclass[31m=[32m"btn-add-feedback"[31m
        [36m>[31m
          [0m+ Add Feedback[0m
        [36m</button>[31m
      [36m</div>[31m
      [36m<div[31m
        [33mclass[31m=[32m"loading"[31m
      [36m>[31m
        [0mLoading feedback...[0m
      [36m</div>[31m
    [36m</div>[31m
  [36m</div>[31m
[36m</body>[31m

Ignored nodes: comments, script, style
[36m<html>[31m
  [36m<head />[31m
  [36m<body>[31m
    [36m<div>[31m
      [36m<div[31m
        [33mclass[31m=[32m"feedback-container"[31m
      [36m>[31m
        [36m<div[31m
          [33mclass[31m=[32m"feedback-header"[31m
        [36m>[31m
          [36m<div[31m
            [33mclass[31m=[32m"feedback-filters"[31m
          [36m>[31m
            [36m<button[31m
              [33mclass[31m=[32m"filter-btn active"[31m
            [36m>[31m
              [0mAll ([0m
              [0m0[0m
              [0m)[0m
            [36m</button>[31m
            [36m<button[31m
              [33mclass[31m=[32m"filter-btn"[31m
            [36m>[31m
              [0mOpen ([0m
              [0m0[0m
              [0m)[0m
            [36m</button>[31m
            [36m<button[31m
              [33mclass[31m=[32m"filter-btn"[31m
            [36m>[31m
              [0mResolved ([0m
              [0m0[0m
              [0m)[0m
            [36m</button>[31m
          [36m</div>[31m
          [36m<button[31m
            [33mclass[31m=[32m"btn-add-feedback"[31m
          [36m>[31m
            [0m+ Add Feedback[0m
          [36m</button>[31m
        [36m</div>[31m
        [36m<div[31m
          [33mclass[31m=[32m"loading"[31m
        [36m>[31m
          [0mLoading feedback...[0m
        [36m</div>[31m
      [36m</div>[31m
    [36m</div>[31m
  [36m</body>[31m
[36m</html>[31m[39m
[90m [2m❯[22m Proxy.waitForWrapper node_modules/@testing-library/dom/dist/wait-for.js:[2m163:27[22m[39m
[36m [2m❯[22m src/components/__tests__/Feedback.test.jsx:[2m337:13[22m[39m
    [90m335| [39m      [34mrender[39m([33m<[39m[33mFeedback[39m [33muser[39m[33m=[39m[33m{[39mmockUser[33m}[39m [33mprojects[39m[33m=[39m[33m{[39mmockProjects[33m}[39m [33m/[39m[33m>[39m)[33m;[39m
    [90m336| [39m
    [90m337| [39m      [35mawait[39m [34mwaitFor[39m(() [33m=>[39m {
    [90m   | [39m            [31m^[39m
    [90m338| [39m        expect(screen.getByText('Need better documentation')).toBeInTh…
    [90m339| [39m      })[33m;[39m

[31m[2m⎯⎯⎯⎯⎯⎯⎯⎯⎯⎯⎯⎯⎯⎯⎯⎯⎯⎯⎯⎯⎯[24/172]⎯[22m[39m

[41m[1m FAIL [22m[49m src/components/__tests__/Feedback.test.jsx[2m > [22mFeedback Component[2m > [22mFiltering and Sorting[2m > [22mshould filter feedback by project
[31m[1mTestingLibraryElementError[22m: Unable to find an element with the text: Need better documentation. This could be because the text is broken up by multiple elements. In this case, you can provide a function for your text matcher to make your matcher more flexible.

Ignored nodes: comments, script, style
[36m<body>[31m
  [36m<div>[31m
    [36m<div[31m
      [33mclass[31m=[32m"feedback-container"[31m
    [36m>[31m
      [36m<div[31m
        [33mclass[31m=[32m"feedback-header"[31m
      [36m>[31m
        [36m<div[31m
          [33mclass[31m=[32m"feedback-filters"[31m
        [36m>[31m
          [36m<button[31m
            [33mclass[31m=[32m"filter-btn active"[31m
          [36m>[31m
            [0mAll ([0m
            [0m0[0m
            [0m)[0m
          [36m</button>[31m
          [36m<button[31m
            [33mclass[31m=[32m"filter-btn"[31m
          [36m>[31m
            [0mOpen ([0m
            [0m0[0m
            [0m)[0m
          [36m</button>[31m
          [36m<button[31m
            [33mclass[31m=[32m"filter-btn"[31m
          [36m>[31m
            [0mResolved ([0m
            [0m0[0m
            [0m)[0m
          [36m</button>[31m
        [36m</div>[31m
        [36m<button[31m
          [33mclass[31m=[32m"btn-add-feedback"[31m
        [36m>[31m
          [0m+ Add Feedback[0m
        [36m</button>[31m
      [36m</div>[31m
      [36m<div[31m
        [33mclass[31m=[32m"loading"[31m
      [36m>[31m
        [0mLoading feedback...[0m
      [36m</div>[31m
    [36m</div>[31m
  [36m</div>[31m
[36m</body>[31m

Ignored nodes: comments, script, style
[36m<html>[31m
  [36m<head />[31m
  [36m<body>[31m
    [36m<div>[31m
      [36m<div[31m
        [33mclass[31m=[32m"feedback-container"[31m
      [36m>[31m
        [36m<div[31m
          [33mclass[31m=[32m"feedback-header"[31m
        [36m>[31m
          [36m<div[31m
            [33mclass[31m=[32m"feedback-filters"[31m
          [36m>[31m
            [36m<button[31m
              [33mclass[31m=[32m"filter-btn active"[31m
            [36m>[31m
              [0mAll ([0m
              [0m0[0m
              [0m)[0m
            [36m</button>[31m
            [36m<button[31m
              [33mclass[31m=[32m"filter-btn"[31m
            [36m>[31m
              [0mOpen ([0m
              [0m0[0m
              [0m)[0m
            [36m</button>[31m
            [36m<button[31m
              [33mclass[31m=[32m"filter-btn"[31m
            [36m>[31m
              [0mResolved ([0m
              [0m0[0m
              [0m)[0m
            [36m</button>[31m
          [36m</div>[31m
          [36m<button[31m
            [33mclass[31m=[32m"btn-add-feedback"[31m
          [36m>[31m
            [0m+ Add Feedback[0m
          [36m</button>[31m
        [36m</div>[31m
        [36m<div[31m
          [33mclass[31m=[32m"loading"[31m
        [36m>[31m
          [0mLoading feedback...[0m
        [36m</div>[31m
      [36m</div>[31m
    [36m</div>[31m
  [36m</body>[31m
[36m</html>[31m[39m
[90m [2m❯[22m Proxy.waitForWrapper node_modules/@testing-library/dom/dist/wait-for.js:[2m163:27[22m[39m
[36m [2m❯[22m src/components/__tests__/Feedback.test.jsx:[2m353:13[22m[39m
    [90m351| [39m      [34mrender[39m([33m<[39m[33mFeedback[39m [33muser[39m[33m=[39m[33m{[39mmockUser[33m}[39m [33mprojects[39m[33m=[39m[33m{[39mmockProjects[33m}[39m [33m/[39m[33m>[39m)[33m;[39m
    [90m352| [39m
    [90m353| [39m      [35mawait[39m [34mwaitFor[39m(() [33m=>[39m {
    [90m   | [39m            [31m^[39m
    [90m354| [39m        expect(screen.getByText('Need better documentation')).toBeInTh…
    [90m355| [39m      })[33m;[39m

[31m[2m⎯⎯⎯⎯⎯⎯⎯⎯⎯⎯⎯⎯⎯⎯⎯⎯⎯⎯⎯⎯⎯[25/172]⎯[22m[39m

[41m[1m FAIL [22m[49m src/components/__tests__/Feedback.test.jsx[2m > [22mFeedback Component[2m > [22mStatus Indicators[2m > [22mshould show pending status indicator
[31m[1mTestingLibraryElementError[22m: Unable to find an element with the text: pending. This could be because the text is broken up by multiple elements. In this case, you can provide a function for your text matcher to make your matcher more flexible.

Ignored nodes: comments, script, style
[36m<body>[31m
  [36m<div>[31m
    [36m<div[31m
      [33mclass[31m=[32m"feedback-container"[31m
    [36m>[31m
      [36m<div[31m
        [33mclass[31m=[32m"feedback-header"[31m
      [36m>[31m
        [36m<div[31m
          [33mclass[31m=[32m"feedback-filters"[31m
        [36m>[31m
          [36m<button[31m
            [33mclass[31m=[32m"filter-btn active"[31m
          [36m>[31m
            [0mAll ([0m
            [0m0[0m
            [0m)[0m
          [36m</button>[31m
          [36m<button[31m
            [33mclass[31m=[32m"filter-btn"[31m
          [36m>[31m
            [0mOpen ([0m
            [0m0[0m
            [0m)[0m
          [36m</button>[31m
          [36m<button[31m
            [33mclass[31m=[32m"filter-btn"[31m
          [36m>[31m
            [0mResolved ([0m
            [0m0[0m
            [0m)[0m
          [36m</button>[31m
        [36m</div>[31m
        [36m<button[31m
          [33mclass[31m=[32m"btn-add-feedback"[31m
        [36m>[31m
          [0m+ Add Feedback[0m
        [36m</button>[31m
      [36m</div>[31m
      [36m<div[31m
        [33mclass[31m=[32m"loading"[31m
      [36m>[31m
        [0mLoading feedback...[0m
      [36m</div>[31m
    [36m</div>[31m
  [36m</div>[31m
[36m</body>[31m

Ignored nodes: comments, script, style
[36m<html>[31m
  [36m<head />[31m
  [36m<body>[31m
    [36m<div>[31m
      [36m<div[31m
        [33mclass[31m=[32m"feedback-container"[31m
      [36m>[31m
        [36m<div[31m
          [33mclass[31m=[32m"feedback-header"[31m
        [36m>[31m
          [36m<div[31m
            [33mclass[31m=[32m"feedback-filters"[31m
          [36m>[31m
            [36m<button[31m
              [33mclass[31m=[32m"filter-btn active"[31m
            [36m>[31m
              [0mAll ([0m
              [0m0[0m
              [0m)[0m
            [36m</button>[31m
            [36m<button[31m
              [33mclass[31m=[32m"filter-btn"[31m
            [36m>[31m
              [0mOpen ([0m
              [0m0[0m
              [0m)[0m
            [36m</button>[31m
            [36m<button[31m
              [33mclass[31m=[32m"filter-btn"[31m
            [36m>[31m
              [0mResolved ([0m
              [0m0[0m
              [0m)[0m
            [36m</button>[31m
          [36m</div>[31m
          [36m<button[31m
            [33mclass[31m=[32m"btn-add-feedback"[31m
          [36m>[31m
            [0m+ Add Feedback[0m
          [36m</button>[31m
        [36m</div>[31m
        [36m<div[31m
          [33mclass[31m=[32m"loading"[31m
        [36m>[31m
          [0mLoading feedback...[0m
        [36m</div>[31m
      [36m</div>[31m
    [36m</div>[31m
  [36m</body>[31m
[36m</html>[31m[39m
[90m [2m❯[22m Proxy.waitForWrapper node_modules/@testing-library/dom/dist/wait-for.js:[2m163:27[22m[39m
[36m [2m❯[22m src/components/__tests__/Feedback.test.jsx:[2m376:13[22m[39m
    [90m374| [39m      [34mrender[39m([33m<[39m[33mFeedback[39m [33muser[39m[33m=[39m[33m{[39mmockUser[33m}[39m [33mprojects[39m[33m=[39m[33m{[39mmockProjects[33m}[39m [33m/[39m[33m>[39m)[33m;[39m
    [90m375| [39m
    [90m376| [39m      [35mawait[39m [34mwaitFor[39m(() [33m=>[39m {
    [90m   | [39m            [31m^[39m
    [90m377| [39m        [34mexpect[39m(screen[33m.[39m[34mgetByText[39m([32m'pending'[39m))[33m.[39m[34mtoBeInTheDocument[39m()[33m;[39m
    [90m378| [39m      })[33m;[39m

[31m[2m⎯⎯⎯⎯⎯⎯⎯⎯⎯⎯⎯⎯⎯⎯⎯⎯⎯⎯⎯⎯⎯[26/172]⎯[22m[39m

[41m[1m FAIL [22m[49m src/components/__tests__/Feedback.test.jsx[2m > [22mFeedback Component[2m > [22mStatus Indicators[2m > [22mshould show responded status indicator
[31m[1mTestingLibraryElementError[22m: Unable to find an element with the text: responded. This could be because the text is broken up by multiple elements. In this case, you can provide a function for your text matcher to make your matcher more flexible.

Ignored nodes: comments, script, style
[36m<body>[31m
  [36m<div>[31m
    [36m<div[31m
      [33mclass[31m=[32m"feedback-container"[31m
    [36m>[31m
      [36m<div[31m
        [33mclass[31m=[32m"feedback-header"[31m
      [36m>[31m
        [36m<div[31m
          [33mclass[31m=[32m"feedback-filters"[31m
        [36m>[31m
          [36m<button[31m
            [33mclass[31m=[32m"filter-btn active"[31m
          [36m>[31m
            [0mAll ([0m
            [0m0[0m
            [0m)[0m
          [36m</button>[31m
          [36m<button[31m
            [33mclass[31m=[32m"filter-btn"[31m
          [36m>[31m
            [0mOpen ([0m
            [0m0[0m
            [0m)[0m
          [36m</button>[31m
          [36m<button[31m
            [33mclass[31m=[32m"filter-btn"[31m
          [36m>[31m
            [0mResolved ([0m
            [0m0[0m
            [0m)[0m
          [36m</button>[31m
        [36m</div>[31m
        [36m<button[31m
          [33mclass[31m=[32m"btn-add-feedback"[31m
        [36m>[31m
          [0m+ Add Feedback[0m
        [36m</button>[31m
      [36m</div>[31m
      [36m<div[31m
        [33mclass[31m=[32m"loading"[31m
      [36m>[31m
        [0mLoading feedback...[0m
      [36m</div>[31m
    [36m</div>[31m
  [36m</div>[31m
[36m</body>[31m

Ignored nodes: comments, script, style
[36m<html>[31m
  [36m<head />[31m
  [36m<body>[31m
    [36m<div>[31m
      [36m<div[31m
        [33mclass[31m=[32m"feedback-container"[31m
      [36m>[31m
        [36m<div[31m
          [33mclass[31m=[32m"feedback-header"[31m
        [36m>[31m
          [36m<div[31m
            [33mclass[31m=[32m"feedback-filters"[31m
          [36m>[31m
            [36m<button[31m
              [33mclass[31m=[32m"filter-btn active"[31m
            [36m>[31m
              [0mAll ([0m
              [0m0[0m
              [0m)[0m
            [36m</button>[31m
            [36m<button[31m
              [33mclass[31m=[32m"filter-btn"[31m
            [36m>[31m
              [0mOpen ([0m
              [0m0[0m
              [0m)[0m
            [36m</button>[31m
            [36m<button[31m
              [33mclass[31m=[32m"filter-btn"[31m
            [36m>[31m
              [0mResolved ([0m
              [0m0[0m
              [0m)[0m
            [36m</button>[31m
          [36m</div>[31m
          [36m<button[31m
            [33mclass[31m=[32m"btn-add-feedback"[31m
          [36m>[31m
            [0m+ Add Feedback[0m
          [36m</button>[31m
        [36m</div>[31m
        [36m<div[31m
          [33mclass[31m=[32m"loading"[31m
        [36m>[31m
          [0mLoading feedback...[0m
        [36m</div>[31m
      [36m</div>[31m
    [36m</div>[31m
  [36m</body>[31m
[36m</html>[31m[39m
[90m [2m❯[22m Proxy.waitForWrapper node_modules/@testing-library/dom/dist/wait-for.js:[2m163:27[22m[39m
[36m [2m❯[22m src/components/__tests__/Feedback.test.jsx:[2m387:13[22m[39m
    [90m385| [39m      [34mrender[39m([33m<[39m[33mFeedback[39m [33muser[39m[33m=[39m[33m{[39mmockUser[33m}[39m [33mprojects[39m[33m=[39m[33m{[39mmockProjects[33m}[39m [33m/[39m[33m>[39m)[33m;[39m
    [90m386| [39m
    [90m387| [39m      [35mawait[39m [34mwaitFor[39m(() [33m=>[39m {
    [90m   | [39m            [31m^[39m
    [90m388| [39m        [34mexpect[39m(screen[33m.[39m[34mgetByText[39m([32m'responded'[39m))[33m.[39m[34mtoBeInTheDocument[39m()[33m;[39m
    [90m389| [39m      })[33m;[39m

[31m[2m⎯⎯⎯⎯⎯⎯⎯⎯⎯⎯⎯⎯⎯⎯⎯⎯⎯⎯⎯⎯⎯[27/172]⎯[22m[39m

[41m[1m FAIL [22m[49m src/components/__tests__/Feedback.test.jsx[2m > [22mFeedback Component[2m > [22mStatus Indicators[2m > [22mshould show resolved status indicator
[31m[1mTestingLibraryElementError[22m: Unable to find an element with the text: resolved. This could be because the text is broken up by multiple elements. In this case, you can provide a function for your text matcher to make your matcher more flexible.

Ignored nodes: comments, script, style
[36m<body>[31m
  [36m<div>[31m
    [36m<div[31m
      [33mclass[31m=[32m"feedback-container"[31m
    [36m>[31m
      [36m<div[31m
        [33mclass[31m=[32m"feedback-header"[31m
      [36m>[31m
        [36m<div[31m
          [33mclass[31m=[32m"feedback-filters"[31m
        [36m>[31m
          [36m<button[31m
            [33mclass[31m=[32m"filter-btn active"[31m
          [36m>[31m
            [0mAll ([0m
            [0m0[0m
            [0m)[0m
          [36m</button>[31m
          [36m<button[31m
            [33mclass[31m=[32m"filter-btn"[31m
          [36m>[31m
            [0mOpen ([0m
            [0m0[0m
            [0m)[0m
          [36m</button>[31m
          [36m<button[31m
            [33mclass[31m=[32m"filter-btn"[31m
          [36m>[31m
            [0mResolved ([0m
            [0m0[0m
            [0m)[0m
          [36m</button>[31m
        [36m</div>[31m
        [36m<button[31m
          [33mclass[31m=[32m"btn-add-feedback"[31m
        [36m>[31m
          [0m+ Add Feedback[0m
        [36m</button>[31m
      [36m</div>[31m
      [36m<div[31m
        [33mclass[31m=[32m"loading"[31m
      [36m>[31m
        [0mLoading feedback...[0m
      [36m</div>[31m
    [36m</div>[31m
  [36m</div>[31m
[36m</body>[31m

Ignored nodes: comments, script, style
[36m<html>[31m
  [36m<head />[31m
  [36m<body>[31m
    [36m<div>[31m
      [36m<div[31m
        [33mclass[31m=[32m"feedback-container"[31m
      [36m>[31m
        [36m<div[31m
          [33mclass[31m=[32m"feedback-header"[31m
        [36m>[31m
          [36m<div[31m
            [33mclass[31m=[32m"feedback-filters"[31m
          [36m>[31m
            [36m<button[31m
              [33mclass[31m=[32m"filter-btn active"[31m
            [36m>[31m
              [0mAll ([0m
              [0m0[0m
              [0m)[0m
            [36m</button>[31m
            [36m<button[31m
              [33mclass[31m=[32m"filter-btn"[31m
            [36m>[31m
              [0mOpen ([0m
              [0m0[0m
              [0m)[0m
            [36m</button>[31m
            [36m<button[31m
              [33mclass[31m=[32m"filter-btn"[31m
            [36m>[31m
              [0mResolved ([0m
              [0m0[0m
              [0m)[0m
            [36m</button>[31m
          [36m</div>[31m
          [36m<button[31m
            [33mclass[31m=[32m"btn-add-feedback"[31m
          [36m>[31m
            [0m+ Add Feedback[0m
          [36m</button>[31m
        [36m</div>[31m
        [36m<div[31m
          [33mclass[31m=[32m"loading"[31m
        [36m>[31m
          [0mLoading feedback...[0m
        [36m</div>[31m
      [36m</div>[31m
    [36m</div>[31m
  [36m</body>[31m
[36m</html>[31m[39m
[90m [2m❯[22m Proxy.waitForWrapper node_modules/@testing-library/dom/dist/wait-for.js:[2m163:27[22m[39m
[36m [2m❯[22m src/components/__tests__/Feedback.test.jsx:[2m409:13[22m[39m
    [90m407| [39m      [34mrender[39m([33m<[39m[33mFeedback[39m [33muser[39m[33m=[39m[33m{[39mmockUser[33m}[39m [33mprojects[39m[33m=[39m[33m{[39mmockProjects[33m}[39m [33m/[39m[33m>[39m)[33m;[39m
    [90m408| [39m
    [90m409| [39m      [35mawait[39m [34mwaitFor[39m(() [33m=>[39m {
    [90m   | [39m            [31m^[39m
    [90m410| [39m        [34mexpect[39m(screen[33m.[39m[34mgetByText[39m([32m'resolved'[39m))[33m.[39m[34mtoBeInTheDocument[39m()[33m;[39m
    [90m411| [39m      })[33m;[39m

[31m[2m⎯⎯⎯⎯⎯⎯⎯⎯⎯⎯⎯⎯⎯⎯⎯⎯⎯⎯⎯⎯⎯[28/172]⎯[22m[39m

[41m[1m FAIL [22m[49m src/components/__tests__/Feedback.test.jsx[2m > [22mFeedback Component[2m > [22mPermissions[2m > [22mshould not show PM actions for viewer role
[31m[1mTestingLibraryElementError[22m: Unable to find an element with the text: Need better documentation. This could be because the text is broken up by multiple elements. In this case, you can provide a function for your text matcher to make your matcher more flexible.

Ignored nodes: comments, script, style
[36m<body>[31m
  [36m<div>[31m
    [36m<div[31m
      [33mclass[31m=[32m"feedback-container"[31m
    [36m>[31m
      [36m<div[31m
        [33mclass[31m=[32m"feedback-header"[31m
      [36m>[31m
        [36m<div[31m
          [33mclass[31m=[32m"feedback-filters"[31m
        [36m>[31m
          [36m<button[31m
            [33mclass[31m=[32m"filter-btn active"[31m
          [36m>[31m
            [0mAll ([0m
            [0m0[0m
            [0m)[0m
          [36m</button>[31m
          [36m<button[31m
            [33mclass[31m=[32m"filter-btn"[31m
          [36m>[31m
            [0mOpen ([0m
            [0m0[0m
            [0m)[0m
          [36m</button>[31m
          [36m<button[31m
            [33mclass[31m=[32m"filter-btn"[31m
          [36m>[31m
            [0mResolved ([0m
            [0m0[0m
            [0m)[0m
          [36m</button>[31m
        [36m</div>[31m
        [36m<button[31m
          [33mclass[31m=[32m"btn-add-feedback"[31m
        [36m>[31m
          [0m+ Add Feedback[0m
        [36m</button>[31m
      [36m</div>[31m
      [36m<div[31m
        [33mclass[31m=[32m"loading"[31m
      [36m>[31m
        [0mLoading feedback...[0m
      [36m</div>[31m
    [36m</div>[31m
  [36m</div>[31m
[36m</body>[31m

Ignored nodes: comments, script, style
[36m<html>[31m
  [36m<head />[31m
  [36m<body>[31m
    [36m<div>[31m
      [36m<div[31m
        [33mclass[31m=[32m"feedback-container"[31m
      [36m>[31m
        [36m<div[31m
          [33mclass[31m=[32m"feedback-header"[31m
        [36m>[31m
          [36m<div[31m
            [33mclass[31m=[32m"feedback-filters"[31m
          [36m>[31m
            [36m<button[31m
              [33mclass[31m=[32m"filter-btn active"[31m
            [36m>[31m
              [0mAll ([0m
              [0m0[0m
              [0m)[0m
            [36m</button>[31m
            [36m<button[31m
              [33mclass[31m=[32m"filter-btn"[31m
            [36m>[31m
              [0mOpen ([0m
              [0m0[0m
              [0m)[0m
            [36m</button>[31m
            [36m<button[31m
              [33mclass[31m=[32m"filter-btn"[31m
            [36m>[31m
              [0mResolved ([0m
              [0m0[0m
              [0m)[0m
            [36m</button>[31m
          [36m</div>[31m
          [36m<button[31m
            [33mclass[31m=[32m"btn-add-feedback"[31m
          [36m>[31m
            [0m+ Add Feedback[0m
          [36m</button>[31m
        [36m</div>[31m
        [36m<div[31m
          [33mclass[31m=[32m"loading"[31m
        [36m>[31m
          [0mLoading feedback...[0m
        [36m</div>[31m
      [36m</div>[31m
    [36m</div>[31m
  [36m</body>[31m
[36m</html>[31m[39m
[90m [2m❯[22m Proxy.waitForWrapper node_modules/@testing-library/dom/dist/wait-for.js:[2m163:27[22m[39m
[36m [2m❯[22m src/components/__tests__/Feedback.test.jsx:[2m426:13[22m[39m
    [90m424| [39m      [34mrender[39m([33m<[39m[33mFeedback[39m [33muser[39m[33m=[39m[33m{[39mviewerUser[33m}[39m [33mprojects[39m[33m=[39m[33m{[39mmockProjects[33m}[39m [33m/[39m[33m>[39m)[33m;[39m
    [90m425| [39m
    [90m426| [39m      [35mawait[39m [34mwaitFor[39m(() [33m=>[39m {
    [90m   | [39m            [31m^[39m
    [90m427| [39m        expect(screen.getByText('Need better documentation')).toBeInTh…
    [90m428| [39m      })[33m;[39m

[31m[2m⎯⎯⎯⎯⎯⎯⎯⎯⎯⎯⎯⎯⎯⎯⎯⎯⎯⎯⎯⎯⎯[29/172]⎯[22m[39m

[41m[1m FAIL [22m[49m src/components/__tests__/Feedback.test.jsx[2m > [22mFeedback Component[2m > [22mPermissions[2m > [22mshould allow admin to respond to any feedback
[31m[1mTestingLibraryElementError[22m: Unable to find an element with the text: Need better documentation. This could be because the text is broken up by multiple elements. In this case, you can provide a function for your text matcher to make your matcher more flexible.

Ignored nodes: comments, script, style
[36m<body>[31m
  [36m<div>[31m
    [36m<div[31m
      [33mclass[31m=[32m"feedback-container"[31m
    [36m>[31m
      [36m<div[31m
        [33mclass[31m=[32m"feedback-header"[31m
      [36m>[31m
        [36m<div[31m
          [33mclass[31m=[32m"feedback-filters"[31m
        [36m>[31m
          [36m<button[31m
            [33mclass[31m=[32m"filter-btn active"[31m
          [36m>[31m
            [0mAll ([0m
            [0m0[0m
            [0m)[0m
          [36m</button>[31m
          [36m<button[31m
            [33mclass[31m=[32m"filter-btn"[31m
          [36m>[31m
            [0mOpen ([0m
            [0m0[0m
            [0m)[0m
          [36m</button>[31m
          [36m<button[31m
            [33mclass[31m=[32m"filter-btn"[31m
          [36m>[31m
            [0mResolved ([0m
            [0m0[0m
            [0m)[0m
          [36m</button>[31m
        [36m</div>[31m
        [36m<button[31m
          [33mclass[31m=[32m"btn-add-feedback"[31m
        [36m>[31m
          [0m+ Add Feedback[0m
        [36m</button>[31m
      [36m</div>[31m
      [36m<div[31m
        [33mclass[31m=[32m"loading"[31m
      [36m>[31m
        [0mLoading feedback...[0m
      [36m</div>[31m
    [36m</div>[31m
  [36m</div>[31m
[36m</body>[31m

Ignored nodes: comments, script, style
[36m<html>[31m
  [36m<head />[31m
  [36m<body>[31m
    [36m<div>[31m
      [36m<div[31m
        [33mclass[31m=[32m"feedback-container"[31m
      [36m>[31m
        [36m<div[31m
          [33mclass[31m=[32m"feedback-header"[31m
        [36m>[31m
          [36m<div[31m
            [33mclass[31m=[32m"feedback-filters"[31m
          [36m>[31m
            [36m<button[31m
              [33mclass[31m=[32m"filter-btn active"[31m
            [36m>[31m
              [0mAll ([0m
              [0m0[0m
              [0m)[0m
            [36m</button>[31m
            [36m<button[31m
              [33mclass[31m=[32m"filter-btn"[31m
            [36m>[31m
              [0mOpen ([0m
              [0m0[0m
              [0m)[0m
            [36m</button>[31m
            [36m<button[31m
              [33mclass[31m=[32m"filter-btn"[31m
            [36m>[31m
              [0mResolved ([0m
              [0m0[0m
              [0m)[0m
            [36m</button>[31m
          [36m</div>[31m
          [36m<button[31m
            [33mclass[31m=[32m"btn-add-feedback"[31m
          [36m>[31m
            [0m+ Add Feedback[0m
          [36m</button>[31m
        [36m</div>[31m
        [36m<div[31m
          [33mclass[31m=[32m"loading"[31m
        [36m>[31m
          [0mLoading feedback...[0m
        [36m</div>[31m
      [36m</div>[31m
    [36m</div>[31m
  [36m</body>[31m
[36m</html>[31m[39m
[90m [2m❯[22m Proxy.waitForWrapper node_modules/@testing-library/dom/dist/wait-for.js:[2m163:27[22m[39m
[36m [2m❯[22m src/components/__tests__/Feedback.test.jsx:[2m441:13[22m[39m
    [90m439| [39m      [34mrender[39m([33m<[39m[33mFeedback[39m [33muser[39m[33m=[39m[33m{[39madminUser[33m}[39m [33mprojects[39m[33m=[39m[33m{[39mmockProjects[33m}[39m [33m/[39m[33m>[39m)[33m;[39m
    [90m440| [39m
    [90m441| [39m      [35mawait[39m [34mwaitFor[39m(() [33m=>[39m {
    [90m   | [39m            [31m^[39m
    [90m442| [39m        expect(screen.getByText('Need better documentation')).toBeInTh…
    [90m443| [39m      })[33m;[39m

[31m[2m⎯⎯⎯⎯⎯⎯⎯⎯⎯⎯⎯⎯⎯⎯⎯⎯⎯⎯⎯⎯⎯[30/172]⎯[22m[39m

[41m[1m FAIL [22m[49m src/components/__tests__/Feedback.test.jsx[2m > [22mFeedback Component[2m > [22mEdit Functionality[2m > [22mshould allow user to edit their own feedback
[31m[1mTestingLibraryElementError[22m: Unable to find an element with the text: Need better documentation. This could be because the text is broken up by multiple elements. In this case, you can provide a function for your text matcher to make your matcher more flexible.

Ignored nodes: comments, script, style
[36m<body>[31m
  [36m<div>[31m
    [36m<div[31m
      [33mclass[31m=[32m"feedback-container"[31m
    [36m>[31m
      [36m<div[31m
        [33mclass[31m=[32m"feedback-header"[31m
      [36m>[31m
        [36m<div[31m
          [33mclass[31m=[32m"feedback-filters"[31m
        [36m>[31m
          [36m<button[31m
            [33mclass[31m=[32m"filter-btn active"[31m
          [36m>[31m
            [0mAll ([0m
            [0m0[0m
            [0m)[0m
          [36m</button>[31m
          [36m<button[31m
            [33mclass[31m=[32m"filter-btn"[31m
          [36m>[31m
            [0mOpen ([0m
            [0m0[0m
            [0m)[0m
          [36m</button>[31m
          [36m<button[31m
            [33mclass[31m=[32m"filter-btn"[31m
          [36m>[31m
            [0mResolved ([0m
            [0m0[0m
            [0m)[0m
          [36m</button>[31m
        [36m</div>[31m
        [36m<button[31m
          [33mclass[31m=[32m"btn-add-feedback"[31m
        [36m>[31m
          [0m+ Add Feedback[0m
        [36m</button>[31m
      [36m</div>[31m
      [36m<div[31m
        [33mclass[31m=[32m"loading"[31m
      [36m>[31m
        [0mLoading feedback...[0m
      [36m</div>[31m
    [36m</div>[31m
  [36m</div>[31m
[36m</body>[31m

Ignored nodes: comments, script, style
[36m<html>[31m
  [36m<head />[31m
  [36m<body>[31m
    [36m<div>[31m
      [36m<div[31m
        [33mclass[31m=[32m"feedback-container"[31m
      [36m>[31m
        [36m<div[31m
          [33mclass[31m=[32m"feedback-header"[31m
        [36m>[31m
          [36m<div[31m
            [33mclass[31m=[32m"feedback-filters"[31m
          [36m>[31m
            [36m<button[31m
              [33mclass[31m=[32m"filter-btn active"[31m
            [36m>[31m
              [0mAll ([0m
              [0m0[0m
              [0m)[0m
            [36m</button>[31m
            [36m<button[31m
              [33mclass[31m=[32m"filter-btn"[31m
            [36m>[31m
              [0mOpen ([0m
              [0m0[0m
              [0m)[0m
            [36m</button>[31m
            [36m<button[31m
              [33mclass[31m=[32m"filter-btn"[31m
            [36m>[31m
              [0mResolved ([0m
              [0m0[0m
              [0m)[0m
            [36m</button>[31m
          [36m</div>[31m
          [36m<button[31m
            [33mclass[31m=[32m"btn-add-feedback"[31m
          [36m>[31m
            [0m+ Add Feedback[0m
          [36m</button>[31m
        [36m</div>[31m
        [36m<div[31m
          [33mclass[31m=[32m"loading"[31m
        [36m>[31m
          [0mLoading feedback...[0m
        [36m</div>[31m
      [36m</div>[31m
    [36m</div>[31m
  [36m</body>[31m
[36m</html>[31m[39m
[90m [2m❯[22m Proxy.waitForWrapper node_modules/@testing-library/dom/dist/wait-for.js:[2m163:27[22m[39m
[36m [2m❯[22m src/components/__tests__/Feedback.test.jsx:[2m471:13[22m[39m
    [90m469| [39m      [34mrender[39m([33m<[39m[33mFeedback[39m [33muser[39m[33m=[39m[33m{[39mmockUser[33m}[39m [33mprojects[39m[33m=[39m[33m{[39mmockProjects[33m}[39m [33m/[39m[33m>[39m)[33m;[39m
    [90m470| [39m
    [90m471| [39m      [35mawait[39m [34mwaitFor[39m(() [33m=>[39m {
    [90m   | [39m            [31m^[39m
    [90m472| [39m        expect(screen.getByText('Need better documentation')).toBeInTh…
    [90m473| [39m      })[33m;[39m

[31m[2m⎯⎯⎯⎯⎯⎯⎯⎯⎯⎯⎯⎯⎯⎯⎯⎯⎯⎯⎯⎯⎯[31/172]⎯[22m[39m

[41m[1m FAIL [22m[49m src/components/__tests__/Feedback.test.jsx[2m > [22mFeedback Component[2m > [22mEdit Functionality[2m > [22mshould not show edit button for other users feedback
[31m[1mTestingLibraryElementError[22m: Unable to find an element with the text: Need better documentation. This could be because the text is broken up by multiple elements. In this case, you can provide a function for your text matcher to make your matcher more flexible.

Ignored nodes: comments, script, style
[36m<body>[31m
  [36m<div>[31m
    [36m<div[31m
      [33mclass[31m=[32m"feedback-container"[31m
    [36m>[31m
      [36m<div[31m
        [33mclass[31m=[32m"feedback-header"[31m
      [36m>[31m
        [36m<div[31m
          [33mclass[31m=[32m"feedback-filters"[31m
        [36m>[31m
          [36m<button[31m
            [33mclass[31m=[32m"filter-btn active"[31m
          [36m>[31m
            [0mAll ([0m
            [0m0[0m
            [0m)[0m
          [36m</button>[31m
          [36m<button[31m
            [33mclass[31m=[32m"filter-btn"[31m
          [36m>[31m
            [0mOpen ([0m
            [0m0[0m
            [0m)[0m
          [36m</button>[31m
          [36m<button[31m
            [33mclass[31m=[32m"filter-btn"[31m
          [36m>[31m
            [0mResolved ([0m
            [0m0[0m
            [0m)[0m
          [36m</button>[31m
        [36m</div>[31m
        [36m<button[31m
          [33mclass[31m=[32m"btn-add-feedback"[31m
        [36m>[31m
          [0m+ Add Feedback[0m
        [36m</button>[31m
      [36m</div>[31m
      [36m<div[31m
        [33mclass[31m=[32m"loading"[31m
      [36m>[31m
        [0mLoading feedback...[0m
      [36m</div>[31m
    [36m</div>[31m
  [36m</div>[31m
[36m</body>[31m

Ignored nodes: comments, script, style
[36m<html>[31m
  [36m<head />[31m
  [36m<body>[31m
    [36m<div>[31m
      [36m<div[31m
        [33mclass[31m=[32m"feedback-container"[31m
      [36m>[31m
        [36m<div[31m
          [33mclass[31m=[32m"feedback-header"[31m
        [36m>[31m
          [36m<div[31m
            [33mclass[31m=[32m"feedback-filters"[31m
          [36m>[31m
            [36m<button[31m
              [33mclass[31m=[32m"filter-btn active"[31m
            [36m>[31m
              [0mAll ([0m
              [0m0[0m
              [0m)[0m
            [36m</button>[31m
            [36m<button[31m
              [33mclass[31m=[32m"filter-btn"[31m
            [36m>[31m
              [0mOpen ([0m
              [0m0[0m
              [0m)[0m
            [36m</button>[31m
            [36m<button[31m
              [33mclass[31m=[32m"filter-btn"[31m
            [36m>[31m
              [0mResolved ([0m
              [0m0[0m
              [0m)[0m
            [36m</button>[31m
          [36m</div>[31m
          [36m<button[31m
            [33mclass[31m=[32m"btn-add-feedback"[31m
          [36m>[31m
            [0m+ Add Feedback[0m
          [36m</button>[31m
        [36m</div>[31m
        [36m<div[31m
          [33mclass[31m=[32m"loading"[31m
        [36m>[31m
          [0mLoading feedback...[0m
        [36m</div>[31m
      [36m</div>[31m
    [36m</div>[31m
  [36m</body>[31m
[36m</html>[31m[39m
[90m [2m❯[22m Proxy.waitForWrapper node_modules/@testing-library/dom/dist/wait-for.js:[2m163:27[22m[39m
[36m [2m❯[22m src/components/__tests__/Feedback.test.jsx:[2m482:13[22m[39m
    [90m480| [39m      [34mrender[39m([33m<[39m[33mFeedback[39m [33muser[39m[33m=[39m[33m{[39mmockUser[33m}[39m [33mprojects[39m[33m=[39m[33m{[39mmockProjects[33m}[39m [33m/[39m[33m>[39m)[33m;[39m
    [90m481| [39m
    [90m482| [39m      [35mawait[39m [34mwaitFor[39m(() [33m=>[39m {
    [90m   | [39m            [31m^[39m
    [90m483| [39m        expect(screen.getByText('Need better documentation')).toBeInTh…
    [90m484| [39m      })[33m;[39m

[31m[2m⎯⎯⎯⎯⎯⎯⎯⎯⎯⎯⎯⎯⎯⎯⎯⎯⎯⎯⎯⎯⎯[32/172]⎯[22m[39m

[41m[1m FAIL [22m[49m src/components/__tests__/Login.test.jsx[2m > [22mLogin[2m > [22mModal Interaction[2m > [22mshould close modal when clicking outside
[31m[1mError[22m: [2mexpect([22m[31melement[31m[2m).not.toBeInTheDocument()[22m

[31mexpected document not to contain element, found <input
  class="login-input"
  placeholder="Email"
  required=""
  type="email"
  value=""
/> instead[31m

Ignored nodes: comments, script, style
[36m<html>[31m
  [36m<head />[31m
  [36m<body>[31m
    [36m<div>[31m
      [36m<div[31m
        [33mclass[31m=[32m"login-overlay"[31m
      [36m>[31m
        [36m<div[31m
          [33mclass[31m=[32m"login-modal"[31m
        [36m>[31m
          [36m<button[31m
            [33mclass[31m=[32m"close-btn"[31m
          [36m>[31m
            [0m×[0m
          [36m</button>[31m
          [36m<div[31m
            [33mclass[31m=[32m"login-header"[31m
          [36m>[31m
            [36m<h1>[31m
              [0mLogin[0m
            [36m</h1>[31m
          [36m</div>[31m
          [36m<form[31m
            [33mclass[31m=[32m"login-form"[31m
          [36m>[31m
            [36m<input[31m
              [33mclass[31m=[32m"login-input"[31m
              [33mplaceholder[31m=[32m"Email"[31m
              [33mrequired[31m=[32m""[31m
              [33mtype[31m=[32m"email"[31m
              [33mvalue[31m=[32m""[31m
            [36m/>[31m
            [36m<input[31m
              [33mclass[31m=[32m"login-input"[31m
              [33mplaceholder[31m=[32m"Password"[31m
              [33mrequired[31m=[32m""[31m
              [33mtype[31m=[32m"password"[31m
              [33mvalue[31m=[32m""[31m
            [36m/>[31m
            [36m<button[31m
              [33mclass[31m=[32m"login-button"[31m
              [33mtype[31m=[32m"submit"[31m
            [36m>[31m
              [0mLogin[0m
            [36m</button>[31m
          [36m</form>[31m
        [36m</div>[31m
      [36m</div>[31m
    [36m</div>[31m
  [36m</body>[31m
[36m</html>[31m[39m
[36m [2m❯[22m src/components/__tests__/Login.test.jsx:[2m96:60[22m[39m
    [90m 94| [39m
    [90m 95| [39m      [35mawait[39m [34mwaitFor[39m(() [33m=>[39m {
    [90m 96| [39m        expect(screen.queryByPlaceholderText('Email')).not.toBeInTheDo…
    [90m   | [39m                                                           [31m^[39m
    [90m 97| [39m      })[33m;[39m
    [90m 98| [39m    })[33m;[39m
[90m [2m❯[22m runWithExpensiveErrorDiagnosticsDisabled node_modules/@testing-library/dom/dist/config.js:[2m47:12[22m[39m
[90m [2m❯[22m checkCallback node_modules/@testing-library/dom/dist/wait-for.js:[2m124:77[22m[39m
[90m [2m❯[22m Timeout.checkRealTimersCallback node_modules/@testing-library/dom/dist/wait-for.js:[2m118:16[22m[39m

[31m[2m⎯⎯⎯⎯⎯⎯⎯⎯⎯⎯⎯⎯⎯⎯⎯⎯⎯⎯⎯⎯⎯[33/172]⎯[22m[39m

[41m[1m FAIL [22m[49m src/components/__tests__/Login.test.jsx[2m > [22mLogin[2m > [22mForm Validation[2m > [22mshould show error when submitting empty form
[31m[1mTestingLibraryElementError[22m: Unable to find an accessible element with the role "button" and name `/sign in|submit/i`

Here are the accessible roles:

  button:

  Name "×":
  [36m<button[31m
    [33mclass[31m=[32m"close-btn"[31m
  [36m/>[31m

  Name "Login":
  [36m<button[31m
    [33mclass[31m=[32m"login-button"[31m
    [33mtype[31m=[32m"submit"[31m
  [36m/>[31m

  --------------------------------------------------
  heading:

  Name "Login":
  [36m<h1 />[31m

  --------------------------------------------------
  textbox:

  Name "":
  [36m<input[31m
    [33mclass[31m=[32m"login-input"[31m
    [33mplaceholder[31m=[32m"Email"[31m
    [33mrequired[31m=[32m""[31m
    [33mtype[31m=[32m"email"[31m
    [33mvalue[31m=[32m""[31m
  [36m/>[31m

  --------------------------------------------------

Ignored nodes: comments, script, style
[36m<body>[31m
  [36m<div>[31m
    [36m<div[31m
      [33mclass[31m=[32m"login-overlay"[31m
    [36m>[31m
      [36m<div[31m
        [33mclass[31m=[32m"login-modal"[31m
      [36m>[31m
        [36m<button[31m
          [33mclass[31m=[32m"close-btn"[31m
        [36m>[31m
          [0m×[0m
        [36m</button>[31m
        [36m<div[31m
          [33mclass[31m=[32m"login-header"[31m
        [36m>[31m
          [36m<h1>[31m
            [0mLogin[0m
          [36m</h1>[31m
        [36m</div>[31m
        [36m<form[31m
          [33mclass[31m=[32m"login-form"[31m
        [36m>[31m
          [36m<input[31m
            [33mclass[31m=[32m"login-input"[31m
            [33mplaceholder[31m=[32m"Email"[31m
            [33mrequired[31m=[32m""[31m
            [33mtype[31m=[32m"email"[31m
            [33mvalue[31m=[32m""[31m
          [36m/>[31m
          [36m<input[31m
            [33mclass[31m=[32m"login-input"[31m
            [33mplaceholder[31m=[32m"Password"[31m
            [33mrequired[31m=[32m""[31m
            [33mtype[31m=[32m"password"[31m
            [33mvalue[31m=[32m""[31m
          [36m/>[31m
          [36m<button[31m
            [33mclass[31m=[32m"login-button"[31m
            [33mtype[31m=[32m"submit"[31m
          [36m>[31m
            [0mLogin[0m
          [36m</button>[31m
        [36m</form>[31m
      [36m</div>[31m
    [36m</div>[31m
  [36m</div>[31m
[36m</body>[31m[39m
[90m [2m❯[22m Object.getElementError node_modules/@testing-library/dom/dist/config.js:[2m37:19[22m[39m
[90m [2m❯[22m node_modules/@testing-library/dom/dist/query-helpers.js:[2m76:38[22m[39m
[90m [2m❯[22m node_modules/@testing-library/dom/dist/query-helpers.js:[2m52:17[22m[39m
[90m [2m❯[22m node_modules/@testing-library/dom/dist/query-helpers.js:[2m95:19[22m[39m
[36m [2m❯[22m src/components/__tests__/Login.test.jsx:[2m112:35[22m[39m
    [90m110| [39m      })[33m;[39m
    [90m111| [39m
    [90m112| [39m      const submitButton = screen.getByRole('button', { name: /sign in…
    [90m   | [39m                                  [31m^[39m
    [90m113| [39m      [35mawait[39m user[33m.[39m[34mclick[39m(submitButton)[33m;[39m
    [90m114| [39m

[31m[2m⎯⎯⎯⎯⎯⎯⎯⎯⎯⎯⎯⎯⎯⎯⎯⎯⎯⎯⎯⎯⎯[34/172]⎯[22m[39m

[41m[1m FAIL [22m[49m src/components/__tests__/Login.test.jsx[2m > [22mLogin[2m > [22mForm Validation[2m > [22mshould show error for invalid email format
[31m[1mTestingLibraryElementError[22m: Unable to find an accessible element with the role "button" and name `/sign in|submit/i`

Here are the accessible roles:

  button:

  Name "×":
  [36m<button[31m
    [33mclass[31m=[32m"close-btn"[31m
  [36m/>[31m

  Name "Login":
  [36m<button[31m
    [33mclass[31m=[32m"login-button"[31m
    [33mtype[31m=[32m"submit"[31m
  [36m/>[31m

  --------------------------------------------------
  heading:

  Name "Login":
  [36m<h1 />[31m

  --------------------------------------------------
  textbox:

  Name "":
  [36m<input[31m
    [33mclass[31m=[32m"login-input"[31m
    [33mplaceholder[31m=[32m"Email"[31m
    [33mrequired[31m=[32m""[31m
    [33mtype[31m=[32m"email"[31m
    [33mvalue[31m=[32m"invalid-email"[31m
  [36m/>[31m

  --------------------------------------------------

Ignored nodes: comments, script, style
[36m<body>[31m
  [36m<div>[31m
    [36m<div[31m
      [33mclass[31m=[32m"login-overlay"[31m
    [36m>[31m
      [36m<div[31m
        [33mclass[31m=[32m"login-modal"[31m
      [36m>[31m
        [36m<button[31m
          [33mclass[31m=[32m"close-btn"[31m
        [36m>[31m
          [0m×[0m
        [36m</button>[31m
        [36m<div[31m
          [33mclass[31m=[32m"login-header"[31m
        [36m>[31m
          [36m<h1>[31m
            [0mLogin[0m
          [36m</h1>[31m
        [36m</div>[31m
        [36m<form[31m
          [33mclass[31m=[32m"login-form"[31m
        [36m>[31m
          [36m<input[31m
            [33mclass[31m=[32m"login-input"[31m
            [33mplaceholder[31m=[32m"Email"[31m
            [33mrequired[31m=[32m""[31m
            [33mtype[31m=[32m"email"[31m
            [33mvalue[31m=[32m"invalid-email"[31m
          [36m/>[31m
          [36m<input[31m
            [33mclass[31m=[32m"login-input"[31m
            [33mplaceholder[31m=[32m"Password"[31m
            [33mrequired[31m=[32m""[31m
            [33mtype[31m=[32m"password"[31m
            [33mvalue[31m=[32m""[31m
          [36m/>[31m
          [36m<button[31m
            [33mclass[31m=[32m"login-button"[31m
            [33mtype[31m=[32m"submit"[31m
          [36m>[31m
            [0mLogin[0m
          [36m</button>[31m
        [36m</form>[31m
      [36m</div>[31m
    [36m</div>[31m
  [36m</div>[31m
[36m</body>[31m[39m
[90m [2m❯[22m Object.getElementError node_modules/@testing-library/dom/dist/config.js:[2m37:19[22m[39m
[90m [2m❯[22m node_modules/@testing-library/dom/dist/query-helpers.js:[2m76:38[22m[39m
[90m [2m❯[22m node_modules/@testing-library/dom/dist/query-helpers.js:[2m52:17[22m[39m
[90m [2m❯[22m node_modules/@testing-library/dom/dist/query-helpers.js:[2m95:19[22m[39m
[36m [2m❯[22m src/components/__tests__/Login.test.jsx:[2m130:35[22m[39m
    [90m128| [39m      [35mawait[39m user[33m.[39m[34mtype[39m(emailInput[33m,[39m [32m'invalid-email'[39m)[33m;[39m
    [90m129| [39m
    [90m130| [39m      const submitButton = screen.getByRole('button', { name: /sign in…
    [90m   | [39m                                  [31m^[39m
    [90m131| [39m      [35mawait[39m user[33m.[39m[34mclick[39m(submitButton)[33m;[39m
    [90m132| [39m

[31m[2m⎯⎯⎯⎯⎯⎯⎯⎯⎯⎯⎯⎯⎯⎯⎯⎯⎯⎯⎯⎯⎯[35/172]⎯[22m[39m

[41m[1m FAIL [22m[49m src/components/__tests__/Login.test.jsx[2m > [22mLogin[2m > [22mForm Validation[2m > [22mshould show error when password is missing
[31m[1mTestingLibraryElementError[22m: Unable to find an accessible element with the role "button" and name `/sign in|submit/i`

Here are the accessible roles:

  button:

  Name "×":
  [36m<button[31m
    [33mclass[31m=[32m"close-btn"[31m
  [36m/>[31m

  Name "Login":
  [36m<button[31m
    [33mclass[31m=[32m"login-button"[31m
    [33mtype[31m=[32m"submit"[31m
  [36m/>[31m

  --------------------------------------------------
  heading:

  Name "Login":
  [36m<h1 />[31m

  --------------------------------------------------
  textbox:

  Name "":
  [36m<input[31m
    [33mclass[31m=[32m"login-input"[31m
    [33mplaceholder[31m=[32m"Email"[31m
    [33mrequired[31m=[32m""[31m
    [33mtype[31m=[32m"email"[31m
    [33mvalue[31m=[32m"test@example.com"[31m
  [36m/>[31m

  --------------------------------------------------

Ignored nodes: comments, script, style
[36m<body>[31m
  [36m<div>[31m
    [36m<div[31m
      [33mclass[31m=[32m"login-overlay"[31m
    [36m>[31m
      [36m<div[31m
        [33mclass[31m=[32m"login-modal"[31m
      [36m>[31m
        [36m<button[31m
          [33mclass[31m=[32m"close-btn"[31m
        [36m>[31m
          [0m×[0m
        [36m</button>[31m
        [36m<div[31m
          [33mclass[31m=[32m"login-header"[31m
        [36m>[31m
          [36m<h1>[31m
            [0mLogin[0m
          [36m</h1>[31m
        [36m</div>[31m
        [36m<form[31m
          [33mclass[31m=[32m"login-form"[31m
        [36m>[31m
          [36m<input[31m
            [33mclass[31m=[32m"login-input"[31m
            [33mplaceholder[31m=[32m"Email"[31m
            [33mrequired[31m=[32m""[31m
            [33mtype[31m=[32m"email"[31m
            [33mvalue[31m=[32m"test@example.com"[31m
          [36m/>[31m
          [36m<input[31m
            [33mclass[31m=[32m"login-input"[31m
            [33mplaceholder[31m=[32m"Password"[31m
            [33mrequired[31m=[32m""[31m
            [33mtype[31m=[32m"password"[31m
            [33mvalue[31m=[32m""[31m
          [36m/>[31m
          [36m<button[31m
            [33mclass[31m=[32m"login-button"[31m
            [33mtype[31m=[32m"submit"[31m
          [36m>[31m
            [0mLogin[0m
          [36m</button>[31m
        [36m</form>[31m
      [36m</div>[31m
    [36m</div>[31m
  [36m</div>[31m
[36m</body>[31m[39m
[90m [2m❯[22m Object.getElementError node_modules/@testing-library/dom/dist/config.js:[2m37:19[22m[39m
[90m [2m❯[22m node_modules/@testing-library/dom/dist/query-helpers.js:[2m76:38[22m[39m
[90m [2m❯[22m node_modules/@testing-library/dom/dist/query-helpers.js:[2m52:17[22m[39m
[90m [2m❯[22m node_modules/@testing-library/dom/dist/query-helpers.js:[2m95:19[22m[39m
[36m [2m❯[22m src/components/__tests__/Login.test.jsx:[2m148:35[22m[39m
    [90m146| [39m      [35mawait[39m user[33m.[39m[34mtype[39m(emailInput[33m,[39m [32m'test@example.com'[39m)[33m;[39m
    [90m147| [39m
    [90m148| [39m      const submitButton = screen.getByRole('button', { name: /sign in…
    [90m   | [39m                                  [31m^[39m
    [90m149| [39m      [35mawait[39m user[33m.[39m[34mclick[39m(submitButton)[33m;[39m
    [90m150| [39m

[31m[2m⎯⎯⎯⎯⎯⎯⎯⎯⎯⎯⎯⎯⎯⎯⎯⎯⎯⎯⎯⎯⎯[36/172]⎯[22m[39m

[41m[1m FAIL [22m[49m src/components/__tests__/Login.test.jsx[2m > [22mLogin[2m > [22mSuccessful Login[2m > [22mshould call API with correct credentials
[31m[1mTestingLibraryElementError[22m: Unable to find an accessible element with the role "button" and name `/sign in|submit/i`

Here are the accessible roles:

  button:

  Name "×":
  [36m<button[31m
    [33mclass[31m=[32m"close-btn"[31m
  [36m/>[31m

  Name "Login":
  [36m<button[31m
    [33mclass[31m=[32m"login-button"[31m
    [33mtype[31m=[32m"submit"[31m
  [36m/>[31m

  --------------------------------------------------
  heading:

  Name "Login":
  [36m<h1 />[31m

  --------------------------------------------------
  textbox:

  Name "":
  [36m<input[31m
    [33mclass[31m=[32m"login-input"[31m
    [33mplaceholder[31m=[32m"Email"[31m
    [33mrequired[31m=[32m""[31m
    [33mtype[31m=[32m"email"[31m
    [33mvalue[31m=[32m"test@example.com"[31m
  [36m/>[31m

  --------------------------------------------------

Ignored nodes: comments, script, style
[36m<body>[31m
  [36m<div>[31m
    [36m<div[31m
      [33mclass[31m=[32m"login-overlay"[31m
    [36m>[31m
      [36m<div[31m
        [33mclass[31m=[32m"login-modal"[31m
      [36m>[31m
        [36m<button[31m
          [33mclass[31m=[32m"close-btn"[31m
        [36m>[31m
          [0m×[0m
        [36m</button>[31m
        [36m<div[31m
          [33mclass[31m=[32m"login-header"[31m
        [36m>[31m
          [36m<h1>[31m
            [0mLogin[0m
          [36m</h1>[31m
        [36m</div>[31m
        [36m<form[31m
          [33mclass[31m=[32m"login-form"[31m
        [36m>[31m
          [36m<input[31m
            [33mclass[31m=[32m"login-input"[31m
            [33mplaceholder[31m=[32m"Email"[31m
            [33mrequired[31m=[32m""[31m
            [33mtype[31m=[32m"email"[31m
            [33mvalue[31m=[32m"test@example.com"[31m
          [36m/>[31m
          [36m<input[31m
            [33mclass[31m=[32m"login-input"[31m
            [33mplaceholder[31m=[32m"Password"[31m
            [33mrequired[31m=[32m""[31m
            [33mtype[31m=[32m"password"[31m
            [33mvalue[31m=[32m"password123"[31m
          [36m/>[31m
          [36m<button[31m
            [33mclass[31m=[32m"login-button"[31m
            [33mtype[31m=[32m"submit"[31m
          [36m>[31m
            [0mLogin[0m
          [36m</button>[31m
        [36m</form>[31m
      [36m</div>[31m
    [36m</div>[31m
  [36m</div>[31m
[36m</body>[31m[39m
[90m [2m❯[22m Object.getElementError node_modules/@testing-library/dom/dist/config.js:[2m37:19[22m[39m
[90m [2m❯[22m node_modules/@testing-library/dom/dist/query-helpers.js:[2m76:38[22m[39m
[90m [2m❯[22m node_modules/@testing-library/dom/dist/query-helpers.js:[2m52:17[22m[39m
[90m [2m❯[22m node_modules/@testing-library/dom/dist/query-helpers.js:[2m95:19[22m[39m
[36m [2m❯[22m src/components/__tests__/Login.test.jsx:[2m185:35[22m[39m
    [90m183| [39m      [35mawait[39m user[33m.[39m[34mtype[39m(passwordInput[33m,[39m [32m'password123'[39m)[33m;[39m
    [90m184| [39m
    [90m185| [39m      const submitButton = screen.getByRole('button', { name: /sign in…
    [90m   | [39m                                  [31m^[39m
    [90m186| [39m      [35mawait[39m user[33m.[39m[34mclick[39m(submitButton)[33m;[39m
    [90m187| [39m

[31m[2m⎯⎯⎯⎯⎯⎯⎯⎯⎯⎯⎯⎯⎯⎯⎯⎯⎯⎯⎯⎯⎯[37/172]⎯[22m[39m

[41m[1m FAIL [22m[49m src/components/__tests__/Login.test.jsx[2m > [22mLogin[2m > [22mSuccessful Login[2m > [22mshould store token in localStorage on successful login
[31m[1mTestingLibraryElementError[22m: Unable to find an accessible element with the role "button" and name `/sign in|submit/i`

Here are the accessible roles:

  button:

  Name "×":
  [36m<button[31m
    [33mclass[31m=[32m"close-btn"[31m
  [36m/>[31m

  Name "Login":
  [36m<button[31m
    [33mclass[31m=[32m"login-button"[31m
    [33mtype[31m=[32m"submit"[31m
  [36m/>[31m

  --------------------------------------------------
  heading:

  Name "Login":
  [36m<h1 />[31m

  --------------------------------------------------
  textbox:

  Name "":
  [36m<input[31m
    [33mclass[31m=[32m"login-input"[31m
    [33mplaceholder[31m=[32m"Email"[31m
    [33mrequired[31m=[32m""[31m
    [33mtype[31m=[32m"email"[31m
    [33mvalue[31m=[32m"test@example.com"[31m
  [36m/>[31m

  --------------------------------------------------

Ignored nodes: comments, script, style
[36m<body>[31m
  [36m<div>[31m
    [36m<div[31m
      [33mclass[31m=[32m"login-overlay"[31m
    [36m>[31m
      [36m<div[31m
        [33mclass[31m=[32m"login-modal"[31m
      [36m>[31m
        [36m<button[31m
          [33mclass[31m=[32m"close-btn"[31m
        [36m>[31m
          [0m×[0m
        [36m</button>[31m
        [36m<div[31m
          [33mclass[31m=[32m"login-header"[31m
        [36m>[31m
          [36m<h1>[31m
            [0mLogin[0m
          [36m</h1>[31m
        [36m</div>[31m
        [36m<form[31m
          [33mclass[31m=[32m"login-form"[31m
        [36m>[31m
          [36m<input[31m
            [33mclass[31m=[32m"login-input"[31m
            [33mplaceholder[31m=[32m"Email"[31m
            [33mrequired[31m=[32m""[31m
            [33mtype[31m=[32m"email"[31m
            [33mvalue[31m=[32m"test@example.com"[31m
          [36m/>[31m
          [36m<input[31m
            [33mclass[31m=[32m"login-input"[31m
            [33mplaceholder[31m=[32m"Password"[31m
            [33mrequired[31m=[32m""[31m
            [33mtype[31m=[32m"password"[31m
            [33mvalue[31m=[32m"password123"[31m
          [36m/>[31m
          [36m<button[31m
            [33mclass[31m=[32m"login-button"[31m
            [33mtype[31m=[32m"submit"[31m
          [36m>[31m
            [0mLogin[0m
          [36m</button>[31m
        [36m</form>[31m
      [36m</div>[31m
    [36m</div>[31m
  [36m</div>[31m
[36m</body>[31m[39m
[90m [2m❯[22m Object.getElementError node_modules/@testing-library/dom/dist/config.js:[2m37:19[22m[39m
[90m [2m❯[22m node_modules/@testing-library/dom/dist/query-helpers.js:[2m76:38[22m[39m
[90m [2m❯[22m node_modules/@testing-library/dom/dist/query-helpers.js:[2m52:17[22m[39m
[90m [2m❯[22m node_modules/@testing-library/dom/dist/query-helpers.js:[2m95:19[22m[39m
[36m [2m❯[22m src/components/__tests__/Login.test.jsx:[2m223:35[22m[39m
    [90m221| [39m      [35mawait[39m user[33m.[39m[34mtype[39m(passwordInput[33m,[39m [32m'password123'[39m)[33m;[39m
    [90m222| [39m
    [90m223| [39m      const submitButton = screen.getByRole('button', { name: /sign in…
    [90m   | [39m                                  [31m^[39m
    [90m224| [39m      [35mawait[39m user[33m.[39m[34mclick[39m(submitButton)[33m;[39m
    [90m225| [39m

[31m[2m⎯⎯⎯⎯⎯⎯⎯⎯⎯⎯⎯⎯⎯⎯⎯⎯⎯⎯⎯⎯⎯[38/172]⎯[22m[39m

[41m[1m FAIL [22m[49m src/components/__tests__/Login.test.jsx[2m > [22mLogin[2m > [22mSuccessful Login[2m > [22mshould call onLogin callback with user data
[31m[1mTestingLibraryElementError[22m: Unable to find an accessible element with the role "button" and name `/sign in|submit/i`

Here are the accessible roles:

  button:

  Name "×":
  [36m<button[31m
    [33mclass[31m=[32m"close-btn"[31m
  [36m/>[31m

  Name "Login":
  [36m<button[31m
    [33mclass[31m=[32m"login-button"[31m
    [33mtype[31m=[32m"submit"[31m
  [36m/>[31m

  --------------------------------------------------
  heading:

  Name "Login":
  [36m<h1 />[31m

  --------------------------------------------------
  textbox:

  Name "":
  [36m<input[31m
    [33mclass[31m=[32m"login-input"[31m
    [33mplaceholder[31m=[32m"Email"[31m
    [33mrequired[31m=[32m""[31m
    [33mtype[31m=[32m"email"[31m
    [33mvalue[31m=[32m"test@example.com"[31m
  [36m/>[31m

  --------------------------------------------------

Ignored nodes: comments, script, style
[36m<body>[31m
  [36m<div>[31m
    [36m<div[31m
      [33mclass[31m=[32m"login-overlay"[31m
    [36m>[31m
      [36m<div[31m
        [33mclass[31m=[32m"login-modal"[31m
      [36m>[31m
        [36m<button[31m
          [33mclass[31m=[32m"close-btn"[31m
        [36m>[31m
          [0m×[0m
        [36m</button>[31m
        [36m<div[31m
          [33mclass[31m=[32m"login-header"[31m
        [36m>[31m
          [36m<h1>[31m
            [0mLogin[0m
          [36m</h1>[31m
        [36m</div>[31m
        [36m<form[31m
          [33mclass[31m=[32m"login-form"[31m
        [36m>[31m
          [36m<input[31m
            [33mclass[31m=[32m"login-input"[31m
            [33mplaceholder[31m=[32m"Email"[31m
            [33mrequired[31m=[32m""[31m
            [33mtype[31m=[32m"email"[31m
            [33mvalue[31m=[32m"test@example.com"[31m
          [36m/>[31m
          [36m<input[31m
            [33mclass[31m=[32m"login-input"[31m
            [33mplaceholder[31m=[32m"Password"[31m
            [33mrequired[31m=[32m""[31m
            [33mtype[31m=[32m"password"[31m
            [33mvalue[31m=[32m"password123"[31m
          [36m/>[31m
          [36m<button[31m
            [33mclass[31m=[32m"login-button"[31m
            [33mtype[31m=[32m"submit"[31m
          [36m>[31m
            [0mLogin[0m
          [36m</button>[31m
        [36m</form>[31m
      [36m</div>[31m
    [36m</div>[31m
  [36m</div>[31m
[36m</body>[31m[39m
[90m [2m❯[22m Object.getElementError node_modules/@testing-library/dom/dist/config.js:[2m37:19[22m[39m
[90m [2m❯[22m node_modules/@testing-library/dom/dist/query-helpers.js:[2m76:38[22m[39m
[90m [2m❯[22m node_modules/@testing-library/dom/dist/query-helpers.js:[2m52:17[22m[39m
[90m [2m❯[22m node_modules/@testing-library/dom/dist/query-helpers.js:[2m95:19[22m[39m
[36m [2m❯[22m src/components/__tests__/Login.test.jsx:[2m259:35[22m[39m
    [90m257| [39m      [35mawait[39m user[33m.[39m[34mtype[39m(passwordInput[33m,[39m [32m'password123'[39m)[33m;[39m
    [90m258| [39m
    [90m259| [39m      const submitButton = screen.getByRole('button', { name: /sign in…
    [90m   | [39m                                  [31m^[39m
    [90m260| [39m      [35mawait[39m user[33m.[39m[34mclick[39m(submitButton)[33m;[39m
    [90m261| [39m

[31m[2m⎯⎯⎯⎯⎯⎯⎯⎯⎯⎯⎯⎯⎯⎯⎯⎯⎯⎯⎯⎯⎯[39/172]⎯[22m[39m

[41m[1m FAIL [22m[49m src/components/__tests__/Login.test.jsx[2m > [22mLogin[2m > [22mSuccessful Login[2m > [22mshould close modal after successful login
[31m[1mTestingLibraryElementError[22m: Unable to find an accessible element with the role "button" and name `/sign in|submit/i`

Here are the accessible roles:

  button:

  Name "×":
  [36m<button[31m
    [33mclass[31m=[32m"close-btn"[31m
  [36m/>[31m

  Name "Login":
  [36m<button[31m
    [33mclass[31m=[32m"login-button"[31m
    [33mtype[31m=[32m"submit"[31m
  [36m/>[31m

  --------------------------------------------------
  heading:

  Name "Login":
  [36m<h1 />[31m

  --------------------------------------------------
  textbox:

  Name "":
  [36m<input[31m
    [33mclass[31m=[32m"login-input"[31m
    [33mplaceholder[31m=[32m"Email"[31m
    [33mrequired[31m=[32m""[31m
    [33mtype[31m=[32m"email"[31m
    [33mvalue[31m=[32m"test@example.com"[31m
  [36m/>[31m

  --------------------------------------------------

Ignored nodes: comments, script, style
[36m<body>[31m
  [36m<div>[31m
    [36m<div[31m
      [33mclass[31m=[32m"login-overlay"[31m
    [36m>[31m
      [36m<div[31m
        [33mclass[31m=[32m"login-modal"[31m
      [36m>[31m
        [36m<button[31m
          [33mclass[31m=[32m"close-btn"[31m
        [36m>[31m
          [0m×[0m
        [36m</button>[31m
        [36m<div[31m
          [33mclass[31m=[32m"login-header"[31m
        [36m>[31m
          [36m<h1>[31m
            [0mLogin[0m
          [36m</h1>[31m
        [36m</div>[31m
        [36m<form[31m
          [33mclass[31m=[32m"login-form"[31m
        [36m>[31m
          [36m<input[31m
            [33mclass[31m=[32m"login-input"[31m
            [33mplaceholder[31m=[32m"Email"[31m
            [33mrequired[31m=[32m""[31m
            [33mtype[31m=[32m"email"[31m
            [33mvalue[31m=[32m"test@example.com"[31m
          [36m/>[31m
          [36m<input[31m
            [33mclass[31m=[32m"login-input"[31m
            [33mplaceholder[31m=[32m"Password"[31m
            [33mrequired[31m=[32m""[31m
            [33mtype[31m=[32m"password"[31m
            [33mvalue[31m=[32m"password123"[31m
          [36m/>[31m
          [36m<button[31m
            [33mclass[31m=[32m"login-button"[31m
            [33mtype[31m=[32m"submit"[31m
          [36m>[31m
            [0mLogin[0m
          [36m</button>[31m
        [36m</form>[31m
      [36m</div>[31m
    [36m</div>[31m
  [36m</div>[31m
[36m</body>[31m[39m
[90m [2m❯[22m Object.getElementError node_modules/@testing-library/dom/dist/config.js:[2m37:19[22m[39m
[90m [2m❯[22m node_modules/@testing-library/dom/dist/query-helpers.js:[2m76:38[22m[39m
[90m [2m❯[22m node_modules/@testing-library/dom/dist/query-helpers.js:[2m52:17[22m[39m
[90m [2m❯[22m node_modules/@testing-library/dom/dist/query-helpers.js:[2m95:19[22m[39m
[36m [2m❯[22m src/components/__tests__/Login.test.jsx:[2m294:35[22m[39m
    [90m292| [39m      [35mawait[39m user[33m.[39m[34mtype[39m(passwordInput[33m,[39m [32m'password123'[39m)[33m;[39m
    [90m293| [39m
    [90m294| [39m      const submitButton = screen.getByRole('button', { name: /sign in…
    [90m   | [39m                                  [31m^[39m
    [90m295| [39m      [35mawait[39m user[33m.[39m[34mclick[39m(submitButton)[33m;[39m
    [90m296| [39m

[31m[2m⎯⎯⎯⎯⎯⎯⎯⎯⎯⎯⎯⎯⎯⎯⎯⎯⎯⎯⎯⎯⎯[40/172]⎯[22m[39m

[41m[1m FAIL [22m[49m src/components/__tests__/Login.test.jsx[2m > [22mLogin[2m > [22mFailed Login[2m > [22mshould show error message on invalid credentials
[31m[1mTestingLibraryElementError[22m: Unable to find an accessible element with the role "button" and name `/sign in|submit/i`

Here are the accessible roles:

  button:

  Name "×":
  [36m<button[31m
    [33mclass[31m=[32m"close-btn"[31m
  [36m/>[31m

  Name "Login":
  [36m<button[31m
    [33mclass[31m=[32m"login-button"[31m
    [33mtype[31m=[32m"submit"[31m
  [36m/>[31m

  --------------------------------------------------
  heading:

  Name "Login":
  [36m<h1 />[31m

  --------------------------------------------------
  textbox:

  Name "":
  [36m<input[31m
    [33mclass[31m=[32m"login-input"[31m
    [33mplaceholder[31m=[32m"Email"[31m
    [33mrequired[31m=[32m""[31m
    [33mtype[31m=[32m"email"[31m
    [33mvalue[31m=[32m"wrong@example.com"[31m
  [36m/>[31m

  --------------------------------------------------

Ignored nodes: comments, script, style
[36m<body>[31m
  [36m<div>[31m
    [36m<div[31m
      [33mclass[31m=[32m"login-overlay"[31m
    [36m>[31m
      [36m<div[31m
        [33mclass[31m=[32m"login-modal"[31m
      [36m>[31m
        [36m<button[31m
          [33mclass[31m=[32m"close-btn"[31m
        [36m>[31m
          [0m×[0m
        [36m</button>[31m
        [36m<div[31m
          [33mclass[31m=[32m"login-header"[31m
        [36m>[31m
          [36m<h1>[31m
            [0mLogin[0m
          [36m</h1>[31m
        [36m</div>[31m
        [36m<form[31m
          [33mclass[31m=[32m"login-form"[31m
        [36m>[31m
          [36m<input[31m
            [33mclass[31m=[32m"login-input"[31m
            [33mplaceholder[31m=[32m"Email"[31m
            [33mrequired[31m=[32m""[31m
            [33mtype[31m=[32m"email"[31m
            [33mvalue[31m=[32m"wrong@example.com"[31m
          [36m/>[31m
          [36m<input[31m
            [33mclass[31m=[32m"login-input"[31m
            [33mplaceholder[31m=[32m"Password"[31m
            [33mrequired[31m=[32m""[31m
            [33mtype[31m=[32m"password"[31m
            [33mvalue[31m=[32m"wrongpassword"[31m
          [36m/>[31m
          [36m<button[31m
            [33mclass[31m=[32m"login-button"[31m
            [33mtype[31m=[32m"submit"[31m
          [36m>[31m
            [0mLogin[0m
          [36m</button>[31m
        [36m</form>[31m
      [36m</div>[31m
    [36m</div>[31m
  [36m</div>[31m
[36m</body>[31m[39m
[90m [2m❯[22m Object.getElementError node_modules/@testing-library/dom/dist/config.js:[2m37:19[22m[39m
[90m [2m❯[22m node_modules/@testing-library/dom/dist/query-helpers.js:[2m76:38[22m[39m
[90m [2m❯[22m node_modules/@testing-library/dom/dist/query-helpers.js:[2m52:17[22m[39m
[90m [2m❯[22m node_modules/@testing-library/dom/dist/query-helpers.js:[2m95:19[22m[39m
[36m [2m❯[22m src/components/__tests__/Login.test.jsx:[2m324:35[22m[39m
    [90m322| [39m      [35mawait[39m user[33m.[39m[34mtype[39m(passwordInput[33m,[39m [32m'wrongpassword'[39m)[33m;[39m
    [90m323| [39m
    [90m324| [39m      const submitButton = screen.getByRole('button', { name: /sign in…
    [90m   | [39m                                  [31m^[39m
    [90m325| [39m      [35mawait[39m user[33m.[39m[34mclick[39m(submitButton)[33m;[39m
    [90m326| [39m

[31m[2m⎯⎯⎯⎯⎯⎯⎯⎯⎯⎯⎯⎯⎯⎯⎯⎯⎯⎯⎯⎯⎯[41/172]⎯[22m[39m

[41m[1m FAIL [22m[49m src/components/__tests__/Login.test.jsx[2m > [22mLogin[2m > [22mFailed Login[2m > [22mshould show error message on network error
[31m[1mTestingLibraryElementError[22m: Unable to find an accessible element with the role "button" and name `/sign in|submit/i`

Here are the accessible roles:

  button:

  Name "×":
  [36m<button[31m
    [33mclass[31m=[32m"close-btn"[31m
  [36m/>[31m

  Name "Login":
  [36m<button[31m
    [33mclass[31m=[32m"login-button"[31m
    [33mtype[31m=[32m"submit"[31m
  [36m/>[31m

  --------------------------------------------------
  heading:

  Name "Login":
  [36m<h1 />[31m

  --------------------------------------------------
  textbox:

  Name "":
  [36m<input[31m
    [33mclass[31m=[32m"login-input"[31m
    [33mplaceholder[31m=[32m"Email"[31m
    [33mrequired[31m=[32m""[31m
    [33mtype[31m=[32m"email"[31m
    [33mvalue[31m=[32m"test@example.com"[31m
  [36m/>[31m

  --------------------------------------------------

Ignored nodes: comments, script, style
[36m<body>[31m
  [36m<div>[31m
    [36m<div[31m
      [33mclass[31m=[32m"login-overlay"[31m
    [36m>[31m
      [36m<div[31m
        [33mclass[31m=[32m"login-modal"[31m
      [36m>[31m
        [36m<button[31m
          [33mclass[31m=[32m"close-btn"[31m
        [36m>[31m
          [0m×[0m
        [36m</button>[31m
        [36m<div[31m
          [33mclass[31m=[32m"login-header"[31m
        [36m>[31m
          [36m<h1>[31m
            [0mLogin[0m
          [36m</h1>[31m
        [36m</div>[31m
        [36m<form[31m
          [33mclass[31m=[32m"login-form"[31m
        [36m>[31m
          [36m<input[31m
            [33mclass[31m=[32m"login-input"[31m
            [33mplaceholder[31m=[32m"Email"[31m
            [33mrequired[31m=[32m""[31m
            [33mtype[31m=[32m"email"[31m
            [33mvalue[31m=[32m"test@example.com"[31m
          [36m/>[31m
          [36m<input[31m
            [33mclass[31m=[32m"login-input"[31m
            [33mplaceholder[31m=[32m"Password"[31m
            [33mrequired[31m=[32m""[31m
            [33mtype[31m=[32m"password"[31m
            [33mvalue[31m=[32m"password123"[31m
          [36m/>[31m
          [36m<button[31m
            [33mclass[31m=[32m"login-button"[31m
            [33mtype[31m=[32m"submit"[31m
          [36m>[31m
            [0mLogin[0m
          [36m</button>[31m
        [36m</form>[31m
      [36m</div>[31m
    [36m</div>[31m
  [36m</div>[31m
[36m</body>[31m[39m
[90m [2m❯[22m Object.getElementError node_modules/@testing-library/dom/dist/config.js:[2m37:19[22m[39m
[90m [2m❯[22m node_modules/@testing-library/dom/dist/query-helpers.js:[2m76:38[22m[39m
[90m [2m❯[22m node_modules/@testing-library/dom/dist/query-helpers.js:[2m52:17[22m[39m
[90m [2m❯[22m node_modules/@testing-library/dom/dist/query-helpers.js:[2m95:19[22m[39m
[36m [2m❯[22m src/components/__tests__/Login.test.jsx:[2m347:35[22m[39m
    [90m345| [39m      [35mawait[39m user[33m.[39m[34mtype[39m(passwordInput[33m,[39m [32m'password123'[39m)[33m;[39m
    [90m346| [39m
    [90m347| [39m      const submitButton = screen.getByRole('button', { name: /sign in…
    [90m   | [39m                                  [31m^[39m
    [90m348| [39m      [35mawait[39m user[33m.[39m[34mclick[39m(submitButton)[33m;[39m
    [90m349| [39m

[31m[2m⎯⎯⎯⎯⎯⎯⎯⎯⎯⎯⎯⎯⎯⎯⎯⎯⎯⎯⎯⎯⎯[42/172]⎯[22m[39m

[41m[1m FAIL [22m[49m src/components/__tests__/Login.test.jsx[2m > [22mLogin[2m > [22mFailed Login[2m > [22mshould not call onLogin on failed login
[31m[1mTestingLibraryElementError[22m: Unable to find an accessible element with the role "button" and name `/sign in|submit/i`

Here are the accessible roles:

  button:

  Name "×":
  [36m<button[31m
    [33mclass[31m=[32m"close-btn"[31m
  [36m/>[31m

  Name "Login":
  [36m<button[31m
    [33mclass[31m=[32m"login-button"[31m
    [33mtype[31m=[32m"submit"[31m
  [36m/>[31m

  --------------------------------------------------
  heading:

  Name "Login":
  [36m<h1 />[31m

  --------------------------------------------------
  textbox:

  Name "":
  [36m<input[31m
    [33mclass[31m=[32m"login-input"[31m
    [33mplaceholder[31m=[32m"Email"[31m
    [33mrequired[31m=[32m""[31m
    [33mtype[31m=[32m"email"[31m
    [33mvalue[31m=[32m"wrong@example.com"[31m
  [36m/>[31m

  --------------------------------------------------

Ignored nodes: comments, script, style
[36m<body>[31m
  [36m<div>[31m
    [36m<div[31m
      [33mclass[31m=[32m"login-overlay"[31m
    [36m>[31m
      [36m<div[31m
        [33mclass[31m=[32m"login-modal"[31m
      [36m>[31m
        [36m<button[31m
          [33mclass[31m=[32m"close-btn"[31m
        [36m>[31m
          [0m×[0m
        [36m</button>[31m
        [36m<div[31m
          [33mclass[31m=[32m"login-header"[31m
        [36m>[31m
          [36m<h1>[31m
            [0mLogin[0m
          [36m</h1>[31m
        [36m</div>[31m
        [36m<form[31m
          [33mclass[31m=[32m"login-form"[31m
        [36m>[31m
          [36m<input[31m
            [33mclass[31m=[32m"login-input"[31m
            [33mplaceholder[31m=[32m"Email"[31m
            [33mrequired[31m=[32m""[31m
            [33mtype[31m=[32m"email"[31m
            [33mvalue[31m=[32m"wrong@example.com"[31m
          [36m/>[31m
          [36m<input[31m
            [33mclass[31m=[32m"login-input"[31m
            [33mplaceholder[31m=[32m"Password"[31m
            [33mrequired[31m=[32m""[31m
            [33mtype[31m=[32m"password"[31m
            [33mvalue[31m=[32m"wrongpassword"[31m
          [36m/>[31m
          [36m<button[31m
            [33mclass[31m=[32m"login-button"[31m
            [33mtype[31m=[32m"submit"[31m
          [36m>[31m
            [0mLogin[0m
          [36m</button>[31m
        [36m</form>[31m
      [36m</div>[31m
    [36m</div>[31m
  [36m</div>[31m
[36m</body>[31m[39m
[90m [2m❯[22m Object.getElementError node_modules/@testing-library/dom/dist/config.js:[2m37:19[22m[39m
[90m [2m❯[22m node_modules/@testing-library/dom/dist/query-helpers.js:[2m76:38[22m[39m
[90m [2m❯[22m node_modules/@testing-library/dom/dist/query-helpers.js:[2m52:17[22m[39m
[90m [2m❯[22m node_modules/@testing-library/dom/dist/query-helpers.js:[2m95:19[22m[39m
[36m [2m❯[22m src/components/__tests__/Login.test.jsx:[2m375:35[22m[39m
    [90m373| [39m      [35mawait[39m user[33m.[39m[34mtype[39m(passwordInput[33m,[39m [32m'wrongpassword'[39m)[33m;[39m
    [90m374| [39m
    [90m375| [39m      const submitButton = screen.getByRole('button', { name: /sign in…
    [90m   | [39m                                  [31m^[39m
    [90m376| [39m      [35mawait[39m user[33m.[39m[34mclick[39m(submitButton)[33m;[39m
    [90m377| [39m

[31m[2m⎯⎯⎯⎯⎯⎯⎯⎯⎯⎯⎯⎯⎯⎯⎯⎯⎯⎯⎯⎯⎯[43/172]⎯[22m[39m

[41m[1m FAIL [22m[49m src/components/__tests__/Login.test.jsx[2m > [22mLogin[2m > [22mFailed Login[2m > [22mshould not store token on failed login
[31m[1mTestingLibraryElementError[22m: Unable to find an accessible element with the role "button" and name `/sign in|submit/i`

Here are the accessible roles:

  button:

  Name "×":
  [36m<button[31m
    [33mclass[31m=[32m"close-btn"[31m
  [36m/>[31m

  Name "Login":
  [36m<button[31m
    [33mclass[31m=[32m"login-button"[31m
    [33mtype[31m=[32m"submit"[31m
  [36m/>[31m

  --------------------------------------------------
  heading:

  Name "Login":
  [36m<h1 />[31m

  --------------------------------------------------
  textbox:

  Name "":
  [36m<input[31m
    [33mclass[31m=[32m"login-input"[31m
    [33mplaceholder[31m=[32m"Email"[31m
    [33mrequired[31m=[32m""[31m
    [33mtype[31m=[32m"email"[31m
    [33mvalue[31m=[32m"wrong@example.com"[31m
  [36m/>[31m

  --------------------------------------------------

Ignored nodes: comments, script, style
[36m<body>[31m
  [36m<div>[31m
    [36m<div[31m
      [33mclass[31m=[32m"login-overlay"[31m
    [36m>[31m
      [36m<div[31m
        [33mclass[31m=[32m"login-modal"[31m
      [36m>[31m
        [36m<button[31m
          [33mclass[31m=[32m"close-btn"[31m
        [36m>[31m
          [0m×[0m
        [36m</button>[31m
        [36m<div[31m
          [33mclass[31m=[32m"login-header"[31m
        [36m>[31m
          [36m<h1>[31m
            [0mLogin[0m
          [36m</h1>[31m
        [36m</div>[31m
        [36m<form[31m
          [33mclass[31m=[32m"login-form"[31m
        [36m>[31m
          [36m<input[31m
            [33mclass[31m=[32m"login-input"[31m
            [33mplaceholder[31m=[32m"Email"[31m
            [33mrequired[31m=[32m""[31m
            [33mtype[31m=[32m"email"[31m
            [33mvalue[31m=[32m"wrong@example.com"[31m
          [36m/>[31m
          [36m<input[31m
            [33mclass[31m=[32m"login-input"[31m
            [33mplaceholder[31m=[32m"Password"[31m
            [33mrequired[31m=[32m""[31m
            [33mtype[31m=[32m"password"[31m
            [33mvalue[31m=[32m"wrongpassword"[31m
          [36m/>[31m
          [36m<button[31m
            [33mclass[31m=[32m"login-button"[31m
            [33mtype[31m=[32m"submit"[31m
          [36m>[31m
            [0mLogin[0m
          [36m</button>[31m
        [36m</form>[31m
      [36m</div>[31m
    [36m</div>[31m
  [36m</div>[31m
[36m</body>[31m[39m
[90m [2m❯[22m Object.getElementError node_modules/@testing-library/dom/dist/config.js:[2m37:19[22m[39m
[90m [2m❯[22m node_modules/@testing-library/dom/dist/query-helpers.js:[2m76:38[22m[39m
[90m [2m❯[22m node_modules/@testing-library/dom/dist/query-helpers.js:[2m52:17[22m[39m
[90m [2m❯[22m node_modules/@testing-library/dom/dist/query-helpers.js:[2m95:19[22m[39m
[36m [2m❯[22m src/components/__tests__/Login.test.jsx:[2m405:35[22m[39m
    [90m403| [39m      [35mawait[39m user[33m.[39m[34mtype[39m(passwordInput[33m,[39m [32m'wrongpassword'[39m)[33m;[39m
    [90m404| [39m
    [90m405| [39m      const submitButton = screen.getByRole('button', { name: /sign in…
    [90m   | [39m                                  [31m^[39m
    [90m406| [39m      [35mawait[39m user[33m.[39m[34mclick[39m(submitButton)[33m;[39m
    [90m407| [39m

[31m[2m⎯⎯⎯⎯⎯⎯⎯⎯⎯⎯⎯⎯⎯⎯⎯⎯⎯⎯⎯⎯⎯[44/172]⎯[22m[39m

[41m[1m FAIL [22m[49m src/components/__tests__/Login.test.jsx[2m > [22mLogin[2m > [22mFailed Login[2m > [22mshould keep modal open on failed login
[31m[1mTestingLibraryElementError[22m: Unable to find an accessible element with the role "button" and name `/sign in|submit/i`

Here are the accessible roles:

  button:

  Name "×":
  [36m<button[31m
    [33mclass[31m=[32m"close-btn"[31m
  [36m/>[31m

  Name "Login":
  [36m<button[31m
    [33mclass[31m=[32m"login-button"[31m
    [33mtype[31m=[32m"submit"[31m
  [36m/>[31m

  --------------------------------------------------
  heading:

  Name "Login":
  [36m<h1 />[31m

  --------------------------------------------------
  textbox:

  Name "":
  [36m<input[31m
    [33mclass[31m=[32m"login-input"[31m
    [33mplaceholder[31m=[32m"Email"[31m
    [33mrequired[31m=[32m""[31m
    [33mtype[31m=[32m"email"[31m
    [33mvalue[31m=[32m"wrong@example.com"[31m
  [36m/>[31m

  --------------------------------------------------

Ignored nodes: comments, script, style
[36m<body>[31m
  [36m<div>[31m
    [36m<div[31m
      [33mclass[31m=[32m"login-overlay"[31m
    [36m>[31m
      [36m<div[31m
        [33mclass[31m=[32m"login-modal"[31m
      [36m>[31m
        [36m<button[31m
          [33mclass[31m=[32m"close-btn"[31m
        [36m>[31m
          [0m×[0m
        [36m</button>[31m
        [36m<div[31m
          [33mclass[31m=[32m"login-header"[31m
        [36m>[31m
          [36m<h1>[31m
            [0mLogin[0m
          [36m</h1>[31m
        [36m</div>[31m
        [36m<form[31m
          [33mclass[31m=[32m"login-form"[31m
        [36m>[31m
          [36m<input[31m
            [33mclass[31m=[32m"login-input"[31m
            [33mplaceholder[31m=[32m"Email"[31m
            [33mrequired[31m=[32m""[31m
            [33mtype[31m=[32m"email"[31m
            [33mvalue[31m=[32m"wrong@example.com"[31m
          [36m/>[31m
          [36m<input[31m
            [33mclass[31m=[32m"login-input"[31m
            [33mplaceholder[31m=[32m"Password"[31m
            [33mrequired[31m=[32m""[31m
            [33mtype[31m=[32m"password"[31m
            [33mvalue[31m=[32m"wrongpassword"[31m
          [36m/>[31m
          [36m<button[31m
            [33mclass[31m=[32m"login-button"[31m
            [33mtype[31m=[32m"submit"[31m
          [36m>[31m
            [0mLogin[0m
          [36m</button>[31m
        [36m</form>[31m
      [36m</div>[31m
    [36m</div>[31m
  [36m</div>[31m
[36m</body>[31m[39m
[90m [2m❯[22m Object.getElementError node_modules/@testing-library/dom/dist/config.js:[2m37:19[22m[39m
[90m [2m❯[22m node_modules/@testing-library/dom/dist/query-helpers.js:[2m76:38[22m[39m
[90m [2m❯[22m node_modules/@testing-library/dom/dist/query-helpers.js:[2m52:17[22m[39m
[90m [2m❯[22m node_modules/@testing-library/dom/dist/query-helpers.js:[2m95:19[22m[39m
[36m [2m❯[22m src/components/__tests__/Login.test.jsx:[2m435:35[22m[39m
    [90m433| [39m      [35mawait[39m user[33m.[39m[34mtype[39m(passwordInput[33m,[39m [32m'wrongpassword'[39m)[33m;[39m
    [90m434| [39m
    [90m435| [39m      const submitButton = screen.getByRole('button', { name: /sign in…
    [90m   | [39m                                  [31m^[39m
    [90m436| [39m      [35mawait[39m user[33m.[39m[34mclick[39m(submitButton)[33m;[39m
    [90m437| [39m

[31m[2m⎯⎯⎯⎯⎯⎯⎯⎯⎯⎯⎯⎯⎯⎯⎯⎯⎯⎯⎯⎯⎯[45/172]⎯[22m[39m

[41m[1m FAIL [22m[49m src/components/__tests__/Login.test.jsx[2m > [22mLogin[2m > [22mLoading State[2m > [22mshould show loading indicator while login is in progress
[31m[1mTestingLibraryElementError[22m: Unable to find an accessible element with the role "button" and name `/sign in|submit/i`

Here are the accessible roles:

  button:

  Name "×":
  [36m<button[31m
    [33mclass[31m=[32m"close-btn"[31m
  [36m/>[31m

  Name "Login":
  [36m<button[31m
    [33mclass[31m=[32m"login-button"[31m
    [33mtype[31m=[32m"submit"[31m
  [36m/>[31m

  --------------------------------------------------
  heading:

  Name "Login":
  [36m<h1 />[31m

  --------------------------------------------------
  textbox:

  Name "":
  [36m<input[31m
    [33mclass[31m=[32m"login-input"[31m
    [33mplaceholder[31m=[32m"Email"[31m
    [33mrequired[31m=[32m""[31m
    [33mtype[31m=[32m"email"[31m
    [33mvalue[31m=[32m"test@example.com"[31m
  [36m/>[31m

  --------------------------------------------------

Ignored nodes: comments, script, style
[36m<body>[31m
  [36m<div>[31m
    [36m<div[31m
      [33mclass[31m=[32m"login-overlay"[31m
    [36m>[31m
      [36m<div[31m
        [33mclass[31m=[32m"login-modal"[31m
      [36m>[31m
        [36m<button[31m
          [33mclass[31m=[32m"close-btn"[31m
        [36m>[31m
          [0m×[0m
        [36m</button>[31m
        [36m<div[31m
          [33mclass[31m=[32m"login-header"[31m
        [36m>[31m
          [36m<h1>[31m
            [0mLogin[0m
          [36m</h1>[31m
        [36m</div>[31m
        [36m<form[31m
          [33mclass[31m=[32m"login-form"[31m
        [36m>[31m
          [36m<input[31m
            [33mclass[31m=[32m"login-input"[31m
            [33mplaceholder[31m=[32m"Email"[31m
            [33mrequired[31m=[32m""[31m
            [33mtype[31m=[32m"email"[31m
            [33mvalue[31m=[32m"test@example.com"[31m
          [36m/>[31m
          [36m<input[31m
            [33mclass[31m=[32m"login-input"[31m
            [33mplaceholder[31m=[32m"Password"[31m
            [33mrequired[31m=[32m""[31m
            [33mtype[31m=[32m"password"[31m
            [33mvalue[31m=[32m"password123"[31m
          [36m/>[31m
          [36m<button[31m
            [33mclass[31m=[32m"login-button"[31m
            [33mtype[31m=[32m"submit"[31m
          [36m>[31m
            [0mLogin[0m
          [36m</button>[31m
        [36m</form>[31m
      [36m</div>[31m
    [36m</div>[31m
  [36m</div>[31m
[36m</body>[31m[39m
[90m [2m❯[22m Object.getElementError node_modules/@testing-library/dom/dist/config.js:[2m37:19[22m[39m
[90m [2m❯[22m node_modules/@testing-library/dom/dist/query-helpers.js:[2m76:38[22m[39m
[90m [2m❯[22m node_modules/@testing-library/dom/dist/query-helpers.js:[2m52:17[22m[39m
[90m [2m❯[22m node_modules/@testing-library/dom/dist/query-helpers.js:[2m95:19[22m[39m
[36m [2m❯[22m src/components/__tests__/Login.test.jsx:[2m469:35[22m[39m
    [90m467| [39m      [35mawait[39m user[33m.[39m[34mtype[39m(passwordInput[33m,[39m [32m'password123'[39m)[33m;[39m
    [90m468| [39m
    [90m469| [39m      const submitButton = screen.getByRole('button', { name: /sign in…
    [90m   | [39m                                  [31m^[39m
    [90m470| [39m      [35mawait[39m user[33m.[39m[34mclick[39m(submitButton)[33m;[39m
    [90m471| [39m

[31m[2m⎯⎯⎯⎯⎯⎯⎯⎯⎯⎯⎯⎯⎯⎯⎯⎯⎯⎯⎯⎯⎯[46/172]⎯[22m[39m

[41m[1m FAIL [22m[49m src/components/__tests__/Login.test.jsx[2m > [22mLogin[2m > [22mLoading State[2m > [22mshould disable submit button while loading
[31m[1mTestingLibraryElementError[22m: Unable to find an accessible element with the role "button" and name `/sign in|submit/i`

Here are the accessible roles:

  button:

  Name "×":
  [36m<button[31m
    [33mclass[31m=[32m"close-btn"[31m
  [36m/>[31m

  Name "Login":
  [36m<button[31m
    [33mclass[31m=[32m"login-button"[31m
    [33mtype[31m=[32m"submit"[31m
  [36m/>[31m

  --------------------------------------------------
  heading:

  Name "Login":
  [36m<h1 />[31m

  --------------------------------------------------
  textbox:

  Name "":
  [36m<input[31m
    [33mclass[31m=[32m"login-input"[31m
    [33mplaceholder[31m=[32m"Email"[31m
    [33mrequired[31m=[32m""[31m
    [33mtype[31m=[32m"email"[31m
    [33mvalue[31m=[32m"test@example.com"[31m
  [36m/>[31m

  --------------------------------------------------

Ignored nodes: comments, script, style
[36m<body>[31m
  [36m<div>[31m
    [36m<div[31m
      [33mclass[31m=[32m"login-overlay"[31m
    [36m>[31m
      [36m<div[31m
        [33mclass[31m=[32m"login-modal"[31m
      [36m>[31m
        [36m<button[31m
          [33mclass[31m=[32m"close-btn"[31m
        [36m>[31m
          [0m×[0m
        [36m</button>[31m
        [36m<div[31m
          [33mclass[31m=[32m"login-header"[31m
        [36m>[31m
          [36m<h1>[31m
            [0mLogin[0m
          [36m</h1>[31m
        [36m</div>[31m
        [36m<form[31m
          [33mclass[31m=[32m"login-form"[31m
        [36m>[31m
          [36m<input[31m
            [33mclass[31m=[32m"login-input"[31m
            [33mplaceholder[31m=[32m"Email"[31m
            [33mrequired[31m=[32m""[31m
            [33mtype[31m=[32m"email"[31m
            [33mvalue[31m=[32m"test@example.com"[31m
          [36m/>[31m
          [36m<input[31m
            [33mclass[31m=[32m"login-input"[31m
            [33mplaceholder[31m=[32m"Password"[31m
            [33mrequired[31m=[32m""[31m
            [33mtype[31m=[32m"password"[31m
            [33mvalue[31m=[32m"password123"[31m
          [36m/>[31m
          [36m<button[31m
            [33mclass[31m=[32m"login-button"[31m
            [33mtype[31m=[32m"submit"[31m
          [36m>[31m
            [0mLogin[0m
          [36m</button>[31m
        [36m</form>[31m
      [36m</div>[31m
    [36m</div>[31m
  [36m</div>[31m
[36m</body>[31m[39m
[90m [2m❯[22m Object.getElementError node_modules/@testing-library/dom/dist/config.js:[2m37:19[22m[39m
[90m [2m❯[22m node_modules/@testing-library/dom/dist/query-helpers.js:[2m76:38[22m[39m
[90m [2m❯[22m node_modules/@testing-library/dom/dist/query-helpers.js:[2m52:17[22m[39m
[90m [2m❯[22m node_modules/@testing-library/dom/dist/query-helpers.js:[2m95:19[22m[39m
[36m [2m❯[22m src/components/__tests__/Login.test.jsx:[2m504:35[22m[39m
    [90m502| [39m      [35mawait[39m user[33m.[39m[34mtype[39m(passwordInput[33m,[39m [32m'password123'[39m)[33m;[39m
    [90m503| [39m
    [90m504| [39m      const submitButton = screen.getByRole('button', { name: /sign in…
    [90m   | [39m                                  [31m^[39m
    [90m505| [39m      [35mawait[39m user[33m.[39m[34mclick[39m(submitButton)[33m;[39m
    [90m506| [39m

[31m[2m⎯⎯⎯⎯⎯⎯⎯⎯⎯⎯⎯⎯⎯⎯⎯⎯⎯⎯⎯⎯⎯[47/172]⎯[22m[39m

[41m[1m FAIL [22m[49m src/components/__tests__/Login.test.jsx[2m > [22mLogin[2m > [22mPassword Visibility Toggle[2m > [22mshould toggle password visibility when eye icon is clicked
[31m[1mTestingLibraryElementError[22m: Unable to find an accessible element with the role "button" and name `/show|hide password/i`

Here are the accessible roles:

  button:

  Name "×":
  [36m<button[31m
    [33mclass[31m=[32m"close-btn"[31m
  [36m/>[31m

  Name "Login":
  [36m<button[31m
    [33mclass[31m=[32m"login-button"[31m
    [33mtype[31m=[32m"submit"[31m
  [36m/>[31m

  --------------------------------------------------
  heading:

  Name "Login":
  [36m<h1 />[31m

  --------------------------------------------------
  textbox:

  Name "":
  [36m<input[31m
    [33mclass[31m=[32m"login-input"[31m
    [33mplaceholder[31m=[32m"Email"[31m
    [33mrequired[31m=[32m""[31m
    [33mtype[31m=[32m"email"[31m
    [33mvalue[31m=[32m""[31m
  [36m/>[31m

  --------------------------------------------------

Ignored nodes: comments, script, style
[36m<body>[31m
  [36m<div>[31m
    [36m<div[31m
      [33mclass[31m=[32m"login-overlay"[31m
    [36m>[31m
      [36m<div[31m
        [33mclass[31m=[32m"login-modal"[31m
      [36m>[31m
        [36m<button[31m
          [33mclass[31m=[32m"close-btn"[31m
        [36m>[31m
          [0m×[0m
        [36m</button>[31m
        [36m<div[31m
          [33mclass[31m=[32m"login-header"[31m
        [36m>[31m
          [36m<h1>[31m
            [0mLogin[0m
          [36m</h1>[31m
        [36m</div>[31m
        [36m<form[31m
          [33mclass[31m=[32m"login-form"[31m
        [36m>[31m
          [36m<input[31m
            [33mclass[31m=[32m"login-input"[31m
            [33mplaceholder[31m=[32m"Email"[31m
            [33mrequired[31m=[32m""[31m
            [33mtype[31m=[32m"email"[31m
            [33mvalue[31m=[32m""[31m
          [36m/>[31m
          [36m<input[31m
            [33mclass[31m=[32m"login-input"[31m
            [33mplaceholder[31m=[32m"Password"[31m
            [33mrequired[31m=[32m""[31m
            [33mtype[31m=[32m"password"[31m
            [33mvalue[31m=[32m""[31m
          [36m/>[31m
          [36m<button[31m
            [33mclass[31m=[32m"login-button"[31m
            [33mtype[31m=[32m"submit"[31m
          [36m>[31m
            [0mLogin[0m
          [36m</button>[31m
        [36m</form>[31m
      [36m</div>[31m
    [36m</div>[31m
  [36m</div>[31m
[36m</body>[31m[39m
[90m [2m❯[22m Object.getElementError node_modules/@testing-library/dom/dist/config.js:[2m37:19[22m[39m
[90m [2m❯[22m node_modules/@testing-library/dom/dist/query-helpers.js:[2m76:38[22m[39m
[90m [2m❯[22m node_modules/@testing-library/dom/dist/query-helpers.js:[2m52:17[22m[39m
[90m [2m❯[22m node_modules/@testing-library/dom/dist/query-helpers.js:[2m95:19[22m[39m
[36m [2m❯[22m src/components/__tests__/Login.test.jsx:[2m532:35[22m[39m
    [90m530| [39m      [34mexpect[39m(passwordInput)[33m.[39m[34mtoHaveAttribute[39m([32m'type'[39m[33m,[39m [32m'password'[39m)[33m;[39m
    [90m531| [39m
    [90m532| [39m      const toggleButton = screen.getByRole('button', { name: /show|hi…
    [90m   | [39m                                  [31m^[39m
    [90m533| [39m      [35mawait[39m user[33m.[39m[34mclick[39m(toggleButton)[33m;[39m
    [90m534| [39m

[31m[2m⎯⎯⎯⎯⎯⎯⎯⎯⎯⎯⎯⎯⎯⎯⎯⎯⎯⎯⎯⎯⎯[48/172]⎯[22m[39m

[41m[1m FAIL [22m[49m src/components/__tests__/Login.test.jsx[2m > [22mLogin[2m > [22mKeyboard Shortcuts[2m > [22mshould close modal when Escape is pressed
[31m[1mError[22m: [2mexpect([22m[31melement[31m[2m).not.toBeInTheDocument()[22m

[31mexpected document not to contain element, found <input
  class="login-input"
  placeholder="Email"
  required=""
  type="email"
  value=""
/> instead[31m

Ignored nodes: comments, script, style
[36m<html>[31m
  [36m<head />[31m
  [36m<body>[31m
    [36m<div>[31m
      [36m<div[31m
        [33mclass[31m=[32m"login-overlay"[31m
      [36m>[31m
        [36m<div[31m
          [33mclass[31m=[32m"login-modal"[31m
        [36m>[31m
          [36m<button[31m
            [33mclass[31m=[32m"close-btn"[31m
          [36m>[31m
            [0m×[0m
          [36m</button>[31m
          [36m<div[31m
            [33mclass[31m=[32m"login-header"[31m
          [36m>[31m
            [36m<h1>[31m
              [0mLogin[0m
            [36m</h1>[31m
          [36m</div>[31m
          [36m<form[31m
            [33mclass[31m=[32m"login-form"[31m
          [36m>[31m
            [36m<input[31m
              [33mclass[31m=[32m"login-input"[31m
              [33mplaceholder[31m=[32m"Email"[31m
              [33mrequired[31m=[32m""[31m
              [33mtype[31m=[32m"email"[31m
              [33mvalue[31m=[32m""[31m
            [36m/>[31m
            [36m<input[31m
              [33mclass[31m=[32m"login-input"[31m
              [33mplaceholder[31m=[32m"Password"[31m
              [33mrequired[31m=[32m""[31m
              [33mtype[31m=[32m"password"[31m
              [33mvalue[31m=[32m""[31m
            [36m/>[31m
            [36m<button[31m
              [33mclass[31m=[32m"login-button"[31m
              [33mtype[31m=[32m"submit"[31m
            [36m>[31m
              [0mLogin[0m
            [36m</button>[31m
          [36m</form>[31m
        [36m</div>[31m
      [36m</div>[31m
    [36m</div>[31m
  [36m</body>[31m
[36m</html>[31m[39m
[36m [2m❯[22m src/components/__tests__/Login.test.jsx:[2m586:60[22m[39m
    [90m584| [39m
    [90m585| [39m      [35mawait[39m [34mwaitFor[39m(() [33m=>[39m {
    [90m586| [39m        expect(screen.queryByPlaceholderText('Email')).not.toBeInTheDo…
    [90m   | [39m                                                           [31m^[39m
    [90m587| [39m      })[33m;[39m
    [90m588| [39m    })[33m;[39m
[90m [2m❯[22m runWithExpensiveErrorDiagnosticsDisabled node_modules/@testing-library/dom/dist/config.js:[2m47:12[22m[39m
[90m [2m❯[22m checkCallback node_modules/@testing-library/dom/dist/wait-for.js:[2m124:77[22m[39m
[90m [2m❯[22m Timeout.checkRealTimersCallback node_modules/@testing-library/dom/dist/wait-for.js:[2m118:16[22m[39m

[31m[2m⎯⎯⎯⎯⎯⎯⎯⎯⎯⎯⎯⎯⎯⎯⎯⎯⎯⎯⎯⎯⎯[49/172]⎯[22m[39m

[41m[1m FAIL [22m[49m src/components/__tests__/Login.test.jsx[2m > [22mLogin[2m > [22mSecurity[2m > [22mshould clear password field on failed login
[31m[1mTestingLibraryElementError[22m: Unable to find an accessible element with the role "button" and name `/sign in|submit/i`

Here are the accessible roles:

  button:

  Name "×":
  [36m<button[31m
    [33mclass[31m=[32m"close-btn"[31m
  [36m/>[31m

  Name "Login":
  [36m<button[31m
    [33mclass[31m=[32m"login-button"[31m
    [33mtype[31m=[32m"submit"[31m
  [36m/>[31m

  --------------------------------------------------
  heading:

  Name "Login":
  [36m<h1 />[31m

  --------------------------------------------------
  textbox:

  Name "":
  [36m<input[31m
    [33mclass[31m=[32m"login-input"[31m
    [33mplaceholder[31m=[32m"Email"[31m
    [33mrequired[31m=[32m""[31m
    [33mtype[31m=[32m"email"[31m
    [33mvalue[31m=[32m"test@example.com"[31m
  [36m/>[31m

  --------------------------------------------------

Ignored nodes: comments, script, style
[36m<body>[31m
  [36m<div>[31m
    [36m<div[31m
      [33mclass[31m=[32m"login-overlay"[31m
    [36m>[31m
      [36m<div[31m
        [33mclass[31m=[32m"login-modal"[31m
      [36m>[31m
        [36m<button[31m
          [33mclass[31m=[32m"close-btn"[31m
        [36m>[31m
          [0m×[0m
        [36m</button>[31m
        [36m<div[31m
          [33mclass[31m=[32m"login-header"[31m
        [36m>[31m
          [36m<h1>[31m
            [0mLogin[0m
          [36m</h1>[31m
        [36m</div>[31m
        [36m<form[31m
          [33mclass[31m=[32m"login-form"[31m
        [36m>[31m
          [36m<input[31m
            [33mclass[31m=[32m"login-input"[31m
            [33mplaceholder[31m=[32m"Email"[31m
            [33mrequired[31m=[32m""[31m
            [33mtype[31m=[32m"email"[31m
            [33mvalue[31m=[32m"test@example.com"[31m
          [36m/>[31m
          [36m<input[31m
            [33mclass[31m=[32m"login-input"[31m
            [33mplaceholder[31m=[32m"Password"[31m
            [33mrequired[31m=[32m""[31m
            [33mtype[31m=[32m"password"[31m
            [33mvalue[31m=[32m"wrongpassword"[31m
          [36m/>[31m
          [36m<button[31m
            [33mclass[31m=[32m"login-button"[31m
            [33mtype[31m=[32m"submit"[31m
          [36m>[31m
            [0mLogin[0m
          [36m</button>[31m
        [36m</form>[31m
      [36m</div>[31m
    [36m</div>[31m
  [36m</div>[31m
[36m</body>[31m[39m
[90m [2m❯[22m Object.getElementError node_modules/@testing-library/dom/dist/config.js:[2m37:19[22m[39m
[90m [2m❯[22m node_modules/@testing-library/dom/dist/query-helpers.js:[2m76:38[22m[39m
[90m [2m❯[22m node_modules/@testing-library/dom/dist/query-helpers.js:[2m52:17[22m[39m
[90m [2m❯[22m node_modules/@testing-library/dom/dist/query-helpers.js:[2m95:19[22m[39m
[36m [2m❯[22m src/components/__tests__/Login.test.jsx:[2m611:35[22m[39m
    [90m609| [39m      [35mawait[39m user[33m.[39m[34mtype[39m(passwordInput[33m,[39m [32m'wrongpassword'[39m)[33m;[39m
    [90m610| [39m
    [90m611| [39m      const submitButton = screen.getByRole('button', { name: /sign in…
    [90m   | [39m                                  [31m^[39m
    [90m612| [39m      [35mawait[39m user[33m.[39m[34mclick[39m(submitButton)[33m;[39m
    [90m613| [39m

[31m[2m⎯⎯⎯⎯⎯⎯⎯⎯⎯⎯⎯⎯⎯⎯⎯⎯⎯⎯⎯⎯⎯[50/172]⎯[22m[39m

[41m[1m FAIL [22m[49m src/components/__tests__/Login.test.jsx[2m > [22mLogin[2m > [22mSecurity[2m > [22mshould not expose password in any error messages
[31m[1mTestingLibraryElementError[22m: Unable to find an accessible element with the role "button" and name `/sign in|submit/i`

Here are the accessible roles:

  button:

  Name "×":
  [36m<button[31m
    [33mclass[31m=[32m"close-btn"[31m
  [36m/>[31m

  Name "Login":
  [36m<button[31m
    [33mclass[31m=[32m"login-button"[31m
    [33mtype[31m=[32m"submit"[31m
  [36m/>[31m

  --------------------------------------------------
  heading:

  Name "Login":
  [36m<h1 />[31m

  --------------------------------------------------
  textbox:

  Name "":
  [36m<input[31m
    [33mclass[31m=[32m"login-input"[31m
    [33mplaceholder[31m=[32m"Email"[31m
    [33mrequired[31m=[32m""[31m
    [33mtype[31m=[32m"email"[31m
    [33mvalue[31m=[32m"test@example.com"[31m
  [36m/>[31m

  --------------------------------------------------

Ignored nodes: comments, script, style
[36m<body>[31m
  [36m<div>[31m
    [36m<div[31m
      [33mclass[31m=[32m"login-overlay"[31m
    [36m>[31m
      [36m<div[31m
        [33mclass[31m=[32m"login-modal"[31m
      [36m>[31m
        [36m<button[31m
          [33mclass[31m=[32m"close-btn"[31m
        [36m>[31m
          [0m×[0m
        [36m</button>[31m
        [36m<div[31m
          [33mclass[31m=[32m"login-header"[31m
        [36m>[31m
          [36m<h1>[31m
            [0mLogin[0m
          [36m</h1>[31m
        [36m</div>[31m
        [36m<form[31m
          [33mclass[31m=[32m"login-form"[31m
        [36m>[31m
          [36m<input[31m
            [33mclass[31m=[32m"login-input"[31m
            [33mplaceholder[31m=[32m"Email"[31m
            [33mrequired[31m=[32m""[31m
            [33mtype[31m=[32m"email"[31m
            [33mvalue[31m=[32m"test@example.com"[31m
          [36m/>[31m
          [36m<input[31m
            [33mclass[31m=[32m"login-input"[31m
            [33mplaceholder[31m=[32m"Password"[31m
            [33mrequired[31m=[32m""[31m
            [33mtype[31m=[32m"password"[31m
            [33mvalue[31m=[32m"secretpassword"[31m
          [36m/>[31m
          [36m<button[31m
            [33mclass[31m=[32m"login-button"[31m
            [33mtype[31m=[32m"submit"[31m
          [36m>[31m
            [0mLogin[0m
          [36m</button>[31m
        [36m</form>[31m
      [36m</div>[31m
    [36m</div>[31m
  [36m</div>[31m
[36m</body>[31m[39m
[90m [2m❯[22m Object.getElementError node_modules/@testing-library/dom/dist/config.js:[2m37:19[22m[39m
[90m [2m❯[22m node_modules/@testing-library/dom/dist/query-helpers.js:[2m76:38[22m[39m
[90m [2m❯[22m node_modules/@testing-library/dom/dist/query-helpers.js:[2m52:17[22m[39m
[90m [2m❯[22m node_modules/@testing-library/dom/dist/query-helpers.js:[2m95:19[22m[39m
[36m [2m❯[22m src/components/__tests__/Login.test.jsx:[2m639:35[22m[39m
    [90m637| [39m      await user.type(screen.getByPlaceholderText('Password'), 'secret…
    [90m638| [39m
    [90m639| [39m      const submitButton = screen.getByRole('button', { name: /sign in…
    [90m   | [39m                                  [31m^[39m
    [90m640| [39m      [35mawait[39m user[33m.[39m[34mclick[39m(submitButton)[33m;[39m
    [90m641| [39m

[31m[2m⎯⎯⎯⎯⎯⎯⎯⎯⎯⎯⎯⎯⎯⎯⎯⎯⎯⎯⎯⎯⎯[51/172]⎯[22m[39m

[41m[1m FAIL [22m[49m src/components/__tests__/ProjectSelector.test.jsx[2m > [22mProjectSelector[2m > [22mRendering[2m > [22mshould render with label "PROJECT:"
[31m[1mTestingLibraryElementError[22m: Unable to find an element with the text: PROJECT:. This could be because the text is broken up by multiple elements. In this case, you can provide a function for your text matcher to make your matcher more flexible.

Ignored nodes: comments, script, style
[36m<body>[31m
  [36m<div>[31m
    [36m<div[31m
      [33mclass[31m=[32m"project-selector"[31m
    [36m>[31m
      [36m<label[31m
        [33mclass[31m=[32m"selector-label"[31m
      [36m>[31m
        [0mProject:[0m
      [36m</label>[31m
      [36m<div[31m
        [33mclass[31m=[32m"custom-select-container"[31m
      [36m>[31m
        [36m<div[31m
          [33maria-expanded[31m=[32m"false"[31m
          [33maria-haspopup[31m=[32m"listbox"[31m
          [33mclass[31m=[32m"custom-select-trigger "[31m
          [33mrole[31m=[32m"button"[31m
          [33mtabindex[31m=[32m"0"[31m
        [36m>[31m
          [36m<div[31m
            [33mclass[31m=[32m"trigger-content"[31m
          [36m>[31m
            [36m<span[31m
              [33mclass[31m=[32m"project-portfolio-dot"[31m
              [33mstyle[31m=[32m"background-color: rgb(255, 87, 51);"[31m
            [36m/>[31m
            [36m<span[31m
              [33mclass[31m=[32m"selected-text"[31m
            [36m>[31m
              [0mProject Alpha[0m
            [36m</span>[31m
          [36m</div>[31m
          [36m<svg[31m
            [33mclass[31m=[32m"dropdown-arrow "[31m
            [33mfill[31m=[32m"none"[31m
            [33mheight[31m=[32m"8"[31m
            [33mviewBox[31m=[32m"0 0 12 8"[31m
            [33mwidth[31m=[32m"12"[31m
            [33mxmlns[31m=[32m"http://www.w3.org/2000/svg"[31m
          [36m>[31m
            [36m<path[31m
              [33md[31m=[32m"M1 1.5L6 6.5L11 1.5"[31m
              [33mstroke[31m=[32m"#003c71"[31m
              [33mstroke-linecap[31m=[32m"round"[31m
              [33mstroke-linejoin[31m=[32m"round"[31m
              [33mstroke-width[31m=[32m"2"[31m
            [36m/>[31m
          [36m</svg>[31m
        [36m</div>[31m
      [36m</div>[31m
    [36m</div>[31m
  [36m</div>[31m
[36m</body>[31m[39m
[90m [2m❯[22m Object.getElementError node_modules/@testing-library/dom/dist/config.js:[2m37:19[22m[39m
[90m [2m❯[22m node_modules/@testing-library/dom/dist/query-helpers.js:[2m76:38[22m[39m
[90m [2m❯[22m node_modules/@testing-library/dom/dist/query-helpers.js:[2m52:17[22m[39m
[90m [2m❯[22m node_modules/@testing-library/dom/dist/query-helpers.js:[2m95:19[22m[39m
[36m [2m❯[22m src/components/__tests__/ProjectSelector.test.jsx:[2m54:21[22m[39m
    [90m 52| [39m      )[33m;[39m
    [90m 53| [39m
    [90m 54| [39m      [34mexpect[39m(screen[33m.[39m[34mgetByText[39m([32m'PROJECT:'[39m))[33m.[39m[34mtoBeInTheDocument[39m()[33m;[39m
    [90m   | [39m                    [31m^[39m
    [90m 55| [39m    })[33m;[39m
    [90m 56| [39m

[31m[2m⎯⎯⎯⎯⎯⎯⎯⎯⎯⎯⎯⎯⎯⎯⎯⎯⎯⎯⎯⎯⎯[52/172]⎯[22m[39m

[41m[1m FAIL [22m[49m src/components/__tests__/ProjectSelector.test.jsx[2m > [22mProjectSelector[2m > [22mRendering[2m > [22mshould show placeholder when no project selected
[31m[1mTestingLibraryElementError[22m: Unable to find an element with the text: Select a project.... This could be because the text is broken up by multiple elements. In this case, you can provide a function for your text matcher to make your matcher more flexible.

Ignored nodes: comments, script, style
[36m<body>[31m
  [36m<div>[31m
    [36m<div[31m
      [33mclass[31m=[32m"project-selector"[31m
    [36m>[31m
      [36m<label[31m
        [33mclass[31m=[32m"selector-label"[31m
      [36m>[31m
        [0mProject:[0m
      [36m</label>[31m
      [36m<div[31m
        [33mclass[31m=[32m"custom-select-container"[31m
      [36m>[31m
        [36m<div[31m
          [33maria-expanded[31m=[32m"false"[31m
          [33maria-haspopup[31m=[32m"listbox"[31m
          [33mclass[31m=[32m"custom-select-trigger "[31m
          [33mrole[31m=[32m"button"[31m
          [33mtabindex[31m=[32m"0"[31m
        [36m>[31m
          [36m<div[31m
            [33mclass[31m=[32m"trigger-content"[31m
          [36m>[31m
            [36m<span[31m
              [33mclass[31m=[32m"placeholder-text"[31m
            [36m>[31m
              [0mProject...[0m
            [36m</span>[31m
          [36m</div>[31m
          [36m<svg[31m
            [33mclass[31m=[32m"dropdown-arrow "[31m
            [33mfill[31m=[32m"none"[31m
            [33mheight[31m=[32m"8"[31m
            [33mviewBox[31m=[32m"0 0 12 8"[31m
            [33mwidth[31m=[32m"12"[31m
            [33mxmlns[31m=[32m"http://www.w3.org/2000/svg"[31m
          [36m>[31m
            [36m<path[31m
              [33md[31m=[32m"M1 1.5L6 6.5L11 1.5"[31m
              [33mstroke[31m=[32m"#003c71"[31m
              [33mstroke-linecap[31m=[32m"round"[31m
              [33mstroke-linejoin[31m=[32m"round"[31m
              [33mstroke-width[31m=[32m"2"[31m
            [36m/>[31m
          [36m</svg>[31m
        [36m</div>[31m
      [36m</div>[31m
    [36m</div>[31m
  [36m</div>[31m
[36m</body>[31m[39m
[90m [2m❯[22m Object.getElementError node_modules/@testing-library/dom/dist/config.js:[2m37:19[22m[39m
[90m [2m❯[22m node_modules/@testing-library/dom/dist/query-helpers.js:[2m76:38[22m[39m
[90m [2m❯[22m node_modules/@testing-library/dom/dist/query-helpers.js:[2m52:17[22m[39m
[90m [2m❯[22m node_modules/@testing-library/dom/dist/query-helpers.js:[2m95:19[22m[39m
[36m [2m❯[22m src/components/__tests__/ProjectSelector.test.jsx:[2m78:21[22m[39m
    [90m 76| [39m      )[33m;[39m
    [90m 77| [39m
    [90m 78| [39m      expect(screen.getByText('Select a project...')).toBeInTheDocumen…
    [90m   | [39m                    [31m^[39m
    [90m 79| [39m    })[33m;[39m
    [90m 80| [39m

[31m[2m⎯⎯⎯⎯⎯⎯⎯⎯⎯⎯⎯⎯⎯⎯⎯⎯⎯⎯⎯⎯⎯[53/172]⎯[22m[39m

[41m[1m FAIL [22m[49m src/components/__tests__/ProjectSelector.test.jsx[2m > [22mProjectSelector[2m > [22mDropdown Interaction[2m > [22mshould display all projects in dropdown
[31m[1mTestingLibraryElementError[22m[39m: Found multiple elements with the text: Project Alpha

Here are the matching elements:

Ignored nodes: comments, script, style
[36m<span[39m
  [33mclass[39m=[32m"selected-text"[39m
[36m>[39m
  [0mProject Alpha[0m
[36m</span>[39m

Ignored nodes: comments, script, style
[36m<span[39m
  [33mclass[39m=[32m"option-name"[39m
[36m>[39m
  [0mProject Alpha[0m
[36m</span>[39m

(If this is intentional, then use the `*AllBy*` variant of the query (like `queryAllByText`, `getAllByText`, or `findAllByText`)).

Ignored nodes: comments, script, style
[36m<body>[39m
  [36m<div>[39m
    [36m<div[39m
      [33mclass[39m=[32m"project-selector"[39m
    [36m>[39m
      [36m<label[39m
        [33mclass[39m=[32m"selector-label"[39m
      [36m>[39m
        [0mProject:[0m
      [36m</label>[39m
      [36m<div[39m
        [33mclass[39m=[32m"custom-select-container"[39m
      [36m>[39m
        [36m<div[39m
          [33maria-expanded[39m=[32m"true"[39m
          [33maria-haspopup[39m=[32m"listbox"[39m
          [33mclass[39m=[32m"custom-select-trigger open"[39m
          [33mrole[39m=[32m"button"[39m
          [33mtabindex[39m=[32m"0"[39m
        [36m>[39m
          [36m<div[39m
            [33mclass[39m=[32m"trigger-content"[39m
          [36m>[39m
            [36m<span[39m
              [33mclass[39m=[32m"project-portfolio-dot"[39m
              [33mstyle[39m=[32m"background-color: rgb(255, 87, 51);"[39m
            [36m/>[39m
            [36m<span[39m
              [33mclass[39m=[32m"selected-text"[39m
            [36m>[39m
              [0mProject Alpha[0m
            [36m</span>[39m
          [36m</div>[39m
          [36m<svg[39m
            [33mclass[39m=[32m"dropdown-arrow open"[39m
            [33mfill[39m=[32m"none"[39m
            [33mheight[39m=[32m"8"[39m
            [33mviewBox[39m=[32m"0 0 12 8"[39m
            [33mwidth[39m=[32m"12"[39m
            [33mxmlns[39m=[32m"http://www.w3.org/2000/svg"[39m
          [36m>[39m
            [36m<path[39m
              [33md[39m=[32m"M1 1.5L6 6.5L11 1.5"[39m
              [33mstroke[39m=[32m"#003c71"[39m
              [33mstroke-linecap[39m=[32m"round"[39m
              [33mstroke-linejoin[39m=[32m"round"[39m
              [33mstroke-width[39m=[32m"2"[39m
            [36m/>[39m
          [36m</svg>[39m
        [36m</div>[39m
        [36m<div[39m
          [33mclass[39m=[32m"custom-select-dropdown"[39m
          [33mrole[39m=[32m"listbox"[39m
        [36m>[39m
          [36m<div[39m
            [33mclass[39m=[32m"search-container"[39m
          [36m>[39m
            [36m<input[39m
              [33mclass[39m=[32m"search-input"[39m
              [33mplaceholder[39m=[32m"Search projects..."[39m
              [33mtype[39m=[32m"text"[39m
              [33mvalue[39m=[32m""[39m
            [36m/>[39m
          [36m</div>[39m
          [36m<div[39m
            [33mclass[39m=[32m"options-list"[39m
          [36m>[39m
            [36m<div[39m
              [33maria-selected[39m=[32m"true"[39m
              [33mclass[39m=[32m"option-item selected "[39m
              [33mrole[39m=[32m"option"[39m
            [36m>[39m
              [36m<div[39m
                [33mclass[39m=[32m"option-content"[39m
              [36m>[39m
                [36m<span[39m
                  [33mclass[39m=[32m"project-portfolio-dot-large"[39m
                  [33mstyle[39m=[32m"background-color: rgb(255, 87, 51);"[39m
                [36m/>[39m
                [36m<span[39m
                  [33mclass[39m=[32m"option-name"[39m
                [36m>[39m
                  [0mProject Alpha[0m
                [36m</span>[39m
              [36m</div>[39m
            [36m</div>[39m
            [36m<div[39m
              [33maria-selected[39m=[32m"false"[39m
              [33mclass[39m=[32m"option-item  "[39m
              [33mrole[39m=[32m"option"[39m
            [36m>[39m
              [36m<div[39m
                [33mclass[39m=[32m"option-content"[39m
              [36m>[39m
                [36m<span[39m
                  [33mclass[39m=[32m"project-portfolio-dot-large"[39m
                  [33mstyle[39m=[32m"background-color: rgb(255, 87, 51);"[39m
                [36m/>[39m
                [36m<span[39m
                  [33mclass[39m=[32m"option-name"[39m
                [36m>[39m
                  [0mProject Beta[0m
                [36m</span>[39m
              [36m</div>[39m
            [36m</div>[39m
            [36m<div[39m
              [33maria-selected[39m=[32m"false"[39m
              [33mclass[39m=[32m"option-item  "[39m
              [33mrole[39m=[32m"option"[39m
            [36m>[39m
              [36m<div[39m
                [33mclass[39m=[32m"option-content"[39m
              [36m>[39m
                [36m<span[39m
                  [33mclass[39m=[32m"project-portfolio-dot-large"[39m
                  [33mstyle[39m=[32m"background-color: rgb(51, 195, 255);"[39m
                [36m/>[39m
                [36m<span[39m
                  [33mclass[39m=[32m"option-name"[39m
                [36m>[39m
                  [0mProject Gamma[0m
                [36m</span>[39m
              [36m</div>[39m
            [36m</div>[39m
            [36m<div[39m
              [33maria-selected[39m=[32m"false"[39m
              [33mclass[39m=[32m"option-item  "[39m
              [33mrole[39m=[32m"option"[39m
            [36m>[39m
              [36m<div[39m
                [33mclass[39m=[32m"option-content"[39m
              [36m>[39m
                [36m<span[39m
                  [33mclass[39m=[32m"option-name"[39m
                [36m>[39m
                  [0mTest Project[0m
                [36m</span>[39m
              [36m</div>[39m
            [36m</div>[39m
          [36m</div>[39m
        [36m</div>[39m
      [36m</div>[39m
    [36m</div>[39m
  [36m</div>[39m
[36m</body>[39m

Ignored nodes: comments, script, style
[36m<html>[39m
  [36m<head />[39m
  [36m<body>[39m
    [36m<div>[39m
      [36m<div[39m
        [33mclass[39m=[32m"project-selector"[39m
      [36m>[39m
        [36m<label[39m
          [33mclass[39m=[32m"selector-label"[39m
        [36m>[39m
          [0mProject:[0m
        [36m</label>[39m
        [36m<div[39m
          [33mclass[39m=[32m"custom-select-container"[39m
        [36m>[39m
          [36m<div[39m
            [33maria-expanded[39m=[32m"true"[39m
            [33maria-haspopup[39m=[32m"listbox"[39m
            [33mclass[39m=[32m"custom-select-trigger open"[39m
            [33mrole[39m=[32m"button"[39m
            [33mtabindex[39m=[32m"0"[39m
          [36m>[39m
            [36m<div[39m
              [33mclass[39m=[32m"trigger-content"[39m
            [36m>[39m
              [36m<span[39m
                [33mclass[39m=[32m"project-portfolio-dot"[39m
                [33mstyle[39m=[32m"background-color: rgb(255, 87, 51);"[39m
              [36m/>[39m
              [36m<span[39m
                [33mclass[39m=[32m"selected-text"[39m
              [36m>[39m
                [0mProject Alpha[0m
              [36m</span>[39m
            [36m</div>[39m
            [36m<svg[39m
              [33mclass[39m=[32m"dropdown-arrow open"[39m
              [33mfill[39m=[32m"none"[39m
              [33mheight[39m=[32m"8"[39m
              [33mviewBox[39m=[32m"0 0 12 8"[39m
              [33mwidth[39m=[32m"12"[39m
              [33mxmlns[39m=[32m"http://www.w3.org/2000/svg"[39m
            [36m>[39m
              [36m<path[39m
                [33md[39m=[32m"M1 1.5L6 6.5L11 1.5"[39m
                [33mstroke[39m=[32m"#003c71"[39m
                [33mstroke-linecap[39m=[32m"round"[39m
                [33mstroke-linejoin[39m=[32m"round"[39m
                [33mstroke-width[39m=[32m"2"[39m
              [36m/>[39m
            [36m</svg>[39m
          [36m</div>[39m
          [36m<div[39m
            [33mclass[39m=[32m"custom-select-dropdown"[39m
            [33mrole[39m=[32m"listbox"[39m
          [36m>[39m
            [36m<div[39m
              [33mclass[39m=[32m"search-container"[39m
            [36m>[39m
              [36m<input[39m
                [33mclass[39m=[32m"search-input"[39m
                [33mplaceholder[39m=[32m"Search projects..."[39m
                [33mtype[39m=[32m"text"[39m
                [33mvalue[39m=[32m""[39m
              [36m/>[39m
            [36m</div>[39m
            [36m<div[39m
              [33mclass[39m=[32m"options-list"[39m
            [36m>[39m
              [36m<div[39m
                [33maria-selected[39m=[32m"true"[39m
                [33mclass[39m=[32m"option-item selected "[39m
                [33mrole[39m=[32m"option"[39m
              [36m>[39m
                [36m<div[39m
                  [33mclass[39m=[32m"option-content"[39m
                [36m>[39m
                  [36m<span[39m
                    [33mclass[39m=[32m"project-portfolio-dot-large"[39m
                    [33mstyle[39m=[32m"background-color: rgb(255, 87, 51);"[39m
                  [36m/>[39m
                  [36m<span[39m
                    [33mclass[39m=[32m"option-name"[39m
                  [36m>[39m
                    [0mProject Alpha[0m
                  [36m</span>[39m
                [36m</div>[39m
              [36m</div>[39m
              [36m<div[39m
                [33maria-selected[39m=[32m"false"[39m
                [33mclass[39m=[32m"option-item  "[39m
                [33mrole[39m=[32m"option"[39m
              [36m>[39m
                [36m<div[39m
                  [33mclass[39m=[32m"option-content"[39m
                [36m>[39m
                  [36m<span[39m
                    [33mclass[39m=[32m"project-portfolio-dot-large"[39m
                    [33mstyle[39m=[32m"background-color: rgb(255, 87, 51);"[39m
                  [36m/>[39m
                  [36m<span[39m
                    [33mclass[39m=[32m"option-name"[39m
                  [36m>[39m
                    [0mProject Beta[0m
                  [36m</span>[39m
                [36m</div>[39m
              [36m</div>[39m
              [36m<div[39m
                [33maria-selected[39m=[32m"false"[39m
                [33mclass[39m=[32m"option-item  "[39m
                [33mrole[39m=[32m"option"[39m
              [36m>[39m
                [36m<div[39m
                  [33mclass[39m=[32m"option-content"[39m
                [36m>[39m
                  [36m<span[39m
                    [33mclass[39m=[32m"project-portfolio-dot-large"[39m
                    [33mstyle[39m=[32m"background-color: rgb(51, 195, 255);"[39m
                  [36m/>[39m
                  [36m<span[39m
                    [33mclass[39m=[32m"option-name"[39m
                  [36m>[39m
                    [0mProject Gamma[0m
                  [36m</span>[39m
                [36m</div>[39m
              [36m</div>[39m
              [36m<div[39m
                [33maria-selected[39m=[32m"false"[39m
                [33mclass[39m=[32m"option-item  "[39m
                [33mrole[39m=[32m"option"[39m
              [36m>[39m
                [36m<div[39m
                  [33mclass[39m=[32m"option-content"[39m
                [36m>[39m
                  [36m<span[39m
                    [33mclass[39m=[32m"option-name"[39m
                  [36m>[39m
                    [0mTest Project[0m
                  [36m</span>[39m
                [36m</div>[39m
              [36m</div>[39m
            [36m</div>[39m
          [36m</div>[39m
        [36m</div>[39m
      [36m</div>[39m
    [36m</div>[39m
  [36m</body>[39m
[36m</html>[39m
[90m [2m❯[22m waitForWrapper node_modules/@testing-library/dom/dist/wait-for.js:[2m163:27[22m[39m
[36m [2m❯[22m src/components/__tests__/ProjectSelector.test.jsx:[2m168:13[22m[39m
    [90m166| [39m      [35mawait[39m user[33m.[39m[34mclick[39m(screen[33m.[39m[34mgetByRole[39m([32m'button'[39m))[33m;[39m
    [90m167| [39m
    [90m168| [39m      [35mawait[39m [34mwaitFor[39m(() [33m=>[39m {
    [90m   | [39m            [31m^[39m
    [90m169| [39m        [34mexpect[39m(screen[33m.[39m[34mgetByText[39m([32m'Project Alpha'[39m))[33m.[39m[34mtoBeInTheDocument[39m()[33m;[39m
    [90m170| [39m        [34mexpect[39m(screen[33m.[39m[34mgetByText[39m([32m'Project Beta'[39m))[33m.[39m[34mtoBeInTheDocument[39m()[33m;[39m

[31m[2m⎯⎯⎯⎯⎯⎯⎯⎯⎯⎯⎯⎯⎯⎯⎯⎯⎯⎯⎯⎯⎯[54/172]⎯[22m[39m

[41m[1m FAIL [22m[49m src/components/__tests__/ProjectSelector.test.jsx[2m > [22mProjectSelector[2m > [22mDropdown Interaction[2m > [22mshould highlight selected project in dropdown
[31m[1mTestingLibraryElementError[22m[39m: Found multiple elements with the text: Project Alpha

Here are the matching elements:

Ignored nodes: comments, script, style
[36m<span[39m
  [33mclass[39m=[32m"selected-text"[39m
[36m>[39m
  [0mProject Alpha[0m
[36m</span>[39m

Ignored nodes: comments, script, style
[36m<span[39m
  [33mclass[39m=[32m"option-name"[39m
[36m>[39m
  [0mProject Alpha[0m
[36m</span>[39m

(If this is intentional, then use the `*AllBy*` variant of the query (like `queryAllByText`, `getAllByText`, or `findAllByText`)).

Ignored nodes: comments, script, style
[36m<body>[39m
  [36m<div>[39m
    [36m<div[39m
      [33mclass[39m=[32m"project-selector"[39m
    [36m>[39m
      [36m<label[39m
        [33mclass[39m=[32m"selector-label"[39m
      [36m>[39m
        [0mProject:[0m
      [36m</label>[39m
      [36m<div[39m
        [33mclass[39m=[32m"custom-select-container"[39m
      [36m>[39m
        [36m<div[39m
          [33maria-expanded[39m=[32m"true"[39m
          [33maria-haspopup[39m=[32m"listbox"[39m
          [33mclass[39m=[32m"custom-select-trigger open"[39m
          [33mrole[39m=[32m"button"[39m
          [33mtabindex[39m=[32m"0"[39m
        [36m>[39m
          [36m<div[39m
            [33mclass[39m=[32m"trigger-content"[39m
          [36m>[39m
            [36m<span[39m
              [33mclass[39m=[32m"project-portfolio-dot"[39m
              [33mstyle[39m=[32m"background-color: rgb(255, 87, 51);"[39m
            [36m/>[39m
            [36m<span[39m
              [33mclass[39m=[32m"selected-text"[39m
            [36m>[39m
              [0mProject Alpha[0m
            [36m</span>[39m
          [36m</div>[39m
          [36m<svg[39m
            [33mclass[39m=[32m"dropdown-arrow open"[39m
            [33mfill[39m=[32m"none"[39m
            [33mheight[39m=[32m"8"[39m
            [33mviewBox[39m=[32m"0 0 12 8"[39m
            [33mwidth[39m=[32m"12"[39m
            [33mxmlns[39m=[32m"http://www.w3.org/2000/svg"[39m
          [36m>[39m
            [36m<path[39m
              [33md[39m=[32m"M1 1.5L6 6.5L11 1.5"[39m
              [33mstroke[39m=[32m"#003c71"[39m
              [33mstroke-linecap[39m=[32m"round"[39m
              [33mstroke-linejoin[39m=[32m"round"[39m
              [33mstroke-width[39m=[32m"2"[39m
            [36m/>[39m
          [36m</svg>[39m
        [36m</div>[39m
        [36m<div[39m
          [33mclass[39m=[32m"custom-select-dropdown"[39m
          [33mrole[39m=[32m"listbox"[39m
        [36m>[39m
          [36m<div[39m
            [33mclass[39m=[32m"search-container"[39m
          [36m>[39m
            [36m<input[39m
              [33mclass[39m=[32m"search-input"[39m
              [33mplaceholder[39m=[32m"Search projects..."[39m
              [33mtype[39m=[32m"text"[39m
              [33mvalue[39m=[32m""[39m
            [36m/>[39m
          [36m</div>[39m
          [36m<div[39m
            [33mclass[39m=[32m"options-list"[39m
          [36m>[39m
            [36m<div[39m
              [33maria-selected[39m=[32m"true"[39m
              [33mclass[39m=[32m"option-item selected "[39m
              [33mrole[39m=[32m"option"[39m
            [36m>[39m
              [36m<div[39m
                [33mclass[39m=[32m"option-content"[39m
              [36m>[39m
                [36m<span[39m
                  [33mclass[39m=[32m"project-portfolio-dot-large"[39m
                  [33mstyle[39m=[32m"background-color: rgb(255, 87, 51);"[39m
                [36m/>[39m
                [36m<span[39m
                  [33mclass[39m=[32m"option-name"[39m
                [36m>[39m
                  [0mProject Alpha[0m
                [36m</span>[39m
              [36m</div>[39m
            [36m</div>[39m
            [36m<div[39m
              [33maria-selected[39m=[32m"false"[39m
              [33mclass[39m=[32m"option-item  "[39m
              [33mrole[39m=[32m"option"[39m
            [36m>[39m
              [36m<div[39m
                [33mclass[39m=[32m"option-content"[39m
              [36m>[39m
                [36m<span[39m
                  [33mclass[39m=[32m"project-portfolio-dot-large"[39m
                  [33mstyle[39m=[32m"background-color: rgb(255, 87, 51);"[39m
                [36m/>[39m
                [36m<span[39m
                  [33mclass[39m=[32m"option-name"[39m
                [36m>[39m
                  [0mProject Beta[0m
                [36m</span>[39m
              [36m</div>[39m
            [36m</div>[39m
            [36m<div[39m
              [33maria-selected[39m=[32m"false"[39m
              [33mclass[39m=[32m"option-item  "[39m
              [33mrole[39m=[32m"option"[39m
            [36m>[39m
              [36m<div[39m
                [33mclass[39m=[32m"option-content"[39m
              [36m>[39m
                [36m<span[39m
                  [33mclass[39m=[32m"project-portfolio-dot-large"[39m
                  [33mstyle[39m=[32m"background-color: rgb(51, 195, 255);"[39m
                [36m/>[39m
                [36m<span[39m
                  [33mclass[39m=[32m"option-name"[39m
                [36m>[39m
                  [0mProject Gamma[0m
                [36m</span>[39m
              [36m</div>[39m
            [36m</div>[39m
            [36m<div[39m
              [33maria-selected[39m=[32m"false"[39m
              [33mclass[39m=[32m"option-item  "[39m
              [33mrole[39m=[32m"option"[39m
            [36m>[39m
              [36m<div[39m
                [33mclass[39m=[32m"option-content"[39m
              [36m>[39m
                [36m<span[39m
                  [33mclass[39m=[32m"option-name"[39m
                [36m>[39m
                  [0mTest Project[0m
                [36m</span>[39m
              [36m</div>[39m
            [36m</div>[39m
          [36m</div>[39m
        [36m</div>[39m
      [36m</div>[39m
    [36m</div>[39m
  [36m</div>[39m
[36m</body>[39m

Ignored nodes: comments, script, style
[36m<html>[39m
  [36m<head />[39m
  [36m<body>[39m
    [36m<div>[39m
      [36m<div[39m
        [33mclass[39m=[32m"project-selector"[39m
      [36m>[39m
        [36m<label[39m
          [33mclass[39m=[32m"selector-label"[39m
        [36m>[39m
          [0mProject:[0m
        [36m</label>[39m
        [36m<div[39m
          [33mclass[39m=[32m"custom-select-container"[39m
        [36m>[39m
          [36m<div[39m
            [33maria-expanded[39m=[32m"true"[39m
            [33maria-haspopup[39m=[32m"listbox"[39m
            [33mclass[39m=[32m"custom-select-trigger open"[39m
            [33mrole[39m=[32m"button"[39m
            [33mtabindex[39m=[32m"0"[39m
          [36m>[39m
            [36m<div[39m
              [33mclass[39m=[32m"trigger-content"[39m
            [36m>[39m
              [36m<span[39m
                [33mclass[39m=[32m"project-portfolio-dot"[39m
                [33mstyle[39m=[32m"background-color: rgb(255, 87, 51);"[39m
              [36m/>[39m
              [36m<span[39m
                [33mclass[39m=[32m"selected-text"[39m
              [36m>[39m
                [0mProject Alpha[0m
              [36m</span>[39m
            [36m</div>[39m
            [36m<svg[39m
              [33mclass[39m=[32m"dropdown-arrow open"[39m
              [33mfill[39m=[32m"none"[39m
              [33mheight[39m=[32m"8"[39m
              [33mviewBox[39m=[32m"0 0 12 8"[39m
              [33mwidth[39m=[32m"12"[39m
              [33mxmlns[39m=[32m"http://www.w3.org/2000/svg"[39m
            [36m>[39m
              [36m<path[39m
                [33md[39m=[32m"M1 1.5L6 6.5L11 1.5"[39m
                [33mstroke[39m=[32m"#003c71"[39m
                [33mstroke-linecap[39m=[32m"round"[39m
                [33mstroke-linejoin[39m=[32m"round"[39m
                [33mstroke-width[39m=[32m"2"[39m
              [36m/>[39m
            [36m</svg>[39m
          [36m</div>[39m
          [36m<div[39m
            [33mclass[39m=[32m"custom-select-dropdown"[39m
            [33mrole[39m=[32m"listbox"[39m
          [36m>[39m
            [36m<div[39m
              [33mclass[39m=[32m"search-container"[39m
            [36m>[39m
              [36m<input[39m
                [33mclass[39m=[32m"search-input"[39m
                [33mplaceholder[39m=[32m"Search projects..."[39m
                [33mtype[39m=[32m"text"[39m
                [33mvalue[39m=[32m""[39m
              [36m/>[39m
            [36m</div>[39m
            [36m<div[39m
              [33mclass[39m=[32m"options-list"[39m
            [36m>[39m
              [36m<div[39m
                [33maria-selected[39m=[32m"true"[39m
                [33mclass[39m=[32m"option-item selected "[39m
                [33mrole[39m=[32m"option"[39m
              [36m>[39m
                [36m<div[39m
                  [33mclass[39m=[32m"option-content"[39m
                [36m>[39m
                  [36m<span[39m
                    [33mclass[39m=[32m"project-portfolio-dot-large"[39m
                    [33mstyle[39m=[32m"background-color: rgb(255, 87, 51);"[39m
                  [36m/>[39m
                  [36m<span[39m
                    [33mclass[39m=[32m"option-name"[39m
                  [36m>[39m
                    [0mProject Alpha[0m
                  [36m</span>[39m
                [36m</div>[39m
              [36m</div>[39m
              [36m<div[39m
                [33maria-selected[39m=[32m"false"[39m
                [33mclass[39m=[32m"option-item  "[39m
                [33mrole[39m=[32m"option"[39m
              [36m>[39m
                [36m<div[39m
                  [33mclass[39m=[32m"option-content"[39m
                [36m>[39m
                  [36m<span[39m
                    [33mclass[39m=[32m"project-portfolio-dot-large"[39m
                    [33mstyle[39m=[32m"background-color: rgb(255, 87, 51);"[39m
                  [36m/>[39m
                  [36m<span[39m
                    [33mclass[39m=[32m"option-name"[39m
                  [36m>[39m
                    [0mProject Beta[0m
                  [36m</span>[39m
                [36m</div>[39m
              [36m</div>[39m
              [36m<div[39m
                [33maria-selected[39m=[32m"false"[39m
                [33mclass[39m=[32m"option-item  "[39m
                [33mrole[39m=[32m"option"[39m
              [36m>[39m
                [36m<div[39m
                  [33mclass[39m=[32m"option-content"[39m
                [36m>[39m
                  [36m<span[39m
                    [33mclass[39m=[32m"project-portfolio-dot-large"[39m
                    [33mstyle[39m=[32m"background-color: rgb(51, 195, 255);"[39m
                  [36m/>[39m
                  [36m<span[39m
                    [33mclass[39m=[32m"option-name"[39m
                  [36m>[39m
                    [0mProject Gamma[0m
                  [36m</span>[39m
                [36m</div>[39m
              [36m</div>[39m
              [36m<div[39m
                [33maria-selected[39m=[32m"false"[39m
                [33mclass[39m=[32m"option-item  "[39m
                [33mrole[39m=[32m"option"[39m
              [36m>[39m
                [36m<div[39m
                  [33mclass[39m=[32m"option-content"[39m
                [36m>[39m
                  [36m<span[39m
                    [33mclass[39m=[32m"option-name"[39m
                  [36m>[39m
                    [0mTest Project[0m
                  [36m</span>[39m
                [36m</div>[39m
              [36m</div>[39m
            [36m</div>[39m
          [36m</div>[39m
        [36m</div>[39m
      [36m</div>[39m
    [36m</div>[39m
  [36m</body>[39m
[36m</html>[39m
[90m [2m❯[22m waitForWrapper node_modules/@testing-library/dom/dist/wait-for.js:[2m163:27[22m[39m
[36m [2m❯[22m src/components/__tests__/ProjectSelector.test.jsx:[2m189:13[22m[39m
    [90m187| [39m      [35mawait[39m user[33m.[39m[34mclick[39m(screen[33m.[39m[34mgetByRole[39m([32m'button'[39m))[33m;[39m
    [90m188| [39m
    [90m189| [39m      [35mawait[39m [34mwaitFor[39m(() [33m=>[39m {
    [90m   | [39m            [31m^[39m
    [90m190| [39m        const selectedOption = screen.getByText('Project Alpha').close…
    [90m191| [39m        [34mexpect[39m(selectedOption)[33m.[39m[34mtoHaveClass[39m([32m'selected'[39m)[33m;[39m

[31m[2m⎯⎯⎯⎯⎯⎯⎯⎯⎯⎯⎯⎯⎯⎯⎯⎯⎯⎯⎯⎯⎯[55/172]⎯[22m[39m

[41m[1m FAIL [22m[49m src/components/__tests__/ProjectSelector.test.jsx[2m > [22mProjectSelector[2m > [22mSearch Functionality[2m > [22mshould filter projects by search term
[31m[1mError[22m: [2mexpect([22m[31melement[31m[2m).not.toBeInTheDocument()[22m

[31mexpected document not to contain element, found <span
  class="selected-text"
>
  Project Alpha
</span> instead[31m

Ignored nodes: comments, script, style
[36m<html>[31m
  [36m<head />[31m
  [36m<body>[31m
    [36m<div>[31m
      [36m<div[31m
        [33mclass[31m=[32m"project-selector"[31m
      [36m>[31m
        [36m<label[31m
          [33mclass[31m=[32m"selector-label"[31m
        [36m>[31m
          [0mProject:[0m
        [36m</label>[31m
        [36m<div[31m
          [33mclass[31m=[32m"custom-select-container"[31m
        [36m>[31m
          [36m<div[31m
            [33maria-expanded[31m=[32m"true"[31m
            [33maria-haspopup[31m=[32m"listbox"[31m
            [33mclass[31m=[32m"custom-select-trigger open"[31m
            [33mrole[31m=[32m"button"[31m
            [33mtabindex[31m=[32m"0"[31m
          [36m>[31m
            [36m<div[31m
              [33mclass[31m=[32m"trigger-content"[31m
            [36m>[31m
              [36m<span[31m
                [33mclass[31m=[32m"project-portfolio-dot"[31m
                [33mstyle[31m=[32m"background-color: rgb(255, 87, 51);"[31m
              [36m/>[31m
              [36m<span[31m
                [33mclass[31m=[32m"selected-text"[31m
              [36m>[31m
                [0mProject Alpha[0m
              [36m</span>[31m
            [36m</div>[31m
            [36m<svg[31m
              [33mclass[31m=[32m"dropdown-arrow open"[31m
              [33mfill[31m=[32m"none"[31m
              [33mheight[31m=[32m"8"[31m
              [33mviewBox[31m=[32m"0 0 12 8"[31m
              [33mwidth[31m=[32m"12"[31m
              [33mxmlns[31m=[32m"http://www.w3.org/2000/svg"[31m
            [36m>[31m
              [36m<path[31m
                [33md[31m=[32m"M1 1.5L6 6.5L11 1.5"[31m
                [33mstroke[31m=[32m"#003c71"[31m
                [33mstroke-linecap[31m=[32m"round"[31m
                [33mstroke-linejoin[31m=[32m"round"[31m
                [33mstroke-width[31m=[32m"2"[31m
              [36m/>[31m
            [36m</svg>[31m
          [36m</div>[31m
          [36m<div[31m
            [33mclass[31m=[32m"custom-select-dropdown"[31m
            [33mrole[31m=[32m"listbox"[31m
          [36m>[31m
            [36m<div[31m
              [33mclass[31m=[32m"search-container"[31m
            [36m>[31m
              [36m<input[31m
                [33mclass[31m=[32m"search-input"[31m
                [33mplaceholder[31m=[32m"Search projects..."[31m
                [33mtype[31m=[32m"text"[31m
                [33mvalue[31m=[32m"Beta"[31m
              [36m/>[31m
            [36m</div>[31m
            [36m<div[31m
              [33mclass[31m=[32m"options-list"[31m
            [36m>[31m
              [36m<div[31m
                [33maria-selected[31m=[32m"false"[31m
                [33mclass[31m=[32m"option-item  "[31m
                [33mrole[31m=[32m"option"[31m
              [36m>[31m
                [36m<div[31m
                  [33mclass[31m=[32m"option-content"[31m
                [36m>[31m
                  [36m<span[31m
                    [33mclass[31m=[32m"project-portfolio-dot-large"[31m
                    [33mstyle[31m=[32m"background-color: rgb(255, 87, 51);"[31m
                  [36m/>[31m
                  [36m<span[31m
                    [33mclass[31m=[32m"option-name"[31m
                  [36m>[31m
                    [0mProject Beta[0m
                  [36m</span>[31m
                [36m</div>[31m
              [36m</div>[31m
            [36m</div>[31m
          [36m</div>[31m
        [36m</div>[31m
      [36m</div>[31m
    [36m</div>[31m
  [36m</body>[31m
[36m</html>[31m[39m
[36m [2m❯[22m src/components/__tests__/ProjectSelector.test.jsx:[2m215:57[22m[39m
    [90m213| [39m      [35mawait[39m [34mwaitFor[39m(() [33m=>[39m {
    [90m214| [39m        [34mexpect[39m(screen[33m.[39m[34mgetByText[39m([32m'Project Beta'[39m))[33m.[39m[34mtoBeInTheDocument[39m()[33m;[39m
    [90m215| [39m        expect(screen.queryByText('Project Alpha')).not.toBeInTheDocum…
    [90m   | [39m                                                        [31m^[39m
    [90m216| [39m        expect(screen.queryByText('Project Gamma')).not.toBeInTheDocum…
    [90m217| [39m      })[33m;[39m
[90m [2m❯[22m runWithExpensiveErrorDiagnosticsDisabled node_modules/@testing-library/dom/dist/config.js:[2m47:12[22m[39m
[90m [2m❯[22m checkCallback node_modules/@testing-library/dom/dist/wait-for.js:[2m124:77[22m[39m
[90m [2m❯[22m Timeout.checkRealTimersCallback node_modules/@testing-library/dom/dist/wait-for.js:[2m118:16[22m[39m

[31m[2m⎯⎯⎯⎯⎯⎯⎯⎯⎯⎯⎯⎯⎯⎯⎯⎯⎯⎯⎯⎯⎯[56/172]⎯[22m[39m

[41m[1m FAIL [22m[49m src/components/__tests__/ProjectSelector.test.jsx[2m > [22mProjectSelector[2m > [22mSearch Functionality[2m > [22mshould search by portfolio name as well
[31m[1mTestingLibraryElementError[22m[39m: Unable to find an element with the text: Project Beta. This could be because the text is broken up by multiple elements. In this case, you can provide a function for your text matcher to make your matcher more flexible.

Ignored nodes: comments, script, style
[36m<body>[39m
  [36m<div>[39m
    [36m<div[39m
      [33mclass[39m=[32m"project-selector"[39m
    [36m>[39m
      [36m<label[39m
        [33mclass[39m=[32m"selector-label"[39m
      [36m>[39m
        [0mProject:[0m
      [36m</label>[39m
      [36m<div[39m
        [33mclass[39m=[32m"custom-select-container"[39m
      [36m>[39m
        [36m<div[39m
          [33maria-expanded[39m=[32m"true"[39m
          [33maria-haspopup[39m=[32m"listbox"[39m
          [33mclass[39m=[32m"custom-select-trigger open"[39m
          [33mrole[39m=[32m"button"[39m
          [33mtabindex[39m=[32m"0"[39m
        [36m>[39m
          [36m<div[39m
            [33mclass[39m=[32m"trigger-content"[39m
          [36m>[39m
            [36m<span[39m
              [33mclass[39m=[32m"project-portfolio-dot"[39m
              [33mstyle[39m=[32m"background-color: rgb(255, 87, 51);"[39m
            [36m/>[39m
            [36m<span[39m
              [33mclass[39m=[32m"selected-text"[39m
            [36m>[39m
              [0mProject Alpha[0m
            [36m</span>[39m
          [36m</div>[39m
          [36m<svg[39m
            [33mclass[39m=[32m"dropdown-arrow open"[39m
            [33mfill[39m=[32m"none"[39m
            [33mheight[39m=[32m"8"[39m
            [33mviewBox[39m=[32m"0 0 12 8"[39m
            [33mwidth[39m=[32m"12"[39m
            [33mxmlns[39m=[32m"http://www.w3.org/2000/svg"[39m
          [36m>[39m
            [36m<path[39m
              [33md[39m=[32m"M1 1.5L6 6.5L11 1.5"[39m
              [33mstroke[39m=[32m"#003c71"[39m
              [33mstroke-linecap[39m=[32m"round"[39m
              [33mstroke-linejoin[39m=[32m"round"[39m
              [33mstroke-width[39m=[32m"2"[39m
            [36m/>[39m
          [36m</svg>[39m
        [36m</div>[39m
        [36m<div[39m
          [33mclass[39m=[32m"custom-select-dropdown"[39m
          [33mrole[39m=[32m"listbox"[39m
        [36m>[39m
          [36m<div[39m
            [33mclass[39m=[32m"search-container"[39m
          [36m>[39m
            [36m<input[39m
              [33mclass[39m=[32m"search-input"[39m
              [33mplaceholder[39m=[32m"Search projects..."[39m
              [33mtype[39m=[32m"text"[39m
              [33mvalue[39m=[32m"Portfolio A"[39m
            [36m/>[39m
          [36m</div>[39m
          [36m<div[39m
            [33mclass[39m=[32m"options-list"[39m
          [36m>[39m
            [36m<div[39m
              [33mclass[39m=[32m"no-results"[39m
            [36m>[39m
              [0mNo projects found[0m
            [36m</div>[39m
          [36m</div>[39m
        [36m</div>[39m
      [36m</div>[39m
    [36m</div>[39m
  [36m</div>[39m
[36m</body>[39m

Ignored nodes: comments, script, style
[36m<html>[39m
  [36m<head />[39m
  [36m<body>[39m
    [36m<div>[39m
      [36m<div[39m
        [33mclass[39m=[32m"project-selector"[39m
      [36m>[39m
        [36m<label[39m
          [33mclass[39m=[32m"selector-label"[39m
        [36m>[39m
          [0mProject:[0m
        [36m</label>[39m
        [36m<div[39m
          [33mclass[39m=[32m"custom-select-container"[39m
        [36m>[39m
          [36m<div[39m
            [33maria-expanded[39m=[32m"true"[39m
            [33maria-haspopup[39m=[32m"listbox"[39m
            [33mclass[39m=[32m"custom-select-trigger open"[39m
            [33mrole[39m=[32m"button"[39m
            [33mtabindex[39m=[32m"0"[39m
          [36m>[39m
            [36m<div[39m
              [33mclass[39m=[32m"trigger-content"[39m
            [36m>[39m
              [36m<span[39m
                [33mclass[39m=[32m"project-portfolio-dot"[39m
                [33mstyle[39m=[32m"background-color: rgb(255, 87, 51);"[39m
              [36m/>[39m
              [36m<span[39m
                [33mclass[39m=[32m"selected-text"[39m
              [36m>[39m
                [0mProject Alpha[0m
              [36m</span>[39m
            [36m</div>[39m
            [36m<svg[39m
              [33mclass[39m=[32m"dropdown-arrow open"[39m
              [33mfill[39m=[32m"none"[39m
              [33mheight[39m=[32m"8"[39m
              [33mviewBox[39m=[32m"0 0 12 8"[39m
              [33mwidth[39m=[32m"12"[39m
              [33mxmlns[39m=[32m"http://www.w3.org/2000/svg"[39m
            [36m>[39m
              [36m<path[39m
                [33md[39m=[32m"M1 1.5L6 6.5L11 1.5"[39m
                [33mstroke[39m=[32m"#003c71"[39m
                [33mstroke-linecap[39m=[32m"round"[39m
                [33mstroke-linejoin[39m=[32m"round"[39m
                [33mstroke-width[39m=[32m"2"[39m
              [36m/>[39m
            [36m</svg>[39m
          [36m</div>[39m
          [36m<div[39m
            [33mclass[39m=[32m"custom-select-dropdown"[39m
            [33mrole[39m=[32m"listbox"[39m
          [36m>[39m
            [36m<div[39m
              [33mclass[39m=[32m"search-container"[39m
            [36m>[39m
              [36m<input[39m
                [33mclass[39m=[32m"search-input"[39m
                [33mplaceholder[39m=[32m"Search projects..."[39m
                [33mtype[39m=[32m"text"[39m
                [33mvalue[39m=[32m"Portfolio A"[39m
              [36m/>[39m
            [36m</div>[39m
            [36m<div[39m
              [33mclass[39m=[32m"options-list"[39m
            [36m>[39m
              [36m<div[39m
                [33mclass[39m=[32m"no-results"[39m
              [36m>[39m
                [0mNo projects found[0m
              [36m</div>[39m
            [36m</div>[39m
          [36m</div>[39m
        [36m</div>[39m
      [36m</div>[39m
    [36m</div>[39m
  [36m</body>[39m
[36m</html>[39m
[90m [2m❯[22m waitForWrapper node_modules/@testing-library/dom/dist/wait-for.js:[2m163:27[22m[39m
[36m [2m❯[22m src/components/__tests__/ProjectSelector.test.jsx:[2m278:13[22m[39m
    [90m276| [39m      [35mawait[39m user[33m.[39m[34mtype[39m(searchInput[33m,[39m [32m'Portfolio A'[39m)[33m;[39m
    [90m277| [39m
    [90m278| [39m      [35mawait[39m [34mwaitFor[39m(() [33m=>[39m {
    [90m   | [39m            [31m^[39m
    [90m279| [39m        [34mexpect[39m(screen[33m.[39m[34mgetByText[39m([32m'Project Alpha'[39m))[33m.[39m[34mtoBeInTheDocument[39m()[33m;[39m
    [90m280| [39m        [34mexpect[39m(screen[33m.[39m[34mgetByText[39m([32m'Project Beta'[39m))[33m.[39m[34mtoBeInTheDocument[39m()[33m;[39m

[31m[2m⎯⎯⎯⎯⎯⎯⎯⎯⎯⎯⎯⎯⎯⎯⎯⎯⎯⎯⎯⎯⎯[57/172]⎯[22m[39m

[41m[1m FAIL [22m[49m src/components/__tests__/ProjectSelector.test.jsx[2m > [22mProjectSelector[2m > [22mSearch Functionality[2m > [22mshould clear search when dropdown closes
[31m[1mError[22m: [2mexpect([22m[31melement[31m[2m).toHaveValue()[22m

Expected the element to have value:
[32m[31m
Received:
[31m  Beta[31m

Ignored nodes: comments, script, style
[36m<html>[31m
  [36m<head />[31m
  [36m<body>[31m
    [36m<div>[31m
      [36m<div[31m
        [33mclass[31m=[32m"project-selector"[31m
      [36m>[31m
        [36m<label[31m
          [33mclass[31m=[32m"selector-label"[31m
        [36m>[31m
          [0mProject:[0m
        [36m</label>[31m
        [36m<div[31m
          [33mclass[31m=[32m"custom-select-container"[31m
        [36m>[31m
          [36m<div[31m
            [33maria-expanded[31m=[32m"true"[31m
            [33maria-haspopup[31m=[32m"listbox"[31m
            [33mclass[31m=[32m"custom-select-trigger open"[31m
            [33mrole[31m=[32m"button"[31m
            [33mtabindex[31m=[32m"0"[31m
          [36m>[31m
            [36m<div[31m
              [33mclass[31m=[32m"trigger-content"[31m
            [36m>[31m
              [36m<span[31m
                [33mclass[31m=[32m"project-portfolio-dot"[31m
                [33mstyle[31m=[32m"background-color: rgb(255, 87, 51);"[31m
              [36m/>[31m
              [36m<span[31m
                [33mclass[31m=[32m"selected-text"[31m
              [36m>[31m
                [0mProject Alpha[0m
              [36m</span>[31m
            [36m</div>[31m
            [36m<svg[31m
              [33mclass[31m=[32m"dropdown-arrow open"[31m
              [33mfill[31m=[32m"none"[31m
              [33mheight[31m=[32m"8"[31m
              [33mviewBox[31m=[32m"0 0 12 8"[31m
              [33mwidth[31m=[32m"12"[31m
              [33mxmlns[31m=[32m"http://www.w3.org/2000/svg"[31m
            [36m>[31m
              [36m<path[31m
                [33md[31m=[32m"M1 1.5L6 6.5L11 1.5"[31m
                [33mstroke[31m=[32m"#003c71"[31m
                [33mstroke-linecap[31m=[32m"round"[31m
                [33mstroke-linejoin[31m=[32m"round"[31m
                [33mstroke-width[31m=[32m"2"[31m
              [36m/>[31m
            [36m</svg>[31m
          [36m</div>[31m
          [36m<div[31m
            [33mclass[31m=[32m"custom-select-dropdown"[31m
            [33mrole[31m=[32m"listbox"[31m
          [36m>[31m
            [36m<div[31m
              [33mclass[31m=[32m"search-container"[31m
            [36m>[31m
              [36m<input[31m
                [33mclass[31m=[32m"search-input"[31m
                [33mplaceholder[31m=[32m"Search projects..."[31m
                [33mtype[31m=[32m"text"[31m
                [33mvalue[31m=[32m"Beta"[31m
              [36m/>[31m
            [36m</div>[31m
            [36m<div[31m
              [33mclass[31m=[32m"options-list"[31m
            [36m>[31m
              [36m<div[31m
                [33maria-selected[31m=[32m"false"[31m
                [33mclass[31m=[32m"option-item  "[31m
                [33mrole[31m=[32m"option"[31m
              [36m>[31m
                [36m<div[31m
                  [33mclass[31m=[32m"option-content"[31m
                [36m>[31m
                  [36m<span[31m
                    [33mclass[31m=[32m"project-portfolio-dot-large"[31m
                    [33mstyle[31m=[32m"background-color: rgb(255, 87, 51);"[31m
                  [36m/>[31m
                  [36m<span[31m
                    [33mclass[31m=[32m"option-name"[31m
                  [36m>[31m
                    [0mProject Beta[0m
                  [36m</span>[31m
                [36m</div>[31m
              [36m</div>[31m
            [36m</div>[31m
          [36m</div>[31m
        [36m</div>[31m
      [36m</div>[31m
    [36m</div>[31m
  [36m</body>[31m
[36m</html>[31m[39m
[36m [2m❯[22m src/components/__tests__/ProjectSelector.test.jsx:[2m310:32[22m[39m
    [90m308| [39m      [35mawait[39m [34mwaitFor[39m(() [33m=>[39m {
    [90m309| [39m        const newSearchInput = screen.getByPlaceholderText('Search pro…
    [90m310| [39m        [34mexpect[39m(newSearchInput)[33m.[39m[34mtoHaveValue[39m([32m''[39m)[33m;[39m
    [90m   | [39m                               [31m^[39m
    [90m311| [39m      })[33m;[39m
    [90m312| [39m    })[33m;[39m
[90m [2m❯[22m runWithExpensiveErrorDiagnosticsDisabled node_modules/@testing-library/dom/dist/config.js:[2m47:12[22m[39m
[90m [2m❯[22m checkCallback node_modules/@testing-library/dom/dist/wait-for.js:[2m124:77[22m[39m
[90m [2m❯[22m Timeout.checkRealTimersCallback node_modules/@testing-library/dom/dist/wait-for.js:[2m118:16[22m[39m

[31m[2m⎯⎯⎯⎯⎯⎯⎯⎯⎯⎯⎯⎯⎯⎯⎯⎯⎯⎯⎯⎯⎯[58/172]⎯[22m[39m

[41m[1m FAIL [22m[49m src/components/__tests__/ProjectSelector.test.jsx[2m > [22mProjectSelector[2m > [22mProject Selection[2m > [22mshould allow selecting the same project again
[31m[1mTestingLibraryElementError[22m[39m: Found multiple elements with the text: Project Alpha

Here are the matching elements:

Ignored nodes: comments, script, style
[36m<span[39m
  [33mclass[39m=[32m"selected-text"[39m
[36m>[39m
  [0mProject Alpha[0m
[36m</span>[39m

Ignored nodes: comments, script, style
[36m<span[39m
  [33mclass[39m=[32m"option-name"[39m
[36m>[39m
  [0mProject Alpha[0m
[36m</span>[39m

(If this is intentional, then use the `*AllBy*` variant of the query (like `queryAllByText`, `getAllByText`, or `findAllByText`)).

Ignored nodes: comments, script, style
[36m<body>[39m
  [36m<div>[39m
    [36m<div[39m
      [33mclass[39m=[32m"project-selector"[39m
    [36m>[39m
      [36m<label[39m
        [33mclass[39m=[32m"selector-label"[39m
      [36m>[39m
        [0mProject:[0m
      [36m</label>[39m
      [36m<div[39m
        [33mclass[39m=[32m"custom-select-container"[39m
      [36m>[39m
        [36m<div[39m
          [33maria-expanded[39m=[32m"true"[39m
          [33maria-haspopup[39m=[32m"listbox"[39m
          [33mclass[39m=[32m"custom-select-trigger open"[39m
          [33mrole[39m=[32m"button"[39m
          [33mtabindex[39m=[32m"0"[39m
        [36m>[39m
          [36m<div[39m
            [33mclass[39m=[32m"trigger-content"[39m
          [36m>[39m
            [36m<span[39m
              [33mclass[39m=[32m"project-portfolio-dot"[39m
              [33mstyle[39m=[32m"background-color: rgb(255, 87, 51);"[39m
            [36m/>[39m
            [36m<span[39m
              [33mclass[39m=[32m"selected-text"[39m
            [36m>[39m
              [0mProject Alpha[0m
            [36m</span>[39m
          [36m</div>[39m
          [36m<svg[39m
            [33mclass[39m=[32m"dropdown-arrow open"[39m
            [33mfill[39m=[32m"none"[39m
            [33mheight[39m=[32m"8"[39m
            [33mviewBox[39m=[32m"0 0 12 8"[39m
            [33mwidth[39m=[32m"12"[39m
            [33mxmlns[39m=[32m"http://www.w3.org/2000/svg"[39m
          [36m>[39m
            [36m<path[39m
              [33md[39m=[32m"M1 1.5L6 6.5L11 1.5"[39m
              [33mstroke[39m=[32m"#003c71"[39m
              [33mstroke-linecap[39m=[32m"round"[39m
              [33mstroke-linejoin[39m=[32m"round"[39m
              [33mstroke-width[39m=[32m"2"[39m
            [36m/>[39m
          [36m</svg>[39m
        [36m</div>[39m
        [36m<div[39m
          [33mclass[39m=[32m"custom-select-dropdown"[39m
          [33mrole[39m=[32m"listbox"[39m
        [36m>[39m
          [36m<div[39m
            [33mclass[39m=[32m"search-container"[39m
          [36m>[39m
            [36m<input[39m
              [33mclass[39m=[32m"search-input"[39m
              [33mplaceholder[39m=[32m"Search projects..."[39m
              [33mtype[39m=[32m"text"[39m
              [33mvalue[39m=[32m""[39m
            [36m/>[39m
          [36m</div>[39m
          [36m<div[39m
            [33mclass[39m=[32m"options-list"[39m
          [36m>[39m
            [36m<div[39m
              [33maria-selected[39m=[32m"true"[39m
              [33mclass[39m=[32m"option-item selected "[39m
              [33mrole[39m=[32m"option"[39m
            [36m>[39m
              [36m<div[39m
                [33mclass[39m=[32m"option-content"[39m
              [36m>[39m
                [36m<span[39m
                  [33mclass[39m=[32m"project-portfolio-dot-large"[39m
                  [33mstyle[39m=[32m"background-color: rgb(255, 87, 51);"[39m
                [36m/>[39m
                [36m<span[39m
                  [33mclass[39m=[32m"option-name"[39m
                [36m>[39m
                  [0mProject Alpha[0m
                [36m</span>[39m
              [36m</div>[39m
            [36m</div>[39m
            [36m<div[39m
              [33maria-selected[39m=[32m"false"[39m
              [33mclass[39m=[32m"option-item  "[39m
              [33mrole[39m=[32m"option"[39m
            [36m>[39m
              [36m<div[39m
                [33mclass[39m=[32m"option-content"[39m
              [36m>[39m
                [36m<span[39m
                  [33mclass[39m=[32m"project-portfolio-dot-large"[39m
                  [33mstyle[39m=[32m"background-color: rgb(255, 87, 51);"[39m
                [36m/>[39m
                [36m<span[39m
                  [33mclass[39m=[32m"option-name"[39m
                [36m>[39m
                  [0mProject Beta[0m
                [36m</span>[39m
              [36m</div>[39m
            [36m</div>[39m
            [36m<div[39m
              [33maria-selected[39m=[32m"false"[39m
              [33mclass[39m=[32m"option-item  "[39m
              [33mrole[39m=[32m"option"[39m
            [36m>[39m
              [36m<div[39m
                [33mclass[39m=[32m"option-content"[39m
              [36m>[39m
                [36m<span[39m
                  [33mclass[39m=[32m"project-portfolio-dot-large"[39m
                  [33mstyle[39m=[32m"background-color: rgb(51, 195, 255);"[39m
                [36m/>[39m
                [36m<span[39m
                  [33mclass[39m=[32m"option-name"[39m
                [36m>[39m
                  [0mProject Gamma[0m
                [36m</span>[39m
              [36m</div>[39m
            [36m</div>[39m
            [36m<div[39m
              [33maria-selected[39m=[32m"false"[39m
              [33mclass[39m=[32m"option-item  "[39m
              [33mrole[39m=[32m"option"[39m
            [36m>[39m
              [36m<div[39m
                [33mclass[39m=[32m"option-content"[39m
              [36m>[39m
                [36m<span[39m
                  [33mclass[39m=[32m"option-name"[39m
                [36m>[39m
                  [0mTest Project[0m
                [36m</span>[39m
              [36m</div>[39m
            [36m</div>[39m
          [36m</div>[39m
        [36m</div>[39m
      [36m</div>[39m
    [36m</div>[39m
  [36m</div>[39m
[36m</body>[39m
[90m [2m❯[22m Object.getElementError node_modules/@testing-library/dom/dist/config.js:[2m37:19[22m[39m
[90m [2m❯[22m getElementError node_modules/@testing-library/dom/dist/query-helpers.js:[2m20:35[22m[39m
[90m [2m❯[22m getMultipleElementsFoundError node_modules/@testing-library/dom/dist/query-helpers.js:[2m23:10[22m[39m
[90m [2m❯[22m node_modules/@testing-library/dom/dist/query-helpers.js:[2m55:13[22m[39m
[90m [2m❯[22m node_modules/@testing-library/dom/dist/query-helpers.js:[2m95:19[22m[39m
[36m [2m❯[22m src/components/__tests__/ProjectSelector.test.jsx:[2m364:31[22m[39m
    [90m362| [39m
    [90m363| [39m      [35mawait[39m user[33m.[39m[34mclick[39m(screen[33m.[39m[34mgetByRole[39m([32m'button'[39m))[33m;[39m
    [90m364| [39m      [35mawait[39m user[33m.[39m[34mclick[39m(screen[33m.[39m[34mgetByText[39m([32m'Project Alpha'[39m))[33m;[39m
    [90m   | [39m                              [31m^[39m
    [90m365| [39m
    [90m366| [39m      [34mexpect[39m(mockOnProjectChange)[33m.[39m[34mtoHaveBeenCalledWith[39m([32m'1'[39m)[33m;[39m

[31m[2m⎯⎯⎯⎯⎯⎯⎯⎯⎯⎯⎯⎯⎯⎯⎯⎯⎯⎯⎯⎯⎯[59/172]⎯[22m[39m

[41m[1m FAIL [22m[49m src/components/__tests__/ProjectSelector.test.jsx[2m > [22mProjectSelector[2m > [22mEdge Cases[2m > [22mshould handle empty projects object
[31m[1mTestingLibraryElementError[22m: Unable to find an element with the text: Select a project.... This could be because the text is broken up by multiple elements. In this case, you can provide a function for your text matcher to make your matcher more flexible.

Ignored nodes: comments, script, style
[36m<body>[31m
  [36m<div>[31m
    [36m<div[31m
      [33mclass[31m=[32m"project-selector"[31m
    [36m>[31m
      [36m<label[31m
        [33mclass[31m=[32m"selector-label"[31m
      [36m>[31m
        [0mProject:[0m
      [36m</label>[31m
      [36m<div[31m
        [33mclass[31m=[32m"custom-select-container"[31m
      [36m>[31m
        [36m<div[31m
          [33maria-expanded[31m=[32m"false"[31m
          [33maria-haspopup[31m=[32m"listbox"[31m
          [33mclass[31m=[32m"custom-select-trigger "[31m
          [33mrole[31m=[32m"button"[31m
          [33mtabindex[31m=[32m"0"[31m
        [36m>[31m
          [36m<div[31m
            [33mclass[31m=[32m"trigger-content"[31m
          [36m>[31m
            [36m<span[31m
              [33mclass[31m=[32m"placeholder-text"[31m
            [36m>[31m
              [0mProject...[0m
            [36m</span>[31m
          [36m</div>[31m
          [36m<svg[31m
            [33mclass[31m=[32m"dropdown-arrow "[31m
            [33mfill[31m=[32m"none"[31m
            [33mheight[31m=[32m"8"[31m
            [33mviewBox[31m=[32m"0 0 12 8"[31m
            [33mwidth[31m=[32m"12"[31m
            [33mxmlns[31m=[32m"http://www.w3.org/2000/svg"[31m
          [36m>[31m
            [36m<path[31m
              [33md[31m=[32m"M1 1.5L6 6.5L11 1.5"[31m
              [33mstroke[31m=[32m"#003c71"[31m
              [33mstroke-linecap[31m=[32m"round"[31m
              [33mstroke-linejoin[31m=[32m"round"[31m
              [33mstroke-width[31m=[32m"2"[31m
            [36m/>[31m
          [36m</svg>[31m
        [36m</div>[31m
      [36m</div>[31m
    [36m</div>[31m
  [36m</div>[31m
[36m</body>[31m[39m
[90m [2m❯[22m Object.getElementError node_modules/@testing-library/dom/dist/config.js:[2m37:19[22m[39m
[90m [2m❯[22m node_modules/@testing-library/dom/dist/query-helpers.js:[2m76:38[22m[39m
[90m [2m❯[22m node_modules/@testing-library/dom/dist/query-helpers.js:[2m52:17[22m[39m
[90m [2m❯[22m node_modules/@testing-library/dom/dist/query-helpers.js:[2m95:19[22m[39m
[36m [2m❯[22m src/components/__tests__/ProjectSelector.test.jsx:[2m469:21[22m[39m
    [90m467| [39m      )[33m;[39m
    [90m468| [39m
    [90m469| [39m      expect(screen.getByText('Select a project...')).toBeInTheDocumen…
    [90m   | [39m                    [31m^[39m
    [90m470| [39m    })[33m;[39m
    [90m471| [39m

[31m[2m⎯⎯⎯⎯⎯⎯⎯⎯⎯⎯⎯⎯⎯⎯⎯⎯⎯⎯⎯⎯⎯[60/172]⎯[22m[39m

[41m[1m FAIL [22m[49m src/components/__tests__/ProjectSelector.test.jsx[2m > [22mProjectSelector[2m > [22mEdge Cases[2m > [22mshould handle undefined projects
[31m[1mTypeError[22m: Cannot convert undefined or null to object[39m
[36m [2m❯[22m ProjectSelector src/components/ProjectSelector.jsx:[2m11:33[22m[39m
    [90m  9| [39m  [35mconst[39m inputRef [33m=[39m [34museRef[39m([35mnull[39m)[33m;[39m
    [90m 10| [39m
    [90m 11| [39m  [35mconst[39m projectEntries [33m=[39m [33mObject[39m[33m.[39m[34mentries[39m(projects)[33m;[39m
    [90m   | [39m                                [31m^[39m
    [90m 12| [39m  const selectedProjectData = selectedProject ? projects[selectedProje…
    [90m 13| [39m  [35mconst[39m selectedProjectName [33m=[39m selectedProjectData[33m?.[39mname [33m||[39m [32m''[39m[33m;[39m
[90m [2m❯[22m renderWithHooks node_modules/react-dom/cjs/react-dom.development.js:[2m15486:18[22m[39m
[90m [2m❯[22m mountIndeterminateComponent node_modules/react-dom/cjs/react-dom.development.js:[2m20103:13[22m[39m
[90m [2m❯[22m beginWork node_modules/react-dom/cjs/react-dom.development.js:[2m21626:16[22m[39m
[90m [2m❯[22m beginWork$1 node_modules/react-dom/cjs/react-dom.development.js:[2m27465:14[22m[39m
[90m [2m❯[22m performUnitOfWork node_modules/react-dom/cjs/react-dom.development.js:[2m26599:12[22m[39m
[90m [2m❯[22m workLoopSync node_modules/react-dom/cjs/react-dom.development.js:[2m26505:5[22m[39m
[90m [2m❯[22m renderRootSync node_modules/react-dom/cjs/react-dom.development.js:[2m26473:7[22m[39m
[90m [2m❯[22m recoverFromConcurrentError node_modules/react-dom/cjs/react-dom.development.js:[2m25889:20[22m[39m

[31m[2m⎯⎯⎯⎯⎯⎯⎯⎯⎯⎯⎯⎯⎯⎯⎯⎯⎯⎯⎯⎯⎯[61/172]⎯[22m[39m

[41m[1m FAIL [22m[49m src/components/__tests__/ProjectSelector.test.jsx[2m > [22mProjectSelector[2m > [22mEdge Cases[2m > [22mshould handle invalid selectedProject ID
[31m[1mTestingLibraryElementError[22m: Unable to find an element with the text: Select a project.... This could be because the text is broken up by multiple elements. In this case, you can provide a function for your text matcher to make your matcher more flexible.

Ignored nodes: comments, script, style
[36m<body>[31m
  [36m<div>[31m
    [36m<div[31m
      [33mclass[31m=[32m"project-selector"[31m
    [36m>[31m
      [36m<label[31m
        [33mclass[31m=[32m"selector-label"[31m
      [36m>[31m
        [0mProject:[0m
      [36m</label>[31m
      [36m<div[31m
        [33mclass[31m=[32m"custom-select-container"[31m
      [36m>[31m
        [36m<div[31m
          [33maria-expanded[31m=[32m"false"[31m
          [33maria-haspopup[31m=[32m"listbox"[31m
          [33mclass[31m=[32m"custom-select-trigger "[31m
          [33mrole[31m=[32m"button"[31m
          [33mtabindex[31m=[32m"0"[31m
        [36m>[31m
          [36m<div[31m
            [33mclass[31m=[32m"trigger-content"[31m
          [36m>[31m
            [36m<span[31m
              [33mclass[31m=[32m"selected-text"[31m
            [36m>[31m
              [0mProject...[0m
            [36m</span>[31m
          [36m</div>[31m
          [36m<svg[31m
            [33mclass[31m=[32m"dropdown-arrow "[31m
            [33mfill[31m=[32m"none"[31m
            [33mheight[31m=[32m"8"[31m
            [33mviewBox[31m=[32m"0 0 12 8"[31m
            [33mwidth[31m=[32m"12"[31m
            [33mxmlns[31m=[32m"http://www.w3.org/2000/svg"[31m
          [36m>[31m
            [36m<path[31m
              [33md[31m=[32m"M1 1.5L6 6.5L11 1.5"[31m
              [33mstroke[31m=[32m"#003c71"[31m
              [33mstroke-linecap[31m=[32m"round"[31m
              [33mstroke-linejoin[31m=[32m"round"[31m
              [33mstroke-width[31m=[32m"2"[31m
            [36m/>[31m
          [36m</svg>[31m
        [36m</div>[31m
      [36m</div>[31m
    [36m</div>[31m
  [36m</div>[31m
[36m</body>[31m[39m
[90m [2m❯[22m Object.getElementError node_modules/@testing-library/dom/dist/config.js:[2m37:19[22m[39m
[90m [2m❯[22m node_modules/@testing-library/dom/dist/query-helpers.js:[2m76:38[22m[39m
[90m [2m❯[22m node_modules/@testing-library/dom/dist/query-helpers.js:[2m52:17[22m[39m
[90m [2m❯[22m node_modules/@testing-library/dom/dist/query-helpers.js:[2m95:19[22m[39m
[36m [2m❯[22m src/components/__tests__/ProjectSelector.test.jsx:[2m493:21[22m[39m
    [90m491| [39m      )[33m;[39m
    [90m492| [39m
    [90m493| [39m      expect(screen.getByText('Select a project...')).toBeInTheDocumen…
    [90m   | [39m                    [31m^[39m
    [90m494| [39m    })[33m;[39m
    [90m495| [39m

[31m[2m⎯⎯⎯⎯⎯⎯⎯⎯⎯⎯⎯⎯⎯⎯⎯⎯⎯⎯⎯⎯⎯[62/172]⎯[22m[39m

[41m[1m FAIL [22m[49m src/components/__tests__/SpaceSelector.test.jsx[2m > [22mSpaceSelector[2m > [22mRendering[2m > [22mshould render the space selector component
[41m[1m FAIL [22m[49m src/components/__tests__/SpaceSelector.test.jsx[2m > [22mSpaceSelector[2m > [22mRendering[2m > [22mshould display selected space when provided
[41m[1m FAIL [22m[49m src/components/__tests__/SpaceSelector.test.jsx[2m > [22mSpaceSelector[2m > [22mRendering[2m > [22mshould show loading state initially
[41m[1m FAIL [22m[49m src/components/__tests__/SpaceSelector.test.jsx[2m > [22mSpaceSelector[2m > [22mAPI Integration[2m > [22mshould fetch spaces on mount
[41m[1m FAIL [22m[49m src/components/__tests__/SpaceSelector.test.jsx[2m > [22mSpaceSelector[2m > [22mAPI Integration[2m > [22mshould handle API error gracefully
[41m[1m FAIL [22m[49m src/components/__tests__/SpaceSelector.test.jsx[2m > [22mSpaceSelector[2m > [22mAPI Integration[2m > [22mshould handle empty spaces list
[41m[1m FAIL [22m[49m src/components/__tests__/SpaceSelector.test.jsx[2m > [22mSpaceSelector[2m > [22mDropdown Interaction[2m > [22mshould open dropdown when clicked
[41m[1m FAIL [22m[49m src/components/__tests__/SpaceSelector.test.jsx[2m > [22mSpaceSelector[2m > [22mDropdown Interaction[2m > [22mshould close dropdown when clicking outside
[41m[1m FAIL [22m[49m src/components/__tests__/SpaceSelector.test.jsx[2m > [22mSpaceSelector[2m > [22mDropdown Interaction[2m > [22mshould close dropdown on escape key
[41m[1m FAIL [22m[49m src/components/__tests__/SpaceSelector.test.jsx[2m > [22mSpaceSelector[2m > [22mSpace Selection[2m > [22mshould call onSpaceChange when selecting a space
[41m[1m FAIL [22m[49m src/components/__tests__/SpaceSelector.test.jsx[2m > [22mSpaceSelector[2m > [22mSpace Selection[2m > [22mshould update display when space is selected
[41m[1m FAIL [22m[49m src/components/__tests__/SpaceSelector.test.jsx[2m > [22mSpaceSelector[2m > [22mSpace Selection[2m > [22mshould allow selecting "All Spaces" option
[41m[1m FAIL [22m[49m src/components/__tests__/SpaceSelector.test.jsx[2m > [22mSpaceSelector[2m > [22mSearch Functionality[2m > [22mshould filter spaces based on search input
[41m[1m FAIL [22m[49m src/components/__tests__/SpaceSelector.test.jsx[2m > [22mSpaceSelector[2m > [22mSearch Functionality[2m > [22mshould show no results message for non-matching search
[41m[1m FAIL [22m[49m src/components/__tests__/SpaceSelector.test.jsx[2m > [22mSpaceSelector[2m > [22mAccessibility[2m > [22mshould have proper ARIA attributes
[41m[1m FAIL [22m[49m src/components/__tests__/SpaceSelector.test.jsx[2m > [22mSpaceSelector[2m > [22mAccessibility[2m > [22mshould be keyboard navigable
[41m[1m FAIL [22m[49m src/components/__tests__/SpaceSelector.test.jsx[2m > [22mSpaceSelector[2m > [22mAccessibility[2m > [22mshould announce selected space to screen readers
[41m[1m FAIL [22m[49m src/components/__tests__/SpaceSelector.test.jsx[2m > [22mSpaceSelector[2m > [22mEdge Cases[2m > [22mshould handle rapid clicks gracefully
[41m[1m FAIL [22m[49m src/components/__tests__/SpaceSelector.test.jsx[2m > [22mSpaceSelector[2m > [22mEdge Cases[2m > [22mshould handle spaces with special characters
[41m[1m FAIL [22m[49m src/components/__tests__/SpaceSelector.test.jsx[2m > [22mSpaceSelector[2m > [22mEdge Cases[2m > [22mshould handle very long space names
[31m[1mTypeError[22m: Cannot read properties of undefined (reading 'find')[39m
[36m [2m❯[22m SpaceSelector src/components/SpaceSelector.jsx:[2m15:14[22m[39m
    [90m 13| [39m  [90m// Find selected space data[39m
    [90m 14| [39m  [35mconst[39m selectedSpaceData [33m=[39m selectedSpace [33m!==[39m [32m'all'[39m
    [90m 15| [39m    [33m?[39m spaces[33m.[39m[34mfind[39m(s [33m=>[39m s[33m.[39mid [33m===[39m [33mNumber[39m(selectedSpace))
    [90m   | [39m             [31m^[39m
    [90m 16| [39m    [33m:[39m [35mnull[39m[33m;[39m
    [90m 17| [39m
[90m [2m❯[22m renderWithHooks node_modules/react-dom/cjs/react-dom.development.js:[2m15486:18[22m[39m
[90m [2m❯[22m mountIndeterminateComponent node_modules/react-dom/cjs/react-dom.development.js:[2m20103:13[22m[39m
[90m [2m❯[22m beginWork node_modules/react-dom/cjs/react-dom.development.js:[2m21626:16[22m[39m
[90m [2m❯[22m beginWork$1 node_modules/react-dom/cjs/react-dom.development.js:[2m27465:14[22m[39m
[90m [2m❯[22m performUnitOfWork node_modules/react-dom/cjs/react-dom.development.js:[2m26599:12[22m[39m
[90m [2m❯[22m workLoopSync node_modules/react-dom/cjs/react-dom.development.js:[2m26505:5[22m[39m
[90m [2m❯[22m renderRootSync node_modules/react-dom/cjs/react-dom.development.js:[2m26473:7[22m[39m
[90m [2m❯[22m recoverFromConcurrentError node_modules/react-dom/cjs/react-dom.development.js:[2m25889:20[22m[39m
[90m [2m❯[22m performConcurrentWorkOnRoot node_modules/react-dom/cjs/react-dom.development.js:[2m25789:22[22m[39m

[31m[2m⎯⎯⎯⎯⎯⎯⎯⎯⎯⎯⎯⎯⎯⎯⎯⎯⎯⎯⎯⎯⎯[63/172]⎯[22m[39m

[41m[1m FAIL [22m[49m backend/src/tests/audit.test.js[2m > [22mAudit Log API Tests[2m > [22mGET /api/audit[2m > [22mshould include CREATE, UPDATE, and DELETE actions
[31m[1mAssertionError[22m: expected [ 'CREATE' ] to include 'UPDATE'[39m
[36m [2m❯[22m backend/src/tests/audit.test.js:[2m123:23[22m[39m
    [90m121| [39m      [35mconst[39m actions [33m=[39m [[33m...[39m[35mnew[39m [33mSet[39m(response[33m.[39mbody[33m.[39m[34mmap[39m(e [33m=>[39m e[33m.[39maction))][33m;[39m
    [90m122| [39m      [34mexpect[39m(actions)[33m.[39m[34mtoContain[39m([32m'CREATE'[39m)[33m;[39m
    [90m123| [39m      [34mexpect[39m(actions)[33m.[39m[34mtoContain[39m([32m'UPDATE'[39m)[33m;[39m
    [90m   | [39m                      [31m^[39m
    [90m124| [39m      [34mexpect[39m(actions)[33m.[39m[34mtoContain[39m([32m'DELETE'[39m)[33m;[39m
    [90m125| [39m    })[33m;[39m

[31m[2m⎯⎯⎯⎯⎯⎯⎯⎯⎯⎯⎯⎯⎯⎯⎯⎯⎯⎯⎯⎯⎯[64/172]⎯[22m[39m

[41m[1m FAIL [22m[49m backend/src/tests/audit.test.js[2m > [22mAudit Log API Tests[2m > [22mAudit log completeness[2m > [22mshould log project creation
[31m[1mAssertionError[22m: expected undefined to be defined[39m
[36m [2m❯[22m backend/src/tests/audit.test.js:[2m233:28[22m[39m
    [90m231| [39m      )[33m;[39m
    [90m232| [39m
    [90m233| [39m      [34mexpect[39m(projectEntry)[33m.[39m[34mtoBeDefined[39m()[33m;[39m
    [90m   | [39m                           [31m^[39m
    [90m234| [39m    })[33m;[39m
    [90m235| [39m

[31m[2m⎯⎯⎯⎯⎯⎯⎯⎯⎯⎯⎯⎯⎯⎯⎯⎯⎯⎯⎯⎯⎯[65/172]⎯[22m[39m

[41m[1m FAIL [22m[49m backend/src/tests/consistency-feedback.test.js[2m > [22mConsistency Feedback Generation Tests[2m > [22mSystem User Creation[2m > [22mshould create system user for automated feedback
[31m[1mAssertionError[22m: expected 'pm' to be 'viewer' // Object.is equality[39m

Expected: [32m"viewer"[39m
Received: [31m"pm"[39m

[36m [2m❯[22m backend/src/tests/consistency-feedback.test.js:[2m346:31[22m[39m
    [90m344| [39m      [34mexpect[39m(systemUser)[33m.[39m[34mtoBeDefined[39m()[33m;[39m
    [90m345| [39m      [34mexpect[39m(systemUser[33m.[39mname)[33m.[39m[34mtoBe[39m([32m'System'[39m)[33m;[39m
    [90m346| [39m      [34mexpect[39m(systemUser[33m.[39mrole)[33m.[39m[34mtoBe[39m([32m'viewer'[39m)[33m;[39m
    [90m   | [39m                              [31m^[39m
    [90m347| [39m    })[33m;[39m
    [90m348| [39m

[31m[2m⎯⎯⎯⎯⎯⎯⎯⎯⎯⎯⎯⎯⎯⎯⎯⎯⎯⎯⎯⎯⎯[66/172]⎯[22m[39m

[41m[1m FAIL [22m[49m backend/src/tests/consistency-report.test.js[2m > [22mConsistency Report API Tests[2m > [22mGET /api/admin/consistency-report[2m > [22mshould require authentication
[31m[1mAssertionError[22m: expected 404 to be 401 // Object.is equality[39m

[32m- Expected[39m
[31m+ Received[39m

[32m- 401[39m
[31m+ 404[39m

[36m [2m❯[22m backend/src/tests/consistency-report.test.js:[2m82:31[22m[39m
    [90m 80| [39m        [33m.[39m[35mget[39m([32m'/api/admin/consistency-report'[39m)[33m;[39m
    [90m 81| [39m
    [90m 82| [39m      [34mexpect[39m(response[33m.[39mstatus)[33m.[39m[34mtoBe[39m([34m401[39m)[33m;[39m
    [90m   | [39m                              [31m^[39m
    [90m 83| [39m    })[33m;[39m
    [90m 84| [39m

[31m[2m⎯⎯⎯⎯⎯⎯⎯⎯⎯⎯⎯⎯⎯⎯⎯⎯⎯⎯⎯⎯⎯[67/172]⎯[22m[39m

[41m[1m FAIL [22m[49m backend/src/tests/consistency-report.test.js[2m > [22mConsistency Report API Tests[2m > [22mGET /api/admin/consistency-report[2m > [22mshould reject viewer access
[31m[1mAssertionError[22m: expected 404 to be 403 // Object.is equality[39m

[32m- Expected[39m
[31m+ Received[39m

[32m- 403[39m
[31m+ 404[39m

[36m [2m❯[22m backend/src/tests/consistency-report.test.js:[2m90:31[22m[39m
    [90m 88| [39m        [33m.[39m[35mset[39m([32m'Authorization'[39m[33m,[39m [32m`Bearer [39m[36m${[39mviewerToken[36m}[39m[32m`[39m)[33m;[39m
    [90m 89| [39m
    [90m 90| [39m      [34mexpect[39m(response[33m.[39mstatus)[33m.[39m[34mtoBe[39m([34m403[39m)[33m;[39m
    [90m   | [39m                              [31m^[39m
    [90m 91| [39m      [34mexpect[39m(response[33m.[39mbody[33m.[39merror)[33m.[39m[34mtoContain[39m([32m'Admin'[39m)[33m;[39m
    [90m 92| [39m    })[33m;[39m

[31m[2m⎯⎯⎯⎯⎯⎯⎯⎯⎯⎯⎯⎯⎯⎯⎯⎯⎯⎯⎯⎯⎯[68/172]⎯[22m[39m

[41m[1m FAIL [22m[49m backend/src/tests/consistency-report.test.js[2m > [22mConsistency Report API Tests[2m > [22mGET /api/admin/consistency-report[2m > [22mshould reject PM access
[31m[1mAssertionError[22m: expected 404 to be 403 // Object.is equality[39m

[32m- Expected[39m
[31m+ Received[39m

[32m- 403[39m
[31m+ 404[39m

[36m [2m❯[22m backend/src/tests/consistency-report.test.js:[2m99:31[22m[39m
    [90m 97| [39m        [33m.[39m[35mset[39m([32m'Authorization'[39m[33m,[39m [32m`Bearer [39m[36m${[39mpmToken[36m}[39m[32m`[39m)[33m;[39m
    [90m 98| [39m
    [90m 99| [39m      [34mexpect[39m(response[33m.[39mstatus)[33m.[39m[34mtoBe[39m([34m403[39m)[33m;[39m
    [90m   | [39m                              [31m^[39m
    [90m100| [39m      [34mexpect[39m(response[33m.[39mbody[33m.[39merror)[33m.[39m[34mtoContain[39m([32m'Admin'[39m)[33m;[39m
    [90m101| [39m    })[33m;[39m

[31m[2m⎯⎯⎯⎯⎯⎯⎯⎯⎯⎯⎯⎯⎯⎯⎯⎯⎯⎯⎯⎯⎯[69/172]⎯[22m[39m

[41m[1m FAIL [22m[49m backend/src/tests/consistency-report.test.js[2m > [22mConsistency Report API Tests[2m > [22mGET /api/admin/consistency-report[2m > [22mshould allow admin access
[31m[1mAssertionError[22m: expected 404 to be 200 // Object.is equality[39m

[32m- Expected[39m
[31m+ Received[39m

[32m- 200[39m
[31m+ 404[39m

[36m [2m❯[22m backend/src/tests/consistency-report.test.js:[2m108:31[22m[39m
    [90m106| [39m        [33m.[39m[35mset[39m([32m'Authorization'[39m[33m,[39m [32m`Bearer [39m[36m${[39madminToken[36m}[39m[32m`[39m)[33m;[39m
    [90m107| [39m
    [90m108| [39m      [34mexpect[39m(response[33m.[39mstatus)[33m.[39m[34mtoBe[39m([34m200[39m)[33m;[39m
    [90m   | [39m                              [31m^[39m
    [90m109| [39m      [34mexpect[39m(response[33m.[39mbody)[33m.[39m[34mtoHaveProperty[39m([32m'generated_at'[39m)[33m;[39m
    [90m110| [39m      [34mexpect[39m(response[33m.[39mbody)[33m.[39m[34mtoHaveProperty[39m([32m'total_issues'[39m)[33m;[39m

[31m[2m⎯⎯⎯⎯⎯⎯⎯⎯⎯⎯⎯⎯⎯⎯⎯⎯⎯⎯⎯⎯⎯[70/172]⎯[22m[39m

[41m[1m FAIL [22m[49m backend/src/tests/consistency-report.test.js[2m > [22mConsistency Report API Tests[2m > [22mGET /api/admin/consistency-report[2m > [22mshould return empty issues for empty database
[31m[1mAssertionError[22m: expected 404 to be 200 // Object.is equality[39m

[32m- Expected[39m
[31m+ Received[39m

[32m- 200[39m
[31m+ 404[39m

[36m [2m❯[22m backend/src/tests/consistency-report.test.js:[2m120:31[22m[39m
    [90m118| [39m        [33m.[39m[35mset[39m([32m'Authorization'[39m[33m,[39m [32m`Bearer [39m[36m${[39madminToken[36m}[39m[32m`[39m)[33m;[39m
    [90m119| [39m
    [90m120| [39m      [34mexpect[39m(response[33m.[39mstatus)[33m.[39m[34mtoBe[39m([34m200[39m)[33m;[39m
    [90m   | [39m                              [31m^[39m
    [90m121| [39m      [34mexpect[39m(response[33m.[39mbody[33m.[39mtotal_issues)[33m.[39m[34mtoBe[39m([34m0[39m)[33m;[39m
    [90m122| [39m      [34mexpect[39m(response[33m.[39mbody[33m.[39missues)[33m.[39m[34mtoEqual[39m([])[33m;[39m

[31m[2m⎯⎯⎯⎯⎯⎯⎯⎯⎯⎯⎯⎯⎯⎯⎯⎯⎯⎯⎯⎯⎯[71/172]⎯[22m[39m

[41m[1m FAIL [22m[49m backend/src/tests/consistency-report.test.js[2m > [22mConsistency Report API Tests[2m > [22mSingle Metric Detection[2m > [22mshould detect project with single metric
[31m[1mAssertionError[22m: expected 404 to be 200 // Object.is equality[39m

[32m- Expected[39m
[31m+ Received[39m

[32m- 200[39m
[31m+ 404[39m

[36m [2m❯[22m backend/src/tests/consistency-report.test.js:[2m161:31[22m[39m
    [90m159| [39m        [33m.[39m[35mset[39m([32m'Authorization'[39m[33m,[39m [32m`Bearer [39m[36m${[39madminToken[36m}[39m[32m`[39m)[33m;[39m
    [90m160| [39m
    [90m161| [39m      [34mexpect[39m(response[33m.[39mstatus)[33m.[39m[34mtoBe[39m([34m200[39m)[33m;[39m
    [90m   | [39m                              [31m^[39m
    [90m162| [39m
    [90m163| [39m      [35mconst[39m singleMetricIssue [33m=[39m response[33m.[39mbody[33m.[39missues[33m.[39m[34mfind[39m(

[31m[2m⎯⎯⎯⎯⎯⎯⎯⎯⎯⎯⎯⎯⎯⎯⎯⎯⎯⎯⎯⎯⎯[72/172]⎯[22m[39m

[41m[1m FAIL [22m[49m backend/src/tests/consistency-report.test.js[2m > [22mConsistency Report API Tests[2m > [22mNo Lead Metrics Detection[2m > [22mshould detect project with no lead metrics
[31m[1mAssertionError[22m: expected 404 to be 200 // Object.is equality[39m

[32m- Expected[39m
[31m+ Received[39m

[32m- 200[39m
[31m+ 404[39m

[36m [2m❯[22m backend/src/tests/consistency-report.test.js:[2m223:31[22m[39m
    [90m221| [39m        [33m.[39m[35mset[39m([32m'Authorization'[39m[33m,[39m [32m`Bearer [39m[36m${[39madminToken[36m}[39m[32m`[39m)[33m;[39m
    [90m222| [39m
    [90m223| [39m      [34mexpect[39m(response[33m.[39mstatus)[33m.[39m[34mtoBe[39m([34m200[39m)[33m;[39m
    [90m   | [39m                              [31m^[39m
    [90m224| [39m
    [90m225| [39m      [35mconst[39m noLeadIssue [33m=[39m response[33m.[39mbody[33m.[39missues[33m.[39m[34mfind[39m(

[31m[2m⎯⎯⎯⎯⎯⎯⎯⎯⎯⎯⎯⎯⎯⎯⎯⎯⎯⎯⎯⎯⎯[73/172]⎯[22m[39m

[41m[1m FAIL [22m[49m backend/src/tests/consistency-report.test.js[2m > [22mConsistency Report API Tests[2m > [22mBack-Loaded Growth Detection[2m > [22mshould detect back-loaded growth pattern
[31m[1mAssertionError[22m: expected 404 to be 200 // Object.is equality[39m

[32m- Expected[39m
[31m+ Received[39m

[32m- 200[39m
[31m+ 404[39m

[36m [2m❯[22m backend/src/tests/consistency-report.test.js:[2m287:31[22m[39m
    [90m285| [39m        [33m.[39m[35mset[39m([32m'Authorization'[39m[33m,[39m [32m`Bearer [39m[36m${[39madminToken[36m}[39m[32m`[39m)[33m;[39m
    [90m286| [39m
    [90m287| [39m      [34mexpect[39m(response[33m.[39mstatus)[33m.[39m[34mtoBe[39m([34m200[39m)[33m;[39m
    [90m   | [39m                              [31m^[39m
    [90m288| [39m
    [90m289| [39m      [35mconst[39m backLoadedIssue [33m=[39m response[33m.[39mbody[33m.[39missues[33m.[39m[34mfind[39m(

[31m[2m⎯⎯⎯⎯⎯⎯⎯⎯⎯⎯⎯⎯⎯⎯⎯⎯⎯⎯⎯⎯⎯[74/172]⎯[22m[39m

[41m[1m FAIL [22m[49m backend/src/tests/consistency-report.test.js[2m > [22mConsistency Report API Tests[2m > [22mTimeline Gap Detection[2m > [22mshould detect timeline gaps
[31m[1mAssertionError[22m: expected 404 to be 200 // Object.is equality[39m

[32m- Expected[39m
[31m+ Received[39m

[32m- 200[39m
[31m+ 404[39m

[36m [2m❯[22m backend/src/tests/consistency-report.test.js:[2m337:31[22m[39m
    [90m335| [39m        [33m.[39m[35mset[39m([32m'Authorization'[39m[33m,[39m [32m`Bearer [39m[36m${[39madminToken[36m}[39m[32m`[39m)[33m;[39m
    [90m336| [39m
    [90m337| [39m      [34mexpect[39m(response[33m.[39mstatus)[33m.[39m[34mtoBe[39m([34m200[39m)[33m;[39m
    [90m   | [39m                              [31m^[39m
    [90m338| [39m
    [90m339| [39m      [35mconst[39m gapIssue [33m=[39m response[33m.[39mbody[33m.[39missues[33m.[39m[34mfind[39m(

[31m[2m⎯⎯⎯⎯⎯⎯⎯⎯⎯⎯⎯⎯⎯⎯⎯⎯⎯⎯⎯⎯⎯[75/172]⎯[22m[39m

[41m[1m FAIL [22m[49m backend/src/tests/consistency-report.test.js[2m > [22mConsistency Report API Tests[2m > [22mPortfolio Filtering[2m > [22mshould filter issues by portfolio_id
[31m[1mAssertionError[22m: expected 404 to be 200 // Object.is equality[39m

[32m- Expected[39m
[31m+ Received[39m

[32m- 200[39m
[31m+ 404[39m

[36m [2m❯[22m backend/src/tests/consistency-report.test.js:[2m421:31[22m[39m
    [90m419| [39m        [33m.[39m[35mset[39m([32m'Authorization'[39m[33m,[39m [32m`Bearer [39m[36m${[39madminToken[36m}[39m[32m`[39m)[33m;[39m
    [90m420| [39m
    [90m421| [39m      [34mexpect[39m(response[33m.[39mstatus)[33m.[39m[34mtoBe[39m([34m200[39m)[33m;[39m
    [90m   | [39m                              [31m^[39m
    [90m422| [39m
    [90m423| [39m      [90m// Should only contain issues for the portfolio project[39m

[31m[2m⎯⎯⎯⎯⎯⎯⎯⎯⎯⎯⎯⎯⎯⎯⎯⎯⎯⎯⎯⎯⎯[76/172]⎯[22m[39m

[41m[1m FAIL [22m[49m backend/src/tests/consistency-report.test.js[2m > [22mConsistency Report API Tests[2m > [22mPortfolio Filtering[2m > [22mshould return all issues without portfolio filter
[31m[1mAssertionError[22m: expected 404 to be 200 // Object.is equality[39m

[32m- Expected[39m
[31m+ Received[39m

[32m- 200[39m
[31m+ 404[39m

[36m [2m❯[22m backend/src/tests/consistency-report.test.js:[2m443:31[22m[39m
    [90m441| [39m        [33m.[39m[35mset[39m([32m'Authorization'[39m[33m,[39m [32m`Bearer [39m[36m${[39madminToken[36m}[39m[32m`[39m)[33m;[39m
    [90m442| [39m
    [90m443| [39m      [34mexpect[39m(response[33m.[39mstatus)[33m.[39m[34mtoBe[39m([34m200[39m)[33m;[39m
    [90m   | [39m                              [31m^[39m
    [90m444| [39m
    [90m445| [39m      [90m// Should contain issues for both projects[39m

[31m[2m⎯⎯⎯⎯⎯⎯⎯⎯⎯⎯⎯⎯⎯⎯⎯⎯⎯⎯⎯⎯⎯[77/172]⎯[22m[39m

[41m[1m FAIL [22m[49m backend/src/tests/consistency-report.test.js[2m > [22mConsistency Report API Tests[2m > [22mIssue Severity Sorting[2m > [22mshould sort issues by severity (high, warning, info)
[31m[1mAssertionError[22m: expected 404 to be 200 // Object.is equality[39m

[32m- Expected[39m
[31m+ Received[39m

[32m- 200[39m
[31m+ 404[39m

[36m [2m❯[22m backend/src/tests/consistency-report.test.js:[2m464:31[22m[39m
    [90m462| [39m        [33m.[39m[35mset[39m([32m'Authorization'[39m[33m,[39m [32m`Bearer [39m[36m${[39madminToken[36m}[39m[32m`[39m)[33m;[39m
    [90m463| [39m
    [90m464| [39m      [34mexpect[39m(response[33m.[39mstatus)[33m.[39m[34mtoBe[39m([34m200[39m)[33m;[39m
    [90m   | [39m                              [31m^[39m
    [90m465| [39m
    [90m466| [39m      [35mconst[39m issues [33m=[39m response[33m.[39mbody[33m.[39missues[33m;[39m

[31m[2m⎯⎯⎯⎯⎯⎯⎯⎯⎯⎯⎯⎯⎯⎯⎯⎯⎯⎯⎯⎯⎯[78/172]⎯[22m[39m

[41m[1m FAIL [22m[49m backend/src/tests/consistency-report.test.js[2m > [22mConsistency Report API Tests[2m > [22mReport Metadata[2m > [22mshould include generated_at timestamp in ISO format
[31m[1mAssertionError[22m: expected 404 to be 200 // Object.is equality[39m

[32m- Expected[39m
[31m+ Received[39m

[32m- 200[39m
[31m+ 404[39m

[36m [2m❯[22m backend/src/tests/consistency-report.test.js:[2m485:31[22m[39m
    [90m483| [39m        [33m.[39m[35mset[39m([32m'Authorization'[39m[33m,[39m [32m`Bearer [39m[36m${[39madminToken[36m}[39m[32m`[39m)[33m;[39m
    [90m484| [39m
    [90m485| [39m      [34mexpect[39m(response[33m.[39mstatus)[33m.[39m[34mtoBe[39m([34m200[39m)[33m;[39m
    [90m   | [39m                              [31m^[39m
    [90m486| [39m
    [90m487| [39m      [35mconst[39m generatedAt [33m=[39m [35mnew[39m [33mDate[39m(response[33m.[39mbody[33m.[39mgenerated_at)[33m;[39m

[31m[2m⎯⎯⎯⎯⎯⎯⎯⎯⎯⎯⎯⎯⎯⎯⎯⎯⎯⎯⎯⎯⎯[79/172]⎯[22m[39m

[41m[1m FAIL [22m[49m backend/src/tests/consistency-report.test.js[2m > [22mConsistency Report API Tests[2m > [22mReport Metadata[2m > [22mshould include total_issues count matching issues array length
[31m[1mAssertionError[22m: expected 404 to be 200 // Object.is equality[39m

[32m- Expected[39m
[31m+ Received[39m

[32m- 200[39m
[31m+ 404[39m

[36m [2m❯[22m backend/src/tests/consistency-report.test.js:[2m497:31[22m[39m
    [90m495| [39m        [33m.[39m[35mset[39m([32m'Authorization'[39m[33m,[39m [32m`Bearer [39m[36m${[39madminToken[36m}[39m[32m`[39m)[33m;[39m
    [90m496| [39m
    [90m497| [39m      [34mexpect[39m(response[33m.[39mstatus)[33m.[39m[34mtoBe[39m([34m200[39m)[33m;[39m
    [90m   | [39m                              [31m^[39m
    [90m498| [39m      expect(response.body.total_issues).toBe(response.body.issues.len…
    [90m499| [39m    })[33m;[39m

[31m[2m⎯⎯⎯⎯⎯⎯⎯⎯⎯⎯⎯⎯⎯⎯⎯⎯⎯⎯⎯⎯⎯[80/172]⎯[22m[39m

[41m[1m FAIL [22m[49m backend/src/tests/consistency-report.test.js[2m > [22mConsistency Report API Tests[2m > [22mVacation Month Growth Detection[2m > [22mshould detect unusual growth in vacation months
[31m[1mAssertionError[22m: expected 404 to be 200 // Object.is equality[39m

[32m- Expected[39m
[31m+ Received[39m

[32m- 200[39m
[31m+ 404[39m

[36m [2m❯[22m backend/src/tests/consistency-report.test.js:[2m553:31[22m[39m
    [90m551| [39m        [33m.[39m[35mset[39m([32m'Authorization'[39m[33m,[39m [32m`Bearer [39m[36m${[39madminToken[36m}[39m[32m`[39m)[33m;[39m
    [90m552| [39m
    [90m553| [39m      [34mexpect[39m(response[33m.[39mstatus)[33m.[39m[34mtoBe[39m([34m200[39m)[33m;[39m
    [90m   | [39m                              [31m^[39m
    [90m554| [39m
    [90m555| [39m      [35mconst[39m vacationIssue [33m=[39m response[33m.[39mbody[33m.[39missues[33m.[39m[34mfind[39m(

[31m[2m⎯⎯⎯⎯⎯⎯⎯⎯⎯⎯⎯⎯⎯⎯⎯⎯⎯⎯⎯⎯⎯[81/172]⎯[22m[39m

[41m[1m FAIL [22m[49m backend/src/tests/consistency-report.test.js[2m > [22mConsistency Report API Tests[2m > [22mMetric Type Mismatch Detection[2m > [22mshould detect metric type mismatches
[31m[1mAssertionError[22m: expected 404 to be 200 // Object.is equality[39m

[32m- Expected[39m
[31m+ Received[39m

[32m- 200[39m
[31m+ 404[39m

[36m [2m❯[22m backend/src/tests/consistency-report.test.js:[2m620:31[22m[39m
    [90m618| [39m        [33m.[39m[35mset[39m([32m'Authorization'[39m[33m,[39m [32m`Bearer [39m[36m${[39madminToken[36m}[39m[32m`[39m)[33m;[39m
    [90m619| [39m
    [90m620| [39m      [34mexpect[39m(response[33m.[39mstatus)[33m.[39m[34mtoBe[39m([34m200[39m)[33m;[39m
    [90m   | [39m                              [31m^[39m
    [90m621| [39m
    [90m622| [39m      [35mconst[39m mismatchIssue [33m=[39m response[33m.[39mbody[33m.[39missues[33m.[39m[34mfind[39m(

[31m[2m⎯⎯⎯⎯⎯⎯⎯⎯⎯⎯⎯⎯⎯⎯⎯⎯⎯⎯⎯⎯⎯[82/172]⎯[22m[39m

[41m[1m FAIL [22m[49m backend/src/tests/craids.test.js[2m > [22mCRAIDs API Tests[2m > [22mPOST /api/projects/:projectId/craids[2m > [22mshould create a CRAID item
[31m[1mAssertionError[22m: expected 500 to be 200 // Object.is equality[39m

[32m- Expected[39m
[31m+ Received[39m

[32m- 200[39m
[31m+ 500[39m

[36m [2m❯[22m backend/src/tests/craids.test.js:[2m83:31[22m[39m
    [90m 81| [39m        })[33m;[39m
    [90m 82| [39m
    [90m 83| [39m      [34mexpect[39m(response[33m.[39mstatus)[33m.[39m[34mtoBe[39m([34m200[39m)[33m;[39m
    [90m   | [39m                              [31m^[39m
    [90m 84| [39m      [34mexpect[39m(response[33m.[39mbody)[33m.[39m[34mtoHaveProperty[39m([32m'id'[39m)[33m;[39m
    [90m 85| [39m      testCraidId [33m=[39m response[33m.[39mbody[33m.[39mid[33m;[39m

[31m[2m⎯⎯⎯⎯⎯⎯⎯⎯⎯⎯⎯⎯⎯⎯⎯⎯⎯⎯⎯⎯⎯[83/172]⎯[22m[39m

[41m[1m FAIL [22m[49m backend/src/tests/craids.test.js[2m > [22mCRAIDs API Tests[2m > [22mPOST /api/projects/:projectId/craids[2m > [22mshould create CRAIDs of different types
[31m[1mAssertionError[22m: expected 500 to be 200 // Object.is equality[39m

[32m- Expected[39m
[31m+ Received[39m

[32m- 200[39m
[31m+ 500[39m

[36m [2m❯[22m backend/src/tests/craids.test.js:[2m110:33[22m[39m
    [90m108| [39m          })[33m;[39m
    [90m109| [39m
    [90m110| [39m        [34mexpect[39m(response[33m.[39mstatus)[33m.[39m[34mtoBe[39m([34m200[39m)[33m;[39m
    [90m   | [39m                                [31m^[39m
    [90m111| [39m      }
    [90m112| [39m

[31m[2m⎯⎯⎯⎯⎯⎯⎯⎯⎯⎯⎯⎯⎯⎯⎯⎯⎯⎯⎯⎯⎯[84/172]⎯[22m[39m

[41m[1m FAIL [22m[49m backend/src/tests/craids.test.js[2m > [22mCRAIDs API Tests[2m > [22mPUT /api/craids/:id[2m > [22mshould update CRAID item
[31m[1mAssertionError[22m: expected 404 to be 200 // Object.is equality[39m

[32m- Expected[39m
[31m+ Received[39m

[32m- 200[39m
[31m+ 404[39m

[36m [2m❯[22m backend/src/tests/craids.test.js:[2m170:31[22m[39m
    [90m168| [39m        })[33m;[39m
    [90m169| [39m
    [90m170| [39m      [34mexpect[39m(response[33m.[39mstatus)[33m.[39m[34mtoBe[39m([34m200[39m)[33m;[39m
    [90m   | [39m                              [31m^[39m
    [90m171| [39m
    [90m172| [39m      [90m// Verify update[39m

[31m[2m⎯⎯⎯⎯⎯⎯⎯⎯⎯⎯⎯⎯⎯⎯⎯⎯⎯⎯⎯⎯⎯[85/172]⎯[22m[39m

[41m[1m FAIL [22m[49m backend/src/tests/craids.test.js[2m > [22mCRAIDs API Tests[2m > [22mPUT /api/craids/:id[2m > [22mshould reject update without title
[31m[1mAssertionError[22m: expected 404 to be 400 // Object.is equality[39m

[32m- Expected[39m
[31m+ Received[39m

[32m- 400[39m
[31m+ 404[39m

[36m [2m❯[22m backend/src/tests/craids.test.js:[2m192:31[22m[39m
    [90m190| [39m        })[33m;[39m
    [90m191| [39m
    [90m192| [39m      [34mexpect[39m(response[33m.[39mstatus)[33m.[39m[34mtoBe[39m([34m400[39m)[33m;[39m
    [90m   | [39m                              [31m^[39m
    [90m193| [39m    })[33m;[39m
    [90m194| [39m

[31m[2m⎯⎯⎯⎯⎯⎯⎯⎯⎯⎯⎯⎯⎯⎯⎯⎯⎯⎯⎯⎯⎯[86/172]⎯[22m[39m

[41m[1m FAIL [22m[49m backend/src/tests/craids.test.js[2m > [22mCRAIDs API Tests[2m > [22mDELETE /api/craids/:id[2m > [22mshould delete CRAID item
[31m[1mAssertionError[22m: expected 404 to be 200 // Object.is equality[39m

[32m- Expected[39m
[31m+ Received[39m

[32m- 200[39m
[31m+ 404[39m

[36m [2m❯[22m backend/src/tests/craids.test.js:[2m214:31[22m[39m
    [90m212| [39m        [33m.[39m[35mset[39m([32m'Authorization'[39m[33m,[39m [32m`Bearer [39m[36m${[39madminToken[36m}[39m[32m`[39m)[33m;[39m
    [90m213| [39m
    [90m214| [39m      [34mexpect[39m(response[33m.[39mstatus)[33m.[39m[34mtoBe[39m([34m200[39m)[33m;[39m
    [90m   | [39m                              [31m^[39m
    [90m215| [39m
    [90m216| [39m      [90m// Verify deletion[39m

[31m[2m⎯⎯⎯⎯⎯⎯⎯⎯⎯⎯⎯⎯⎯⎯⎯⎯⎯⎯⎯⎯⎯[87/172]⎯[22m[39m

[41m[1m FAIL [22m[49m backend/src/tests/dependencies.test.js[2m > [22mProject Dependencies API Tests[2m > [22mGET /api/projects/:projectId/dependencies[2m > [22mshould return dependencies after creation
[31m[1mAssertionError[22m: expected 0 to be greater than 0[39m
[36m [2m❯[22m backend/src/tests/dependencies.test.js:[2m119:36[22m[39m
    [90m117| [39m        [33m.[39m[34mexpect[39m([34m200[39m)[33m;[39m
    [90m118| [39m
    [90m119| [39m      [34mexpect[39m(response[33m.[39mbody[33m.[39mlength)[33m.[39m[34mtoBeGreaterThan[39m([34m0[39m)[33m;[39m
    [90m   | [39m                                   [31m^[39m
    [90m120| [39m      [34mexpect[39m(response[33m.[39mbody[[34m0[39m])[33m.[39m[34mtoHaveProperty[39m([32m'id'[39m)[33m;[39m
    [90m121| [39m      [34mexpect[39m(response[33m.[39mbody[[34m0[39m])[33m.[39m[34mtoHaveProperty[39m([32m'project_id'[39m)[33m;[39m

[31m[2m⎯⎯⎯⎯⎯⎯⎯⎯⎯⎯⎯⎯⎯⎯⎯⎯⎯⎯⎯⎯⎯[88/172]⎯[22m[39m

[41m[1m FAIL [22m[49m backend/src/tests/dependencies.test.js[2m > [22mProject Dependencies API Tests[2m > [22mGET /api/projects/:projectId/dependencies[2m > [22mshould handle non-existent project
[31m[1mError[22m: expected 404 "Not Found", got 200 "OK"[39m
[36m [2m❯[22m backend/src/tests/dependencies.test.js:[2m140:10[22m[39m
    [90m138| [39m      [35mconst[39m response [33m=[39m [35mawait[39m [34mrequest[39m(app)
    [90m139| [39m        [33m.[39m[35mget[39m([32m'/api/projects/99999/dependencies'[39m)
    [90m140| [39m        [33m.[39m[34mexpect[39m([34m404[39m)[33m;[39m
    [90m   | [39m         [31m^[39m
    [90m141| [39m
    [90m142| [39m      [34mexpect[39m(response[33m.[39mbody)[33m.[39m[34mtoHaveProperty[39m([32m'error'[39m)[33m;[39m
[90m [2m❯[22m Test._assertStatus backend/node_modules/supertest/lib/test.js:[2m309:14[22m[39m
[90m [2m❯[22m backend/node_modules/supertest/lib/test.js:[2m365:13[22m[39m
[90m [2m❯[22m Test._assertFunction backend/node_modules/supertest/lib/test.js:[2m342:13[22m[39m
[90m [2m❯[22m Test.assert backend/node_modules/supertest/lib/test.js:[2m195:23[22m[39m
[90m [2m❯[22m localAssert backend/node_modules/supertest/lib/test.js:[2m138:14[22m[39m
[90m [2m❯[22m Server.<anonymous> backend/node_modules/supertest/lib/test.js:[2m152:11[22m[39m

[31m[2m⎯⎯⎯⎯⎯⎯⎯⎯⎯⎯⎯⎯⎯⎯⎯⎯⎯⎯⎯⎯⎯[89/172]⎯[22m[39m

[41m[1m FAIL [22m[49m backend/src/tests/dependencies.test.js[2m > [22mProject Dependencies API Tests[2m > [22mPOST /api/projects/:projectId/dependencies[2m > [22mshould create dependency with PM token
[31m[1mError[22m: expected 201 "Created", got 403 "Forbidden"[39m
[36m [2m❯[22m backend/src/tests/dependencies.test.js:[2m165:10[22m[39m
    [90m163| [39m          description[33m:[39m [32m'Project A requires Project C'[39m
    [90m164| [39m        })
    [90m165| [39m        [33m.[39m[34mexpect[39m([34m201[39m)[33m;[39m
    [90m   | [39m         [31m^[39m
    [90m166| [39m
    [90m167| [39m      [34mexpect[39m(response[33m.[39mbody)[33m.[39m[34mtoHaveProperty[39m([32m'id'[39m)[33m;[39m
[90m [2m❯[22m Test._assertStatus backend/node_modules/supertest/lib/test.js:[2m309:14[22m[39m
[90m [2m❯[22m backend/node_modules/supertest/lib/test.js:[2m365:13[22m[39m
[90m [2m❯[22m Test._assertFunction backend/node_modules/supertest/lib/test.js:[2m342:13[22m[39m
[90m [2m❯[22m Test.assert backend/node_modules/supertest/lib/test.js:[2m195:23[22m[39m
[90m [2m❯[22m localAssert backend/node_modules/supertest/lib/test.js:[2m138:14[22m[39m
[90m [2m❯[22m Server.<anonymous> backend/node_modules/supertest/lib/test.js:[2m152:11[22m[39m

[31m[2m⎯⎯⎯⎯⎯⎯⎯⎯⎯⎯⎯⎯⎯⎯⎯⎯⎯⎯⎯⎯⎯[90/172]⎯[22m[39m

[41m[1m FAIL [22m[49m backend/src/tests/dependencies.test.js[2m > [22mProject Dependencies API Tests[2m > [22mPOST /api/projects/:projectId/dependencies[2m > [22mshould create dependency with admin token
[31m[1mError[22m: expected 201 "Created", got 400 "Bad Request"[39m
[36m [2m❯[22m backend/src/tests/dependencies.test.js:[2m192:10[22m[39m
    [90m190| [39m          description[33m:[39m [32m'Admin created dependency'[39m
    [90m191| [39m        })
    [90m192| [39m        [33m.[39m[34mexpect[39m([34m201[39m)[33m;[39m
    [90m   | [39m         [31m^[39m
    [90m193| [39m
    [90m194| [39m      [34mexpect[39m(response[33m.[39mbody[33m.[39mtype)[33m.[39m[34mtoBe[39m([32m'informs'[39m)[33m;[39m
[90m [2m❯[22m Test._assertStatus backend/node_modules/supertest/lib/test.js:[2m309:14[22m[39m
[90m [2m❯[22m backend/node_modules/supertest/lib/test.js:[2m365:13[22m[39m
[90m [2m❯[22m Test._assertFunction backend/node_modules/supertest/lib/test.js:[2m342:13[22m[39m
[90m [2m❯[22m Test.assert backend/node_modules/supertest/lib/test.js:[2m195:23[22m[39m
[90m [2m❯[22m localAssert backend/node_modules/supertest/lib/test.js:[2m138:14[22m[39m
[90m [2m❯[22m Server.<anonymous> backend/node_modules/supertest/lib/test.js:[2m152:11[22m[39m

[31m[2m⎯⎯⎯⎯⎯⎯⎯⎯⎯⎯⎯⎯⎯⎯⎯⎯⎯⎯⎯⎯⎯[91/172]⎯[22m[39m

[41m[1m FAIL [22m[49m backend/src/tests/dependencies.test.js[2m > [22mProject Dependencies API Tests[2m > [22mPOST /api/projects/:projectId/dependencies[2m > [22mshould validate dependency type
[31m[1mError[22m: expected 400 "Bad Request", got 403 "Forbidden"[39m
[36m [2m❯[22m backend/src/tests/dependencies.test.js:[2m229:10[22m[39m
    [90m227| [39m          description[33m:[39m [32m'Invalid type test'[39m
    [90m228| [39m        })
    [90m229| [39m        [33m.[39m[34mexpect[39m([34m400[39m)[33m;[39m
    [90m   | [39m         [31m^[39m
    [90m230| [39m    })[33m;[39m
    [90m231| [39m
[90m [2m❯[22m Test._assertStatus backend/node_modules/supertest/lib/test.js:[2m309:14[22m[39m
[90m [2m❯[22m backend/node_modules/supertest/lib/test.js:[2m365:13[22m[39m
[90m [2m❯[22m Test._assertFunction backend/node_modules/supertest/lib/test.js:[2m342:13[22m[39m
[90m [2m❯[22m Test.assert backend/node_modules/supertest/lib/test.js:[2m195:23[22m[39m
[90m [2m❯[22m localAssert backend/node_modules/supertest/lib/test.js:[2m138:14[22m[39m
[90m [2m❯[22m Server.<anonymous> backend/node_modules/supertest/lib/test.js:[2m152:11[22m[39m

[31m[2m⎯⎯⎯⎯⎯⎯⎯⎯⎯⎯⎯⎯⎯⎯⎯⎯⎯⎯⎯⎯⎯[92/172]⎯[22m[39m

[41m[1m FAIL [22m[49m backend/src/tests/dependencies.test.js[2m > [22mProject Dependencies API Tests[2m > [22mPOST /api/projects/:projectId/dependencies[2m > [22mshould prevent self-dependency
[31m[1mError[22m: expected 400 "Bad Request", got 403 "Forbidden"[39m
[36m [2m❯[22m backend/src/tests/dependencies.test.js:[2m241:10[22m[39m
    [90m239| [39m          description[33m:[39m [32m'Self dependency'[39m
    [90m240| [39m        })
    [90m241| [39m        [33m.[39m[34mexpect[39m([34m400[39m)[33m;[39m
    [90m   | [39m         [31m^[39m
    [90m242| [39m    })[33m;[39m
    [90m243| [39m
[90m [2m❯[22m Test._assertStatus backend/node_modules/supertest/lib/test.js:[2m309:14[22m[39m
[90m [2m❯[22m backend/node_modules/supertest/lib/test.js:[2m365:13[22m[39m
[90m [2m❯[22m Test._assertFunction backend/node_modules/supertest/lib/test.js:[2m342:13[22m[39m
[90m [2m❯[22m Test.assert backend/node_modules/supertest/lib/test.js:[2m195:23[22m[39m
[90m [2m❯[22m localAssert backend/node_modules/supertest/lib/test.js:[2m138:14[22m[39m
[90m [2m❯[22m Server.<anonymous> backend/node_modules/supertest/lib/test.js:[2m152:11[22m[39m

[31m[2m⎯⎯⎯⎯⎯⎯⎯⎯⎯⎯⎯⎯⎯⎯⎯⎯⎯⎯⎯⎯⎯[93/172]⎯[22m[39m

[41m[1m FAIL [22m[49m backend/src/tests/dependencies.test.js[2m > [22mProject Dependencies API Tests[2m > [22mPOST /api/projects/:projectId/dependencies[2m > [22mshould prevent duplicate dependencies
[31m[1mError[22m: expected 201 "Created", got 403 "Forbidden"[39m
[36m [2m❯[22m backend/src/tests/dependencies.test.js:[2m263:10[22m[39m
    [90m261| [39m          description[33m:[39m [32m'First dependency'[39m
    [90m262| [39m        })
    [90m263| [39m        [33m.[39m[34mexpect[39m([34m201[39m)[33m;[39m
    [90m   | [39m         [31m^[39m
    [90m264| [39m
    [90m265| [39m      [90m// Attempt to create duplicate[39m
[90m [2m❯[22m Test._assertStatus backend/node_modules/supertest/lib/test.js:[2m309:14[22m[39m
[90m [2m❯[22m backend/node_modules/supertest/lib/test.js:[2m365:13[22m[39m
[90m [2m❯[22m Test._assertFunction backend/node_modules/supertest/lib/test.js:[2m342:13[22m[39m
[90m [2m❯[22m Test.assert backend/node_modules/supertest/lib/test.js:[2m195:23[22m[39m
[90m [2m❯[22m localAssert backend/node_modules/supertest/lib/test.js:[2m138:14[22m[39m
[90m [2m❯[22m Server.<anonymous> backend/node_modules/supertest/lib/test.js:[2m152:11[22m[39m

[31m[2m⎯⎯⎯⎯⎯⎯⎯⎯⎯⎯⎯⎯⎯⎯⎯⎯⎯⎯⎯⎯⎯[94/172]⎯[22m[39m

[41m[1m FAIL [22m[49m backend/src/tests/dependencies.test.js[2m > [22mProject Dependencies API Tests[2m > [22mPOST /api/projects/:projectId/dependencies[2m > [22mshould validate required fields
[31m[1mError[22m: expected 400 "Bad Request", got 403 "Forbidden"[39m
[36m [2m❯[22m backend/src/tests/dependencies.test.js:[2m286:10[22m[39m
    [90m284| [39m          description[33m:[39m [32m'Missing dependent project'[39m
    [90m285| [39m        })
    [90m286| [39m        [33m.[39m[34mexpect[39m([34m400[39m)[33m;[39m
    [90m   | [39m         [31m^[39m
    [90m287| [39m
    [90m288| [39m      [90m// Missing type[39m
[90m [2m❯[22m Test._assertStatus backend/node_modules/supertest/lib/test.js:[2m309:14[22m[39m
[90m [2m❯[22m backend/node_modules/supertest/lib/test.js:[2m365:13[22m[39m
[90m [2m❯[22m Test._assertFunction backend/node_modules/supertest/lib/test.js:[2m342:13[22m[39m
[90m [2m❯[22m Test.assert backend/node_modules/supertest/lib/test.js:[2m195:23[22m[39m
[90m [2m❯[22m localAssert backend/node_modules/supertest/lib/test.js:[2m138:14[22m[39m
[90m [2m❯[22m Server.<anonymous> backend/node_modules/supertest/lib/test.js:[2m152:11[22m[39m

[31m[2m⎯⎯⎯⎯⎯⎯⎯⎯⎯⎯⎯⎯⎯⎯⎯⎯⎯⎯⎯⎯⎯[95/172]⎯[22m[39m

[41m[1m FAIL [22m[49m backend/src/tests/dependencies.test.js[2m > [22mProject Dependencies API Tests[2m > [22mPOST /api/projects/:projectId/dependencies[2m > [22mshould handle non-existent dependent project
[31m[1mError[22m: expected 404 "Not Found", got 403 "Forbidden"[39m
[36m [2m❯[22m backend/src/tests/dependencies.test.js:[2m308:10[22m[39m
    [90m306| [39m          description[33m:[39m [32m'Non-existent dependent'[39m
    [90m307| [39m        })
    [90m308| [39m        [33m.[39m[34mexpect[39m([34m404[39m)[33m;[39m
    [90m   | [39m         [31m^[39m
    [90m309| [39m    })[33m;[39m
    [90m310| [39m  })[33m;[39m
[90m [2m❯[22m Test._assertStatus backend/node_modules/supertest/lib/test.js:[2m309:14[22m[39m
[90m [2m❯[22m backend/node_modules/supertest/lib/test.js:[2m365:13[22m[39m
[90m [2m❯[22m Test._assertFunction backend/node_modules/supertest/lib/test.js:[2m342:13[22m[39m
[90m [2m❯[22m Test.assert backend/node_modules/supertest/lib/test.js:[2m195:23[22m[39m
[90m [2m❯[22m localAssert backend/node_modules/supertest/lib/test.js:[2m138:14[22m[39m
[90m [2m❯[22m Server.<anonymous> backend/node_modules/supertest/lib/test.js:[2m152:11[22m[39m

[31m[2m⎯⎯⎯⎯⎯⎯⎯⎯⎯⎯⎯⎯⎯⎯⎯⎯⎯⎯⎯⎯⎯[96/172]⎯[22m[39m

[41m[1m FAIL [22m[49m backend/src/tests/dependencies.test.js[2m > [22mProject Dependencies API Tests[2m > [22mDELETE /api/projects/:projectId/dependencies/:dependencyId[2m > [22mshould delete dependency with PM token
[31m[1mError[22m: expected 200 "OK", got 404 "Not Found"[39m
[36m [2m❯[22m backend/src/tests/dependencies.test.js:[2m340:10[22m[39m
    [90m338| [39m        .delete(`/api/projects/${testProjectId}/dependencies/${deleteD…
    [90m339| [39m        [33m.[39m[35mset[39m([32m'Authorization'[39m[33m,[39m [32m`Bearer [39m[36m${[39mpmToken[36m}[39m[32m`[39m)
    [90m340| [39m        [33m.[39m[34mexpect[39m([34m200[39m)[33m;[39m
    [90m   | [39m         [31m^[39m
    [90m341| [39m
    [90m342| [39m      [90m// Verify deletion[39m
[90m [2m❯[22m Test._assertStatus backend/node_modules/supertest/lib/test.js:[2m309:14[22m[39m
[90m [2m❯[22m backend/node_modules/supertest/lib/test.js:[2m365:13[22m[39m
[90m [2m❯[22m Test._assertFunction backend/node_modules/supertest/lib/test.js:[2m342:13[22m[39m
[90m [2m❯[22m Test.assert backend/node_modules/supertest/lib/test.js:[2m195:23[22m[39m
[90m [2m❯[22m localAssert backend/node_modules/supertest/lib/test.js:[2m138:14[22m[39m
[90m [2m❯[22m Server.<anonymous> backend/node_modules/supertest/lib/test.js:[2m152:11[22m[39m

[31m[2m⎯⎯⎯⎯⎯⎯⎯⎯⎯⎯⎯⎯⎯⎯⎯⎯⎯⎯⎯⎯⎯[97/172]⎯[22m[39m

[41m[1m FAIL [22m[49m backend/src/tests/dependencies.test.js[2m > [22mProject Dependencies API Tests[2m > [22mDELETE /api/projects/:projectId/dependencies/:dependencyId[2m > [22mshould delete dependency with admin token
[31m[1mError[22m: expected 200 "OK", got 404 "Not Found"[39m
[36m [2m❯[22m backend/src/tests/dependencies.test.js:[2m353:10[22m[39m
    [90m351| [39m        .delete(`/api/projects/${testProjectId}/dependencies/${deleteD…
    [90m352| [39m        [33m.[39m[35mset[39m([32m'Authorization'[39m[33m,[39m [32m`Bearer [39m[36m${[39madminToken[36m}[39m[32m`[39m)
    [90m353| [39m        [33m.[39m[34mexpect[39m([34m200[39m)[33m;[39m
    [90m   | [39m         [31m^[39m
    [90m354| [39m    })[33m;[39m
    [90m355| [39m
[90m [2m❯[22m Test._assertStatus backend/node_modules/supertest/lib/test.js:[2m309:14[22m[39m
[90m [2m❯[22m backend/node_modules/supertest/lib/test.js:[2m365:13[22m[39m
[90m [2m❯[22m Test._assertFunction backend/node_modules/supertest/lib/test.js:[2m342:13[22m[39m
[90m [2m❯[22m Test.assert backend/node_modules/supertest/lib/test.js:[2m195:23[22m[39m
[90m [2m❯[22m localAssert backend/node_modules/supertest/lib/test.js:[2m138:14[22m[39m
[90m [2m❯[22m Server.<anonymous> backend/node_modules/supertest/lib/test.js:[2m152:11[22m[39m

[31m[2m⎯⎯⎯⎯⎯⎯⎯⎯⎯⎯⎯⎯⎯⎯⎯⎯⎯⎯⎯⎯⎯[98/172]⎯[22m[39m

[41m[1m FAIL [22m[49m backend/src/tests/dependencies.test.js[2m > [22mProject Dependencies API Tests[2m > [22mDELETE /api/projects/:projectId/dependencies/:dependencyId[2m > [22mshould reject deletion with viewer token
[31m[1mError[22m: expected 403 "Forbidden", got 404 "Not Found"[39m
[36m [2m❯[22m backend/src/tests/dependencies.test.js:[2m360:10[22m[39m
    [90m358| [39m        .delete(`/api/projects/${testProjectId}/dependencies/${deleteD…
    [90m359| [39m        [33m.[39m[35mset[39m([32m'Authorization'[39m[33m,[39m [32m`Bearer [39m[36m${[39mviewerToken[36m}[39m[32m`[39m)
    [90m360| [39m        [33m.[39m[34mexpect[39m([34m403[39m)[33m;[39m
    [90m   | [39m         [31m^[39m
    [90m361| [39m    })[33m;[39m
    [90m362| [39m
[90m [2m❯[22m Test._assertStatus backend/node_modules/supertest/lib/test.js:[2m309:14[22m[39m
[90m [2m❯[22m backend/node_modules/supertest/lib/test.js:[2m365:13[22m[39m
[90m [2m❯[22m Test._assertFunction backend/node_modules/supertest/lib/test.js:[2m342:13[22m[39m
[90m [2m❯[22m Test.assert backend/node_modules/supertest/lib/test.js:[2m195:23[22m[39m
[90m [2m❯[22m localAssert backend/node_modules/supertest/lib/test.js:[2m138:14[22m[39m
[90m [2m❯[22m Server.<anonymous> backend/node_modules/supertest/lib/test.js:[2m152:11[22m[39m

[31m[2m⎯⎯⎯⎯⎯⎯⎯⎯⎯⎯⎯⎯⎯⎯⎯⎯⎯⎯⎯⎯⎯[99/172]⎯[22m[39m

[41m[1m FAIL [22m[49m backend/src/tests/dependencies.test.js[2m > [22mProject Dependencies API Tests[2m > [22mDependency Types[2m > [22mshould support all dependency types
[31m[1mError[22m: expected 201 "Created", got 403 "Forbidden"[39m
[36m [2m❯[22m backend/src/tests/dependencies.test.js:[2m406:12[22m[39m
    [90m404| [39m            description[33m:[39m [32m`Testing [39m[36m${[39mtype[36m}[39m[32m dependency`[39m
    [90m405| [39m          })
    [90m406| [39m          [33m.[39m[34mexpect[39m([34m201[39m)[33m;[39m
    [90m   | [39m           [31m^[39m
    [90m407| [39m
    [90m408| [39m        [34mexpect[39m(response[33m.[39mbody[33m.[39mtype)[33m.[39m[34mtoBe[39m(type)[33m;[39m
[90m [2m❯[22m Test._assertStatus backend/node_modules/supertest/lib/test.js:[2m309:14[22m[39m
[90m [2m❯[22m backend/node_modules/supertest/lib/test.js:[2m365:13[22m[39m
[90m [2m❯[22m Test._assertFunction backend/node_modules/supertest/lib/test.js:[2m342:13[22m[39m
[90m [2m❯[22m Test.assert backend/node_modules/supertest/lib/test.js:[2m195:23[22m[39m
[90m [2m❯[22m localAssert backend/node_modules/supertest/lib/test.js:[2m138:14[22m[39m
[90m [2m❯[22m Server.<anonymous> backend/node_modules/supertest/lib/test.js:[2m152:11[22m[39m

[31m[2m⎯⎯⎯⎯⎯⎯⎯⎯⎯⎯⎯⎯⎯⎯⎯⎯⎯⎯⎯⎯[100/172]⎯[22m[39m

[41m[1m FAIL [22m[49m backend/src/tests/dependencies.test.js[2m > [22mProject Dependencies API Tests[2m > [22mCircular Dependency Detection[2m > [22mshould detect direct circular dependencies
[31m[1mError[22m: expected 201 "Created", got 403 "Forbidden"[39m
[36m [2m❯[22m backend/src/tests/dependencies.test.js:[2m441:10[22m[39m
    [90m439| [39m          description[33m:[39m [32m'A depends on B'[39m
    [90m440| [39m        })
    [90m441| [39m        [33m.[39m[34mexpect[39m([34m201[39m)[33m;[39m
    [90m   | [39m         [31m^[39m
    [90m442| [39m
    [90m443| [39m      [90m// Attempt B depends on A (circular)[39m
[90m [2m❯[22m Test._assertStatus backend/node_modules/supertest/lib/test.js:[2m309:14[22m[39m
[90m [2m❯[22m backend/node_modules/supertest/lib/test.js:[2m365:13[22m[39m
[90m [2m❯[22m Test._assertFunction backend/node_modules/supertest/lib/test.js:[2m342:13[22m[39m
[90m [2m❯[22m Test.assert backend/node_modules/supertest/lib/test.js:[2m195:23[22m[39m
[90m [2m❯[22m localAssert backend/node_modules/supertest/lib/test.js:[2m138:14[22m[39m
[90m [2m❯[22m Server.<anonymous> backend/node_modules/supertest/lib/test.js:[2m152:11[22m[39m

[31m[2m⎯⎯⎯⎯⎯⎯⎯⎯⎯⎯⎯⎯⎯⎯⎯⎯⎯⎯⎯⎯[101/172]⎯[22m[39m

[41m[1m FAIL [22m[49m backend/src/tests/metrics.test.js[2m > [22mMetrics API Tests[2m > [22mGET /api/projects/:projectId/metrics[2m > [22mshould retrieve all metrics for a project
[31m[1mAssertionError[22m: expected 'Comprehensive Metric' to be 'Test Metric' // Object.is equality[39m

Expected: [32m"[7mTest[27m Metric"[39m
Received: [31m"[7mComprehensive[27m Metric"[39m

[36m [2m❯[22m backend/src/tests/metrics.test.js:[2m571:27[22m[39m
    [90m569| [39m
    [90m570| [39m      [35mconst[39m metric [33m=[39m response[33m.[39mbody[[34m0[39m][33m;[39m
    [90m571| [39m      [34mexpect[39m(metric[33m.[39mname)[33m.[39m[34mtoBe[39m([32m'Test Metric'[39m)[33m;[39m
    [90m   | [39m                          [31m^[39m
    [90m572| [39m      [34mexpect[39m(metric[33m.[39mfrequency)[33m.[39m[34mtoBe[39m([32m'monthly'[39m)[33m;[39m
    [90m573| [39m    })[33m;[39m

[31m[2m⎯⎯⎯⎯⎯⎯⎯⎯⎯⎯⎯⎯⎯⎯⎯⎯⎯⎯⎯⎯[102/172]⎯[22m[39m

[41m[1m FAIL [22m[49m backend/src/tests/milestones.test.js[2m > [22mMilestones API Tests[2m > [22mGET /api/milestones[2m > [22mshould return list of milestones
[31m[1mError[22m: expected 200 "OK", got 400 "Bad Request"[39m
[36m [2m❯[22m backend/src/tests/milestones.test.js:[2m89:10[22m[39m
    [90m 87| [39m      [35mconst[39m response [33m=[39m [35mawait[39m [34mrequest[39m(app)
    [90m 88| [39m        [33m.[39m[35mget[39m([32m'/api/milestones'[39m)
    [90m 89| [39m        [33m.[39m[34mexpect[39m([34m200[39m)[33m;[39m
    [90m   | [39m         [31m^[39m
    [90m 90| [39m
    [90m 91| [39m      [34mexpect[39m([33mArray[39m[33m.[39m[34misArray[39m(response[33m.[39mbody))[33m.[39m[34mtoBe[39m([35mtrue[39m)[33m;[39m
[90m [2m❯[22m Test._assertStatus backend/node_modules/supertest/lib/test.js:[2m309:14[22m[39m
[90m [2m❯[22m backend/node_modules/supertest/lib/test.js:[2m365:13[22m[39m
[90m [2m❯[22m Test._assertFunction backend/node_modules/supertest/lib/test.js:[2m342:13[22m[39m
[90m [2m❯[22m Test.assert backend/node_modules/supertest/lib/test.js:[2m195:23[22m[39m
[90m [2m❯[22m localAssert backend/node_modules/supertest/lib/test.js:[2m138:14[22m[39m
[90m [2m❯[22m Server.<anonymous> backend/node_modules/supertest/lib/test.js:[2m152:11[22m[39m

[31m[2m⎯⎯⎯⎯⎯⎯⎯⎯⎯⎯⎯⎯⎯⎯⎯⎯⎯⎯⎯⎯[103/172]⎯[22m[39m

[41m[1m FAIL [22m[49m backend/src/tests/milestones.test.js[2m > [22mMilestones API Tests[2m > [22mGET /api/milestones[2m > [22mshould filter milestones by project
[31m[1mError[22m: expected 200 "OK", got 400 "Bad Request"[39m
[36m [2m❯[22m backend/src/tests/milestones.test.js:[2m108:10[22m[39m
    [90m106| [39m      [35mconst[39m response [33m=[39m [35mawait[39m [34mrequest[39m(app)
    [90m107| [39m        [33m.[39m[35mget[39m([32m`/api/milestones?projectId=[39m[36m${[39mtestProjectId[36m}[39m[32m`[39m)
    [90m108| [39m        [33m.[39m[34mexpect[39m([34m200[39m)[33m;[39m
    [90m   | [39m         [31m^[39m
    [90m109| [39m
    [90m110| [39m      [34mexpect[39m(response[33m.[39mbody[33m.[39mlength)[33m.[39m[34mtoBeGreaterThan[39m([34m0[39m)[33m;[39m
[90m [2m❯[22m Test._assertStatus backend/node_modules/supertest/lib/test.js:[2m309:14[22m[39m
[90m [2m❯[22m backend/node_modules/supertest/lib/test.js:[2m365:13[22m[39m
[90m [2m❯[22m Test._assertFunction backend/node_modules/supertest/lib/test.js:[2m342:13[22m[39m
[90m [2m❯[22m Test.assert backend/node_modules/supertest/lib/test.js:[2m195:23[22m[39m
[90m [2m❯[22m localAssert backend/node_modules/supertest/lib/test.js:[2m138:14[22m[39m
[90m [2m❯[22m Server.<anonymous> backend/node_modules/supertest/lib/test.js:[2m152:11[22m[39m

[31m[2m⎯⎯⎯⎯⎯⎯⎯⎯⎯⎯⎯⎯⎯⎯⎯⎯⎯⎯⎯⎯[104/172]⎯[22m[39m

[41m[1m FAIL [22m[49m backend/src/tests/milestones.test.js[2m > [22mMilestones API Tests[2m > [22mGET /api/milestones[2m > [22mshould return milestones with correct structure
[31m[1mError[22m: expected 200 "OK", got 400 "Bad Request"[39m
[36m [2m❯[22m backend/src/tests/milestones.test.js:[2m117:10[22m[39m
    [90m115| [39m      [35mconst[39m response [33m=[39m [35mawait[39m [34mrequest[39m(app)
    [90m116| [39m        [33m.[39m[35mget[39m([32m`/api/milestones?projectId=[39m[36m${[39mtestProjectId[36m}[39m[32m`[39m)
    [90m117| [39m        [33m.[39m[34mexpect[39m([34m200[39m)[33m;[39m
    [90m   | [39m         [31m^[39m
    [90m118| [39m
    [90m119| [39m      [35mif[39m (response[33m.[39mbody[33m.[39mlength [33m>[39m [34m0[39m) {
[90m [2m❯[22m Test._assertStatus backend/node_modules/supertest/lib/test.js:[2m309:14[22m[39m
[90m [2m❯[22m backend/node_modules/supertest/lib/test.js:[2m365:13[22m[39m
[90m [2m❯[22m Test._assertFunction backend/node_modules/supertest/lib/test.js:[2m342:13[22m[39m
[90m [2m❯[22m Test.assert backend/node_modules/supertest/lib/test.js:[2m195:23[22m[39m
[90m [2m❯[22m localAssert backend/node_modules/supertest/lib/test.js:[2m138:14[22m[39m
[90m [2m❯[22m Server.<anonymous> backend/node_modules/supertest/lib/test.js:[2m152:11[22m[39m

[31m[2m⎯⎯⎯⎯⎯⎯⎯⎯⎯⎯⎯⎯⎯⎯⎯⎯⎯⎯⎯⎯[105/172]⎯[22m[39m

[41m[1m FAIL [22m[49m backend/src/tests/milestones.test.js[2m > [22mMilestones API Tests[2m > [22mPOST /api/milestones[2m > [22mshould create milestone with PM token
[31m[1mError[22m: expected 201 "Created", got 400 "Bad Request"[39m
[36m [2m❯[22m backend/src/tests/milestones.test.js:[2m142:10[22m[39m
    [90m140| [39m          description[33m:[39m [32m'Milestone description'[39m
    [90m141| [39m        })
    [90m142| [39m        [33m.[39m[34mexpect[39m([34m201[39m)[33m;[39m
    [90m   | [39m         [31m^[39m
    [90m143| [39m
    [90m144| [39m      [34mexpect[39m(response[33m.[39mbody)[33m.[39m[34mtoHaveProperty[39m([32m'id'[39m)[33m;[39m
[90m [2m❯[22m Test._assertStatus backend/node_modules/supertest/lib/test.js:[2m309:14[22m[39m
[90m [2m❯[22m backend/node_modules/supertest/lib/test.js:[2m365:13[22m[39m
[90m [2m❯[22m Test._assertFunction backend/node_modules/supertest/lib/test.js:[2m342:13[22m[39m
[90m [2m❯[22m Test.assert backend/node_modules/supertest/lib/test.js:[2m195:23[22m[39m
[90m [2m❯[22m localAssert backend/node_modules/supertest/lib/test.js:[2m138:14[22m[39m
[90m [2m❯[22m Server.<anonymous> backend/node_modules/supertest/lib/test.js:[2m152:11[22m[39m

[31m[2m⎯⎯⎯⎯⎯⎯⎯⎯⎯⎯⎯⎯⎯⎯⎯⎯⎯⎯⎯⎯[106/172]⎯[22m[39m

[41m[1m FAIL [22m[49m backend/src/tests/milestones.test.js[2m > [22mMilestones API Tests[2m > [22mPOST /api/milestones[2m > [22mshould create milestone with admin token
[31m[1mError[22m: expected 201 "Created", got 400 "Bad Request"[39m
[36m [2m❯[22m backend/src/tests/milestones.test.js:[2m161:10[22m[39m
    [90m159| [39m          description[33m:[39m [32m'Created by admin'[39m
    [90m160| [39m        })
    [90m161| [39m        [33m.[39m[34mexpect[39m([34m201[39m)[33m;[39m
    [90m   | [39m         [31m^[39m
    [90m162| [39m
    [90m163| [39m      [34mexpect[39m(response[33m.[39mbody[33m.[39mname)[33m.[39m[34mtoBe[39m([32m'Admin Milestone'[39m)[33m;[39m
[90m [2m❯[22m Test._assertStatus backend/node_modules/supertest/lib/test.js:[2m309:14[22m[39m
[90m [2m❯[22m backend/node_modules/supertest/lib/test.js:[2m365:13[22m[39m
[90m [2m❯[22m Test._assertFunction backend/node_modules/supertest/lib/test.js:[2m342:13[22m[39m
[90m [2m❯[22m Test.assert backend/node_modules/supertest/lib/test.js:[2m195:23[22m[39m
[90m [2m❯[22m localAssert backend/node_modules/supertest/lib/test.js:[2m138:14[22m[39m
[90m [2m❯[22m Server.<anonymous> backend/node_modules/supertest/lib/test.js:[2m152:11[22m[39m

[31m[2m⎯⎯⎯⎯⎯⎯⎯⎯⎯⎯⎯⎯⎯⎯⎯⎯⎯⎯⎯⎯[107/172]⎯[22m[39m

[41m[1m FAIL [22m[49m backend/src/tests/milestones.test.js[2m > [22mMilestones API Tests[2m > [22mPOST /api/milestones[2m > [22mshould reject milestone creation with viewer token
[31m[1mError[22m: expected 403 "Forbidden", got 400 "Bad Request"[39m
[36m [2m❯[22m backend/src/tests/milestones.test.js:[2m175:10[22m[39m
    [90m173| [39m          date[33m:[39m [32m'2024-09-01'[39m
    [90m174| [39m        })
    [90m175| [39m        [33m.[39m[34mexpect[39m([34m403[39m)[33m;[39m
    [90m   | [39m         [31m^[39m
    [90m176| [39m    })[33m;[39m
    [90m177| [39m
[90m [2m❯[22m Test._assertStatus backend/node_modules/supertest/lib/test.js:[2m309:14[22m[39m
[90m [2m❯[22m backend/node_modules/supertest/lib/test.js:[2m365:13[22m[39m
[90m [2m❯[22m Test._assertFunction backend/node_modules/supertest/lib/test.js:[2m342:13[22m[39m
[90m [2m❯[22m Test.assert backend/node_modules/supertest/lib/test.js:[2m195:23[22m[39m
[90m [2m❯[22m localAssert backend/node_modules/supertest/lib/test.js:[2m138:14[22m[39m
[90m [2m❯[22m Server.<anonymous> backend/node_modules/supertest/lib/test.js:[2m152:11[22m[39m

[31m[2m⎯⎯⎯⎯⎯⎯⎯⎯⎯⎯⎯⎯⎯⎯⎯⎯⎯⎯⎯⎯[108/172]⎯[22m[39m

[41m[1m FAIL [22m[49m backend/src/tests/milestones.test.js[2m > [22mMilestones API Tests[2m > [22mPUT /api/milestones/:id[2m > [22mshould update milestone with PM token
[31m[1mError[22m: expected 200 "OK", got 404 "Not Found"[39m
[36m [2m❯[22m backend/src/tests/milestones.test.js:[2m244:10[22m[39m
    [90m242| [39m          description[33m:[39m [32m'Updated description'[39m
    [90m243| [39m        })
    [90m244| [39m        [33m.[39m[34mexpect[39m([34m200[39m)[33m;[39m
    [90m   | [39m         [31m^[39m
    [90m245| [39m
    [90m246| [39m      [34mexpect[39m(response[33m.[39mbody[33m.[39mname)[33m.[39m[34mtoBe[39m([32m'Updated Milestone'[39m)[33m;[39m
[90m [2m❯[22m Test._assertStatus backend/node_modules/supertest/lib/test.js:[2m309:14[22m[39m
[90m [2m❯[22m backend/node_modules/supertest/lib/test.js:[2m365:13[22m[39m
[90m [2m❯[22m Test._assertFunction backend/node_modules/supertest/lib/test.js:[2m342:13[22m[39m
[90m [2m❯[22m Test.assert backend/node_modules/supertest/lib/test.js:[2m195:23[22m[39m
[90m [2m❯[22m localAssert backend/node_modules/supertest/lib/test.js:[2m138:14[22m[39m
[90m [2m❯[22m Server.<anonymous> backend/node_modules/supertest/lib/test.js:[2m152:11[22m[39m

[31m[2m⎯⎯⎯⎯⎯⎯⎯⎯⎯⎯⎯⎯⎯⎯⎯⎯⎯⎯⎯⎯[109/172]⎯[22m[39m

[41m[1m FAIL [22m[49m backend/src/tests/milestones.test.js[2m > [22mMilestones API Tests[2m > [22mPUT /api/milestones/:id[2m > [22mshould update milestone with admin token
[31m[1mError[22m: expected 200 "OK", got 404 "Not Found"[39m
[36m [2m❯[22m backend/src/tests/milestones.test.js:[2m258:10[22m[39m
    [90m256| [39m          name[33m:[39m [32m'Admin Updated Milestone'[39m
    [90m257| [39m        })
    [90m258| [39m        [33m.[39m[34mexpect[39m([34m200[39m)[33m;[39m
    [90m   | [39m         [31m^[39m
    [90m259| [39m
    [90m260| [39m      [34mexpect[39m(response[33m.[39mbody[33m.[39mname)[33m.[39m[34mtoBe[39m([32m'Admin Updated Milestone'[39m)[33m;[39m
[90m [2m❯[22m Test._assertStatus backend/node_modules/supertest/lib/test.js:[2m309:14[22m[39m
[90m [2m❯[22m backend/node_modules/supertest/lib/test.js:[2m365:13[22m[39m
[90m [2m❯[22m Test._assertFunction backend/node_modules/supertest/lib/test.js:[2m342:13[22m[39m
[90m [2m❯[22m Test.assert backend/node_modules/supertest/lib/test.js:[2m195:23[22m[39m
[90m [2m❯[22m localAssert backend/node_modules/supertest/lib/test.js:[2m138:14[22m[39m
[90m [2m❯[22m Server.<anonymous> backend/node_modules/supertest/lib/test.js:[2m152:11[22m[39m

[31m[2m⎯⎯⎯⎯⎯⎯⎯⎯⎯⎯⎯⎯⎯⎯⎯⎯⎯⎯⎯⎯[110/172]⎯[22m[39m

[41m[1m FAIL [22m[49m backend/src/tests/milestones.test.js[2m > [22mMilestones API Tests[2m > [22mPUT /api/milestones/:id[2m > [22mshould reject update with viewer token
[31m[1mError[22m: expected 403 "Forbidden", got 404 "Not Found"[39m
[36m [2m❯[22m backend/src/tests/milestones.test.js:[2m270:10[22m[39m
    [90m268| [39m          name[33m:[39m [32m'Viewer Update'[39m
    [90m269| [39m        })
    [90m270| [39m        [33m.[39m[34mexpect[39m([34m403[39m)[33m;[39m
    [90m   | [39m         [31m^[39m
    [90m271| [39m    })[33m;[39m
    [90m272| [39m
[90m [2m❯[22m Test._assertStatus backend/node_modules/supertest/lib/test.js:[2m309:14[22m[39m
[90m [2m❯[22m backend/node_modules/supertest/lib/test.js:[2m365:13[22m[39m
[90m [2m❯[22m Test._assertFunction backend/node_modules/supertest/lib/test.js:[2m342:13[22m[39m
[90m [2m❯[22m Test.assert backend/node_modules/supertest/lib/test.js:[2m195:23[22m[39m
[90m [2m❯[22m localAssert backend/node_modules/supertest/lib/test.js:[2m138:14[22m[39m
[90m [2m❯[22m Server.<anonymous> backend/node_modules/supertest/lib/test.js:[2m152:11[22m[39m

[31m[2m⎯⎯⎯⎯⎯⎯⎯⎯⎯⎯⎯⎯⎯⎯⎯⎯⎯⎯⎯⎯[111/172]⎯[22m[39m

[41m[1m FAIL [22m[49m backend/src/tests/milestones.test.js[2m > [22mMilestones API Tests[2m > [22mPUT /api/milestones/:id[2m > [22mshould allow partial updates
[31m[1mError[22m: expected 200 "OK", got 404 "Not Found"[39m
[36m [2m❯[22m backend/src/tests/milestones.test.js:[2m299:10[22m[39m
    [90m297| [39m          description[33m:[39m [32m'Only updating description'[39m
    [90m298| [39m        })
    [90m299| [39m        [33m.[39m[34mexpect[39m([34m200[39m)[33m;[39m
    [90m   | [39m         [31m^[39m
    [90m300| [39m
    [90m301| [39m      expect(response.body.description).toBe('Only updating descriptio…
[90m [2m❯[22m Test._assertStatus backend/node_modules/supertest/lib/test.js:[2m309:14[22m[39m
[90m [2m❯[22m backend/node_modules/supertest/lib/test.js:[2m365:13[22m[39m
[90m [2m❯[22m Test._assertFunction backend/node_modules/supertest/lib/test.js:[2m342:13[22m[39m
[90m [2m❯[22m Test.assert backend/node_modules/supertest/lib/test.js:[2m195:23[22m[39m
[90m [2m❯[22m localAssert backend/node_modules/supertest/lib/test.js:[2m138:14[22m[39m
[90m [2m❯[22m Server.<anonymous> backend/node_modules/supertest/lib/test.js:[2m152:11[22m[39m

[31m[2m⎯⎯⎯⎯⎯⎯⎯⎯⎯⎯⎯⎯⎯⎯⎯⎯⎯⎯⎯⎯[112/172]⎯[22m[39m

[41m[1m FAIL [22m[49m backend/src/tests/milestones.test.js[2m > [22mMilestones API Tests[2m > [22mDELETE /api/milestones/:id[2m > [22mshould delete milestone with PM token
[31m[1mError[22m: expected 200 "OK", got 404 "Not Found"[39m
[36m [2m❯[22m backend/src/tests/milestones.test.js:[2m326:10[22m[39m
    [90m324| [39m        [33m.[39m[35mdelete[39m([32m`/api/milestones/[39m[36m${[39mdeleteMilestoneId[36m}[39m[32m`[39m)
    [90m325| [39m        [33m.[39m[35mset[39m([32m'Authorization'[39m[33m,[39m [32m`Bearer [39m[36m${[39mpmToken[36m}[39m[32m`[39m)
    [90m326| [39m        [33m.[39m[34mexpect[39m([34m200[39m)[33m;[39m
    [90m   | [39m         [31m^[39m
    [90m327| [39m
    [90m328| [39m      [90m// Verify deletion[39m
[90m [2m❯[22m Test._assertStatus backend/node_modules/supertest/lib/test.js:[2m309:14[22m[39m
[90m [2m❯[22m backend/node_modules/supertest/lib/test.js:[2m365:13[22m[39m
[90m [2m❯[22m Test._assertFunction backend/node_modules/supertest/lib/test.js:[2m342:13[22m[39m
[90m [2m❯[22m Test.assert backend/node_modules/supertest/lib/test.js:[2m195:23[22m[39m
[90m [2m❯[22m localAssert backend/node_modules/supertest/lib/test.js:[2m138:14[22m[39m
[90m [2m❯[22m Server.<anonymous> backend/node_modules/supertest/lib/test.js:[2m152:11[22m[39m

[31m[2m⎯⎯⎯⎯⎯⎯⎯⎯⎯⎯⎯⎯⎯⎯⎯⎯⎯⎯⎯⎯[113/172]⎯[22m[39m

[41m[1m FAIL [22m[49m backend/src/tests/milestones.test.js[2m > [22mMilestones API Tests[2m > [22mDELETE /api/milestones/:id[2m > [22mshould delete milestone with admin token
[31m[1mError[22m: expected 200 "OK", got 404 "Not Found"[39m
[36m [2m❯[22m backend/src/tests/milestones.test.js:[2m339:10[22m[39m
    [90m337| [39m        [33m.[39m[35mdelete[39m([32m`/api/milestones/[39m[36m${[39mdeleteMilestoneId[36m}[39m[32m`[39m)
    [90m338| [39m        [33m.[39m[35mset[39m([32m'Authorization'[39m[33m,[39m [32m`Bearer [39m[36m${[39madminToken[36m}[39m[32m`[39m)
    [90m339| [39m        [33m.[39m[34mexpect[39m([34m200[39m)[33m;[39m
    [90m   | [39m         [31m^[39m
    [90m340| [39m    })[33m;[39m
    [90m341| [39m
[90m [2m❯[22m Test._assertStatus backend/node_modules/supertest/lib/test.js:[2m309:14[22m[39m
[90m [2m❯[22m backend/node_modules/supertest/lib/test.js:[2m365:13[22m[39m
[90m [2m❯[22m Test._assertFunction backend/node_modules/supertest/lib/test.js:[2m342:13[22m[39m
[90m [2m❯[22m Test.assert backend/node_modules/supertest/lib/test.js:[2m195:23[22m[39m
[90m [2m❯[22m localAssert backend/node_modules/supertest/lib/test.js:[2m138:14[22m[39m
[90m [2m❯[22m Server.<anonymous> backend/node_modules/supertest/lib/test.js:[2m152:11[22m[39m

[31m[2m⎯⎯⎯⎯⎯⎯⎯⎯⎯⎯⎯⎯⎯⎯⎯⎯⎯⎯⎯⎯[114/172]⎯[22m[39m

[41m[1m FAIL [22m[49m backend/src/tests/milestones.test.js[2m > [22mMilestones API Tests[2m > [22mDELETE /api/milestones/:id[2m > [22mshould reject deletion with viewer token
[31m[1mError[22m: expected 403 "Forbidden", got 404 "Not Found"[39m
[36m [2m❯[22m backend/src/tests/milestones.test.js:[2m346:10[22m[39m
    [90m344| [39m        [33m.[39m[35mdelete[39m([32m`/api/milestones/[39m[36m${[39mdeleteMilestoneId[36m}[39m[32m`[39m)
    [90m345| [39m        [33m.[39m[35mset[39m([32m'Authorization'[39m[33m,[39m [32m`Bearer [39m[36m${[39mviewerToken[36m}[39m[32m`[39m)
    [90m346| [39m        [33m.[39m[34mexpect[39m([34m403[39m)[33m;[39m
    [90m   | [39m         [31m^[39m
    [90m347| [39m    })[33m;[39m
    [90m348| [39m
[90m [2m❯[22m Test._assertStatus backend/node_modules/supertest/lib/test.js:[2m309:14[22m[39m
[90m [2m❯[22m backend/node_modules/supertest/lib/test.js:[2m365:13[22m[39m
[90m [2m❯[22m Test._assertFunction backend/node_modules/supertest/lib/test.js:[2m342:13[22m[39m
[90m [2m❯[22m Test.assert backend/node_modules/supertest/lib/test.js:[2m195:23[22m[39m
[90m [2m❯[22m localAssert backend/node_modules/supertest/lib/test.js:[2m138:14[22m[39m
[90m [2m❯[22m Server.<anonymous> backend/node_modules/supertest/lib/test.js:[2m152:11[22m[39m

[31m[2m⎯⎯⎯⎯⎯⎯⎯⎯⎯⎯⎯⎯⎯⎯⎯⎯⎯⎯⎯⎯[115/172]⎯[22m[39m

[41m[1m FAIL [22m[49m backend/src/tests/milestones.test.js[2m > [22mMilestones API Tests[2m > [22mMilestone ordering and filtering[2m > [22mshould return milestones ordered by date
[31m[1mError[22m: expected 200 "OK", got 400 "Bad Request"[39m
[36m [2m❯[22m backend/src/tests/milestones.test.js:[2m382:10[22m[39m
    [90m380| [39m      [35mconst[39m response [33m=[39m [35mawait[39m [34mrequest[39m(app)
    [90m381| [39m        [33m.[39m[35mget[39m([32m`/api/milestones?projectId=[39m[36m${[39mtestProjectId[36m}[39m[32m`[39m)
    [90m382| [39m        [33m.[39m[34mexpect[39m([34m200[39m)[33m;[39m
    [90m   | [39m         [31m^[39m
    [90m383| [39m
    [90m384| [39m      [90m// Check that milestones are ordered by date[39m
[90m [2m❯[22m Test._assertStatus backend/node_modules/supertest/lib/test.js:[2m309:14[22m[39m
[90m [2m❯[22m backend/node_modules/supertest/lib/test.js:[2m365:13[22m[39m
[90m [2m❯[22m Test._assertFunction backend/node_modules/supertest/lib/test.js:[2m342:13[22m[39m
[90m [2m❯[22m Test.assert backend/node_modules/supertest/lib/test.js:[2m195:23[22m[39m
[90m [2m❯[22m localAssert backend/node_modules/supertest/lib/test.js:[2m138:14[22m[39m
[90m [2m❯[22m Server.<anonymous> backend/node_modules/supertest/lib/test.js:[2m152:11[22m[39m

[31m[2m⎯⎯⎯⎯⎯⎯⎯⎯⎯⎯⎯⎯⎯⎯⎯⎯⎯⎯⎯⎯[116/172]⎯[22m[39m

[41m[1m FAIL [22m[49m backend/src/tests/permissions.test.js[2m > [22mProject Permissions API Tests[2m > [22mPOST /api/projects/:projectId/permissions[2m > [22mshould grant project permission as admin
[31m[1mAssertionError[22m: expected 500 to be 201 // Object.is equality[39m

[32m- Expected[39m
[31m+ Received[39m

[32m- 201[39m
[31m+ 500[39m

[36m [2m❯[22m backend/src/tests/permissions.test.js:[2m124:31[22m[39m
    [90m122| [39m        [33m.[39m[34msend[39m({ user_id[33m:[39m editorUserId })[33m;[39m
    [90m123| [39m
    [90m124| [39m      [34mexpect[39m(response[33m.[39mstatus)[33m.[39m[34mtoBe[39m([34m201[39m)[33m;[39m
    [90m   | [39m                              [31m^[39m
    [90m125| [39m      [34mexpect[39m(response[33m.[39mbody[33m.[39mmessage)[33m.[39m[34mtoContain[39m([32m'granted'[39m)[33m;[39m
    [90m126| [39m

[31m[2m⎯⎯⎯⎯⎯⎯⎯⎯⎯⎯⎯⎯⎯⎯⎯⎯⎯⎯⎯⎯[117/172]⎯[22m[39m

[41m[1m FAIL [22m[49m backend/src/tests/permissions.test.js[2m > [22mProject Permissions API Tests[2m > [22mPOST /api/projects/:projectId/permissions[2m > [22mshould reject duplicate permission grant
[31m[1mAssertionError[22m: expected 500 to be 400 // Object.is equality[39m

[32m- Expected[39m
[31m+ Received[39m

[32m- 400[39m
[31m+ 500[39m

[36m [2m❯[22m backend/src/tests/permissions.test.js:[2m142:31[22m[39m
    [90m140| [39m        [33m.[39m[34msend[39m({ user_id[33m:[39m editorUserId })[33m;[39m
    [90m141| [39m
    [90m142| [39m      [34mexpect[39m(response[33m.[39mstatus)[33m.[39m[34mtoBe[39m([34m400[39m)[33m;[39m
    [90m   | [39m                              [31m^[39m
    [90m143| [39m      [34mexpect[39m(response[33m.[39mbody[33m.[39merror)[33m.[39m[34mtoContain[39m([32m'already'[39m)[33m;[39m
    [90m144| [39m    })[33m;[39m

[31m[2m⎯⎯⎯⎯⎯⎯⎯⎯⎯⎯⎯⎯⎯⎯⎯⎯⎯⎯⎯⎯[118/172]⎯[22m[39m

[41m[1m FAIL [22m[49m backend/src/tests/permissions.test.js[2m > [22mProject Permissions API Tests[2m > [22mDELETE /api/projects/:projectId/permissions/:userId[2m > [22mshould revoke project permission as admin
[31m[1mAssertionError[22m: expected 404 to be 200 // Object.is equality[39m

[32m- Expected[39m
[31m+ Received[39m

[32m- 200[39m
[31m+ 404[39m

[36m [2m❯[22m backend/src/tests/permissions.test.js:[2m179:31[22m[39m
    [90m177| [39m        [33m.[39m[35mset[39m([32m'Authorization'[39m[33m,[39m [32m`Bearer [39m[36m${[39madminToken[36m}[39m[32m`[39m)[33m;[39m
    [90m178| [39m
    [90m179| [39m      [34mexpect[39m(response[33m.[39mstatus)[33m.[39m[34mtoBe[39m([34m200[39m)[33m;[39m
    [90m   | [39m                              [31m^[39m
    [90m180| [39m
    [90m181| [39m      [90m// Verify permission was revoked[39m

[31m[2m⎯⎯⎯⎯⎯⎯⎯⎯⎯⎯⎯⎯⎯⎯⎯⎯⎯⎯⎯⎯[119/172]⎯[22m[39m

[41m[1m FAIL [22m[49m backend/src/tests/permissions.test.js[2m > [22mProject Permissions API Tests[2m > [22mPermission-based project editing[2m > [22mshould allow admin to edit any project
[31m[1mAssertionError[22m: expected 500 to be 200 // Object.is equality[39m

[32m- Expected[39m
[31m+ Received[39m

[32m- 200[39m
[31m+ 500[39m

[36m [2m❯[22m backend/src/tests/permissions.test.js:[2m209:31[22m[39m
    [90m207| [39m        })[33m;[39m
    [90m208| [39m
    [90m209| [39m      [34mexpect[39m(response[33m.[39mstatus)[33m.[39m[34mtoBe[39m([34m200[39m)[33m;[39m
    [90m   | [39m                              [31m^[39m
    [90m210| [39m    })[33m;[39m
    [90m211| [39m

[31m[2m⎯⎯⎯⎯⎯⎯⎯⎯⎯⎯⎯⎯⎯⎯⎯⎯⎯⎯⎯⎯[120/172]⎯[22m[39m

[41m[1m FAIL [22m[49m backend/src/tests/permissions.test.js[2m > [22mProject Permissions API Tests[2m > [22mHistoric Data Edit Permissions[2m > [22mshould reject historic edit from viewer (403, not 401)
[31m[1mAssertionError[22m: expected 404 to be 403 // Object.is equality[39m

[32m- Expected[39m
[31m+ Received[39m

[32m- 403[39m
[31m+ 404[39m

[36m [2m❯[22m backend/src/tests/permissions.test.js:[2m291:31[22m[39m
    [90m289| [39m
    [90m290| [39m      [90m// Should get 403 (not authorized), not 401 (not authenticated)[39m
    [90m291| [39m      [34mexpect[39m(response[33m.[39mstatus)[33m.[39m[34mtoBe[39m([34m403[39m)[33m;[39m
    [90m   | [39m                              [31m^[39m
    [90m292| [39m      // Viewers get rejected before the historic edit check, so error…
    [90m293| [39m      [34mexpect[39m(response[33m.[39mbody[33m.[39merror)[33m.[39m[34mtoContain[39m([32m'do not have permission'[39m)[33m;[39m

[31m[2m⎯⎯⎯⎯⎯⎯⎯⎯⎯⎯⎯⎯⎯⎯⎯⎯⎯⎯⎯⎯[121/172]⎯[22m[39m

[41m[1m FAIL [22m[49m backend/src/tests/permissions.test.js[2m > [22mProject Permissions API Tests[2m > [22mHistoric Data Edit Permissions[2m > [22mshould allow historic edit from PM user
[31m[1mAssertionError[22m: expected 404 to be 200 // Object.is equality[39m

[32m- Expected[39m
[31m+ Received[39m

[32m- 200[39m
[31m+ 404[39m

[36m [2m❯[22m backend/src/tests/permissions.test.js:[2m316:31[22m[39m
    [90m314| [39m        [33m.[39m[34msend[39m({ complete[33m:[39m [34m50[39m })[33m;[39m
    [90m315| [39m
    [90m316| [39m      [34mexpect[39m(response[33m.[39mstatus)[33m.[39m[34mtoBe[39m([34m200[39m)[33m;[39m
    [90m   | [39m                              [31m^[39m
    [90m317| [39m
    [90m318| [39m      [90m// Verify the edit was saved[39m

[31m[2m⎯⎯⎯⎯⎯⎯⎯⎯⎯⎯⎯⎯⎯⎯⎯⎯⎯⎯⎯⎯[122/172]⎯[22m[39m

[41m[1m FAIL [22m[49m backend/src/tests/permissions.test.js[2m > [22mProject Permissions API Tests[2m > [22mHistoric Data Edit Permissions[2m > [22mshould allow historic edit from editor user
[31m[1mAssertionError[22m: expected 404 to be 200 // Object.is equality[39m

[32m- Expected[39m
[31m+ Received[39m

[32m- 200[39m
[31m+ 404[39m

[36m [2m❯[22m backend/src/tests/permissions.test.js:[2m338:31[22m[39m
    [90m336| [39m        [33m.[39m[34msend[39m({ complete[33m:[39m [34m55[39m })[33m;[39m
    [90m337| [39m
    [90m338| [39m      [34mexpect[39m(response[33m.[39mstatus)[33m.[39m[34mtoBe[39m([34m200[39m)[33m;[39m
    [90m   | [39m                              [31m^[39m
    [90m339| [39m
    [90m340| [39m      [90m// Verify the edit was saved[39m

[31m[2m⎯⎯⎯⎯⎯⎯⎯⎯⎯⎯⎯⎯⎯⎯⎯⎯⎯⎯⎯⎯[123/172]⎯[22m[39m

[41m[1m FAIL [22m[49m backend/src/tests/permissions.test.js[2m > [22mProject Permissions API Tests[2m > [22mHistoric Data Edit Permissions[2m > [22mshould allow historic edit from admin user
[31m[1mAssertionError[22m: expected 404 to be 200 // Object.is equality[39m

[32m- Expected[39m
[31m+ Received[39m

[32m- 200[39m
[31m+ 404[39m

[36m [2m❯[22m backend/src/tests/permissions.test.js:[2m354:31[22m[39m
    [90m352| [39m        [33m.[39m[34msend[39m({ complete[33m:[39m [34m60[39m })[33m;[39m
    [90m353| [39m
    [90m354| [39m      [34mexpect[39m(response[33m.[39mstatus)[33m.[39m[34mtoBe[39m([34m200[39m)[33m;[39m
    [90m   | [39m                              [31m^[39m
    [90m355| [39m
    [90m356| [39m      [90m// Verify the edit was saved[39m

[31m[2m⎯⎯⎯⎯⎯⎯⎯⎯⎯⎯⎯⎯⎯⎯⎯⎯⎯⎯⎯⎯[124/172]⎯[22m[39m

[41m[1m FAIL [22m[49m backend/src/tests/permissions.test.js[2m > [22mProject Permissions API Tests[2m > [22mHistoric Data Edit Permissions[2m > [22mshould allow non-historic edits from all users with permissions
[31m[1mAssertionError[22m: expected 404 to be 200 // Object.is equality[39m

[32m- Expected[39m
[31m+ Received[39m

[32m- 200[39m
[31m+ 404[39m

[36m [2m❯[22m backend/src/tests/permissions.test.js:[2m386:31[22m[39m
    [90m384| [39m        [33m.[39m[34msend[39m({ complete[33m:[39m [34m85[39m })[33m;[39m
    [90m385| [39m
    [90m386| [39m      [34mexpect[39m(response[33m.[39mstatus)[33m.[39m[34mtoBe[39m([34m200[39m)[33m;[39m
    [90m   | [39m                              [31m^[39m
    [90m387| [39m    })[33m;[39m
    [90m388| [39m

[31m[2m⎯⎯⎯⎯⎯⎯⎯⎯⎯⎯⎯⎯⎯⎯⎯⎯⎯⎯⎯⎯[125/172]⎯[22m[39m

[41m[1m FAIL [22m[49m backend/src/tests/permissions.test.js[2m > [22mProject Permissions API Tests[2m > [22mHistoric Data Edit Permissions[2m > [22mshould log historic edits clearly in audit trail
[31m[1mAssertionError[22m: expected undefined to be defined[39m
[36m [2m❯[22m backend/src/tests/permissions.test.js:[2m410:28[22m[39m
    [90m408| [39m      )[33m;[39m
    [90m409| [39m
    [90m410| [39m      [34mexpect[39m(historicEdit)[33m.[39m[34mtoBeDefined[39m()[33m;[39m
    [90m   | [39m                           [31m^[39m
    [90m411| [39m      [34mexpect[39m(historicEdit[33m.[39mdescription)[33m.[39m[34mtoContain[39m([32m'⚠️ HISTORIC EDIT'[39m)[33m;[39m
    [90m412| [39m      [34mexpect[39m(historicEdit[33m.[39muser_email)[33m.[39m[34mtoBe[39m([32m'pm@perms.test'[39m)[33m;[39m

[31m[2m⎯⎯⎯⎯⎯⎯⎯⎯⎯⎯⎯⎯⎯⎯⎯⎯⎯⎯⎯⎯[126/172]⎯[22m[39m

[41m[1m FAIL [22m[49m backend/src/tests/project-links.test.js[2m > [22mProject Links API Tests[2m > [22mPOST /api/projects/:projectId/links[2m > [22mshould create a project link
[31m[1mAssertionError[22m: expected 500 to be 200 // Object.is equality[39m

[32m- Expected[39m
[31m+ Received[39m

[32m- 200[39m
[31m+ 500[39m

[36m [2m❯[22m backend/src/tests/project-links.test.js:[2m95:31[22m[39m
    [90m 93| [39m        })[33m;[39m
    [90m 94| [39m
    [90m 95| [39m      [34mexpect[39m(response[33m.[39mstatus)[33m.[39m[34mtoBe[39m([34m200[39m)[33m;[39m
    [90m   | [39m                              [31m^[39m
    [90m 96| [39m      [34mexpect[39m(response[33m.[39mbody[33m.[39msuccess)[33m.[39m[34mtoBe[39m([35mtrue[39m)[33m;[39m
    [90m 97| [39m      [34mexpect[39m(response[33m.[39mbody)[33m.[39m[34mtoHaveProperty[39m([32m'id'[39m)[33m;[39m

[31m[2m⎯⎯⎯⎯⎯⎯⎯⎯⎯⎯⎯⎯⎯⎯⎯⎯⎯⎯⎯⎯[127/172]⎯[22m[39m

[41m[1m FAIL [22m[49m backend/src/tests/project-links.test.js[2m > [22mProject Links API Tests[2m > [22mPOST /api/projects/:projectId/links[2m > [22mshould create multiple links with different labels
[31m[1mAssertionError[22m: expected 500 to be 200 // Object.is equality[39m

[32m- Expected[39m
[31m+ Received[39m

[32m- 200[39m
[31m+ 500[39m

[36m [2m❯[22m backend/src/tests/project-links.test.js:[2m125:33[22m[39m
    [90m123| [39m          })[33m;[39m
    [90m124| [39m
    [90m125| [39m        [34mexpect[39m(response[33m.[39mstatus)[33m.[39m[34mtoBe[39m([34m200[39m)[33m;[39m
    [90m   | [39m                                [31m^[39m
    [90m126| [39m      }
    [90m127| [39m

[31m[2m⎯⎯⎯⎯⎯⎯⎯⎯⎯⎯⎯⎯⎯⎯⎯⎯⎯⎯⎯⎯[128/172]⎯[22m[39m

[41m[1m FAIL [22m[49m backend/src/tests/project-links.test.js[2m > [22mProject Links API Tests[2m > [22mPUT /api/project-links/:id[2m > [22mshould update project link
[31m[1mAssertionError[22m: expected 404 to be 200 // Object.is equality[39m

[32m- Expected[39m
[31m+ Received[39m

[32m- 200[39m
[31m+ 404[39m

[36m [2m❯[22m backend/src/tests/project-links.test.js:[2m180:31[22m[39m
    [90m178| [39m        })[33m;[39m
    [90m179| [39m
    [90m180| [39m      [34mexpect[39m(response[33m.[39mstatus)[33m.[39m[34mtoBe[39m([34m200[39m)[33m;[39m
    [90m   | [39m                              [31m^[39m
    [90m181| [39m
    [90m182| [39m      [90m// Verify update[39m

[31m[2m⎯⎯⎯⎯⎯⎯⎯⎯⎯⎯⎯⎯⎯⎯⎯⎯⎯⎯⎯⎯[129/172]⎯[22m[39m

[41m[1m FAIL [22m[49m backend/src/tests/project-links.test.js[2m > [22mProject Links API Tests[2m > [22mDELETE /api/project-links/:id[2m > [22mshould delete project link
[31m[1mAssertionError[22m: expected 404 to be 200 // Object.is equality[39m

[32m- Expected[39m
[31m+ Received[39m

[32m- 200[39m
[31m+ 404[39m

[36m [2m❯[22m backend/src/tests/project-links.test.js:[2m222:31[22m[39m
    [90m220| [39m        [33m.[39m[35mset[39m([32m'Authorization'[39m[33m,[39m [32m`Bearer [39m[36m${[39madminToken[36m}[39m[32m`[39m)[33m;[39m
    [90m221| [39m
    [90m222| [39m      [34mexpect[39m(response[33m.[39mstatus)[33m.[39m[34mtoBe[39m([34m200[39m)[33m;[39m
    [90m   | [39m                              [31m^[39m
    [90m223| [39m
    [90m224| [39m      [90m// Verify deletion[39m

[31m[2m⎯⎯⎯⎯⎯⎯⎯⎯⎯⎯⎯⎯⎯⎯⎯⎯⎯⎯⎯⎯[130/172]⎯[22m[39m

[41m[1m FAIL [22m[49m backend/src/tests/project-links.test.js[2m > [22mProject Links API Tests[2m > [22mLink ordering[2m > [22mshould maintain display_order for multiple links
[31m[1mTypeError[22m: Cannot read properties of undefined (reading 'label')[39m
[36m [2m❯[22m backend/src/tests/project-links.test.js:[2m279:29[22m[39m
    [90m277| [39m
    [90m278| [39m      const sortedLinks = linksResponse.body.sort((a, b) => a.display_…
    [90m279| [39m      [34mexpect[39m(sortedLinks[[34m0[39m][33m.[39mlabel)[33m.[39m[34mtoBe[39m([32m'First Link'[39m)[33m;[39m
    [90m   | [39m                            [31m^[39m
    [90m280| [39m      [34mexpect[39m(sortedLinks[[34m1[39m][33m.[39mlabel)[33m.[39m[34mtoBe[39m([32m'Second Link'[39m)[33m;[39m
    [90m281| [39m      [34mexpect[39m(sortedLinks[[34m2[39m][33m.[39mlabel)[33m.[39m[34mtoBe[39m([32m'Third Link'[39m)[33m;[39m

[31m[2m⎯⎯⎯⎯⎯⎯⎯⎯⎯⎯⎯⎯⎯⎯⎯⎯⎯⎯⎯⎯[131/172]⎯[22m[39m

[41m[1m FAIL [22m[49m backend/src/tests/recovery-plans.test.js[2m > [22mRecovery Plans API Tests[2m > [22mGET /api/recovery-plans[2m > [22mshould filter recovery plans by project
[31m[1mAssertionError[22m: expected 0 to be greater than 0[39m
[36m [2m❯[22m backend/src/tests/recovery-plans.test.js:[2m110:36[22m[39m
    [90m108| [39m        [33m.[39m[34mexpect[39m([34m200[39m)[33m;[39m
    [90m109| [39m
    [90m110| [39m      [34mexpect[39m(response[33m.[39mbody[33m.[39mlength)[33m.[39m[34mtoBeGreaterThan[39m([34m0[39m)[33m;[39m
    [90m   | [39m                                   [31m^[39m
    [90m111| [39m      [34mexpect[39m(response[33m.[39mbody[[34m0[39m][33m.[39mproject_id)[33m.[39m[34mtoBe[39m(testProjectId)[33m;[39m
    [90m112| [39m    })[33m;[39m

[31m[2m⎯⎯⎯⎯⎯⎯⎯⎯⎯⎯⎯⎯⎯⎯⎯⎯⎯⎯⎯⎯[132/172]⎯[22m[39m

[41m[1m FAIL [22m[49m backend/src/tests/recovery-plans.test.js[2m > [22mRecovery Plans API Tests[2m > [22mPOST /api/recovery-plans[2m > [22mshould create recovery plan with PM token
[31m[1mError[22m: expected 201 "Created", got 400 "Bad Request"[39m
[36m [2m❯[22m backend/src/tests/recovery-plans.test.js:[2m155:10[22m[39m
    [90m153| [39m          status[33m:[39m [32m'active'[39m
    [90m154| [39m        })
    [90m155| [39m        [33m.[39m[34mexpect[39m([34m201[39m)[33m;[39m
    [90m   | [39m         [31m^[39m
    [90m156| [39m
    [90m157| [39m      [34mexpect[39m(response[33m.[39mbody)[33m.[39m[34mtoHaveProperty[39m([32m'id'[39m)[33m;[39m
[90m [2m❯[22m Test._assertStatus backend/node_modules/supertest/lib/test.js:[2m309:14[22m[39m
[90m [2m❯[22m backend/node_modules/supertest/lib/test.js:[2m365:13[22m[39m
[90m [2m❯[22m Test._assertFunction backend/node_modules/supertest/lib/test.js:[2m342:13[22m[39m
[90m [2m❯[22m Test.assert backend/node_modules/supertest/lib/test.js:[2m195:23[22m[39m
[90m [2m❯[22m localAssert backend/node_modules/supertest/lib/test.js:[2m138:14[22m[39m
[90m [2m❯[22m Server.<anonymous> backend/node_modules/supertest/lib/test.js:[2m152:11[22m[39m

[31m[2m⎯⎯⎯⎯⎯⎯⎯⎯⎯⎯⎯⎯⎯⎯⎯⎯⎯⎯⎯⎯[133/172]⎯[22m[39m

[41m[1m FAIL [22m[49m backend/src/tests/recovery-plans.test.js[2m > [22mRecovery Plans API Tests[2m > [22mPOST /api/recovery-plans[2m > [22mshould create recovery plan with admin token
[31m[1mError[22m: expected 201 "Created", got 400 "Bad Request"[39m
[36m [2m❯[22m backend/src/tests/recovery-plans.test.js:[2m174:10[22m[39m
    [90m172| [39m          status[33m:[39m [32m'pending'[39m
    [90m173| [39m        })
    [90m174| [39m        [33m.[39m[34mexpect[39m([34m201[39m)[33m;[39m
    [90m   | [39m         [31m^[39m
    [90m175| [39m
    [90m176| [39m      [34mexpect[39m(response[33m.[39mbody[33m.[39mtitle)[33m.[39m[34mtoBe[39m([32m'Admin Recovery Plan'[39m)[33m;[39m
[90m [2m❯[22m Test._assertStatus backend/node_modules/supertest/lib/test.js:[2m309:14[22m[39m
[90m [2m❯[22m backend/node_modules/supertest/lib/test.js:[2m365:13[22m[39m
[90m [2m❯[22m Test._assertFunction backend/node_modules/supertest/lib/test.js:[2m342:13[22m[39m
[90m [2m❯[22m Test.assert backend/node_modules/supertest/lib/test.js:[2m195:23[22m[39m
[90m [2m❯[22m localAssert backend/node_modules/supertest/lib/test.js:[2m138:14[22m[39m
[90m [2m❯[22m Server.<anonymous> backend/node_modules/supertest/lib/test.js:[2m152:11[22m[39m

[31m[2m⎯⎯⎯⎯⎯⎯⎯⎯⎯⎯⎯⎯⎯⎯⎯⎯⎯⎯⎯⎯[134/172]⎯[22m[39m

[41m[1m FAIL [22m[49m backend/src/tests/recovery-plans.test.js[2m > [22mRecovery Plans API Tests[2m > [22mPOST /api/recovery-plans[2m > [22mshould handle non-existent project
[31m[1mError[22m: expected 404 "Not Found", got 400 "Bad Request"[39m
[36m [2m❯[22m backend/src/tests/recovery-plans.test.js:[2m252:10[22m[39m
    [90m250| [39m          status[33m:[39m [32m'active'[39m
    [90m251| [39m        })
    [90m252| [39m        [33m.[39m[34mexpect[39m([34m404[39m)[33m;[39m
    [90m   | [39m         [31m^[39m
    [90m253| [39m    })[33m;[39m
    [90m254| [39m  })[33m;[39m
[90m [2m❯[22m Test._assertStatus backend/node_modules/supertest/lib/test.js:[2m309:14[22m[39m
[90m [2m❯[22m backend/node_modules/supertest/lib/test.js:[2m365:13[22m[39m
[90m [2m❯[22m Test._assertFunction backend/node_modules/supertest/lib/test.js:[2m342:13[22m[39m
[90m [2m❯[22m Test.assert backend/node_modules/supertest/lib/test.js:[2m195:23[22m[39m
[90m [2m❯[22m localAssert backend/node_modules/supertest/lib/test.js:[2m138:14[22m[39m
[90m [2m❯[22m Server.<anonymous> backend/node_modules/supertest/lib/test.js:[2m152:11[22m[39m

[31m[2m⎯⎯⎯⎯⎯⎯⎯⎯⎯⎯⎯⎯⎯⎯⎯⎯⎯⎯⎯⎯[135/172]⎯[22m[39m

[41m[1m FAIL [22m[49m backend/src/tests/recovery-plans.test.js[2m > [22mRecovery Plans API Tests[2m > [22mPUT /api/recovery-plans/:id[2m > [22mshould update recovery plan with PM token
[31m[1mError[22m: expected 200 "OK", got 404 "Not Found"[39m
[36m [2m❯[22m backend/src/tests/recovery-plans.test.js:[2m266:10[22m[39m
    [90m264| [39m          status[33m:[39m [32m'completed'[39m
    [90m265| [39m        })
    [90m266| [39m        [33m.[39m[34mexpect[39m([34m200[39m)[33m;[39m
    [90m   | [39m         [31m^[39m
    [90m267| [39m
    [90m268| [39m      [34mexpect[39m(response[33m.[39mbody[33m.[39mtitle)[33m.[39m[34mtoBe[39m([32m'Updated Recovery Plan'[39m)[33m;[39m
[90m [2m❯[22m Test._assertStatus backend/node_modules/supertest/lib/test.js:[2m309:14[22m[39m
[90m [2m❯[22m backend/node_modules/supertest/lib/test.js:[2m365:13[22m[39m
[90m [2m❯[22m Test._assertFunction backend/node_modules/supertest/lib/test.js:[2m342:13[22m[39m
[90m [2m❯[22m Test.assert backend/node_modules/supertest/lib/test.js:[2m195:23[22m[39m
[90m [2m❯[22m localAssert backend/node_modules/supertest/lib/test.js:[2m138:14[22m[39m
[90m [2m❯[22m Server.<anonymous> backend/node_modules/supertest/lib/test.js:[2m152:11[22m[39m

[31m[2m⎯⎯⎯⎯⎯⎯⎯⎯⎯⎯⎯⎯⎯⎯⎯⎯⎯⎯⎯⎯[136/172]⎯[22m[39m

[41m[1m FAIL [22m[49m backend/src/tests/recovery-plans.test.js[2m > [22mRecovery Plans API Tests[2m > [22mPUT /api/recovery-plans/:id[2m > [22mshould update recovery plan with admin token
[31m[1mError[22m: expected 200 "OK", got 404 "Not Found"[39m
[36m [2m❯[22m backend/src/tests/recovery-plans.test.js:[2m280:10[22m[39m
    [90m278| [39m          status[33m:[39m [32m'active'[39m
    [90m279| [39m        })
    [90m280| [39m        [33m.[39m[34mexpect[39m([34m200[39m)[33m;[39m
    [90m   | [39m         [31m^[39m
    [90m281| [39m
    [90m282| [39m      [34mexpect[39m(response[33m.[39mbody[33m.[39mstatus)[33m.[39m[34mtoBe[39m([32m'active'[39m)[33m;[39m
[90m [2m❯[22m Test._assertStatus backend/node_modules/supertest/lib/test.js:[2m309:14[22m[39m
[90m [2m❯[22m backend/node_modules/supertest/lib/test.js:[2m365:13[22m[39m
[90m [2m❯[22m Test._assertFunction backend/node_modules/supertest/lib/test.js:[2m342:13[22m[39m
[90m [2m❯[22m Test.assert backend/node_modules/supertest/lib/test.js:[2m195:23[22m[39m
[90m [2m❯[22m localAssert backend/node_modules/supertest/lib/test.js:[2m138:14[22m[39m
[90m [2m❯[22m Server.<anonymous> backend/node_modules/supertest/lib/test.js:[2m152:11[22m[39m

[31m[2m⎯⎯⎯⎯⎯⎯⎯⎯⎯⎯⎯⎯⎯⎯⎯⎯⎯⎯⎯⎯[137/172]⎯[22m[39m

[41m[1m FAIL [22m[49m backend/src/tests/recovery-plans.test.js[2m > [22mRecovery Plans API Tests[2m > [22mPUT /api/recovery-plans/:id[2m > [22mshould allow partial updates
[31m[1mError[22m: expected 200 "OK", got 404 "Not Found"[39m
[36m [2m❯[22m backend/src/tests/recovery-plans.test.js:[2m321:10[22m[39m
    [90m319| [39m          description[33m:[39m [32m'Only updating description'[39m
    [90m320| [39m        })
    [90m321| [39m        [33m.[39m[34mexpect[39m([34m200[39m)[33m;[39m
    [90m   | [39m         [31m^[39m
    [90m322| [39m
    [90m323| [39m      expect(response.body.description).toBe('Only updating descriptio…
[90m [2m❯[22m Test._assertStatus backend/node_modules/supertest/lib/test.js:[2m309:14[22m[39m
[90m [2m❯[22m backend/node_modules/supertest/lib/test.js:[2m365:13[22m[39m
[90m [2m❯[22m Test._assertFunction backend/node_modules/supertest/lib/test.js:[2m342:13[22m[39m
[90m [2m❯[22m Test.assert backend/node_modules/supertest/lib/test.js:[2m195:23[22m[39m
[90m [2m❯[22m localAssert backend/node_modules/supertest/lib/test.js:[2m138:14[22m[39m
[90m [2m❯[22m Server.<anonymous> backend/node_modules/supertest/lib/test.js:[2m152:11[22m[39m

[31m[2m⎯⎯⎯⎯⎯⎯⎯⎯⎯⎯⎯⎯⎯⎯⎯⎯⎯⎯⎯⎯[138/172]⎯[22m[39m

[41m[1m FAIL [22m[49m backend/src/tests/recovery-plans.test.js[2m > [22mRecovery Plans API Tests[2m > [22mPUT /api/recovery-plans/:id[2m > [22mshould track updated_at timestamp
[31m[1mTypeError[22m: Cannot read properties of undefined (reading 'updated_at')[39m
[36m [2m❯[22m backend/src/tests/recovery-plans.test.js:[2m333:42[22m[39m
    [90m331| [39m
    [90m332| [39m      const planBefore = before.body.find(p => p.id === testRecoveryPl…
    [90m333| [39m      [35mconst[39m updatedAtBefore [33m=[39m planBefore[33m.[39mupdated_at[33m;[39m
    [90m   | [39m                                         [31m^[39m
    [90m334| [39m
    [90m335| [39m      [90m// Wait a moment to ensure timestamp difference[39m

[31m[2m⎯⎯⎯⎯⎯⎯⎯⎯⎯⎯⎯⎯⎯⎯⎯⎯⎯⎯⎯⎯[139/172]⎯[22m[39m

[41m[1m FAIL [22m[49m backend/src/tests/recovery-plans.test.js[2m > [22mRecovery Plans API Tests[2m > [22mDELETE /api/recovery-plans/:id[2m > [22mshould delete recovery plan with PM token
[31m[1mError[22m: expected 200 "OK", got 404 "Not Found"[39m
[36m [2m❯[22m backend/src/tests/recovery-plans.test.js:[2m375:10[22m[39m
    [90m373| [39m        [33m.[39m[35mdelete[39m([32m`/api/recovery-plans/[39m[36m${[39mdeletePlanId[36m}[39m[32m`[39m)
    [90m374| [39m        [33m.[39m[35mset[39m([32m'Authorization'[39m[33m,[39m [32m`Bearer [39m[36m${[39mpmToken[36m}[39m[32m`[39m)
    [90m375| [39m        [33m.[39m[34mexpect[39m([34m200[39m)[33m;[39m
    [90m   | [39m         [31m^[39m
    [90m376| [39m
    [90m377| [39m      [90m// Verify deletion[39m
[90m [2m❯[22m Test._assertStatus backend/node_modules/supertest/lib/test.js:[2m309:14[22m[39m
[90m [2m❯[22m backend/node_modules/supertest/lib/test.js:[2m365:13[22m[39m
[90m [2m❯[22m Test._assertFunction backend/node_modules/supertest/lib/test.js:[2m342:13[22m[39m
[90m [2m❯[22m Test.assert backend/node_modules/supertest/lib/test.js:[2m195:23[22m[39m
[90m [2m❯[22m localAssert backend/node_modules/supertest/lib/test.js:[2m138:14[22m[39m
[90m [2m❯[22m Server.<anonymous> backend/node_modules/supertest/lib/test.js:[2m152:11[22m[39m

[31m[2m⎯⎯⎯⎯⎯⎯⎯⎯⎯⎯⎯⎯⎯⎯⎯⎯⎯⎯⎯⎯[140/172]⎯[22m[39m

[41m[1m FAIL [22m[49m backend/src/tests/recovery-plans.test.js[2m > [22mRecovery Plans API Tests[2m > [22mDELETE /api/recovery-plans/:id[2m > [22mshould delete recovery plan with admin token
[31m[1mError[22m: expected 200 "OK", got 404 "Not Found"[39m
[36m [2m❯[22m backend/src/tests/recovery-plans.test.js:[2m388:10[22m[39m
    [90m386| [39m        [33m.[39m[35mdelete[39m([32m`/api/recovery-plans/[39m[36m${[39mdeletePlanId[36m}[39m[32m`[39m)
    [90m387| [39m        [33m.[39m[35mset[39m([32m'Authorization'[39m[33m,[39m [32m`Bearer [39m[36m${[39madminToken[36m}[39m[32m`[39m)
    [90m388| [39m        [33m.[39m[34mexpect[39m([34m200[39m)[33m;[39m
    [90m   | [39m         [31m^[39m
    [90m389| [39m    })[33m;[39m
    [90m390| [39m
[90m [2m❯[22m Test._assertStatus backend/node_modules/supertest/lib/test.js:[2m309:14[22m[39m
[90m [2m❯[22m backend/node_modules/supertest/lib/test.js:[2m365:13[22m[39m
[90m [2m❯[22m Test._assertFunction backend/node_modules/supertest/lib/test.js:[2m342:13[22m[39m
[90m [2m❯[22m Test.assert backend/node_modules/supertest/lib/test.js:[2m195:23[22m[39m
[90m [2m❯[22m localAssert backend/node_modules/supertest/lib/test.js:[2m138:14[22m[39m
[90m [2m❯[22m Server.<anonymous> backend/node_modules/supertest/lib/test.js:[2m152:11[22m[39m

[31m[2m⎯⎯⎯⎯⎯⎯⎯⎯⎯⎯⎯⎯⎯⎯⎯⎯⎯⎯⎯⎯[141/172]⎯[22m[39m

[41m[1m FAIL [22m[49m backend/src/tests/recovery-plans.test.js[2m > [22mRecovery Plans API Tests[2m > [22mRecovery Plan Status Workflow[2m > [22mshould transition from pending to active
[31m[1mError[22m: expected 200 "OK", got 404 "Not Found"[39m
[36m [2m❯[22m backend/src/tests/recovery-plans.test.js:[2m435:10[22m[39m
    [90m433| [39m          status[33m:[39m [32m'active'[39m
    [90m434| [39m        })
    [90m435| [39m        [33m.[39m[34mexpect[39m([34m200[39m)[33m;[39m
    [90m   | [39m         [31m^[39m
    [90m436| [39m
    [90m437| [39m      [34mexpect[39m(response[33m.[39mbody[33m.[39mstatus)[33m.[39m[34mtoBe[39m([32m'active'[39m)[33m;[39m
[90m [2m❯[22m Test._assertStatus backend/node_modules/supertest/lib/test.js:[2m309:14[22m[39m
[90m [2m❯[22m backend/node_modules/supertest/lib/test.js:[2m365:13[22m[39m
[90m [2m❯[22m Test._assertFunction backend/node_modules/supertest/lib/test.js:[2m342:13[22m[39m
[90m [2m❯[22m Test.assert backend/node_modules/supertest/lib/test.js:[2m195:23[22m[39m
[90m [2m❯[22m localAssert backend/node_modules/supertest/lib/test.js:[2m138:14[22m[39m
[90m [2m❯[22m Server.<anonymous> backend/node_modules/supertest/lib/test.js:[2m152:11[22m[39m

[31m[2m⎯⎯⎯⎯⎯⎯⎯⎯⎯⎯⎯⎯⎯⎯⎯⎯⎯⎯⎯⎯[142/172]⎯[22m[39m

[41m[1m FAIL [22m[49m backend/src/tests/recovery-plans.test.js[2m > [22mRecovery Plans API Tests[2m > [22mRecovery Plan Status Workflow[2m > [22mshould transition from active to completed
[31m[1mError[22m: expected 200 "OK", got 404 "Not Found"[39m
[36m [2m❯[22m backend/src/tests/recovery-plans.test.js:[2m456:10[22m[39m
    [90m454| [39m          status[33m:[39m [32m'completed'[39m
    [90m455| [39m        })
    [90m456| [39m        [33m.[39m[34mexpect[39m([34m200[39m)[33m;[39m
    [90m   | [39m         [31m^[39m
    [90m457| [39m
    [90m458| [39m      [34mexpect[39m(response[33m.[39mbody[33m.[39mstatus)[33m.[39m[34mtoBe[39m([32m'completed'[39m)[33m;[39m
[90m [2m❯[22m Test._assertStatus backend/node_modules/supertest/lib/test.js:[2m309:14[22m[39m
[90m [2m❯[22m backend/node_modules/supertest/lib/test.js:[2m365:13[22m[39m
[90m [2m❯[22m Test._assertFunction backend/node_modules/supertest/lib/test.js:[2m342:13[22m[39m
[90m [2m❯[22m Test.assert backend/node_modules/supertest/lib/test.js:[2m195:23[22m[39m
[90m [2m❯[22m localAssert backend/node_modules/supertest/lib/test.js:[2m138:14[22m[39m
[90m [2m❯[22m Server.<anonymous> backend/node_modules/supertest/lib/test.js:[2m152:11[22m[39m

[31m[2m⎯⎯⎯⎯⎯⎯⎯⎯⎯⎯⎯⎯⎯⎯⎯⎯⎯⎯⎯⎯[143/172]⎯[22m[39m

[41m[1m FAIL [22m[49m backend/src/tests/recovery-plans.test.js[2m > [22mRecovery Plans API Tests[2m > [22mRecovery Plan Status Workflow[2m > [22mshould allow cancellation at any stage
[31m[1mError[22m: expected 200 "OK", got 404 "Not Found"[39m
[36m [2m❯[22m backend/src/tests/recovery-plans.test.js:[2m468:10[22m[39m
    [90m466| [39m          status[33m:[39m [32m'cancelled'[39m
    [90m467| [39m        })
    [90m468| [39m        [33m.[39m[34mexpect[39m([34m200[39m)[33m;[39m
    [90m   | [39m         [31m^[39m
    [90m469| [39m
    [90m470| [39m      [34mexpect[39m(response[33m.[39mbody[33m.[39mstatus)[33m.[39m[34mtoBe[39m([32m'cancelled'[39m)[33m;[39m
[90m [2m❯[22m Test._assertStatus backend/node_modules/supertest/lib/test.js:[2m309:14[22m[39m
[90m [2m❯[22m backend/node_modules/supertest/lib/test.js:[2m365:13[22m[39m
[90m [2m❯[22m Test._assertFunction backend/node_modules/supertest/lib/test.js:[2m342:13[22m[39m
[90m [2m❯[22m Test.assert backend/node_modules/supertest/lib/test.js:[2m195:23[22m[39m
[90m [2m❯[22m localAssert backend/node_modules/supertest/lib/test.js:[2m138:14[22m[39m
[90m [2m❯[22m Server.<anonymous> backend/node_modules/supertest/lib/test.js:[2m152:11[22m[39m

[31m[2m⎯⎯⎯⎯⎯⎯⎯⎯⎯⎯⎯⎯⎯⎯⎯⎯⎯⎯⎯⎯[144/172]⎯[22m[39m

[41m[1m FAIL [22m[49m backend/src/tests/spaces.test.js[2m > [22mSpaces API Tests[2m > [22mPOST /api/spaces[2m > [22mshould reject space with duplicate name
[31m[1mError[22m: expected 400 "Bad Request", got 500 "Internal Server Error"[39m
[36m [2m❯[22m backend/src/tests/spaces.test.js:[2m159:10[22m[39m
    [90m157| [39m          description[33m:[39m [32m'Second space'[39m
    [90m158| [39m        })
    [90m159| [39m        [33m.[39m[34mexpect[39m([34m400[39m)[33m;[39m
    [90m   | [39m         [31m^[39m
    [90m160| [39m    })[33m;[39m
    [90m161| [39m
[90m [2m❯[22m Test._assertStatus backend/node_modules/supertest/lib/test.js:[2m309:14[22m[39m
[90m [2m❯[22m backend/node_modules/supertest/lib/test.js:[2m365:13[22m[39m
[90m [2m❯[22m Test._assertFunction backend/node_modules/supertest/lib/test.js:[2m342:13[22m[39m
[90m [2m❯[22m Test.assert backend/node_modules/supertest/lib/test.js:[2m195:23[22m[39m
[90m [2m❯[22m localAssert backend/node_modules/supertest/lib/test.js:[2m138:14[22m[39m
[90m [2m❯[22m Server.<anonymous> backend/node_modules/supertest/lib/test.js:[2m152:11[22m[39m

[31m[2m⎯⎯⎯⎯⎯⎯⎯⎯⎯⎯⎯⎯⎯⎯⎯⎯⎯⎯⎯⎯[145/172]⎯[22m[39m

[41m[1m FAIL [22m[49m backend/src/tests/spaces.test.js[2m > [22mSpaces API Tests[2m > [22mPUT /api/auth/default-space[2m > [22mshould update user default space
[31m[1mAssertionError[22m: expected undefined to be 'Default space updated successfully' // Object.is equality[39m

[32m- Expected:[39m 
"Default space updated successfully"

[31m+ Received:[39m 
undefined

[36m [2m❯[22m backend/src/tests/spaces.test.js:[2m288:37[22m[39m
    [90m286| [39m        [33m.[39m[34mexpect[39m([34m200[39m)[33m;[39m
    [90m287| [39m
    [90m288| [39m      expect(response.body.message).toBe('Default space updated succes…
    [90m   | [39m                                    [31m^[39m
    [90m289| [39m
    [90m290| [39m      [90m// Verify by getting profile[39m

[31m[2m⎯⎯⎯⎯⎯⎯⎯⎯⎯⎯⎯⎯⎯⎯⎯⎯⎯⎯⎯⎯[146/172]⎯[22m[39m

[41m[1m FAIL [22m[49m backend/src/tests/spaces.test.js[2m > [22mSpaces API Tests[2m > [22mPUT /api/auth/default-space[2m > [22mshould handle non-existent space
[31m[1mError[22m: expected 404 "Not Found", got 200 "OK"[39m
[36m [2m❯[22m backend/src/tests/spaces.test.js:[2m314:10[22m[39m
    [90m312| [39m          spaceId[33m:[39m [34m99999[39m
    [90m313| [39m        })
    [90m314| [39m        [33m.[39m[34mexpect[39m([34m404[39m)[33m;[39m
    [90m   | [39m         [31m^[39m
    [90m315| [39m    })[33m;[39m
    [90m316| [39m
[90m [2m❯[22m Test._assertStatus backend/node_modules/supertest/lib/test.js:[2m309:14[22m[39m
[90m [2m❯[22m backend/node_modules/supertest/lib/test.js:[2m365:13[22m[39m
[90m [2m❯[22m Test._assertFunction backend/node_modules/supertest/lib/test.js:[2m342:13[22m[39m
[90m [2m❯[22m Test.assert backend/node_modules/supertest/lib/test.js:[2m195:23[22m[39m
[90m [2m❯[22m localAssert backend/node_modules/supertest/lib/test.js:[2m138:14[22m[39m
[90m [2m❯[22m Server.<anonymous> backend/node_modules/supertest/lib/test.js:[2m152:11[22m[39m

[31m[2m⎯⎯⎯⎯⎯⎯⎯⎯⎯⎯⎯⎯⎯⎯⎯⎯⎯⎯⎯⎯[147/172]⎯[22m[39m

[41m[1m FAIL [22m[49m backend/src/tests/spaces.test.js[2m > [22mSpaces API Tests[2m > [22mPUT /api/auth/default-space[2m > [22mshould require spaceId in request
[31m[1mError[22m: expected 400 "Bad Request", got 200 "OK"[39m
[36m [2m❯[22m backend/src/tests/spaces.test.js:[2m322:10[22m[39m
    [90m320| [39m        [33m.[39m[35mset[39m([32m'Authorization'[39m[33m,[39m [32m`Bearer [39m[36m${[39madminToken[36m}[39m[32m`[39m)
    [90m321| [39m        [33m.[39m[34msend[39m({})
    [90m322| [39m        [33m.[39m[34mexpect[39m([34m400[39m)[33m;[39m
    [90m   | [39m         [31m^[39m
    [90m323| [39m    })[33m;[39m
    [90m324| [39m  })[33m;[39m
[90m [2m❯[22m Test._assertStatus backend/node_modules/supertest/lib/test.js:[2m309:14[22m[39m
[90m [2m❯[22m backend/node_modules/supertest/lib/test.js:[2m365:13[22m[39m
[90m [2m❯[22m Test._assertFunction backend/node_modules/supertest/lib/test.js:[2m342:13[22m[39m
[90m [2m❯[22m Test.assert backend/node_modules/supertest/lib/test.js:[2m195:23[22m[39m
[90m [2m❯[22m localAssert backend/node_modules/supertest/lib/test.js:[2m138:14[22m[39m
[90m [2m❯[22m Server.<anonymous> backend/node_modules/supertest/lib/test.js:[2m152:11[22m[39m

[31m[2m⎯⎯⎯⎯⎯⎯⎯⎯⎯⎯⎯⎯⎯⎯⎯⎯⎯⎯⎯⎯[148/172]⎯[22m[39m

[41m[1m FAIL [22m[49m backend/src/tests/user-activity.test.js[2m > [22mUser Activity Report API Tests[2m > [22mGET /api/admin/user-activity[2m > [22mshould return correct activity types
[31m[1mAssertionError[22m: expected false to be true // Object.is equality[39m

[32m- Expected[39m
[31m+ Received[39m

[32m- true[39m
[31m+ false[39m

[36m [2m❯[22m backend/src/tests/user-activity.test.js:[2m174:63[22m[39m
    [90m172| [39m      [90m// Should have at least CREATE and UPDATE for projects[39m
    [90m173| [39m      [35mconst[39m activityTypes [33m=[39m response[33m.[39mbody[33m.[39mactivityTypes[33m;[39m
    [90m174| [39m      expect(activityTypes.some(t => t.includes('projects'))).toBe(tru…
    [90m   | [39m                                                              [31m^[39m
    [90m175| [39m    })[33m;[39m
    [90m176| [39m

[31m[2m⎯⎯⎯⎯⎯⎯⎯⎯⎯⎯⎯⎯⎯⎯⎯⎯⎯⎯⎯⎯[149/172]⎯[22m[39m


[2m Test Files [22m [1m[31m26 failed[39m[22m[2m | [22m[1m[32m10 passed[39m[22m[90m (36)[39m
[2m      Tests [22m [1m[31m162 failed[39m[22m[2m | [22m[1m[32m380 passed[39m[22m[2m | [22m[33m20 skipped[39m[90m (562)[39m
[2m   Start at [22m 16:57:42
[2m   Duration [22m 24.33s[2m (transform 1.74s, setup 1.72s, collect 2.73s, tests 47.00s, environment 12.54s, prepare 265ms)[22m

